Archive member included because of file (symbol)

.\CortexM3\ARM_GCC_484\Debug\camera_test.a(cyfitter_cfg.o)
                              .\CortexM3\ARM_GCC_484\Debug\Cm3Start.o (cyfitter_cfg)
.\CortexM3\ARM_GCC_484\Debug\camera_test.a(Camera.o)
                              .\CortexM3\ARM_GCC_484\Debug\my_camera_functions.o (Camera_WriteReg)
.\CortexM3\ARM_GCC_484\Debug\camera_test.a(USB.o)
                              .\CortexM3\ARM_GCC_484\Debug\main.o (USB_Start)
.\CortexM3\ARM_GCC_484\Debug\camera_test.a(USB_cdc.o)
                              .\CortexM3\ARM_GCC_484\Debug\main.o (USB_PutString)
.\CortexM3\ARM_GCC_484\Debug\camera_test.a(USB_drv.o)
                              .\CortexM3\ARM_GCC_484\Debug\camera_test.a(USB.o) (USB_EP)
.\CortexM3\ARM_GCC_484\Debug\camera_test.a(USB_episr.o)
                              .\CortexM3\ARM_GCC_484\Debug\camera_test.a(USB.o) (USB_EP_1_ISR)
.\CortexM3\ARM_GCC_484\Debug\camera_test.a(USB_std.o)
                              .\CortexM3\ARM_GCC_484\Debug\camera_test.a(USB_drv.o) (USB_HandleStandardRqst)
.\CortexM3\ARM_GCC_484\Debug\camera_test.a(USB_vnd.o)
                              .\CortexM3\ARM_GCC_484\Debug\camera_test.a(USB_drv.o) (USB_HandleVendorRqst)
.\CortexM3\ARM_GCC_484\Debug\camera_test.a(LCD.o)
                              .\CortexM3\ARM_GCC_484\Debug\main.o (LCD_WriteControl)
.\CortexM3\ARM_GCC_484\Debug\camera_test.a(Gripper_PWM.o)
                              .\CortexM3\ARM_GCC_484\Debug\gripper.o (Gripper_PWM_Start)
.\CortexM3\ARM_GCC_484\Debug\camera_test.a(RED.o)
                              .\CortexM3\ARM_GCC_484\Debug\main.o (RED_Write)
.\CortexM3\ARM_GCC_484\Debug\camera_test.a(Timer.o)
                              .\CortexM3\ARM_GCC_484\Debug\main.o (Timer_Start)
.\CortexM3\ARM_GCC_484\Debug\camera_test.a(MOTOR_L.o)
                              .\CortexM3\ARM_GCC_484\Debug\motor.o (MOTOR_L_Start)
.\CortexM3\ARM_GCC_484\Debug\camera_test.a(MLIN1.o)
                              .\CortexM3\ARM_GCC_484\Debug\motor.o (MLIN1_Write)
.\CortexM3\ARM_GCC_484\Debug\camera_test.a(MLIN2.o)
                              .\CortexM3\ARM_GCC_484\Debug\motor.o (MLIN2_Write)
.\CortexM3\ARM_GCC_484\Debug\camera_test.a(MOTOR_R.o)
                              .\CortexM3\ARM_GCC_484\Debug\motor.o (MOTOR_R_Start)
.\CortexM3\ARM_GCC_484\Debug\camera_test.a(MRIN1.o)
                              .\CortexM3\ARM_GCC_484\Debug\motor.o (MRIN1_Write)
.\CortexM3\ARM_GCC_484\Debug\camera_test.a(MRIN2.o)
                              .\CortexM3\ARM_GCC_484\Debug\motor.o (MRIN2_Write)
.\CortexM3\ARM_GCC_484\Debug\camera_test.a(but0.o)
                              .\CortexM3\ARM_GCC_484\Debug\buttons.o (but0_StartEx)
.\CortexM3\ARM_GCC_484\Debug\camera_test.a(but1.o)
                              .\CortexM3\ARM_GCC_484\Debug\buttons.o (but1_StartEx)
.\CortexM3\ARM_GCC_484\Debug\camera_test.a(I2C.o)
                              .\CortexM3\ARM_GCC_484\Debug\compass.o (I2C_Start)
.\CortexM3\ARM_GCC_484\Debug\camera_test.a(I2C_INT.o)
                              .\CortexM3\ARM_GCC_484\Debug\camera_test.a(I2C.o) (I2C_ISR)
.\CortexM3\ARM_GCC_484\Debug\camera_test.a(I2C_MASTER.o)
                              .\CortexM3\ARM_GCC_484\Debug\camera_test.a(I2C.o) (I2C_mstrStatus)
.\CortexM3\ARM_GCC_484\Debug\camera_test.a(HC_PWM.o)
                              .\CortexM3\ARM_GCC_484\Debug\ultrasonic.o (HC_PWM_Start)
.\CortexM3\ARM_GCC_484\Debug\camera_test.a(HC_Timer.o)
                              .\CortexM3\ARM_GCC_484\Debug\ultrasonic.o (HC_Timer_Start)
.\CortexM3\ARM_GCC_484\Debug\camera_test.a(HC_ISR.o)
                              .\CortexM3\ARM_GCC_484\Debug\ultrasonic.o (HC_ISR_StartEx)
.\CortexM3\ARM_GCC_484\Debug\camera_test.a(Arm_PWM.o)
                              .\CortexM3\ARM_GCC_484\Debug\arm.o (Arm_PWM_Start)
.\CortexM3\ARM_GCC_484\Debug\camera_test.a(Compass_DRDY_ISR.o)
                              .\CortexM3\ARM_GCC_484\Debug\compass.o (Compass_DRDY_ISR_StartEx)
.\CortexM3\ARM_GCC_484\Debug\camera_test.a(BEAM_BREAK_TIMER.o)
                              .\CortexM3\ARM_GCC_484\Debug\beam.o (BEAM_BREAK_TIMER_WriteCounter)
.\CortexM3\ARM_GCC_484\Debug\camera_test.a(Camera_DMA_dma.o)
                              .\CortexM3\ARM_GCC_484\Debug\camera_test.a(Camera.o) (Camera_DMA_DmaInitialize)
.\CortexM3\ARM_GCC_484\Debug\camera_test.a(Camera_VSYNC.o)
                              .\CortexM3\ARM_GCC_484\Debug\camera_test.a(Camera.o) (Camera_VSYNC_Read)
.\CortexM3\ARM_GCC_484\Debug\camera_test.a(Camera_SIOD.o)
                              .\CortexM3\ARM_GCC_484\Debug\camera_test.a(Camera.o) (Camera_SIOD_SetDriveMode)
.\CortexM3\ARM_GCC_484\Debug\camera_test.a(Camera_SIOC.o)
                              .\CortexM3\ARM_GCC_484\Debug\camera_test.a(Camera.o) (Camera_SIOC_SetDriveMode)
.\CortexM3\ARM_GCC_484\Debug\camera_test.a(Camera_I2C.o)
                              .\CortexM3\ARM_GCC_484\Debug\camera_test.a(Camera.o) (Camera_I2C_Start)
[...]
Memory Configuration

Name             Origin             Length             Attributes
rom              0x00000000         0x00040000         xr
ram              0x1fff8000         0x00010000         xrw
*default*        0x00000000         0xffffffff

Linker script and memory map

LOAD c:/program files (x86)/cypress/psoc creator/3.2/psoc creator/import/gnu/arm/4.8.4/bin/../lib/gcc/arm-none-eabi/4.8.4/armv7-m/crti.o
LOAD c:/program files (x86)/cypress/psoc creator/3.2/psoc creator/import/gnu/arm/4.8.4/bin/../lib/gcc/arm-none-eabi/4.8.4/armv7-m/crtbegin.o
LOAD c:/program files (x86)/cypress/psoc creator/3.2/psoc creator/import/gnu/arm/4.8.4/bin/../lib/gcc/arm-none-eabi/4.8.4/../../../../arm-none-eabi/lib/armv7-m/crt0.o
START GROUP
LOAD .\CortexM3\ARM_GCC_484\Debug\main.o
LOAD .\CortexM3\ARM_GCC_484\Debug\blob_stats.o
LOAD .\CortexM3\ARM_GCC_484\Debug\my_camera_functions.o
LOAD .\CortexM3\ARM_GCC_484\Debug\arm.o
LOAD .\CortexM3\ARM_GCC_484\Debug\buttons.o
LOAD .\CortexM3\ARM_GCC_484\Debug\compass.o
LOAD .\CortexM3\ARM_GCC_484\Debug\gripper.o
LOAD .\CortexM3\ARM_GCC_484\Debug\motor.o
LOAD .\CortexM3\ARM_GCC_484\Debug\ultrasonic.o
LOAD .\CortexM3\ARM_GCC_484\Debug\misc.o
LOAD .\CortexM3\ARM_GCC_484\Debug\beam.o
LOAD .\CortexM3\ARM_GCC_484\Debug\infrared.o
LOAD .\CortexM3\ARM_GCC_484\Debug\ultrasonic_s.o
LOAD .\CortexM3\ARM_GCC_484\Debug\cybootloader.o
LOAD .\CortexM3\ARM_GCC_484\Debug\cymetadata.o
LOAD .\CortexM3\ARM_GCC_484\Debug\Cm3Start.o
LOAD .\CortexM3\ARM_GCC_484\Debug\camera_test.a
LOAD C:\Program Files (x86)\Cypress\PSoC Creator\3.2\PSoC Creator\psoc\content\cycomponentlibrary\CyComponentLibrary.cylib\CortexM3\ARM_GCC_484\Debug\CyComponentLibrary.a
LOAD c:/program files (x86)/cypress/psoc creator/3.2/psoc creator/import/gnu/arm/4.8.4/bin/../lib/gcc/arm-none-eabi/4.8.4/../../../../arm-none-eabi/lib/armv7-m\libm.a
END GROUP
START GROUP
LOAD c:/program files (x86)/cypress/psoc creator/3.2/psoc creator/import/gnu/arm/4.8.4/bin/../lib/gcc/arm-none-eabi/4.8.4/armv7-m\libgcc.a
LOAD c:/program files (x86)/cypress/psoc creator/3.2/psoc creator/import/gnu/arm/4.8.4/bin/../lib/gcc/arm-none-eabi/4.8.4/../../../../arm-none-eabi/lib/armv7-m\libg_s.a
LOAD c:/program files (x86)/cypress/psoc creator/3.2/psoc creator/import/gnu/arm/4.8.4/bin/../lib/gcc/arm-none-eabi/4.8.4/../../../../arm-none-eabi/lib/armv7-m\libc_s.a
END GROUP
START GROUP
LOAD c:/program files (x86)/cypress/psoc creator/3.2/psoc creator/import/gnu/arm/4.8.4/bin/../lib/gcc/arm-none-eabi/4.8.4/armv7-m\libgcc.a
LOAD c:/program files (x86)/cypress/psoc creator/3.2/psoc creator/import/gnu/arm/4.8.4/bin/../lib/gcc/arm-none-eabi/4.8.4/../../../../arm-none-eabi/lib/armv7-m\libc_s.a
END GROUP
LOAD c:/program files (x86)/cypress/psoc creator/3.2/psoc creator/import/gnu/arm/4.8.4/bin/../lib/gcc/arm-none-eabi/4.8.4/armv7-m/crtend.o
LOAD c:/program files (x86)/cypress/psoc creator/3.2/psoc creator/import/gnu/arm/4.8.4/bin/../lib/gcc/arm-none-eabi/4.8.4/armv7-m/crtn.o
START GROUP
LOAD c:/program files (x86)/cypress/psoc creator/3.2/psoc creator/import/gnu/arm/4.8.4/bin/../lib/gcc/arm-none-eabi/4.8.4/armv7-m\libgcc.a
LOAD c:/program files (x86)/cypress/psoc creator/3.2/psoc creator/import/gnu/arm/4.8.4/bin/../lib/gcc/arm-none-eabi/4.8.4/../../../../arm-none-eabi/lib/armv7-m\libc.a
LOAD c:/program files (x86)/cypress/psoc creator/3.2/psoc creator/import/gnu/arm/4.8.4/bin/../lib/gcc/arm-none-eabi/4.8.4/../../../../arm-none-eabi/lib/armv7-m\libnosys.a
END GROUP
                0x00000000                CY_APPL_ORIGIN = 0x0
                0x00000100                CY_FLASH_ROW_SIZE = 0x100
                0x00000020                CY_ECC_ROW_SIZE = 0x20
                0x00000000                CY_EE_IN_BTLDR = 0x0
                0x00000001                CY_APPL_LOADABLE = 0x1
                0x00000800                CY_EE_SIZE = 0x800
                0x00000001                CY_APPL_NUM = 0x1
                0x00000001                CY_APPL_MAX = 0x1
                0x00000040                CY_METADATA_SIZE = 0x40
                0x20005ff8                PROVIDE (__cy_heap_start, _end)
                0x00000001                PROVIDE (__cy_region_num, ((__cy_regions_end - __cy_regions) / 0x10))
                0x20008000                PROVIDE (__cy_stack, (ORIGIN (ram) + 0x10000))
                0x20007800                PROVIDE (__cy_heap_end, (__cy_stack - 0x800))

.cybootloader   0x00000000     0x2700
 *(.cybootloader)
 .cybootloader  0x00000000     0x2700 .\CortexM3\ARM_GCC_484\Debug\cybootloader.o
                0x00000000                cy_bootloader
                0x00002700                appl1_start = CY_APPL_ORIGIN?CY_APPL_ORIGIN:ALIGN (CY_FLASH_ROW_SIZE)
                0x00021300                appl2_start = (appl1_start + ALIGN ((((0x40000 - appl1_start) - (0x2 * CY_FLASH_ROW_SIZE)) / 0x2), CY_FLASH_ROW_SIZE))
                0x00002700                appl_start = (CY_APPL_NUM == 0x1)?appl1_start:appl2_start
                0x000004e0                ecc_offset = ((appl_start / CY_FLASH_ROW_SIZE) * CY_ECC_ROW_SIZE)
                0x00000000                ee_offset = (CY_APPL_LOADABLE && ! (CY_EE_IN_BTLDR))?((CY_EE_SIZE / CY_APPL_MAX) * (CY_APPL_NUM - 0x1)):0x0
                0x00000800                ee_size = (CY_APPL_LOADABLE && ! (CY_EE_IN_BTLDR))?(CY_EE_SIZE / CY_APPL_MAX):CY_EE_SIZE
                0x000004e0                PROVIDE (CY_ECC_OFFSET, ecc_offset)

.text           0x00002700     0x74ae
 CREATE_OBJECT_SYMBOLS
                0x00002700                PROVIDE (__cy_interrupt_vector, RomVectors)
 *(.romvectors)
 .romvectors    0x00002700       0x10 .\CortexM3\ARM_GCC_484\Debug\Cm3Start.o
                0x00002700                RomVectors
                0x00000001                ASSERT ((. != __cy_interrupt_vector), No interrupt vector)
                0x00000001                ASSERT (CY_APPL_ORIGIN?(SIZEOF (.cybootloader) <= CY_APPL_ORIGIN):0x1, Wrong image location)
                0x00002710                PROVIDE (__cy_reset, Reset)
 *(.text.Reset)
 .text.Reset    0x00002710        0x8 .\CortexM3\ARM_GCC_484\Debug\Cm3Start.o
                0x00002710                Reset
                0x00000001                ASSERT ((. != __cy_reset), No reset code)
 *(.dma_init)
                0x00000001                ASSERT ((((appl_start + .) <= 0x10000) || 0x1), DMA Init must be within the first 64k of flash)
 *(.text .text.* .gnu.linkonce.t.*)
 .text          0x00002718       0x54 c:/program files (x86)/cypress/psoc creator/3.2/psoc creator/import/gnu/arm/4.8.4/bin/../lib/gcc/arm-none-eabi/4.8.4/armv7-m/crtbegin.o
 .text.within_range
                0x0000276c       0x30 .\CortexM3\ARM_GCC_484\Debug\main.o
                0x0000276c                within_range
 .text.main     0x0000279c      0x758 .\CortexM3\ARM_GCC_484\Debug\main.o
                0x0000279c                main
 .text.calibrate_compass
                0x00002ef4      0x1cc .\CortexM3\ARM_GCC_484\Debug\main.o
                0x00002ef4                calibrate_compass
 .text.arm_set_level
                0x000030c0       0x20 .\CortexM3\ARM_GCC_484\Debug\arm.o
                0x000030c0                arm_set_level
 .text.arm_inbetween_level
                0x000030e0       0x38 .\CortexM3\ARM_GCC_484\Debug\arm.o
                0x000030e0                arm_inbetween_level
 .text.arm_carry_home
                0x00003118       0x24 .\CortexM3\ARM_GCC_484\Debug\arm.o
                0x00003118                arm_carry_home
 .text.start_arm
                0x0000313c       0x10 .\CortexM3\ARM_GCC_484\Debug\arm.o
                0x0000313c                start_arm
 .text.INC_ISR  0x0000314c       0x14 .\CortexM3\ARM_GCC_484\Debug\buttons.o
                0x0000314c                INC_ISR
 .text.DEC_ISR  0x00003160       0x14 .\CortexM3\ARM_GCC_484\Debug\buttons.o
                0x00003160                DEC_ISR
 .text.start_buttons
                0x00003174       0x34 .\CortexM3\ARM_GCC_484\Debug\buttons.o
                0x00003174                start_buttons
 .text.DRDY_INTERRUPT
                0x000031a8       0x14 .\CortexM3\ARM_GCC_484\Debug\compass.o
                0x000031a8                DRDY_INTERRUPT
 .text.start_compass
                0x000031bc       0x98 .\CortexM3\ARM_GCC_484\Debug\compass.o
                0x000031bc                start_compass
 *fill*         0x00003254        0x4 
 .text.compass_read
                0x00003258      0x1a0 .\CortexM3\ARM_GCC_484\Debug\compass.o
                0x00003258                compass_read
 .text.start_gripper
                0x000033f8       0x10 .\CortexM3\ARM_GCC_484\Debug\gripper.o
                0x000033f8                start_gripper
 .text.pickup_puck
                0x00003408       0x14 .\CortexM3\ARM_GCC_484\Debug\gripper.o
                0x00003408                pickup_puck
 .text.drop_puck
                0x0000341c       0x14 .\CortexM3\ARM_GCC_484\Debug\gripper.o
                0x0000341c                drop_puck
 .text.my6abs   0x00003430       0x24 .\CortexM3\ARM_GCC_484\Debug\motor.o
                0x00003430                my6abs
 .text.clip     0x00003454       0x38 .\CortexM3\ARM_GCC_484\Debug\motor.o
                0x00003454                clip
 .text.control_heading
                0x0000348c       0xc0 .\CortexM3\ARM_GCC_484\Debug\motor.o
                0x0000348c                control_heading
 .text.go_forward
                0x0000354c       0x58 .\CortexM3\ARM_GCC_484\Debug\motor.o
                0x0000354c                go_forward
 .text.go_backward
                0x000035a4       0x58 .\CortexM3\ARM_GCC_484\Debug\motor.o
                0x000035a4                go_backward
 .text.go_backward_ultra
                0x000035fc       0x44 .\CortexM3\ARM_GCC_484\Debug\motor.o
                0x000035fc                go_backward_ultra
 .text.rotate_degrees
                0x00003640       0x70 .\CortexM3\ARM_GCC_484\Debug\motor.o
                0x00003640                rotate_degrees
 .text.set_heading
                0x000036b0       0x20 .\CortexM3\ARM_GCC_484\Debug\motor.o
                0x000036b0                set_heading
 .text.rotate_left
                0x000036d0       0x28 .\CortexM3\ARM_GCC_484\Debug\motor.o
                0x000036d0                rotate_left
 .text.rotate_right
                0x000036f8       0x28 .\CortexM3\ARM_GCC_484\Debug\motor.o
                0x000036f8                rotate_right
 .text.start_motors
                0x00003720       0x34 .\CortexM3\ARM_GCC_484\Debug\motor.o
                0x00003720                start_motors
 .text.setSpeed
                0x00003754       0x38 .\CortexM3\ARM_GCC_484\Debug\motor.o
                0x00003754                setSpeed
 .text.setCoast
                0x0000378c       0x3c .\CortexM3\ARM_GCC_484\Debug\motor.o
                0x0000378c                setCoast
 .text.setForward
                0x000037c8       0x3c .\CortexM3\ARM_GCC_484\Debug\motor.o
                0x000037c8                setForward
 .text.setReverse
                0x00003804       0x3c .\CortexM3\ARM_GCC_484\Debug\motor.o
                0x00003804                setReverse
 .text.get_mean_ultra
                0x00003840       0x18 .\CortexM3\ARM_GCC_484\Debug\ultrasonic.o
                0x00003840                get_mean_ultra
 .text.myabs    0x00003858       0x24 .\CortexM3\ARM_GCC_484\Debug\ultrasonic.o
                0x00003858                myabs
 .text.get_avg_mean_ultra
                0x0000387c       0x24 .\CortexM3\ARM_GCC_484\Debug\ultrasonic.o
                0x0000387c                get_avg_mean_ultra
 .text.HC_TRIG_ISR
                0x000038a0      0x118 .\CortexM3\ARM_GCC_484\Debug\ultrasonic.o
                0x000038a0                HC_TRIG_ISR
 .text.start_ultrasonic
                0x000039b8       0x2c .\CortexM3\ARM_GCC_484\Debug\ultrasonic.o
                0x000039b8                start_ultrasonic
 .text.beam_broken
                0x000039e4       0x50 .\CortexM3\ARM_GCC_484\Debug\beam.o
                0x000039e4                beam_broken
 .text.ir_isr   0x00003a34       0xb8 .\CortexM3\ARM_GCC_484\Debug\infrared.o
                0x00003a34                ir_isr
 .text.get_ir_val
                0x00003aec       0x18 .\CortexM3\ARM_GCC_484\Debug\infrared.o
                0x00003aec                get_ir_val
 .text.select_front
                0x00003b04       0x18 .\CortexM3\ARM_GCC_484\Debug\infrared.o
                0x00003b04                select_front
 .text.select_right
                0x00003b1c       0x18 .\CortexM3\ARM_GCC_484\Debug\infrared.o
                0x00003b1c                select_right
 .text.start_infrared
                0x00003b34       0x18 .\CortexM3\ARM_GCC_484\Debug\infrared.o
                0x00003b34                start_infrared
 .text.get_mean_ultra_s
                0x00003b4c       0x18 .\CortexM3\ARM_GCC_484\Debug\ultrasonic_s.o
                0x00003b4c                get_mean_ultra_s
 .text.myabss   0x00003b64       0x24 .\CortexM3\ARM_GCC_484\Debug\ultrasonic_s.o
                0x00003b64                myabss
 .text.HC_TRIG_ISR_S
                0x00003b88      0x118 .\CortexM3\ARM_GCC_484\Debug\ultrasonic_s.o
                0x00003b88                HC_TRIG_ISR_S
 .text.start_ultrasonic_s
                0x00003ca0       0x2c .\CortexM3\ARM_GCC_484\Debug\ultrasonic_s.o
                0x00003ca0                start_ultrasonic_s
 .text.IntDefaultHandler
                0x00003ccc        0x8 .\CortexM3\ARM_GCC_484\Debug\Cm3Start.o
                0x00003ccc                IntDefaultHandler
 .text._sbrk    0x00003cd4       0x50 .\CortexM3\ARM_GCC_484\Debug\Cm3Start.o
                0x00003cd4                _sbrk
 .text.Start_c  0x00003d24       0x98 .\CortexM3\ARM_GCC_484\Debug\Cm3Start.o
                0x00003d24                Start_c
 .text.initialize_psoc
                0x00003dbc       0x90 .\CortexM3\ARM_GCC_484\Debug\Cm3Start.o
                0x00003dbc                initialize_psoc
 .text.CYMEMZERO
                0x00003e4c       0x1c .\CortexM3\ARM_GCC_484\Debug\camera_test.a(cyfitter_cfg.o)
 .text.CYCONFIGCPY
                0x00003e68       0x1c .\CortexM3\ARM_GCC_484\Debug\camera_test.a(cyfitter_cfg.o)
 .text.CYCONFIGCPYCODE
                0x00003e84       0x1c .\CortexM3\ARM_GCC_484\Debug\camera_test.a(cyfitter_cfg.o)
 .text.CyClockStartupError
                0x00003ea0        0xc .\CortexM3\ARM_GCC_484\Debug\camera_test.a(cyfitter_cfg.o)
 .text.cfg_write_bytes32
                0x00003eac       0x74 .\CortexM3\ARM_GCC_484\Debug\camera_test.a(cyfitter_cfg.o)
 .text.ClockSetup
                0x00003f20      0x180 .\CortexM3\ARM_GCC_484\Debug\camera_test.a(cyfitter_cfg.o)
 .text.AnalogSetDefault
                0x000040a0       0x44 .\CortexM3\ARM_GCC_484\Debug\camera_test.a(cyfitter_cfg.o)
 .text.cyfitter_cfg
                0x000040e4      0x214 .\CortexM3\ARM_GCC_484\Debug\camera_test.a(cyfitter_cfg.o)
                0x000040e4                cyfitter_cfg
 .text.USB_Start
                0x000042f8       0x38 .\CortexM3\ARM_GCC_484\Debug\camera_test.a(USB.o)
                0x000042f8                USB_Start
 .text.USB_Init
                0x00004330      0x18c .\CortexM3\ARM_GCC_484\Debug\camera_test.a(USB.o)
                0x00004330                USB_Init
 .text.USB_InitComponent
                0x000044bc       0xd8 .\CortexM3\ARM_GCC_484\Debug\camera_test.a(USB.o)
                0x000044bc                USB_InitComponent
 .text.USB_ReInitComponent
                0x00004594       0x68 .\CortexM3\ARM_GCC_484\Debug\camera_test.a(USB.o)
                0x00004594                USB_ReInitComponent
 .text.USB_DispatchCDCClassRqst
                0x000045fc       0xcc .\CortexM3\ARM_GCC_484\Debug\camera_test.a(USB_cdc.o)
                0x000045fc                USB_DispatchCDCClassRqst
 .text.USB_EP_0_ISR
                0x000046c8       0xf8 .\CortexM3\ARM_GCC_484\Debug\camera_test.a(USB_drv.o)
                0x000046c8                USB_EP_0_ISR
 .text.USB_HandleSetup
                0x000047c0       0x88 .\CortexM3\ARM_GCC_484\Debug\camera_test.a(USB_drv.o)
                0x000047c0                USB_HandleSetup
 .text.USB_HandleIN
                0x00004848       0x4c .\CortexM3\ARM_GCC_484\Debug\camera_test.a(USB_drv.o)
                0x00004848                USB_HandleIN
 .text.USB_HandleOUT
                0x00004894       0x58 .\CortexM3\ARM_GCC_484\Debug\camera_test.a(USB_drv.o)
                0x00004894                USB_HandleOUT
 .text.USB_LoadEP0
                0x000048ec       0xd4 .\CortexM3\ARM_GCC_484\Debug\camera_test.a(USB_drv.o)
                0x000048ec                USB_LoadEP0
 .text.USB_InitControlRead
                0x000049c0       0x70 .\CortexM3\ARM_GCC_484\Debug\camera_test.a(USB_drv.o)
                0x000049c0                USB_InitControlRead
 .text.USB_InitZeroLengthControlTransfer
                0x00004a30       0x44 .\CortexM3\ARM_GCC_484\Debug\camera_test.a(USB_drv.o)
                0x00004a30                USB_InitZeroLengthControlTransfer
 .text.USB_ControlReadDataStage
                0x00004a74        0xc .\CortexM3\ARM_GCC_484\Debug\camera_test.a(USB_drv.o)
                0x00004a74                USB_ControlReadDataStage
 .text.USB_ControlReadStatusStage
                0x00004a80       0x40 .\CortexM3\ARM_GCC_484\Debug\camera_test.a(USB_drv.o)
                0x00004a80                USB_ControlReadStatusStage
 .text.USB_InitControlWrite
                0x00004ac0       0x68 .\CortexM3\ARM_GCC_484\Debug\camera_test.a(USB_drv.o)
                0x00004ac0                USB_InitControlWrite
 .text.USB_ControlWriteDataStage
                0x00004b28       0xb8 .\CortexM3\ARM_GCC_484\Debug\camera_test.a(USB_drv.o)
                0x00004b28                USB_ControlWriteDataStage
 .text.USB_ControlWriteStatusStage
                0x00004be0       0x20 .\CortexM3\ARM_GCC_484\Debug\camera_test.a(USB_drv.o)
                0x00004be0                USB_ControlWriteStatusStage
 .text.USB_InitNoDataControlTransfer
                0x00004c00       0x38 .\CortexM3\ARM_GCC_484\Debug\camera_test.a(USB_drv.o)
                0x00004c00                USB_InitNoDataControlTransfer
 .text.USB_NoDataControlStatusStage
                0x00004c38       0x48 .\CortexM3\ARM_GCC_484\Debug\camera_test.a(USB_drv.o)
                0x00004c38                USB_NoDataControlStatusStage
 .text.USB_UpdateStatusBlock
                0x00004c80       0x40 .\CortexM3\ARM_GCC_484\Debug\camera_test.a(USB_drv.o)
                0x00004c80                USB_UpdateStatusBlock
 .text.USB_InitializeStatusBlock
                0x00004cc0       0x34 .\CortexM3\ARM_GCC_484\Debug\camera_test.a(USB_drv.o)
                0x00004cc0                USB_InitializeStatusBlock
 .text.USB_EP_1_ISR
                0x00004cf4       0x54 .\CortexM3\ARM_GCC_484\Debug\camera_test.a(USB_episr.o)
                0x00004cf4                USB_EP_1_ISR
 .text.USB_EP_2_ISR
                0x00004d48       0x54 .\CortexM3\ARM_GCC_484\Debug\camera_test.a(USB_episr.o)
                0x00004d48                USB_EP_2_ISR
 .text.USB_EP_3_ISR
                0x00004d9c       0x5c .\CortexM3\ARM_GCC_484\Debug\camera_test.a(USB_episr.o)
                0x00004d9c                USB_EP_3_ISR
 .text.USB_SOF_ISR
                0x00004df8        0xc .\CortexM3\ARM_GCC_484\Debug\camera_test.a(USB_episr.o)
                0x00004df8                USB_SOF_ISR
 .text.USB_BUS_RESET_ISR
                0x00004e04        0xc .\CortexM3\ARM_GCC_484\Debug\camera_test.a(USB_episr.o)
                0x00004e04                USB_BUS_RESET_ISR
 .text.USB_HandleStandardRqst
                0x00004e10      0x4a0 .\CortexM3\ARM_GCC_484\Debug\camera_test.a(USB_std.o)
                0x00004e10                USB_HandleStandardRqst
 .text.USB_ReadDieID
                0x000052b0       0x90 .\CortexM3\ARM_GCC_484\Debug\camera_test.a(USB_std.o)
                0x000052b0                USB_ReadDieID
 .text.USB_ConfigReg
                0x00005340      0x180 .\CortexM3\ARM_GCC_484\Debug\camera_test.a(USB_std.o)
                0x00005340                USB_ConfigReg
 .text.USB_Config
                0x000054c0      0x344 .\CortexM3\ARM_GCC_484\Debug\camera_test.a(USB_std.o)
                0x000054c0                USB_Config
 .text.USB_ConfigAltChanged
                0x00005804      0x274 .\CortexM3\ARM_GCC_484\Debug\camera_test.a(USB_std.o)
                0x00005804                USB_ConfigAltChanged
 .text.USB_GetConfigTablePtr
                0x00005a78       0x54 .\CortexM3\ARM_GCC_484\Debug\camera_test.a(USB_std.o)
                0x00005a78                USB_GetConfigTablePtr
 .text.USB_GetDeviceTablePtr
                0x00005acc       0x24 .\CortexM3\ARM_GCC_484\Debug\camera_test.a(USB_std.o)
                0x00005acc                USB_GetDeviceTablePtr
 .text.USB_GetInterfaceClassTablePtr
                0x00005af0       0x4c .\CortexM3\ARM_GCC_484\Debug\camera_test.a(USB_std.o)
                0x00005af0                USB_GetInterfaceClassTablePtr
 .text.USB_SetEndpointHalt
                0x00005b3c       0xe0 .\CortexM3\ARM_GCC_484\Debug\camera_test.a(USB_std.o)
                0x00005b3c                USB_SetEndpointHalt
 .text.USB_ClearEndpointHalt
                0x00005c1c      0x144 .\CortexM3\ARM_GCC_484\Debug\camera_test.a(USB_std.o)
                0x00005c1c                USB_ClearEndpointHalt
 .text.USB_ValidateAlternateSetting
                0x00005d60       0x78 .\CortexM3\ARM_GCC_484\Debug\camera_test.a(USB_std.o)
                0x00005d60                USB_ValidateAlternateSetting
 .text.USB_HandleVendorRqst
                0x00005dd8       0x58 .\CortexM3\ARM_GCC_484\Debug\camera_test.a(USB_vnd.o)
                0x00005dd8                USB_HandleVendorRqst
 .text.LCD_Init
                0x00005e30       0x6c .\CortexM3\ARM_GCC_484\Debug\camera_test.a(LCD.o)
                0x00005e30                LCD_Init
 .text.LCD_Enable
                0x00005e9c       0x18 .\CortexM3\ARM_GCC_484\Debug\camera_test.a(LCD.o)
                0x00005e9c                LCD_Enable
 .text.LCD_Start
                0x00005eb4       0x20 .\CortexM3\ARM_GCC_484\Debug\camera_test.a(LCD.o)
                0x00005eb4                LCD_Start
 .text.LCD_Position
                0x00005ed4       0x6c .\CortexM3\ARM_GCC_484\Debug\camera_test.a(LCD.o)
                0x00005ed4                LCD_Position
 .text.LCD_PrintString
                0x00005f40       0x38 .\CortexM3\ARM_GCC_484\Debug\camera_test.a(LCD.o)
                0x00005f40                LCD_PrintString
 .text.LCD_WriteData
                0x00005f78       0x3c .\CortexM3\ARM_GCC_484\Debug\camera_test.a(LCD.o)
                0x00005f78                LCD_WriteData
 .text.LCD_WriteControl
                0x00005fb4       0x3c .\CortexM3\ARM_GCC_484\Debug\camera_test.a(LCD.o)
                0x00005fb4                LCD_WriteControl
 .text.LCD_WrDatNib
                0x00005ff0       0x70 .\CortexM3\ARM_GCC_484\Debug\camera_test.a(LCD.o)
 .text.LCD_WrCntrlNib
                0x00006060       0x60 .\CortexM3\ARM_GCC_484\Debug\camera_test.a(LCD.o)
 .text.Gripper_PWM_Start
                0x000060c0       0x20 .\CortexM3\ARM_GCC_484\Debug\camera_test.a(Gripper_PWM.o)
                0x000060c0                Gripper_PWM_Start
 .text.Gripper_PWM_Init
                0x000060e0       0xbc .\CortexM3\ARM_GCC_484\Debug\camera_test.a(Gripper_PWM.o)
                0x000060e0                Gripper_PWM_Init
 .text.Gripper_PWM_Enable
                0x0000619c       0x48 .\CortexM3\ARM_GCC_484\Debug\camera_test.a(Gripper_PWM.o)
                0x0000619c                Gripper_PWM_Enable
 .text.Gripper_PWM_WritePeriod
                0x000061e4       0x20 .\CortexM3\ARM_GCC_484\Debug\camera_test.a(Gripper_PWM.o)
                0x000061e4                Gripper_PWM_WritePeriod
 .text.Gripper_PWM_WriteCompare
                0x00006204       0x20 .\CortexM3\ARM_GCC_484\Debug\camera_test.a(Gripper_PWM.o)
                0x00006204                Gripper_PWM_WriteCompare
 .text.Gripper_PWM_SetInterruptMode
                0x00006224       0x20 .\CortexM3\ARM_GCC_484\Debug\camera_test.a(Gripper_PWM.o)
                0x00006224                Gripper_PWM_SetInterruptMode
 .text.RED_Write
                0x00006244       0x34 .\CortexM3\ARM_GCC_484\Debug\camera_test.a(RED.o)
                0x00006244                RED_Write
 .text.Timer_Init
                0x00006278       0x4c .\CortexM3\ARM_GCC_484\Debug\camera_test.a(Timer.o)
                0x00006278                Timer_Init
 .text.Timer_Enable
                0x000062c4       0x20 .\CortexM3\ARM_GCC_484\Debug\camera_test.a(Timer.o)
                0x000062c4                Timer_Enable
 .text.Timer_Start
                0x000062e4       0x20 .\CortexM3\ARM_GCC_484\Debug\camera_test.a(Timer.o)
                0x000062e4                Timer_Start
 .text.Timer_SetInterruptMode
                0x00006304       0x20 .\CortexM3\ARM_GCC_484\Debug\camera_test.a(Timer.o)
                0x00006304                Timer_SetInterruptMode
 .text.Timer_ReadStatusRegister
                0x00006324       0x18 .\CortexM3\ARM_GCC_484\Debug\camera_test.a(Timer.o)
                0x00006324                Timer_ReadStatusRegister
 .text.Timer_WritePeriod
                0x0000633c       0x1c .\CortexM3\ARM_GCC_484\Debug\camera_test.a(Timer.o)
                0x0000633c                Timer_WritePeriod
 .text.Timer_ReadCapture
                0x00006358       0x1c .\CortexM3\ARM_GCC_484\Debug\camera_test.a(Timer.o)
                0x00006358                Timer_ReadCapture
 .text.Timer_WriteCounter
                0x00006374       0x1c .\CortexM3\ARM_GCC_484\Debug\camera_test.a(Timer.o)
                0x00006374                Timer_WriteCounter
 .text.Timer_ReadCounter
                0x00006390       0x24 .\CortexM3\ARM_GCC_484\Debug\camera_test.a(Timer.o)
                0x00006390                Timer_ReadCounter
 .text.Timer_ClearFIFO
                0x000063b4       0x1c .\CortexM3\ARM_GCC_484\Debug\camera_test.a(Timer.o)
                0x000063b4                Timer_ClearFIFO
 .text.MOTOR_L_Start
                0x000063d0       0x20 .\CortexM3\ARM_GCC_484\Debug\camera_test.a(MOTOR_L.o)
                0x000063d0                MOTOR_L_Start
 .text.MOTOR_L_Init
                0x000063f0       0xbc .\CortexM3\ARM_GCC_484\Debug\camera_test.a(MOTOR_L.o)
                0x000063f0                MOTOR_L_Init
 .text.MOTOR_L_Enable
                0x000064ac       0x48 .\CortexM3\ARM_GCC_484\Debug\camera_test.a(MOTOR_L.o)
                0x000064ac                MOTOR_L_Enable
 .text.MOTOR_L_WritePeriod
                0x000064f4       0x20 .\CortexM3\ARM_GCC_484\Debug\camera_test.a(MOTOR_L.o)
                0x000064f4                MOTOR_L_WritePeriod
 .text.MOTOR_L_WriteCompare
                0x00006514       0x20 .\CortexM3\ARM_GCC_484\Debug\camera_test.a(MOTOR_L.o)
                0x00006514                MOTOR_L_WriteCompare
 .text.MOTOR_L_SetInterruptMode
                0x00006534       0x20 .\CortexM3\ARM_GCC_484\Debug\camera_test.a(MOTOR_L.o)
                0x00006534                MOTOR_L_SetInterruptMode
 .text.MLIN1_Write
                0x00006554       0x3c .\CortexM3\ARM_GCC_484\Debug\camera_test.a(MLIN1.o)
                0x00006554                MLIN1_Write
 .text.MLIN2_Write
                0x00006590       0x3c .\CortexM3\ARM_GCC_484\Debug\camera_test.a(MLIN2.o)
                0x00006590                MLIN2_Write
 .text.MOTOR_R_Start
                0x000065cc       0x20 .\CortexM3\ARM_GCC_484\Debug\camera_test.a(MOTOR_R.o)
                0x000065cc                MOTOR_R_Start
 .text.MOTOR_R_Init
                0x000065ec       0xbc .\CortexM3\ARM_GCC_484\Debug\camera_test.a(MOTOR_R.o)
                0x000065ec                MOTOR_R_Init
 .text.MOTOR_R_Enable
                0x000066a8       0x48 .\CortexM3\ARM_GCC_484\Debug\camera_test.a(MOTOR_R.o)
                0x000066a8                MOTOR_R_Enable
 .text.MOTOR_R_WritePeriod
                0x000066f0       0x20 .\CortexM3\ARM_GCC_484\Debug\camera_test.a(MOTOR_R.o)
                0x000066f0                MOTOR_R_WritePeriod
 .text.MOTOR_R_WriteCompare
                0x00006710       0x20 .\CortexM3\ARM_GCC_484\Debug\camera_test.a(MOTOR_R.o)
                0x00006710                MOTOR_R_WriteCompare
 .text.MOTOR_R_SetInterruptMode
                0x00006730       0x20 .\CortexM3\ARM_GCC_484\Debug\camera_test.a(MOTOR_R.o)
                0x00006730                MOTOR_R_SetInterruptMode
 .text.MRIN1_Write
                0x00006750       0x34 .\CortexM3\ARM_GCC_484\Debug\camera_test.a(MRIN1.o)
                0x00006750                MRIN1_Write
 .text.MRIN2_Write
                0x00006784       0x38 .\CortexM3\ARM_GCC_484\Debug\camera_test.a(MRIN2.o)
                0x00006784                MRIN2_Write
 .text.but0_StartEx
                0x000067bc       0x24 .\CortexM3\ARM_GCC_484\Debug\camera_test.a(but0.o)
                0x000067bc                but0_StartEx
 .text.but0_SetVector
                0x000067e0       0x24 .\CortexM3\ARM_GCC_484\Debug\camera_test.a(but0.o)
                0x000067e0                but0_SetVector
 .text.but0_SetPriority
                0x00006804       0x24 .\CortexM3\ARM_GCC_484\Debug\camera_test.a(but0.o)
                0x00006804                but0_SetPriority
 .text.but0_Enable
                0x00006828       0x18 .\CortexM3\ARM_GCC_484\Debug\camera_test.a(but0.o)
                0x00006828                but0_Enable
 .text.but0_Disable
                0x00006840       0x18 .\CortexM3\ARM_GCC_484\Debug\camera_test.a(but0.o)
                0x00006840                but0_Disable
 .text.but0_ClearPending
                0x00006858       0x18 .\CortexM3\ARM_GCC_484\Debug\camera_test.a(but0.o)
                0x00006858                but0_ClearPending
 .text.but1_StartEx
                0x00006870       0x24 .\CortexM3\ARM_GCC_484\Debug\camera_test.a(but1.o)
                0x00006870                but1_StartEx
 .text.but1_SetVector
                0x00006894       0x24 .\CortexM3\ARM_GCC_484\Debug\camera_test.a(but1.o)
                0x00006894                but1_SetVector
 .text.but1_SetPriority
                0x000068b8       0x24 .\CortexM3\ARM_GCC_484\Debug\camera_test.a(but1.o)
                0x000068b8                but1_SetPriority
 .text.but1_Enable
                0x000068dc       0x18 .\CortexM3\ARM_GCC_484\Debug\camera_test.a(but1.o)
                0x000068dc                but1_Enable
 .text.but1_Disable
                0x000068f4       0x18 .\CortexM3\ARM_GCC_484\Debug\camera_test.a(but1.o)
                0x000068f4                but1_Disable
 .text.but1_ClearPending
                0x0000690c       0x18 .\CortexM3\ARM_GCC_484\Debug\camera_test.a(but1.o)
                0x0000690c                but1_ClearPending
 .text.I2C_Init
                0x00006924       0xa0 .\CortexM3\ARM_GCC_484\Debug\camera_test.a(I2C.o)
                0x00006924                I2C_Init
 .text.I2C_Enable
                0x000069c4       0x20 .\CortexM3\ARM_GCC_484\Debug\camera_test.a(I2C.o)
                0x000069c4                I2C_Enable
 .text.I2C_Start
                0x000069e4       0x2c .\CortexM3\ARM_GCC_484\Debug\camera_test.a(I2C.o)
                0x000069e4                I2C_Start
 .text.I2C_ISR  0x00006a10      0x404 .\CortexM3\ARM_GCC_484\Debug\camera_test.a(I2C_INT.o)
                0x00006a10                I2C_ISR
 .text.I2C_MasterSendStart
                0x00006e14       0xd8 .\CortexM3\ARM_GCC_484\Debug\camera_test.a(I2C_MASTER.o)
                0x00006e14                I2C_MasterSendStart
 .text.I2C_MasterSendStop
                0x00006eec       0x74 .\CortexM3\ARM_GCC_484\Debug\camera_test.a(I2C_MASTER.o)
                0x00006eec                I2C_MasterSendStop
 .text.I2C_MasterWriteByte
                0x00006f60       0xa0 .\CortexM3\ARM_GCC_484\Debug\camera_test.a(I2C_MASTER.o)
                0x00006f60                I2C_MasterWriteByte
 .text.I2C_MasterReadByte
                0x00007000       0xb4 .\CortexM3\ARM_GCC_484\Debug\camera_test.a(I2C_MASTER.o)
                0x00007000                I2C_MasterReadByte
 .text.HC_PWM_Start
                0x000070b4       0x20 .\CortexM3\ARM_GCC_484\Debug\camera_test.a(HC_PWM.o)
                0x000070b4                HC_PWM_Start
 .text.HC_PWM_Init
                0x000070d4       0x9c .\CortexM3\ARM_GCC_484\Debug\camera_test.a(HC_PWM.o)
                0x000070d4                HC_PWM_Init
 .text.HC_PWM_Enable
                0x00007170       0x20 .\CortexM3\ARM_GCC_484\Debug\camera_test.a(HC_PWM.o)
                0x00007170                HC_PWM_Enable
 .text.HC_PWM_WriteCounter
                0x00007190       0x20 .\CortexM3\ARM_GCC_484\Debug\camera_test.a(HC_PWM.o)
                0x00007190                HC_PWM_WriteCounter
 .text.HC_PWM_ClearFIFO
                0x000071b0       0x1c .\CortexM3\ARM_GCC_484\Debug\camera_test.a(HC_PWM.o)
                0x000071b0                HC_PWM_ClearFIFO
 .text.HC_PWM_WritePeriod
                0x000071cc       0x20 .\CortexM3\ARM_GCC_484\Debug\camera_test.a(HC_PWM.o)
                0x000071cc                HC_PWM_WritePeriod
 .text.HC_PWM_WriteCompare1
                0x000071ec       0x20 .\CortexM3\ARM_GCC_484\Debug\camera_test.a(HC_PWM.o)
                0x000071ec                HC_PWM_WriteCompare1
 .text.HC_PWM_WriteCompare2
                0x0000720c       0x20 .\CortexM3\ARM_GCC_484\Debug\camera_test.a(HC_PWM.o)
                0x0000720c                HC_PWM_WriteCompare2
 .text.HC_PWM_SetInterruptMode
                0x0000722c       0x20 .\CortexM3\ARM_GCC_484\Debug\camera_test.a(HC_PWM.o)
                0x0000722c                HC_PWM_SetInterruptMode
 .text.HC_PWM_ReadStatusRegister
                0x0000724c       0x18 .\CortexM3\ARM_GCC_484\Debug\camera_test.a(HC_PWM.o)
                0x0000724c                HC_PWM_ReadStatusRegister
 .text.HC_PWM_ReadCapture
                0x00007264       0x18 .\CortexM3\ARM_GCC_484\Debug\camera_test.a(HC_PWM.o)
                0x00007264                HC_PWM_ReadCapture
 .text.HC_Timer_Init
                0x0000727c       0x4c .\CortexM3\ARM_GCC_484\Debug\camera_test.a(HC_Timer.o)
                0x0000727c                HC_Timer_Init
 .text.HC_Timer_Enable
                0x000072c8        0xc .\CortexM3\ARM_GCC_484\Debug\camera_test.a(HC_Timer.o)
                0x000072c8                HC_Timer_Enable
 .text.HC_Timer_Start
                0x000072d4       0x20 .\CortexM3\ARM_GCC_484\Debug\camera_test.a(HC_Timer.o)
                0x000072d4                HC_Timer_Start
 .text.HC_Timer_SetInterruptMode
                0x000072f4       0x20 .\CortexM3\ARM_GCC_484\Debug\camera_test.a(HC_Timer.o)
                0x000072f4                HC_Timer_SetInterruptMode
 .text.HC_Timer_ReadStatusRegister
                0x00007314       0x18 .\CortexM3\ARM_GCC_484\Debug\camera_test.a(HC_Timer.o)
                0x00007314                HC_Timer_ReadStatusRegister
 .text.HC_Timer_WritePeriod
                0x0000732c       0x20 .\CortexM3\ARM_GCC_484\Debug\camera_test.a(HC_Timer.o)
                0x0000732c                HC_Timer_WritePeriod
 .text.HC_Timer_ReadCapture
                0x0000734c       0x18 .\CortexM3\ARM_GCC_484\Debug\camera_test.a(HC_Timer.o)
                0x0000734c                HC_Timer_ReadCapture
 .text.HC_Timer_WriteCounter
                0x00007364       0x20 .\CortexM3\ARM_GCC_484\Debug\camera_test.a(HC_Timer.o)
                0x00007364                HC_Timer_WriteCounter
 .text.HC_Timer_ReadCounter
                0x00007384       0x20 .\CortexM3\ARM_GCC_484\Debug\camera_test.a(HC_Timer.o)
                0x00007384                HC_Timer_ReadCounter
 .text.HC_Timer_ClearFIFO
                0x000073a4       0x1c .\CortexM3\ARM_GCC_484\Debug\camera_test.a(HC_Timer.o)
                0x000073a4                HC_Timer_ClearFIFO
 .text.HC_ISR_StartEx
                0x000073c0       0x24 .\CortexM3\ARM_GCC_484\Debug\camera_test.a(HC_ISR.o)
                0x000073c0                HC_ISR_StartEx
 .text.HC_ISR_SetVector
                0x000073e4       0x24 .\CortexM3\ARM_GCC_484\Debug\camera_test.a(HC_ISR.o)
                0x000073e4                HC_ISR_SetVector
 .text.HC_ISR_SetPriority
                0x00007408       0x24 .\CortexM3\ARM_GCC_484\Debug\camera_test.a(HC_ISR.o)
                0x00007408                HC_ISR_SetPriority
 .text.HC_ISR_Enable
                0x0000742c       0x18 .\CortexM3\ARM_GCC_484\Debug\camera_test.a(HC_ISR.o)
                0x0000742c                HC_ISR_Enable
 .text.HC_ISR_Disable
                0x00007444       0x18 .\CortexM3\ARM_GCC_484\Debug\camera_test.a(HC_ISR.o)
                0x00007444                HC_ISR_Disable
 .text.HC_ISR_ClearPending
                0x0000745c       0x18 .\CortexM3\ARM_GCC_484\Debug\camera_test.a(HC_ISR.o)
                0x0000745c                HC_ISR_ClearPending
 .text.Arm_PWM_Start
                0x00007474       0x20 .\CortexM3\ARM_GCC_484\Debug\camera_test.a(Arm_PWM.o)
                0x00007474                Arm_PWM_Start
 .text.Arm_PWM_Init
                0x00007494       0x94 .\CortexM3\ARM_GCC_484\Debug\camera_test.a(Arm_PWM.o)
                0x00007494                Arm_PWM_Init
 .text.Arm_PWM_Enable
                0x00007528       0x20 .\CortexM3\ARM_GCC_484\Debug\camera_test.a(Arm_PWM.o)
                0x00007528                Arm_PWM_Enable
 .text.Arm_PWM_WriteCounter
                0x00007548       0x20 .\CortexM3\ARM_GCC_484\Debug\camera_test.a(Arm_PWM.o)
                0x00007548                Arm_PWM_WriteCounter
 .text.Arm_PWM_ClearFIFO
                0x00007568       0x1c .\CortexM3\ARM_GCC_484\Debug\camera_test.a(Arm_PWM.o)
                0x00007568                Arm_PWM_ClearFIFO
 .text.Arm_PWM_WritePeriod
                0x00007584       0x20 .\CortexM3\ARM_GCC_484\Debug\camera_test.a(Arm_PWM.o)
                0x00007584                Arm_PWM_WritePeriod
 .text.Arm_PWM_WriteCompare
                0x000075a4       0x20 .\CortexM3\ARM_GCC_484\Debug\camera_test.a(Arm_PWM.o)
                0x000075a4                Arm_PWM_WriteCompare
 .text.Arm_PWM_SetInterruptMode
                0x000075c4       0x20 .\CortexM3\ARM_GCC_484\Debug\camera_test.a(Arm_PWM.o)
                0x000075c4                Arm_PWM_SetInterruptMode
 .text.Arm_PWM_ReadStatusRegister
                0x000075e4       0x18 .\CortexM3\ARM_GCC_484\Debug\camera_test.a(Arm_PWM.o)
                0x000075e4                Arm_PWM_ReadStatusRegister
 .text.Arm_PWM_ReadCapture
                0x000075fc       0x18 .\CortexM3\ARM_GCC_484\Debug\camera_test.a(Arm_PWM.o)
                0x000075fc                Arm_PWM_ReadCapture
 .text.Compass_DRDY_ISR_StartEx
                0x00007614       0x24 .\CortexM3\ARM_GCC_484\Debug\camera_test.a(Compass_DRDY_ISR.o)
                0x00007614                Compass_DRDY_ISR_StartEx
 .text.Compass_DRDY_ISR_SetVector
                0x00007638       0x24 .\CortexM3\ARM_GCC_484\Debug\camera_test.a(Compass_DRDY_ISR.o)
                0x00007638                Compass_DRDY_ISR_SetVector
 .text.Compass_DRDY_ISR_SetPriority
                0x0000765c       0x24 .\CortexM3\ARM_GCC_484\Debug\camera_test.a(Compass_DRDY_ISR.o)
                0x0000765c                Compass_DRDY_ISR_SetPriority
 .text.Compass_DRDY_ISR_Enable
                0x00007680       0x18 .\CortexM3\ARM_GCC_484\Debug\camera_test.a(Compass_DRDY_ISR.o)
                0x00007680                Compass_DRDY_ISR_Enable
 .text.Compass_DRDY_ISR_Disable
                0x00007698       0x18 .\CortexM3\ARM_GCC_484\Debug\camera_test.a(Compass_DRDY_ISR.o)
                0x00007698                Compass_DRDY_ISR_Disable
 .text.Compass_DRDY_ISR_ClearPending
                0x000076b0       0x18 .\CortexM3\ARM_GCC_484\Debug\camera_test.a(Compass_DRDY_ISR.o)
                0x000076b0                Compass_DRDY_ISR_ClearPending
 .text.BEAM_BREAK_TIMER_Init
                0x000076c8       0x4c .\CortexM3\ARM_GCC_484\Debug\camera_test.a(BEAM_BREAK_TIMER.o)
                0x000076c8                BEAM_BREAK_TIMER_Init
 .text.BEAM_BREAK_TIMER_Enable
                0x00007714        0xc .\CortexM3\ARM_GCC_484\Debug\camera_test.a(BEAM_BREAK_TIMER.o)
                0x00007714                BEAM_BREAK_TIMER_Enable
 .text.BEAM_BREAK_TIMER_Start
                0x00007720       0x20 .\CortexM3\ARM_GCC_484\Debug\camera_test.a(BEAM_BREAK_TIMER.o)
                0x00007720                BEAM_BREAK_TIMER_Start
 .text.BEAM_BREAK_TIMER_Stop
                0x00007740        0xc .\CortexM3\ARM_GCC_484\Debug\camera_test.a(BEAM_BREAK_TIMER.o)
                0x00007740                BEAM_BREAK_TIMER_Stop
 .text.BEAM_BREAK_TIMER_SetInterruptMode
                0x0000774c       0x20 .\CortexM3\ARM_GCC_484\Debug\camera_test.a(BEAM_BREAK_TIMER.o)
                0x0000774c                BEAM_BREAK_TIMER_SetInterruptMode
 .text.BEAM_BREAK_TIMER_ReadStatusRegister
                0x0000776c       0x18 .\CortexM3\ARM_GCC_484\Debug\camera_test.a(BEAM_BREAK_TIMER.o)
                0x0000776c                BEAM_BREAK_TIMER_ReadStatusRegister
 .text.BEAM_BREAK_TIMER_WritePeriod
                0x00007784       0x20 .\CortexM3\ARM_GCC_484\Debug\camera_test.a(BEAM_BREAK_TIMER.o)
                0x00007784                BEAM_BREAK_TIMER_WritePeriod
 .text.BEAM_BREAK_TIMER_ReadCapture
                0x000077a4       0x18 .\CortexM3\ARM_GCC_484\Debug\camera_test.a(BEAM_BREAK_TIMER.o)
                0x000077a4                BEAM_BREAK_TIMER_ReadCapture
 .text.BEAM_BREAK_TIMER_WriteCounter
                0x000077bc       0x20 .\CortexM3\ARM_GCC_484\Debug\camera_test.a(BEAM_BREAK_TIMER.o)
                0x000077bc                BEAM_BREAK_TIMER_WriteCounter
 .text.BEAM_BREAK_TIMER_ReadCounter
                0x000077dc       0x20 .\CortexM3\ARM_GCC_484\Debug\camera_test.a(BEAM_BREAK_TIMER.o)
                0x000077dc                BEAM_BREAK_TIMER_ReadCounter
 .text.BEAM_BREAK_TIMER_ClearFIFO
                0x000077fc       0x1c .\CortexM3\ARM_GCC_484\Debug\camera_test.a(BEAM_BREAK_TIMER.o)
                0x000077fc                BEAM_BREAK_TIMER_ClearFIFO
 .text.Button_PWM_Start
                0x00007818       0x20 .\CortexM3\ARM_GCC_484\Debug\camera_test.a(Button_PWM.o)
                0x00007818                Button_PWM_Start
 .text.Button_PWM_Init
                0x00007838       0xbc .\CortexM3\ARM_GCC_484\Debug\camera_test.a(Button_PWM.o)
                0x00007838                Button_PWM_Init
 .text.Button_PWM_Enable
                0x000078f4       0x48 .\CortexM3\ARM_GCC_484\Debug\camera_test.a(Button_PWM.o)
                0x000078f4                Button_PWM_Enable
 .text.Button_PWM_WritePeriod
                0x0000793c       0x20 .\CortexM3\ARM_GCC_484\Debug\camera_test.a(Button_PWM.o)
                0x0000793c                Button_PWM_WritePeriod
 .text.Button_PWM_WriteCompare
                0x0000795c       0x20 .\CortexM3\ARM_GCC_484\Debug\camera_test.a(Button_PWM.o)
                0x0000795c                Button_PWM_WriteCompare
 .text.Button_PWM_SetInterruptMode
                0x0000797c       0x20 .\CortexM3\ARM_GCC_484\Debug\camera_test.a(Button_PWM.o)
                0x0000797c                Button_PWM_SetInterruptMode
 *fill*         0x0000799c        0x4 
 .text          0x000079a0       0x28 .\CortexM3\ARM_GCC_484\Debug\camera_test.a(CyBootAsmGnu.o)
                0x000079a0                CyDelayCycles
                0x000079b4                CyEnterCriticalSection
                0x000079bc                CyExitCriticalSection
 .text.CyDmacConfigure
                0x000079c8       0x5c .\CortexM3\ARM_GCC_484\Debug\camera_test.a(CyDmac.o)
                0x000079c8                CyDmacConfigure
 .text.CyHalt   0x00007a24       0x18 .\CortexM3\ARM_GCC_484\Debug\camera_test.a(CyLib.o)
                0x00007a24                CyHalt
 .text.CyDelay  0x00007a3c       0x44 .\CortexM3\ARM_GCC_484\Debug\camera_test.a(CyLib.o)
                0x00007a3c                CyDelay
 .text.CyDelayUs
                0x00007a80       0x24 .\CortexM3\ARM_GCC_484\Debug\camera_test.a(CyLib.o)
                0x00007a80                CyDelayUs
 .text.CyIntSetVector
                0x00007aa4       0x50 .\CortexM3\ARM_GCC_484\Debug\camera_test.a(CyLib.o)
                0x00007aa4                CyIntSetVector
 .text.CyIntSetPriority
                0x00007af4       0x44 .\CortexM3\ARM_GCC_484\Debug\camera_test.a(CyLib.o)
                0x00007af4                CyIntSetPriority
 .text.CySetReg24
                0x00007b38       0x38 .\CortexM3\ARM_GCC_484\Debug\camera_test.a(cyutils.o)
                0x00007b38                CySetReg24
 .text.BEAM_Clock_Start
                0x00007b70       0x34 .\CortexM3\ARM_GCC_484\Debug\camera_test.a(BEAM_Clock.o)
                0x00007b70                BEAM_Clock_Start
 .text.BEAM_Clock_Stop
                0x00007ba4       0x34 .\CortexM3\ARM_GCC_484\Debug\camera_test.a(BEAM_Clock.o)
                0x00007ba4                BEAM_Clock_Stop
 .text.HC_PWM_S_Start
                0x00007bd8       0x20 .\CortexM3\ARM_GCC_484\Debug\camera_test.a(HC_PWM_S.o)
                0x00007bd8                HC_PWM_S_Start
 .text.HC_PWM_S_Init
                0x00007bf8       0x9c .\CortexM3\ARM_GCC_484\Debug\camera_test.a(HC_PWM_S.o)
                0x00007bf8                HC_PWM_S_Init
 .text.HC_PWM_S_Enable
                0x00007c94       0x20 .\CortexM3\ARM_GCC_484\Debug\camera_test.a(HC_PWM_S.o)
                0x00007c94                HC_PWM_S_Enable
 .text.HC_PWM_S_WriteCounter
                0x00007cb4       0x20 .\CortexM3\ARM_GCC_484\Debug\camera_test.a(HC_PWM_S.o)
                0x00007cb4                HC_PWM_S_WriteCounter
 .text.HC_PWM_S_ClearFIFO
                0x00007cd4       0x1c .\CortexM3\ARM_GCC_484\Debug\camera_test.a(HC_PWM_S.o)
                0x00007cd4                HC_PWM_S_ClearFIFO
 .text.HC_PWM_S_WritePeriod
                0x00007cf0       0x20 .\CortexM3\ARM_GCC_484\Debug\camera_test.a(HC_PWM_S.o)
                0x00007cf0                HC_PWM_S_WritePeriod
 .text.HC_PWM_S_WriteCompare1
                0x00007d10       0x20 .\CortexM3\ARM_GCC_484\Debug\camera_test.a(HC_PWM_S.o)
                0x00007d10                HC_PWM_S_WriteCompare1
 .text.HC_PWM_S_WriteCompare2
                0x00007d30       0x20 .\CortexM3\ARM_GCC_484\Debug\camera_test.a(HC_PWM_S.o)
                0x00007d30                HC_PWM_S_WriteCompare2
 .text.HC_PWM_S_SetInterruptMode
                0x00007d50       0x20 .\CortexM3\ARM_GCC_484\Debug\camera_test.a(HC_PWM_S.o)
                0x00007d50                HC_PWM_S_SetInterruptMode
 .text.HC_PWM_S_ReadStatusRegister
                0x00007d70       0x18 .\CortexM3\ARM_GCC_484\Debug\camera_test.a(HC_PWM_S.o)
                0x00007d70                HC_PWM_S_ReadStatusRegister
 .text.HC_PWM_S_ReadCapture
                0x00007d88       0x18 .\CortexM3\ARM_GCC_484\Debug\camera_test.a(HC_PWM_S.o)
                0x00007d88                HC_PWM_S_ReadCapture
 .text.IR_Timer_Init
                0x00007da0       0x4c .\CortexM3\ARM_GCC_484\Debug\camera_test.a(IR_Timer.o)
                0x00007da0                IR_Timer_Init
 .text.IR_Timer_Enable
                0x00007dec        0xc .\CortexM3\ARM_GCC_484\Debug\camera_test.a(IR_Timer.o)
                0x00007dec                IR_Timer_Enable
 .text.IR_Timer_Start
                0x00007df8       0x20 .\CortexM3\ARM_GCC_484\Debug\camera_test.a(IR_Timer.o)
                0x00007df8                IR_Timer_Start
 .text.IR_Timer_SetInterruptMode
                0x00007e18       0x20 .\CortexM3\ARM_GCC_484\Debug\camera_test.a(IR_Timer.o)
                0x00007e18                IR_Timer_SetInterruptMode
 .text.IR_Timer_ReadStatusRegister
                0x00007e38       0x18 .\CortexM3\ARM_GCC_484\Debug\camera_test.a(IR_Timer.o)
                0x00007e38                IR_Timer_ReadStatusRegister
 .text.IR_Timer_WritePeriod
                0x00007e50       0x20 .\CortexM3\ARM_GCC_484\Debug\camera_test.a(IR_Timer.o)
                0x00007e50                IR_Timer_WritePeriod
 .text.IR_Timer_ReadCapture
                0x00007e70       0x18 .\CortexM3\ARM_GCC_484\Debug\camera_test.a(IR_Timer.o)
                0x00007e70                IR_Timer_ReadCapture
 .text.IR_Timer_WriteCounter
                0x00007e88       0x20 .\CortexM3\ARM_GCC_484\Debug\camera_test.a(IR_Timer.o)
                0x00007e88                IR_Timer_WriteCounter
 .text.IR_Timer_ReadCounter
                0x00007ea8       0x20 .\CortexM3\ARM_GCC_484\Debug\camera_test.a(IR_Timer.o)
                0x00007ea8                IR_Timer_ReadCounter
 .text.IR_Timer_ClearFIFO
                0x00007ec8       0x1c .\CortexM3\ARM_GCC_484\Debug\camera_test.a(IR_Timer.o)
                0x00007ec8                IR_Timer_ClearFIFO
 .text.IR_PWM_Start
                0x00007ee4       0x20 .\CortexM3\ARM_GCC_484\Debug\camera_test.a(IR_PWM.o)
                0x00007ee4                IR_PWM_Start
 .text.IR_PWM_Init
                0x00007f04       0xa0 .\CortexM3\ARM_GCC_484\Debug\camera_test.a(IR_PWM.o)
                0x00007f04                IR_PWM_Init
 .text.IR_PWM_Enable
                0x00007fa4       0x20 .\CortexM3\ARM_GCC_484\Debug\camera_test.a(IR_PWM.o)
                0x00007fa4                IR_PWM_Enable
 .text.IR_PWM_WriteCounter
                0x00007fc4       0x20 .\CortexM3\ARM_GCC_484\Debug\camera_test.a(IR_PWM.o)
                0x00007fc4                IR_PWM_WriteCounter
 .text.IR_PWM_ClearFIFO
                0x00007fe4       0x1c .\CortexM3\ARM_GCC_484\Debug\camera_test.a(IR_PWM.o)
                0x00007fe4                IR_PWM_ClearFIFO
 .text.IR_PWM_WritePeriod
                0x00008000       0x20 .\CortexM3\ARM_GCC_484\Debug\camera_test.a(IR_PWM.o)
                0x00008000                IR_PWM_WritePeriod
 .text.IR_PWM_WriteCompare1
                0x00008020       0x20 .\CortexM3\ARM_GCC_484\Debug\camera_test.a(IR_PWM.o)
                0x00008020                IR_PWM_WriteCompare1
 .text.IR_PWM_WriteCompare2
                0x00008040       0x20 .\CortexM3\ARM_GCC_484\Debug\camera_test.a(IR_PWM.o)
                0x00008040                IR_PWM_WriteCompare2
 .text.IR_PWM_SetInterruptMode
                0x00008060       0x20 .\CortexM3\ARM_GCC_484\Debug\camera_test.a(IR_PWM.o)
                0x00008060                IR_PWM_SetInterruptMode
 .text.IR_PWM_ReadStatusRegister
                0x00008080       0x18 .\CortexM3\ARM_GCC_484\Debug\camera_test.a(IR_PWM.o)
                0x00008080                IR_PWM_ReadStatusRegister
 .text.IR_PWM_ReadCapture
                0x00008098       0x18 .\CortexM3\ARM_GCC_484\Debug\camera_test.a(IR_PWM.o)
                0x00008098                IR_PWM_ReadCapture
 .text.IR_DONE_StartEx
                0x000080b0       0x24 .\CortexM3\ARM_GCC_484\Debug\camera_test.a(IR_DONE.o)
                0x000080b0                IR_DONE_StartEx
 .text.IR_DONE_SetVector
                0x000080d4       0x24 .\CortexM3\ARM_GCC_484\Debug\camera_test.a(IR_DONE.o)
                0x000080d4                IR_DONE_SetVector
 .text.IR_DONE_SetPriority
                0x000080f8       0x24 .\CortexM3\ARM_GCC_484\Debug\camera_test.a(IR_DONE.o)
                0x000080f8                IR_DONE_SetPriority
 .text.IR_DONE_Enable
                0x0000811c       0x18 .\CortexM3\ARM_GCC_484\Debug\camera_test.a(IR_DONE.o)
                0x0000811c                IR_DONE_Enable
 .text.IR_DONE_Disable
                0x00008134       0x18 .\CortexM3\ARM_GCC_484\Debug\camera_test.a(IR_DONE.o)
                0x00008134                IR_DONE_Disable
 .text.IR_DONE_ClearPending
                0x0000814c       0x18 .\CortexM3\ARM_GCC_484\Debug\camera_test.a(IR_DONE.o)
                0x0000814c                IR_DONE_ClearPending
 .text.IR_REG_Write
                0x00008164       0x20 .\CortexM3\ARM_GCC_484\Debug\camera_test.a(IR_REG.o)
                0x00008164                IR_REG_Write
 .text.IR_REG_Read
                0x00008184       0x18 .\CortexM3\ARM_GCC_484\Debug\camera_test.a(IR_REG.o)
                0x00008184                IR_REG_Read
 .text.HC_ISR_S_StartEx
                0x0000819c       0x24 .\CortexM3\ARM_GCC_484\Debug\camera_test.a(HC_ISR_S.o)
                0x0000819c                HC_ISR_S_StartEx
 .text.HC_ISR_S_SetVector
                0x000081c0       0x24 .\CortexM3\ARM_GCC_484\Debug\camera_test.a(HC_ISR_S.o)
                0x000081c0                HC_ISR_S_SetVector
 .text.HC_ISR_S_SetPriority
                0x000081e4       0x24 .\CortexM3\ARM_GCC_484\Debug\camera_test.a(HC_ISR_S.o)
                0x000081e4                HC_ISR_S_SetPriority
 .text.HC_ISR_S_Enable
                0x00008208       0x18 .\CortexM3\ARM_GCC_484\Debug\camera_test.a(HC_ISR_S.o)
                0x00008208                HC_ISR_S_Enable
 .text.HC_ISR_S_Disable
                0x00008220       0x18 .\CortexM3\ARM_GCC_484\Debug\camera_test.a(HC_ISR_S.o)
                0x00008220                HC_ISR_S_Disable
 .text.HC_ISR_S_ClearPending
                0x00008238       0x18 .\CortexM3\ARM_GCC_484\Debug\camera_test.a(HC_ISR_S.o)
                0x00008238                HC_ISR_S_ClearPending
 .text.HC_Timer_S_Init
                0x00008250       0x4c .\CortexM3\ARM_GCC_484\Debug\camera_test.a(HC_Timer_S.o)
                0x00008250                HC_Timer_S_Init
 .text.HC_Timer_S_Enable
                0x0000829c        0xc .\CortexM3\ARM_GCC_484\Debug\camera_test.a(HC_Timer_S.o)
                0x0000829c                HC_Timer_S_Enable
 .text.HC_Timer_S_Start
                0x000082a8       0x20 .\CortexM3\ARM_GCC_484\Debug\camera_test.a(HC_Timer_S.o)
                0x000082a8                HC_Timer_S_Start
 .text.HC_Timer_S_SetInterruptMode
                0x000082c8       0x20 .\CortexM3\ARM_GCC_484\Debug\camera_test.a(HC_Timer_S.o)
                0x000082c8                HC_Timer_S_SetInterruptMode
 .text.HC_Timer_S_ReadStatusRegister
                0x000082e8       0x18 .\CortexM3\ARM_GCC_484\Debug\camera_test.a(HC_Timer_S.o)
                0x000082e8                HC_Timer_S_ReadStatusRegister
 .text.HC_Timer_S_WritePeriod
                0x00008300       0x20 .\CortexM3\ARM_GCC_484\Debug\camera_test.a(HC_Timer_S.o)
                0x00008300                HC_Timer_S_WritePeriod
 .text.HC_Timer_S_ReadCapture
                0x00008320       0x18 .\CortexM3\ARM_GCC_484\Debug\camera_test.a(HC_Timer_S.o)
                0x00008320                HC_Timer_S_ReadCapture
 .text.HC_Timer_S_WriteCounter
                0x00008338       0x20 .\CortexM3\ARM_GCC_484\Debug\camera_test.a(HC_Timer_S.o)
                0x00008338                HC_Timer_S_WriteCounter
 .text.HC_Timer_S_ReadCounter
                0x00008358       0x20 .\CortexM3\ARM_GCC_484\Debug\camera_test.a(HC_Timer_S.o)
                0x00008358                HC_Timer_S_ReadCounter
 .text.HC_Timer_S_ClearFIFO
                0x00008378       0x1c .\CortexM3\ARM_GCC_484\Debug\camera_test.a(HC_Timer_S.o)
                0x00008378                HC_Timer_S_ClearFIFO
 .text.USB_DispatchClassRqst
                0x00008394       0x8c .\CortexM3\ARM_GCC_484\Debug\camera_test.a(USB_cls.o)
                0x00008394                USB_DispatchClassRqst
 .text.round    0x00008420       0x9c c:/program files (x86)/cypress/psoc creator/3.2/psoc creator/import/gnu/arm/4.8.4/bin/../lib/gcc/arm-none-eabi/4.8.4/../../../../arm-none-eabi/lib/armv7-m\libm.a(lib_a-s_round.o)
                0x00008420                round
 .text.atan2    0x000084bc        0x4 c:/program files (x86)/cypress/psoc creator/3.2/psoc creator/import/gnu/arm/4.8.4/bin/../lib/gcc/arm-none-eabi/4.8.4/../../../../arm-none-eabi/lib/armv7-m\libm.a(lib_a-w_atan2.o)
                0x000084bc                atan2
 .text.__ieee754_atan2
                0x000084c0      0x1f0 c:/program files (x86)/cypress/psoc creator/3.2/psoc creator/import/gnu/arm/4.8.4/bin/../lib/gcc/arm-none-eabi/4.8.4/../../../../arm-none-eabi/lib/armv7-m\libm.a(lib_a-e_atan2.o)
                0x000084c0                __ieee754_atan2
 .text.atan     0x000086b0      0x350 c:/program files (x86)/cypress/psoc creator/3.2/psoc creator/import/gnu/arm/4.8.4/bin/../lib/gcc/arm-none-eabi/4.8.4/../../../../arm-none-eabi/lib/armv7-m\libm.a(lib_a-s_atan.o)
                0x000086b0                atan
 .text.fabs     0x00008a00        0x8 c:/program files (x86)/cypress/psoc creator/3.2/psoc creator/import/gnu/arm/4.8.4/bin/../lib/gcc/arm-none-eabi/4.8.4/../../../../arm-none-eabi/lib/armv7-m\libm.a(lib_a-s_fabs.o)
                0x00008a00                fabs
 .text          0x00008a08      0x370 c:/program files (x86)/cypress/psoc creator/3.2/psoc creator/import/gnu/arm/4.8.4/bin/../lib/gcc/arm-none-eabi/4.8.4/armv7-m\libgcc.a(_arm_addsubdf3.o)
                0x00008a08                __aeabi_drsub
                0x00008a10                __aeabi_dsub
                0x00008a10                __subdf3
                0x00008a14                __aeabi_dadd
                0x00008a14                __adddf3
                0x00008c8c                __floatunsidf
                0x00008c8c                __aeabi_ui2d
                0x00008cac                __floatsidf
                0x00008cac                __aeabi_i2d
                0x00008cd0                __aeabi_f2d
                0x00008cd0                __extendsfdf2
                0x00008d0c                __floatundidf
                0x00008d0c                __aeabi_ul2d
                0x00008d1c                __floatdidf
                0x00008d1c                __aeabi_l2d
 .text          0x00008d78      0x424 c:/program files (x86)/cypress/psoc creator/3.2/psoc creator/import/gnu/arm/4.8.4/bin/../lib/gcc/arm-none-eabi/4.8.4/armv7-m\libgcc.a(_arm_muldivdf3.o)
                0x00008d78                __aeabi_dmul
                0x00008d78                __muldf3
                0x00008fcc                __divdf3
                0x00008fcc                __aeabi_ddiv
 .text          0x0000919c      0x110 c:/program files (x86)/cypress/psoc creator/3.2/psoc creator/import/gnu/arm/4.8.4/bin/../lib/gcc/arm-none-eabi/4.8.4/armv7-m\libgcc.a(_arm_cmpdf2.o)
                0x0000919c                __gtdf2
                0x0000919c                __gedf2
                0x000091a4                __ltdf2
                0x000091a4                __ledf2
                0x000091ac                __nedf2
                0x000091ac                __eqdf2
                0x000091ac                __cmpdf2
                0x00009228                __aeabi_cdrcmple
                0x00009238                __aeabi_cdcmpeq
                0x00009238                __aeabi_cdcmple
                0x00009248                __aeabi_dcmpeq
                0x0000925c                __aeabi_dcmplt
                0x00009270                __aeabi_dcmple
                0x00009284                __aeabi_dcmpge
                0x00009298                __aeabi_dcmpgt
 .text          0x000092ac       0x50 c:/program files (x86)/cypress/psoc creator/3.2/psoc creator/import/gnu/arm/4.8.4/bin/../lib/gcc/arm-none-eabi/4.8.4/armv7-m\libgcc.a(_arm_fixdfsi.o)
                0x000092ac                __aeabi_d2iz
                0x000092ac                __fixdfsi
 .text          0x000092fc       0x40 c:/program files (x86)/cypress/psoc creator/3.2/psoc creator/import/gnu/arm/4.8.4/bin/../lib/gcc/arm-none-eabi/4.8.4/armv7-m\libgcc.a(_arm_fixunsdfsi.o)
                0x000092fc                __aeabi_d2uiz
                0x000092fc                __fixunsdfsi
 .text.__errno  0x0000933c        0xc c:/program files (x86)/cypress/psoc creator/3.2/psoc creator/import/gnu/arm/4.8.4/bin/../lib/gcc/arm-none-eabi/4.8.4/../../../../arm-none-eabi/lib/armv7-m\libg_s.a(lib_a-errno.o)
                0x0000933c                __errno
 .text.__libc_init_array
                0x00009348       0x4c c:/program files (x86)/cypress/psoc creator/3.2/psoc creator/import/gnu/arm/4.8.4/bin/../lib/gcc/arm-none-eabi/4.8.4/../../../../arm-none-eabi/lib/armv7-m\libg_s.a(lib_a-init.o)
                0x00009348                __libc_init_array
 .text.memcpy   0x00009394       0x12 c:/program files (x86)/cypress/psoc creator/3.2/psoc creator/import/gnu/arm/4.8.4/bin/../lib/gcc/arm-none-eabi/4.8.4/../../../../arm-none-eabi/lib/armv7-m\libg_s.a(lib_a-memcpy-stub.o)
                0x00009394                memcpy
 .text.memset   0x000093a6       0x10 c:/program files (x86)/cypress/psoc creator/3.2/psoc creator/import/gnu/arm/4.8.4/bin/../lib/gcc/arm-none-eabi/4.8.4/../../../../arm-none-eabi/lib/armv7-m\libg_s.a(lib_a-memset.o)
                0x000093a6                memset
 *fill*         0x000093b6        0x2 
 .text.sprintf  0x000093b8       0x48 c:/program files (x86)/cypress/psoc creator/3.2/psoc creator/import/gnu/arm/4.8.4/bin/../lib/gcc/arm-none-eabi/4.8.4/../../../../arm-none-eabi/lib/armv7-m\libg_s.a(lib_a-sprintf.o)
                0x000093b8                siprintf
                0x000093b8                sprintf
 .text.__ssputs_r
                0x00009400       0xb8 c:/program files (x86)/cypress/psoc creator/3.2/psoc creator/import/gnu/arm/4.8.4/bin/../lib/gcc/arm-none-eabi/4.8.4/../../../../arm-none-eabi/lib/armv7-m\libg_s.a(lib_a-svfprintf.o)
                0x00009400                __ssputs_r
 .text._svfprintf_r
                0x000094b8      0x1d8 c:/program files (x86)/cypress/psoc creator/3.2/psoc creator/import/gnu/arm/4.8.4/bin/../lib/gcc/arm-none-eabi/4.8.4/../../../../arm-none-eabi/lib/armv7-m\libg_s.a(lib_a-svfprintf.o)
                0x000094b8                _svfiprintf_r
                0x000094b8                _svfprintf_r
 .text._printf_common
                0x00009690       0xe4 c:/program files (x86)/cypress/psoc creator/3.2/psoc creator/import/gnu/arm/4.8.4/bin/../lib/gcc/arm-none-eabi/4.8.4/../../../../arm-none-eabi/lib/armv7-m\libg_s.a(lib_a-vfprintf_i.o)
                0x00009690                _printf_common
 .text._printf_i
                0x00009774      0x228 c:/program files (x86)/cypress/psoc creator/3.2/psoc creator/import/gnu/arm/4.8.4/bin/../lib/gcc/arm-none-eabi/4.8.4/../../../../arm-none-eabi/lib/armv7-m\libg_s.a(lib_a-vfprintf_i.o)
                0x00009774                _printf_i
 .text.memchr   0x0000999c       0x1c c:/program files (x86)/cypress/psoc creator/3.2/psoc creator/import/gnu/arm/4.8.4/bin/../lib/gcc/arm-none-eabi/4.8.4/../../../../arm-none-eabi/lib/armv7-m\libg_s.a(lib_a-memchr-stub.o)
                0x0000999c                memchr
 .text.memmove  0x000099b8       0x36 c:/program files (x86)/cypress/psoc creator/3.2/psoc creator/import/gnu/arm/4.8.4/bin/../lib/gcc/arm-none-eabi/4.8.4/../../../../arm-none-eabi/lib/armv7-m\libg_s.a(lib_a-memmove.o)
                0x000099b8                memmove
 *fill*         0x000099ee        0x2 
 .text._free_r  0x000099f0       0x88 c:/program files (x86)/cypress/psoc creator/3.2/psoc creator/import/gnu/arm/4.8.4/bin/../lib/gcc/arm-none-eabi/4.8.4/../../../../arm-none-eabi/lib/armv7-m\libg_s.a(lib_a-nano-freer.o)
                0x000099f0                _free_r
 .text._malloc_r
                0x00009a78       0xa8 c:/program files (x86)/cypress/psoc creator/3.2/psoc creator/import/gnu/arm/4.8.4/bin/../lib/gcc/arm-none-eabi/4.8.4/../../../../arm-none-eabi/lib/armv7-m\libg_s.a(lib_a-nano-mallocr.o)
                0x00009a78                _malloc_r
 .text._realloc_r
                0x00009b20       0x4c c:/program files (x86)/cypress/psoc creator/3.2/psoc creator/import/gnu/arm/4.8.4/bin/../lib/gcc/arm-none-eabi/4.8.4/../../../../arm-none-eabi/lib/armv7-m\libg_s.a(lib_a-nano-reallocr.o)
                0x00009b20                _realloc_r
 .text._sbrk_r  0x00009b6c       0x20 c:/program files (x86)/cypress/psoc creator/3.2/psoc creator/import/gnu/arm/4.8.4/bin/../lib/gcc/arm-none-eabi/4.8.4/../../../../arm-none-eabi/lib/armv7-m\libg_s.a(lib_a-sbrkr.o)
                0x00009b6c                _sbrk_r
 .text.strlen   0x00009b8c       0x10 c:/program files (x86)/cypress/psoc creator/3.2/psoc creator/import/gnu/arm/4.8.4/bin/../lib/gcc/arm-none-eabi/4.8.4/../../../../arm-none-eabi/lib/armv7-m\libg_s.a(lib_a-strlen.o)
                0x00009b8c                strlen
 .text._malloc_usable_size_r
                0x00009b9c       0x12 c:/program files (x86)/cypress/psoc creator/3.2/psoc creator/import/gnu/arm/4.8.4/bin/../lib/gcc/arm-none-eabi/4.8.4/../../../../arm-none-eabi/lib/armv7-m\libg_s.a(lib_a-nano-msizer.o)
                0x00009b9c                _malloc_usable_size_r
 *(.plt)
 *(.gnu.warning)
 *(.glue_7t)
 .glue_7t       0x00000000        0x0 linker stubs
 *(.glue_7)
 .glue_7        0x00000000        0x0 linker stubs
 *(.vfp11_veneer)
 .vfp11_veneer  0x00000000        0x0 linker stubs
 *(.bootloader)
 *(.ARM.extab* .gnu.linkonce.armextab.*)
 *(.gcc_except_table)

.v4_bx          0x00009bb0        0x0
 .v4_bx         0x00000000        0x0 linker stubs

.iplt           0x00009bb0        0x0
 .iplt          0x00000000        0x0 c:/program files (x86)/cypress/psoc creator/3.2/psoc creator/import/gnu/arm/4.8.4/bin/../lib/gcc/arm-none-eabi/4.8.4/armv7-m/crtbegin.o

.eh_frame_hdr
 *(.eh_frame_hdr)

.eh_frame       0x00009bb0        0x4
 *(.eh_frame)
 .eh_frame      0x00009bb0        0x0 c:/program files (x86)/cypress/psoc creator/3.2/psoc creator/import/gnu/arm/4.8.4/bin/../lib/gcc/arm-none-eabi/4.8.4/armv7-m/crtbegin.o
 .eh_frame      0x00009bb0        0x4 c:/program files (x86)/cypress/psoc creator/3.2/psoc creator/import/gnu/arm/4.8.4/bin/../lib/gcc/arm-none-eabi/4.8.4/armv7-m/crtend.o
                0x00009bb4                PROVIDE (__exidx_start, .)

.ARM.exidx
 *(.ARM.exidx* .gnu.linkonce.armexidx.*)
                0x00009bb4                __exidx_end = .

.rodata         0x00009bb8     0x15b0
 *(.rodata .rodata.* .gnu.linkonce.r.*)
 .rodata        0x00009bb8       0xdc .\CortexM3\ARM_GCC_484\Debug\main.o
 .rodata        0x00009c94     0x1280 .\CortexM3\ARM_GCC_484\Debug\camera_test.a(cyfitter_cfg.o)
 .rodata        0x0000af14       0x14 .\CortexM3\ARM_GCC_484\Debug\camera_test.a(USB_std.o)
 .rodata        0x0000af28      0x18c .\CortexM3\ARM_GCC_484\Debug\camera_test.a(USB_descr.o)
                0x0000af28                USB_DEVICE0_DESCR
                0x0000af3c                USB_DEVICE0_CONFIGURATION0_DESCR
                0x0000af80                USB_STRING_DESCRIPTORS
                0x0000b018                USB_SN_STRING_DESCRIPTOR
                0x0000b01c                USB_DEVICE0_CONFIGURATION0_EP_SETTINGS_TABLE
                0x0000b034                USB_DEVICE0_CONFIGURATION0_INTERFACE_CLASS
                0x0000b038                USB_DEVICE0_CONFIGURATION0_TABLE
                0x0000b060                USB_DEVICE0_TABLE
                0x0000b070                USB_TABLE
                0x0000b078                USB_MSOS_DESCRIPTOR
                0x0000b08c                USB_MSOS_CONFIGURATION_DESCR
 *fill*         0x0000b0b4        0x4 
 .rodata.atanlo
                0x0000b0b8       0x20 c:/program files (x86)/cypress/psoc creator/3.2/psoc creator/import/gnu/arm/4.8.4/bin/../lib/gcc/arm-none-eabi/4.8.4/../../../../arm-none-eabi/lib/armv7-m\libm.a(lib_a-s_atan.o)
 .rodata.atanhi
                0x0000b0d8       0x20 c:/program files (x86)/cypress/psoc creator/3.2/psoc creator/import/gnu/arm/4.8.4/bin/../lib/gcc/arm-none-eabi/4.8.4/../../../../arm-none-eabi/lib/armv7-m\libm.a(lib_a-s_atan.o)
 .rodata.str1.1
                0x0000b0f8        0x2 c:/program files (x86)/cypress/psoc creator/3.2/psoc creator/import/gnu/arm/4.8.4/bin/../lib/gcc/arm-none-eabi/4.8.4/../../../../arm-none-eabi/lib/armv7-m\libg_s.a(lib_a-impure.o)
 .rodata.str1.1
                0x0000b0fa       0x11 c:/program files (x86)/cypress/psoc creator/3.2/psoc creator/import/gnu/arm/4.8.4/bin/../lib/gcc/arm-none-eabi/4.8.4/../../../../arm-none-eabi/lib/armv7-m\libg_s.a(lib_a-svfprintf.o)
 .rodata.str1.1
                0x0000b10b       0x22 c:/program files (x86)/cypress/psoc creator/3.2/psoc creator/import/gnu/arm/4.8.4/bin/../lib/gcc/arm-none-eabi/4.8.4/../../../../arm-none-eabi/lib/armv7-m\libg_s.a(lib_a-vfprintf_i.o)
                0x0000b130                . = ALIGN (0x4)
 *fill*         0x0000b12d        0x3 
 *(.init)
 .init          0x0000b130        0x4 c:/program files (x86)/cypress/psoc creator/3.2/psoc creator/import/gnu/arm/4.8.4/bin/../lib/gcc/arm-none-eabi/4.8.4/armv7-m/crti.o
                0x0000b130                _init
 .init          0x0000b134        0x8 c:/program files (x86)/cypress/psoc creator/3.2/psoc creator/import/gnu/arm/4.8.4/bin/../lib/gcc/arm-none-eabi/4.8.4/armv7-m/crtn.o
                0x0000b13c                . = ALIGN (0x4)
                0x0000b13c                __preinit_array_start = .
 *(.preinit_array)
                0x0000b13c                __preinit_array_end = .
                0x0000b13c                . = ALIGN (0x4)
                0x0000b13c                __init_array_start = .
 *(SORT(.init_array.*))
 *(.init_array)
 .init_array    0x0000b13c        0x4 c:/program files (x86)/cypress/psoc creator/3.2/psoc creator/import/gnu/arm/4.8.4/bin/../lib/gcc/arm-none-eabi/4.8.4/armv7-m/crtbegin.o
 .init_array    0x0000b140        0x4 .\CortexM3\ARM_GCC_484\Debug\Cm3Start.o
                0x0000b144                __init_array_end = .
                0x0000b144                . = ALIGN (0x4)
 *(.fini)
 .fini          0x0000b144        0x4 c:/program files (x86)/cypress/psoc creator/3.2/psoc creator/import/gnu/arm/4.8.4/bin/../lib/gcc/arm-none-eabi/4.8.4/armv7-m/crti.o
                0x0000b144                _fini
 .fini          0x0000b148        0x8 c:/program files (x86)/cypress/psoc creator/3.2/psoc creator/import/gnu/arm/4.8.4/bin/../lib/gcc/arm-none-eabi/4.8.4/armv7-m/crtn.o
                0x0000b150                . = ALIGN (0x4)
                0x0000b150                __fini_array_start = .
 *(.fini_array)
 .fini_array    0x0000b150        0x4 c:/program files (x86)/cypress/psoc creator/3.2/psoc creator/import/gnu/arm/4.8.4/bin/../lib/gcc/arm-none-eabi/4.8.4/armv7-m/crtbegin.o
 *(SORT(.fini_array.*))
                0x0000b154                __fini_array_end = .
                0x0000b154                . = ALIGN (0x4)
 *crtbegin.o(.ctors)
 *(EXCLUDE_FILE(*crtend.o) .ctors)
 *(SORT(.ctors.*))
 *crtend.o(.ctors)
                0x0000b154                . = ALIGN (0x4)
 *crtbegin.o(.dtors)
 *(EXCLUDE_FILE(*crtend.o) .dtors)
 *(SORT(.dtors.*))
 *crtend.o(.dtors)
                0x0000b154                . = ALIGN (0x4)
                0x0000b154                __cy_regions = .
                0x0000b154        0x4 LONG 0xb168 __cy_region_init_ram
                0x0000b158        0x4 LONG 0x1fff8108 __cy_region_start_data
                0x0000b15c        0x4 LONG 0x98 __cy_region_init_size_ram
                0x0000b160        0x4 LONG 0xde58 __cy_region_zero_size_ram
                0x0000b164                __cy_regions_end = .
                0x0000b168                . = ALIGN (0x8)
 *fill*         0x0000b164        0x4 
                0x0000b168                _etext = .

.ramvectors     0x1fff8000      0x100
                0x1fff8000                __cy_region_start_ram = .
 *(.ramvectors)
 .ramvectors    0x1fff8000      0x100 .\CortexM3\ARM_GCC_484\Debug\Cm3Start.o
                0x1fff8000                CyRamVectors

.noinit         0x1fff8100        0x5
 *(.noinit)
 .noinit        0x1fff8100        0x4 .\CortexM3\ARM_GCC_484\Debug\Cm3Start.o
 .noinit        0x1fff8104        0x1 .\CortexM3\ARM_GCC_484\Debug\camera_test.a(CyLib.o)
                0x1fff8104                CyResetStatus

.data           0x1fff8108       0x98 load address 0x0000b168
                0x1fff8108                __cy_region_start_data = .
 *(.jcr)
 .jcr           0x1fff8108        0x0 c:/program files (x86)/cypress/psoc creator/3.2/psoc creator/import/gnu/arm/4.8.4/bin/../lib/gcc/arm-none-eabi/4.8.4/armv7-m/crtbegin.o
 .jcr           0x1fff8108        0x4 c:/program files (x86)/cypress/psoc creator/3.2/psoc creator/import/gnu/arm/4.8.4/bin/../lib/gcc/arm-none-eabi/4.8.4/armv7-m/crtend.o
 *(.got.plt)
 *(.got)
 *(.shdata)
 *(.data .data.* .gnu.linkonce.d.*)
 .data          0x1fff810c        0x8 .\CortexM3\ARM_GCC_484\Debug\arm.o
                0x1fff810c                arm_levels
 .data          0x1fff8114        0x4 .\CortexM3\ARM_GCC_484\Debug\Cm3Start.o
 .data          0x1fff8118        0x8 .\CortexM3\ARM_GCC_484\Debug\camera_test.a(USB_cdc.o)
                0x1fff8118                USB_lineCoding
 .data          0x1fff8120        0x8 .\CortexM3\ARM_GCC_484\Debug\camera_test.a(CyDmac.o)
 .data          0x1fff8128       0x10 .\CortexM3\ARM_GCC_484\Debug\camera_test.a(CyLib.o)
                0x1fff8128                cydelay_freq_hz
                0x1fff812c                cydelay_freq_khz
                0x1fff8130                cydelay_freq_mhz
                0x1fff8134                cydelay_32k_ms
 .data.impure_data
                0x1fff8138       0x60 c:/program files (x86)/cypress/psoc creator/3.2/psoc creator/import/gnu/arm/4.8.4/bin/../lib/gcc/arm-none-eabi/4.8.4/../../../../arm-none-eabi/lib/armv7-m\libg_s.a(lib_a-impure.o)
 .data._impure_ptr
                0x1fff8198        0x4 c:/program files (x86)/cypress/psoc creator/3.2/psoc creator/import/gnu/arm/4.8.4/bin/../lib/gcc/arm-none-eabi/4.8.4/../../../../arm-none-eabi/lib/armv7-m\libg_s.a(lib_a-impure.o)
                0x1fff8198                _impure_ptr
                0x1fff81a0                . = ALIGN (0x8)
 *fill*         0x1fff819c        0x4 
 *(.ram)
                0x1fff81a0                _edata = .

.igot.plt       0x1fff81a0        0x0 load address 0x0000b200
 .igot.plt      0x00000000        0x0 c:/program files (x86)/cypress/psoc creator/3.2/psoc creator/import/gnu/arm/4.8.4/bin/../lib/gcc/arm-none-eabi/4.8.4/armv7-m/crtbegin.o

.bss            0x1fff81a0     0xde58 load address 0x0000b200
                0x1fff81a0                PROVIDE (__bss_start__, .)
 *(.shbss)
 *(.bss .bss.* .gnu.linkonce.b.*)
 .bss           0x1fff81a0       0x1c c:/program files (x86)/cypress/psoc creator/3.2/psoc creator/import/gnu/arm/4.8.4/bin/../lib/gcc/arm-none-eabi/4.8.4/armv7-m/crtbegin.o
 .bss           0x1fff81bc        0x8 .\CortexM3\ARM_GCC_484\Debug\ultrasonic.o
                0x1fff81bc                ultra_i
                0x1fff81c0                var_ultra
 .bss           0x1fff81c4        0x8 .\CortexM3\ARM_GCC_484\Debug\ultrasonic_s.o
                0x1fff81c4                ultra_i_s
                0x1fff81c8                var_ultra_s
 .bss           0x1fff81cc        0x1 .\CortexM3\ARM_GCC_484\Debug\camera_test.a(USB.o)
                0x1fff81cc                USB_initVar
 *fill*         0x1fff81cd        0x3 
 .bss           0x1fff81d0        0x4 .\CortexM3\ARM_GCC_484\Debug\camera_test.a(USB_std.o)
 .bss           0x1fff81d4        0x2 .\CortexM3\ARM_GCC_484\Debug\camera_test.a(LCD.o)
                0x1fff81d4                LCD_enableState
                0x1fff81d5                LCD_initVar
 .bss           0x1fff81d6        0x1 .\CortexM3\ARM_GCC_484\Debug\camera_test.a(Gripper_PWM.o)
                0x1fff81d6                Gripper_PWM_initVar
 .bss           0x1fff81d7        0x1 .\CortexM3\ARM_GCC_484\Debug\camera_test.a(Timer.o)
                0x1fff81d7                Timer_initVar
 .bss           0x1fff81d8        0x1 .\CortexM3\ARM_GCC_484\Debug\camera_test.a(MOTOR_L.o)
                0x1fff81d8                MOTOR_L_initVar
 .bss           0x1fff81d9        0x1 .\CortexM3\ARM_GCC_484\Debug\camera_test.a(MOTOR_R.o)
                0x1fff81d9                MOTOR_R_initVar
 .bss           0x1fff81da        0x1 .\CortexM3\ARM_GCC_484\Debug\camera_test.a(I2C.o)
                0x1fff81da                I2C_initVar
 .bss           0x1fff81db        0x1 .\CortexM3\ARM_GCC_484\Debug\camera_test.a(HC_PWM.o)
                0x1fff81db                HC_PWM_initVar
 .bss           0x1fff81dc        0x1 .\CortexM3\ARM_GCC_484\Debug\camera_test.a(HC_Timer.o)
                0x1fff81dc                HC_Timer_initVar
 .bss           0x1fff81dd        0x1 .\CortexM3\ARM_GCC_484\Debug\camera_test.a(Arm_PWM.o)
                0x1fff81dd                Arm_PWM_initVar
 .bss           0x1fff81de        0x1 .\CortexM3\ARM_GCC_484\Debug\camera_test.a(BEAM_BREAK_TIMER.o)
                0x1fff81de                BEAM_BREAK_TIMER_initVar
 .bss           0x1fff81df        0x1 .\CortexM3\ARM_GCC_484\Debug\camera_test.a(Button_PWM.o)
                0x1fff81df                Button_PWM_initVar
 .bss           0x1fff81e0        0x1 .\CortexM3\ARM_GCC_484\Debug\camera_test.a(HC_PWM_S.o)
                0x1fff81e0                HC_PWM_S_initVar
 .bss           0x1fff81e1        0x1 .\CortexM3\ARM_GCC_484\Debug\camera_test.a(IR_Timer.o)
                0x1fff81e1                IR_Timer_initVar
 .bss           0x1fff81e2        0x1 .\CortexM3\ARM_GCC_484\Debug\camera_test.a(IR_PWM.o)
                0x1fff81e2                IR_PWM_initVar
 .bss           0x1fff81e3        0x1 .\CortexM3\ARM_GCC_484\Debug\camera_test.a(HC_Timer_S.o)
                0x1fff81e3                HC_Timer_S_initVar
 .bss.__malloc_sbrk_start
                0x1fff81e4        0x4 c:/program files (x86)/cypress/psoc creator/3.2/psoc creator/import/gnu/arm/4.8.4/bin/../lib/gcc/arm-none-eabi/4.8.4/../../../../arm-none-eabi/lib/armv7-m\libg_s.a(lib_a-nano-mallocr.o)
                0x1fff81e4                __malloc_sbrk_start
 .bss.__malloc_free_list
                0x1fff81e8        0x4 c:/program files (x86)/cypress/psoc creator/3.2/psoc creator/import/gnu/arm/4.8.4/bin/../lib/gcc/arm-none-eabi/4.8.4/../../../../arm-none-eabi/lib/armv7-m\libg_s.a(lib_a-nano-mallocr.o)
                0x1fff81e8                __malloc_free_list
 *(COMMON)
 COMMON         0x1fff81ec     0xc62c .\CortexM3\ARM_GCC_484\Debug\main.o
                0x1fff81ec                stack
                0x1fff81fc                outString
                0x1fff8218                Camera_framebuffer
 COMMON         0x20004818        0x2 .\CortexM3\ARM_GCC_484\Debug\buttons.o
                0x20004818                but0_b
                0x20004819                but1_b
 *fill*         0x2000481a        0x6 
 COMMON         0x20004820     0x168e .\CortexM3\ARM_GCC_484\Debug\compass.o
                0x20004820                compass_z
                0x20004822                original_compass_heading
                0x20004824                compass_y
                0x20004828                CosDeg
                0x20005368                SinDeg
                0x20005ea8                compass_ready
                0x20005eaa                compass_heading
                0x20005eac                compass_x
 *fill*         0x20005eae        0x2 
 COMMON         0x20005eb0       0x21 .\CortexM3\ARM_GCC_484\Debug\motor.o
                0x20005eb0                start_y
                0x20005eb4                currently_driving
                0x20005eb5                currently_rotating
                0x20005eb8                desired_distance
                0x20005ebc                motor_state
                0x20005ec0                start_x
                0x20005ec4                end_x
                0x20005ec8                desired_heading
                0x20005ecc                end_y
                0x20005ed0                just_arrived
 *fill*         0x20005ed1        0x3 
 COMMON         0x20005ed4       0x18 .\CortexM3\ARM_GCC_484\Debug\ultrasonic.o
                0x20005ed4                ultra_distance
                0x20005ed8                ultra
 COMMON         0x20005eec       0x12 .\CortexM3\ARM_GCC_484\Debug\infrared.o
                0x20005eec                pulse_length
                0x20005ef0                arr_i
                0x20005ef4                max
                0x20005ef8                pulse_length_arr
 *fill*         0x20005efe        0x2 
 COMMON         0x20005f00       0x18 .\CortexM3\ARM_GCC_484\Debug\ultrasonic_s.o
                0x20005f00                ultra_distance_s
                0x20005f04                ultra_s
 COMMON         0x20005f18        0x5 .\CortexM3\ARM_GCC_484\Debug\camera_test.a(USB_cdc.o)
                0x20005f18                USB_lineControlBitmap
                0x20005f1a                USB_cdc_data_out_ep
                0x20005f1b                USB_lineChanged
                0x20005f1c                USB_cdc_data_in_ep
 *fill*         0x20005f1d        0x3 
 COMMON         0x20005f20       0x98 .\CortexM3\ARM_GCC_484\Debug\camera_test.a(USB_drv.o)
                0x20005f20                USB_transferState
                0x20005f21                USB_interfaceNumber
                0x20005f22                USB_lastPacketSize
                0x20005f24                USB_interfaceClass
                0x20005f28                USB_interfaceSetting
                0x20005f2a                USB_ep0Mode
                0x20005f2b                USB_device
                0x20005f2c                USB_deviceAddress
                0x20005f2d                USB_ep0Toggle
                0x20005f2e                USB_configurationChanged
                0x20005f30                USB_interfaceStatus
                0x20005f32                USB_transferByteCount
                0x20005f34                USB_configuration
                0x20005f38                USB_interfaceSetting_last
                0x20005f3c                USB_currentTD
                0x20005f48                USB_ep0Count
                0x20005f49                USB_deviceStatus
                0x20005f4c                USB_EP
 COMMON         0x20005fb8        0x1 .\CortexM3\ARM_GCC_484\Debug\camera_test.a(I2C.o)
                0x20005fb8                I2C_state
 *fill*         0x20005fb9        0x3 
 COMMON         0x20005fbc       0x10 .\CortexM3\ARM_GCC_484\Debug\camera_test.a(I2C_MASTER.o)
                0x20005fbc                I2C_mstrWrBufIndex
                0x20005fbd                I2C_mstrWrBufSize
                0x20005fbe                I2C_mstrStatus
                0x20005fc0                I2C_mstrRdBufPtr
                0x20005fc4                I2C_mstrControl
                0x20005fc5                I2C_mstrRdBufSize
                0x20005fc6                I2C_mstrRdBufIndex
                0x20005fc8                I2C_mstrWrBufPtr
 COMMON         0x20005fcc       0x22 .\CortexM3\ARM_GCC_484\Debug\camera_test.a(USB_descr.o)
                0x20005fcc                USB_idSerialNumberStringDescriptor
 *fill*         0x20005fee        0x2 
 COMMON         0x20005ff0        0x4 c:/program files (x86)/cypress/psoc creator/3.2/psoc creator/import/gnu/arm/4.8.4/bin/../lib/gcc/arm-none-eabi/4.8.4/../../../../arm-none-eabi/lib/armv7-m\libg_s.a(lib_a-reent.o)
                0x20005ff0                errno
                0x20005ff8                . = ALIGN (0x8)
 *fill*         0x20005ff4        0x4 
 *(.ram.b)
                0x20005ff8                _end = .
                0x20005ff8                __end = .
                0x20005ff8                PROVIDE (end, .)
                0x20005ff8                PROVIDE (__bss_end__, .)
                0x0000b168                __cy_region_init_ram = LOADADDR (.data)
                0x00000098                __cy_region_init_size_ram = (_edata - ADDR (.data))
                0x0000de58                __cy_region_zero_size_ram = (_end - _edata)

.heap           0x20005ff8        0x0 load address 0x0000b200
                0x20005ff8                . = _end
                0x20005ff8                . = (. + 0x0)
                0x20005ff8                __cy_heap_limit = .

.stack          0x20007800      0x800
                0x20007800                __cy_stack_limit = .
                0x20008000                . = (. + 0x800)
 *fill*         0x20007800      0x800 
                0x00000001                ASSERT ((__cy_stack_limit >= __cy_heap_limit), region RAM overflowed with stack)

.cyloadermeta   0xf0000000       0x40
 *(.cyloadermeta)
 .cyloadermeta  0xf0000000       0x40 .\CortexM3\ARM_GCC_484\Debug\cybootloader.o
                0xf0000000                cy_meta_loader

.cyloadablemeta
                0x0003ffc0       0x40
 *(.cyloadablemeta)
 .cyloadablemeta
                0x0003ffc0       0x40 .\CortexM3\ARM_GCC_484\Debug\cymetadata.o
                0x0003ffc0                cy_meta_loadable

.cyconfigecc
 *(.cyconfigecc)

.cycustnvl      0x90000000        0x4
 *(.cycustnvl)
 .cycustnvl     0x90000000        0x4 .\CortexM3\ARM_GCC_484\Debug\cybootloader.o
                0x90000000                cy_meta_custnvl

.cywolatch      0x90100000        0x4
 *(.cywolatch)
 .cywolatch     0x90100000        0x4 .\CortexM3\ARM_GCC_484\Debug\cybootloader.o
                0x90100000                cy_meta_wonvl

.cyeeprom       0x90200000        0x0
 *(.cyeeprom)
                0x00000001                ASSERT ((. <= ((0x90200000 + ee_offset) + ee_size)), .cyeeprom data will not fit in EEPROM)

.cyflashprotect
                0x90400000      0x100
 *(.cyflashprotect)
 .cyflashprotect
                0x90400000      0x100 .\CortexM3\ARM_GCC_484\Debug\cybootloader.o
                0x90400000                cy_meta_flashprotect

.cymeta         0x90500000        0xc
 *(.cymeta)
 .cymeta        0x90500000        0xc .\CortexM3\ARM_GCC_484\Debug\cybootloader.o
                0x90500000                cy_metadata

.rel.dyn        0x00040000        0x0 load address 0x9050000c
 .rel.iplt      0x00000000        0x0 c:/program files (x86)/cypress/psoc creator/3.2/psoc creator/import/gnu/arm/4.8.4/bin/../lib/gcc/arm-none-eabi/4.8.4/armv7-m/crtbegin.o

.stab
 *(.stab)

.stabstr
 *(.stabstr)

.debug
 *(.debug)

.line
 *(.line)

.debug_srcinfo
 *(.debug_srcinfo)

.debug_sfnames
 *(.debug_sfnames)

.debug_aranges  0x00000000     0x1c00
 *(.debug_aranges)
 .debug_aranges
                0x00000000       0x38 .\CortexM3\ARM_GCC_484\Debug\main.o
 .debug_aranges
                0x00000038       0x48 .\CortexM3\ARM_GCC_484\Debug\blob_stats.o
 .debug_aranges
                0x00000080       0x88 .\CortexM3\ARM_GCC_484\Debug\my_camera_functions.o
 .debug_aranges
                0x00000108       0x38 .\CortexM3\ARM_GCC_484\Debug\arm.o
 .debug_aranges
                0x00000140       0x30 .\CortexM3\ARM_GCC_484\Debug\buttons.o
 .debug_aranges
                0x00000170       0x38 .\CortexM3\ARM_GCC_484\Debug\compass.o
 .debug_aranges
                0x000001a8       0x38 .\CortexM3\ARM_GCC_484\Debug\gripper.o
 .debug_aranges
                0x000001e0       0xa0 .\CortexM3\ARM_GCC_484\Debug\motor.o
 .debug_aranges
                0x00000280       0x50 .\CortexM3\ARM_GCC_484\Debug\ultrasonic.o
 .debug_aranges
                0x000002d0       0x20 .\CortexM3\ARM_GCC_484\Debug\beam.o
 .debug_aranges
                0x000002f0       0x40 .\CortexM3\ARM_GCC_484\Debug\infrared.o
 .debug_aranges
                0x00000330       0x48 .\CortexM3\ARM_GCC_484\Debug\ultrasonic_s.o
 .debug_aranges
                0x00000378       0x18 .\CortexM3\ARM_GCC_484\Debug\cybootloader.o
 .debug_aranges
                0x00000390       0x18 .\CortexM3\ARM_GCC_484\Debug\cymetadata.o
 .debug_aranges
                0x000003a8       0x48 .\CortexM3\ARM_GCC_484\Debug\Cm3Start.o
 .debug_aranges
                0x000003f0       0x60 .\CortexM3\ARM_GCC_484\Debug\camera_test.a(cyfitter_cfg.o)
 .debug_aranges
                0x00000450       0x58 .\CortexM3\ARM_GCC_484\Debug\camera_test.a(Camera.o)
 .debug_aranges
                0x000004a8       0xb0 .\CortexM3\ARM_GCC_484\Debug\camera_test.a(USB.o)
 .debug_aranges
                0x00000558       0xb0 .\CortexM3\ARM_GCC_484\Debug\camera_test.a(USB_cdc.o)
 .debug_aranges
                0x00000608       0x98 .\CortexM3\ARM_GCC_484\Debug\camera_test.a(USB_drv.o)
 .debug_aranges
                0x000006a0       0x40 .\CortexM3\ARM_GCC_484\Debug\camera_test.a(USB_episr.o)
 .debug_aranges
                0x000006e0       0x78 .\CortexM3\ARM_GCC_484\Debug\camera_test.a(USB_std.o)
 .debug_aranges
                0x00000758       0x20 .\CortexM3\ARM_GCC_484\Debug\camera_test.a(USB_vnd.o)
 .debug_aranges
                0x00000778       0x90 .\CortexM3\ARM_GCC_484\Debug\camera_test.a(LCD.o)
 .debug_aranges
                0x00000808       0x78 .\CortexM3\ARM_GCC_484\Debug\camera_test.a(Gripper_PWM.o)
 .debug_aranges
                0x00000880       0x38 .\CortexM3\ARM_GCC_484\Debug\camera_test.a(RED.o)
 .debug_aranges
                0x000008b8       0x90 .\CortexM3\ARM_GCC_484\Debug\camera_test.a(Timer.o)
 .debug_aranges
                0x00000948       0x78 .\CortexM3\ARM_GCC_484\Debug\camera_test.a(MOTOR_L.o)
 .debug_aranges
                0x000009c0       0x38 .\CortexM3\ARM_GCC_484\Debug\camera_test.a(MLIN1.o)
 .debug_aranges
                0x000009f8       0x38 .\CortexM3\ARM_GCC_484\Debug\camera_test.a(MLIN2.o)
 .debug_aranges
                0x00000a30       0x78 .\CortexM3\ARM_GCC_484\Debug\camera_test.a(MOTOR_R.o)
 .debug_aranges
                0x00000aa8       0x38 .\CortexM3\ARM_GCC_484\Debug\camera_test.a(MRIN1.o)
 .debug_aranges
                0x00000ae0       0x38 .\CortexM3\ARM_GCC_484\Debug\camera_test.a(MRIN2.o)
 .debug_aranges
                0x00000b18       0x80 .\CortexM3\ARM_GCC_484\Debug\camera_test.a(but0.o)
 .debug_aranges
                0x00000b98       0x80 .\CortexM3\ARM_GCC_484\Debug\camera_test.a(but1.o)
 .debug_aranges
                0x00000c18       0x38 .\CortexM3\ARM_GCC_484\Debug\camera_test.a(I2C.o)
 .debug_aranges
                0x00000c50       0x20 .\CortexM3\ARM_GCC_484\Debug\camera_test.a(I2C_INT.o)
 .debug_aranges
                0x00000c70       0x80 .\CortexM3\ARM_GCC_484\Debug\camera_test.a(I2C_MASTER.o)
 .debug_aranges
                0x00000cf0       0xa8 .\CortexM3\ARM_GCC_484\Debug\camera_test.a(HC_PWM.o)
 .debug_aranges
                0x00000d98       0x80 .\CortexM3\ARM_GCC_484\Debug\camera_test.a(HC_Timer.o)
 .debug_aranges
                0x00000e18       0x80 .\CortexM3\ARM_GCC_484\Debug\camera_test.a(HC_ISR.o)
 .debug_aranges
                0x00000e98       0x98 .\CortexM3\ARM_GCC_484\Debug\camera_test.a(Arm_PWM.o)
 .debug_aranges
                0x00000f30       0x80 .\CortexM3\ARM_GCC_484\Debug\camera_test.a(Compass_DRDY_ISR.o)
 .debug_aranges
                0x00000fb0       0x80 .\CortexM3\ARM_GCC_484\Debug\camera_test.a(BEAM_BREAK_TIMER.o)
 .debug_aranges
                0x00001030       0x28 .\CortexM3\ARM_GCC_484\Debug\camera_test.a(Camera_DMA_dma.o)
 .debug_aranges
                0x00001058       0x38 .\CortexM3\ARM_GCC_484\Debug\camera_test.a(Camera_VSYNC.o)
 .debug_aranges
                0x00001090       0x38 .\CortexM3\ARM_GCC_484\Debug\camera_test.a(Camera_SIOD.o)
 .debug_aranges
                0x000010c8       0x38 .\CortexM3\ARM_GCC_484\Debug\camera_test.a(Camera_SIOC.o)
 .debug_aranges
                0x00001100       0x38 .\CortexM3\ARM_GCC_484\Debug\camera_test.a(Camera_I2C.o)
 .debug_aranges
                0x00001138       0x20 .\CortexM3\ARM_GCC_484\Debug\camera_test.a(Camera_I2C_INT.o)
 .debug_aranges
                0x00001158       0x38 .\CortexM3\ARM_GCC_484\Debug\camera_test.a(Camera_I2C_PM.o)
 .debug_aranges
                0x00001190       0x80 .\CortexM3\ARM_GCC_484\Debug\camera_test.a(Camera_I2C_MASTER.o)
 .debug_aranges
                0x00001210       0x78 .\CortexM3\ARM_GCC_484\Debug\camera_test.a(Button_PWM.o)
 .debug_aranges
                0x00001288       0x20 .\CortexM3\ARM_GCC_484\Debug\camera_test.a(CyBootAsmGnu.o)
 .debug_aranges
                0x000012a8       0xd8 .\CortexM3\ARM_GCC_484\Debug\camera_test.a(CyDmac.o)
 .debug_aranges
                0x00001380      0x298 .\CortexM3\ARM_GCC_484\Debug\camera_test.a(CyLib.o)
 .debug_aranges
                0x00001618       0x98 .\CortexM3\ARM_GCC_484\Debug\camera_test.a(cyPm.o)
 .debug_aranges
                0x000016b0       0x20 .\CortexM3\ARM_GCC_484\Debug\camera_test.a(cyutils.o)
 .debug_aranges
                0x000016d0       0x70 .\CortexM3\ARM_GCC_484\Debug\camera_test.a(BEAM_Clock.o)
 .debug_aranges
                0x00001740       0xa8 .\CortexM3\ARM_GCC_484\Debug\camera_test.a(HC_PWM_S.o)
 .debug_aranges
                0x000017e8       0x80 .\CortexM3\ARM_GCC_484\Debug\camera_test.a(IR_Timer.o)
 .debug_aranges
                0x00001868       0xa8 .\CortexM3\ARM_GCC_484\Debug\camera_test.a(IR_PWM.o)
 .debug_aranges
                0x00001910       0x80 .\CortexM3\ARM_GCC_484\Debug\camera_test.a(IR_DONE.o)
 .debug_aranges
                0x00001990       0x28 .\CortexM3\ARM_GCC_484\Debug\camera_test.a(IR_REG.o)
 .debug_aranges
                0x000019b8       0x80 .\CortexM3\ARM_GCC_484\Debug\camera_test.a(HC_ISR_S.o)
 .debug_aranges
                0x00001a38       0x80 .\CortexM3\ARM_GCC_484\Debug\camera_test.a(HC_Timer_S.o)
 .debug_aranges
                0x00001ab8       0x18 .\CortexM3\ARM_GCC_484\Debug\camera_test.a(Camera_settings.o)
 .debug_aranges
                0x00001ad0       0x20 .\CortexM3\ARM_GCC_484\Debug\camera_test.a(USB_cls.o)
 .debug_aranges
                0x00001af0       0x18 .\CortexM3\ARM_GCC_484\Debug\camera_test.a(USB_descr.o)
 .debug_aranges
                0x00001b08       0x80 .\CortexM3\ARM_GCC_484\Debug\camera_test.a(CyFlash.o)
 .debug_aranges
                0x00001b88       0x78 .\CortexM3\ARM_GCC_484\Debug\camera_test.a(CySpc.o)

.debug_pubnames
 *(.debug_pubnames)

.debug_info     0x00000000     0xbdf4
 *(.debug_info .gnu.linkonce.wi.*)
 .debug_info    0x00000000      0x42d .\CortexM3\ARM_GCC_484\Debug\main.o
 .debug_info    0x0000042d      0x38e .\CortexM3\ARM_GCC_484\Debug\blob_stats.o
 .debug_info    0x000007bb      0x53c .\CortexM3\ARM_GCC_484\Debug\my_camera_functions.o
 .debug_info    0x00000cf7      0x18c .\CortexM3\ARM_GCC_484\Debug\arm.o
 .debug_info    0x00000e83      0x141 .\CortexM3\ARM_GCC_484\Debug\buttons.o
 .debug_info    0x00000fc4      0x20f .\CortexM3\ARM_GCC_484\Debug\compass.o
 .debug_info    0x000011d3      0x12b .\CortexM3\ARM_GCC_484\Debug\gripper.o
 .debug_info    0x000012fe      0x49a .\CortexM3\ARM_GCC_484\Debug\motor.o
 .debug_info    0x00001798      0x226 .\CortexM3\ARM_GCC_484\Debug\ultrasonic.o