Archive member included because of file (symbol)

.\CortexM3\ARM_GCC_484\Debug\camera_test.a(cyfitter_cfg.o)
                              .\CortexM3\ARM_GCC_484\Debug\Cm3Start.o (cyfitter_cfg)
.\CortexM3\ARM_GCC_484\Debug\camera_test.a(Camera.o)
                              .\CortexM3\ARM_GCC_484\Debug\my_camera_functions.o (Camera_WriteReg)
.\CortexM3\ARM_GCC_484\Debug\camera_test.a(USB.o)
                              .\CortexM3\ARM_GCC_484\Debug\main.o (USB_GetConfiguration)
.\CortexM3\ARM_GCC_484\Debug\camera_test.a(USB_cdc.o)
                              .\CortexM3\ARM_GCC_484\Debug\main.o (USB_PutString)
.\CortexM3\ARM_GCC_484\Debug\camera_test.a(USB_drv.o)
                              .\CortexM3\ARM_GCC_484\Debug\camera_test.a(USB.o) (USB_EP)
.\CortexM3\ARM_GCC_484\Debug\camera_test.a(USB_episr.o)
                              .\CortexM3\ARM_GCC_484\Debug\camera_test.a(USB.o) (USB_EP_1_ISR)
.\CortexM3\ARM_GCC_484\Debug\camera_test.a(USB_std.o)
                              .\CortexM3\ARM_GCC_484\Debug\camera_test.a(USB_drv.o) (USB_HandleStandardRqst)
.\CortexM3\ARM_GCC_484\Debug\camera_test.a(USB_vnd.o)
                              .\CortexM3\ARM_GCC_484\Debug\camera_test.a(USB_drv.o) (USB_HandleVendorRqst)
.\CortexM3\ARM_GCC_484\Debug\camera_test.a(LCD.o)
                              .\CortexM3\ARM_GCC_484\Debug\main.o (LCD_WriteControl)
.\CortexM3\ARM_GCC_484\Debug\camera_test.a(Gripper_PWM.o)
                              .\CortexM3\ARM_GCC_484\Debug\gripper.o (Gripper_PWM_Start)
.\CortexM3\ARM_GCC_484\Debug\camera_test.a(RED.o)
                              .\CortexM3\ARM_GCC_484\Debug\main.o (RED_Write)
.\CortexM3\ARM_GCC_484\Debug\camera_test.a(Timer.o)
                              .\CortexM3\ARM_GCC_484\Debug\main.o (Timer_Start)
.\CortexM3\ARM_GCC_484\Debug\camera_test.a(MOTOR_L.o)
                              .\CortexM3\ARM_GCC_484\Debug\motor.o (MOTOR_L_Start)
.\CortexM3\ARM_GCC_484\Debug\camera_test.a(MLIN1.o)
                              .\CortexM3\ARM_GCC_484\Debug\motor.o (MLIN1_Write)
.\CortexM3\ARM_GCC_484\Debug\camera_test.a(MLIN2.o)
                              .\CortexM3\ARM_GCC_484\Debug\motor.o (MLIN2_Write)
.\CortexM3\ARM_GCC_484\Debug\camera_test.a(MOTOR_R.o)
                              .\CortexM3\ARM_GCC_484\Debug\motor.o (MOTOR_R_Start)
.\CortexM3\ARM_GCC_484\Debug\camera_test.a(MRIN1.o)
                              .\CortexM3\ARM_GCC_484\Debug\motor.o (MRIN1_Write)
.\CortexM3\ARM_GCC_484\Debug\camera_test.a(MRIN2.o)
                              .\CortexM3\ARM_GCC_484\Debug\motor.o (MRIN2_Write)
.\CortexM3\ARM_GCC_484\Debug\camera_test.a(but0.o)
                              .\CortexM3\ARM_GCC_484\Debug\buttons.o (but0_StartEx)
.\CortexM3\ARM_GCC_484\Debug\camera_test.a(but1.o)
                              .\CortexM3\ARM_GCC_484\Debug\buttons.o (but1_StartEx)
.\CortexM3\ARM_GCC_484\Debug\camera_test.a(I2C.o)
                              .\CortexM3\ARM_GCC_484\Debug\compass.o (I2C_Start)
.\CortexM3\ARM_GCC_484\Debug\camera_test.a(I2C_INT.o)
                              .\CortexM3\ARM_GCC_484\Debug\camera_test.a(I2C.o) (I2C_ISR)
.\CortexM3\ARM_GCC_484\Debug\camera_test.a(I2C_MASTER.o)
                              .\CortexM3\ARM_GCC_484\Debug\camera_test.a(I2C.o) (I2C_mstrStatus)
.\CortexM3\ARM_GCC_484\Debug\camera_test.a(HC_PWM.o)
                              .\CortexM3\ARM_GCC_484\Debug\ultrasonic.o (HC_PWM_Start)
.\CortexM3\ARM_GCC_484\Debug\camera_test.a(HC_Timer.o)
                              .\CortexM3\ARM_GCC_484\Debug\ultrasonic.o (HC_Timer_Start)
.\CortexM3\ARM_GCC_484\Debug\camera_test.a(HC_ISR.o)
                              .\CortexM3\ARM_GCC_484\Debug\ultrasonic.o (HC_ISR_StartEx)
.\CortexM3\ARM_GCC_484\Debug\camera_test.a(Arm_PWM.o)
                              .\CortexM3\ARM_GCC_484\Debug\arm.o (Arm_PWM_Start)
.\CortexM3\ARM_GCC_484\Debug\camera_test.a(Compass_DRDY_ISR.o)
                              .\CortexM3\ARM_GCC_484\Debug\compass.o (Compass_DRDY_ISR_StartEx)
.\CortexM3\ARM_GCC_484\Debug\camera_test.a(BEAM_BREAK_TIMER.o)
                              .\CortexM3\ARM_GCC_484\Debug\beam.o (BEAM_BREAK_TIMER_WriteCounter)
.\CortexM3\ARM_GCC_484\Debug\camera_test.a(Camera_DMA_dma.o)
                              .\CortexM3\ARM_GCC_484\Debug\camera_test.a(Camera.o) (Camera_DMA_DmaInitialize)
.\CortexM3\ARM_GCC_484\Debug\camera_test.a(Camera_VSYNC.o)
                              .\CortexM3\ARM_GCC_484\Debug\camera_test.a(Camera.o) (Camera_VSYNC_Read)
.\CortexM3\ARM_GCC_484\Debug\camera_test.a(Camera_SIOD.o)
                              .\CortexM3\ARM_GCC_484\Debug\camera_test.a(Camera.o) (Camera_SIOD_SetDriveMode)
.\CortexM3\ARM_GCC_484\Debug\camera_test.a(Camera_SIOC.o)
                              .\CortexM3\ARM_GCC_484\Debug\camera_test.a(Camera.o) (Camera_SIOC_SetDriveMode)
.\CortexM3\ARM_GCC_484\Debug\camera_test.a(Camera_I2C.o)
                              .\CortexM3\ARM_GCC_484\Debug\camera_test.a(Camera.o) (Camera_I2C_Start)
[...]
Memory Configuration

Name             Origin             Length             Attributes
rom              0x00000000         0x00040000         xr
ram              0x1fff8000         0x00010000         xrw
*default*        0x00000000         0xffffffff

Linker script and memory map

LOAD c:/program files (x86)/cypress/psoc creator/3.2/psoc creator/import/gnu/arm/4.8.4/bin/../lib/gcc/arm-none-eabi/4.8.4/armv7-m/crti.o
LOAD c:/program files (x86)/cypress/psoc creator/3.2/psoc creator/import/gnu/arm/4.8.4/bin/../lib/gcc/arm-none-eabi/4.8.4/armv7-m/crtbegin.o
LOAD c:/program files (x86)/cypress/psoc creator/3.2/psoc creator/import/gnu/arm/4.8.4/bin/../lib/gcc/arm-none-eabi/4.8.4/../../../../arm-none-eabi/lib/armv7-m/crt0.o
START GROUP
LOAD .\CortexM3\ARM_GCC_484\Debug\main.o
LOAD .\CortexM3\ARM_GCC_484\Debug\blob_stats.o
LOAD .\CortexM3\ARM_GCC_484\Debug\my_camera_functions.o
LOAD .\CortexM3\ARM_GCC_484\Debug\arm.o
LOAD .\CortexM3\ARM_GCC_484\Debug\buttons.o
LOAD .\CortexM3\ARM_GCC_484\Debug\compass.o
LOAD .\CortexM3\ARM_GCC_484\Debug\gripper.o
LOAD .\CortexM3\ARM_GCC_484\Debug\motor.o
LOAD .\CortexM3\ARM_GCC_484\Debug\ultrasonic.o
LOAD .\CortexM3\ARM_GCC_484\Debug\misc.o
LOAD .\CortexM3\ARM_GCC_484\Debug\beam.o
LOAD .\CortexM3\ARM_GCC_484\Debug\infrared.o
LOAD .\CortexM3\ARM_GCC_484\Debug\ultrasonic_s.o
LOAD .\CortexM3\ARM_GCC_484\Debug\cybootloader.o
LOAD .\CortexM3\ARM_GCC_484\Debug\cymetadata.o
LOAD .\CortexM3\ARM_GCC_484\Debug\Cm3Start.o
LOAD .\CortexM3\ARM_GCC_484\Debug\camera_test.a
LOAD C:\Program Files (x86)\Cypress\PSoC Creator\3.2\PSoC Creator\psoc\content\cycomponentlibrary\CyComponentLibrary.cylib\CortexM3\ARM_GCC_484\Debug\CyComponentLibrary.a
LOAD c:/program files (x86)/cypress/psoc creator/3.2/psoc creator/import/gnu/arm/4.8.4/bin/../lib/gcc/arm-none-eabi/4.8.4/../../../../arm-none-eabi/lib/armv7-m\libm.a
END GROUP
START GROUP
LOAD c:/program files (x86)/cypress/psoc creator/3.2/psoc creator/import/gnu/arm/4.8.4/bin/../lib/gcc/arm-none-eabi/4.8.4/armv7-m\libgcc.a
LOAD c:/program files (x86)/cypress/psoc creator/3.2/psoc creator/import/gnu/arm/4.8.4/bin/../lib/gcc/arm-none-eabi/4.8.4/../../../../arm-none-eabi/lib/armv7-m\libg_s.a
LOAD c:/program files (x86)/cypress/psoc creator/3.2/psoc creator/import/gnu/arm/4.8.4/bin/../lib/gcc/arm-none-eabi/4.8.4/../../../../arm-none-eabi/lib/armv7-m\libc_s.a
END GROUP
START GROUP
LOAD c:/program files (x86)/cypress/psoc creator/3.2/psoc creator/import/gnu/arm/4.8.4/bin/../lib/gcc/arm-none-eabi/4.8.4/armv7-m\libgcc.a
LOAD c:/program files (x86)/cypress/psoc creator/3.2/psoc creator/import/gnu/arm/4.8.4/bin/../lib/gcc/arm-none-eabi/4.8.4/../../../../arm-none-eabi/lib/armv7-m\libc_s.a
END GROUP
LOAD c:/program files (x86)/cypress/psoc creator/3.2/psoc creator/import/gnu/arm/4.8.4/bin/../lib/gcc/arm-none-eabi/4.8.4/armv7-m/crtend.o
LOAD c:/program files (x86)/cypress/psoc creator/3.2/psoc creator/import/gnu/arm/4.8.4/bin/../lib/gcc/arm-none-eabi/4.8.4/armv7-m/crtn.o
START GROUP
LOAD c:/program files (x86)/cypress/psoc creator/3.2/psoc creator/import/gnu/arm/4.8.4/bin/../lib/gcc/arm-none-eabi/4.8.4/armv7-m\libgcc.a
LOAD c:/program files (x86)/cypress/psoc creator/3.2/psoc creator/import/gnu/arm/4.8.4/bin/../lib/gcc/arm-none-eabi/4.8.4/../../../../arm-none-eabi/lib/armv7-m\libc.a
LOAD c:/program files (x86)/cypress/psoc creator/3.2/psoc creator/import/gnu/arm/4.8.4/bin/../lib/gcc/arm-none-eabi/4.8.4/../../../../arm-none-eabi/lib/armv7-m\libnosys.a
END GROUP
                0x00000000                CY_APPL_ORIGIN = 0x0
                0x00000100                CY_FLASH_ROW_SIZE = 0x100
                0x00000020                CY_ECC_ROW_SIZE = 0x20
                0x00000000                CY_EE_IN_BTLDR = 0x0
                0x00000001                CY_APPL_LOADABLE = 0x1
                0x00000800                CY_EE_SIZE = 0x800
                0x00000001                CY_APPL_NUM = 0x1
                0x00000001                CY_APPL_MAX = 0x1
                0x00000040                CY_METADATA_SIZE = 0x40
                0x20006f50                PROVIDE (__cy_heap_start, _end)
                0x00000001                PROVIDE (__cy_region_num, ((__cy_regions_end - __cy_regions) / 0x10))
                0x20008000                PROVIDE (__cy_stack, (ORIGIN (ram) + 0x10000))
                0x20007800                PROVIDE (__cy_heap_end, (__cy_stack - 0x800))

.cybootloader   0x00000000     0x2700
 *(.cybootloader)
 .cybootloader  0x00000000     0x2700 .\CortexM3\ARM_GCC_484\Debug\cybootloader.o
                0x00000000                cy_bootloader
                0x00002700                appl1_start = CY_APPL_ORIGIN?CY_APPL_ORIGIN:ALIGN (CY_FLASH_ROW_SIZE)
                0x00021300                appl2_start = (appl1_start + ALIGN ((((0x40000 - appl1_start) - (0x2 * CY_FLASH_ROW_SIZE)) / 0x2), CY_FLASH_ROW_SIZE))
                0x00002700                appl_start = (CY_APPL_NUM == 0x1)?appl1_start:appl2_start
                0x000004e0                ecc_offset = ((appl_start / CY_FLASH_ROW_SIZE) * CY_ECC_ROW_SIZE)
                0x00000000                ee_offset = (CY_APPL_LOADABLE && ! (CY_EE_IN_BTLDR))?((CY_EE_SIZE / CY_APPL_MAX) * (CY_APPL_NUM - 0x1)):0x0
                0x00000800                ee_size = (CY_APPL_LOADABLE && ! (CY_EE_IN_BTLDR))?(CY_EE_SIZE / CY_APPL_MAX):CY_EE_SIZE
                0x000004e0                PROVIDE (CY_ECC_OFFSET, ecc_offset)

.text           0x00002700     0x847a
 CREATE_OBJECT_SYMBOLS
                0x00002700                PROVIDE (__cy_interrupt_vector, RomVectors)
 *(.romvectors)
 .romvectors    0x00002700       0x10 .\CortexM3\ARM_GCC_484\Debug\Cm3Start.o
                0x00002700                RomVectors
                0x00000001                ASSERT ((. != __cy_interrupt_vector), No interrupt vector)
                0x00000001                ASSERT (CY_APPL_ORIGIN?(SIZEOF (.cybootloader) <= CY_APPL_ORIGIN):0x1, Wrong image location)
                0x00002710                PROVIDE (__cy_reset, Reset)
 *(.text.Reset)
 .text.Reset    0x00002710        0x8 .\CortexM3\ARM_GCC_484\Debug\Cm3Start.o
                0x00002710                Reset
                0x00000001                ASSERT ((. != __cy_reset), No reset code)
 *(.dma_init)
                0x00000001                ASSERT ((((appl_start + .) <= 0x10000) || 0x1), DMA Init must be within the first 64k of flash)
 *(.text .text.* .gnu.linkonce.t.*)
 .text          0x00002718       0x54 c:/program files (x86)/cypress/psoc creator/3.2/psoc creator/import/gnu/arm/4.8.4/bin/../lib/gcc/arm-none-eabi/4.8.4/armv7-m/crtbegin.o
 .text.within_range
                0x0000276c       0x30 .\CortexM3\ARM_GCC_484\Debug\main.o
                0x0000276c                within_range
 .text.main     0x0000279c     0x1048 .\CortexM3\ARM_GCC_484\Debug\main.o
                0x0000279c                main
 .text.blob_detect
                0x000037e4      0x3d4 .\CortexM3\ARM_GCC_484\Debug\blob_stats.o
                0x000037e4                blob_detect
 .text.blob_comp
                0x00003bb8       0x48 .\CortexM3\ARM_GCC_484\Debug\blob_stats.o
                0x00003bb8                blob_comp
 .text.to_nearest_blob
                0x00003c00       0xe4 .\CortexM3\ARM_GCC_484\Debug\blob_stats.o
                0x00003c00                to_nearest_blob
 .text.sideways_instruction_read
                0x00003ce4      0x1f4 .\CortexM3\ARM_GCC_484\Debug\blob_stats.o
                0x00003ce4                sideways_instruction_read
 .text.init_camera
                0x00003ed8       0xd4 .\CortexM3\ARM_GCC_484\Debug\my_camera_functions.o
                0x00003ed8                init_camera
 .text.capture_thresh_image
                0x00003fac       0x3c .\CortexM3\ARM_GCC_484\Debug\my_camera_functions.o
                0x00003fac                capture_thresh_image
 .text.set_gain_exposure
                0x00003fe8       0x68 .\CortexM3\ARM_GCC_484\Debug\my_camera_functions.o
                0x00003fe8                set_gain_exposure
 .text.PixelColour
                0x00004050       0xe8 .\CortexM3\ARM_GCC_484\Debug\my_camera_functions.o
                0x00004050                PixelColour
 .text.threshold_image
                0x00004138      0x344 .\CortexM3\ARM_GCC_484\Debug\my_camera_functions.o
                0x00004138                threshold_image
 .text.clean_frame
                0x0000447c      0x124 .\CortexM3\ARM_GCC_484\Debug\my_camera_functions.o
                0x0000447c                clean_frame
 .text.identify_colour_gripper
                0x000045a0       0xb0 .\CortexM3\ARM_GCC_484\Debug\my_camera_functions.o
                0x000045a0                identify_colour_gripper
 .text.arm_set_level
                0x00004650       0x20 .\CortexM3\ARM_GCC_484\Debug\arm.o
                0x00004650                arm_set_level
 .text.arm_inbetween_level
                0x00004670       0x38 .\CortexM3\ARM_GCC_484\Debug\arm.o
                0x00004670                arm_inbetween_level
 .text.arm_carry_home
                0x000046a8       0x24 .\CortexM3\ARM_GCC_484\Debug\arm.o
                0x000046a8                arm_carry_home
 .text.start_arm
                0x000046cc       0x10 .\CortexM3\ARM_GCC_484\Debug\arm.o
                0x000046cc                start_arm
 .text.INC_ISR  0x000046dc       0x14 .\CortexM3\ARM_GCC_484\Debug\buttons.o
                0x000046dc                INC_ISR
 .text.DEC_ISR  0x000046f0       0x14 .\CortexM3\ARM_GCC_484\Debug\buttons.o
                0x000046f0                DEC_ISR
 .text.start_buttons
                0x00004704       0x34 .\CortexM3\ARM_GCC_484\Debug\buttons.o
                0x00004704                start_buttons
 .text.DRDY_INTERRUPT
                0x00004738       0x14 .\CortexM3\ARM_GCC_484\Debug\compass.o
                0x00004738                DRDY_INTERRUPT
 .text.start_compass
                0x0000474c       0x98 .\CortexM3\ARM_GCC_484\Debug\compass.o
                0x0000474c                start_compass
 *fill*         0x000047e4        0x4 
 .text.compass_read
                0x000047e8      0x1a0 .\CortexM3\ARM_GCC_484\Debug\compass.o
                0x000047e8                compass_read
 .text.start_gripper
                0x00004988       0x10 .\CortexM3\ARM_GCC_484\Debug\gripper.o
                0x00004988                start_gripper
 .text.pickup_puck
                0x00004998       0x14 .\CortexM3\ARM_GCC_484\Debug\gripper.o
                0x00004998                pickup_puck
 .text.drop_puck
                0x000049ac       0x14 .\CortexM3\ARM_GCC_484\Debug\gripper.o
                0x000049ac                drop_puck
 .text.pickup_angled_puck
                0x000049c0       0x14 .\CortexM3\ARM_GCC_484\Debug\gripper.o
                0x000049c0                pickup_angled_puck
 .text.my6abs   0x000049d4       0x24 .\CortexM3\ARM_GCC_484\Debug\motor.o
                0x000049d4                my6abs
 .text.clip     0x000049f8       0x38 .\CortexM3\ARM_GCC_484\Debug\motor.o
                0x000049f8                clip
 .text.control_heading
                0x00004a30      0x114 .\CortexM3\ARM_GCC_484\Debug\motor.o
                0x00004a30                control_heading
 .text.go_forward
                0x00004b44       0x58 .\CortexM3\ARM_GCC_484\Debug\motor.o
                0x00004b44                go_forward
 .text.go_forward_blind
                0x00004b9c       0x30 .\CortexM3\ARM_GCC_484\Debug\motor.o
                0x00004b9c                go_forward_blind
 .text.go_backward_blind
                0x00004bcc       0x30 .\CortexM3\ARM_GCC_484\Debug\motor.o
                0x00004bcc                go_backward_blind
 .text.go_backward
                0x00004bfc       0x58 .\CortexM3\ARM_GCC_484\Debug\motor.o
                0x00004bfc                go_backward
 .text.go_backward_ultra
                0x00004c54       0x44 .\CortexM3\ARM_GCC_484\Debug\motor.o
                0x00004c54                go_backward_ultra
 .text.rotate_degrees
                0x00004c98       0x9c .\CortexM3\ARM_GCC_484\Debug\motor.o
                0x00004c98                rotate_degrees
 .text.set_heading
                0x00004d34       0x20 .\CortexM3\ARM_GCC_484\Debug\motor.o
                0x00004d34                set_heading
 .text.rotate_left
                0x00004d54       0x28 .\CortexM3\ARM_GCC_484\Debug\motor.o
                0x00004d54                rotate_left
 .text.rotate_right
                0x00004d7c       0x28 .\CortexM3\ARM_GCC_484\Debug\motor.o
                0x00004d7c                rotate_right
 .text.start_motors
                0x00004da4       0x34 .\CortexM3\ARM_GCC_484\Debug\motor.o
                0x00004da4                start_motors
 .text.setSpeed
                0x00004dd8       0x38 .\CortexM3\ARM_GCC_484\Debug\motor.o
                0x00004dd8                setSpeed
 .text.setCoast
                0x00004e10       0x3c .\CortexM3\ARM_GCC_484\Debug\motor.o
                0x00004e10                setCoast
 .text.setForward
                0x00004e4c       0x3c .\CortexM3\ARM_GCC_484\Debug\motor.o
                0x00004e4c                setForward
 .text.setReverse
                0x00004e88       0x3c .\CortexM3\ARM_GCC_484\Debug\motor.o
                0x00004e88                setReverse
 .text.get_mean_ultra
                0x00004ec4       0x18 .\CortexM3\ARM_GCC_484\Debug\ultrasonic.o
                0x00004ec4                get_mean_ultra
 .text.myabs    0x00004edc       0x24 .\CortexM3\ARM_GCC_484\Debug\ultrasonic.o
                0x00004edc                myabs
 .text.HC_TRIG_ISR
                0x00004f00      0x118 .\CortexM3\ARM_GCC_484\Debug\ultrasonic.o
                0x00004f00                HC_TRIG_ISR
 .text.start_ultrasonic
                0x00005018       0x2c .\CortexM3\ARM_GCC_484\Debug\ultrasonic.o
                0x00005018                start_ultrasonic
 .text.beam_broken
                0x00005044       0x50 .\CortexM3\ARM_GCC_484\Debug\beam.o
                0x00005044                beam_broken
 .text.ir_isr   0x00005094       0xb8 .\CortexM3\ARM_GCC_484\Debug\infrared.o
                0x00005094                ir_isr
 .text.get_ir_val
                0x0000514c       0x18 .\CortexM3\ARM_GCC_484\Debug\infrared.o
                0x0000514c                get_ir_val
 .text.select_front
                0x00005164       0x18 .\CortexM3\ARM_GCC_484\Debug\infrared.o
                0x00005164                select_front
 .text.select_right
                0x0000517c       0x18 .\CortexM3\ARM_GCC_484\Debug\infrared.o
                0x0000517c                select_right
 .text.start_infrared
                0x00005194       0x18 .\CortexM3\ARM_GCC_484\Debug\infrared.o
                0x00005194                start_infrared
 .text.get_mean_ultra_s
                0x000051ac       0x18 .\CortexM3\ARM_GCC_484\Debug\ultrasonic_s.o
                0x000051ac                get_mean_ultra_s
 .text.get_var_ultra_s
                0x000051c4       0x18 .\CortexM3\ARM_GCC_484\Debug\ultrasonic_s.o
                0x000051c4                get_var_ultra_s
 .text.select_stack
                0x000051dc       0x18 .\CortexM3\ARM_GCC_484\Debug\ultrasonic_s.o
                0x000051dc                select_stack
 .text.select_left
                0x000051f4       0x18 .\CortexM3\ARM_GCC_484\Debug\ultrasonic_s.o
                0x000051f4                select_left
 .text.myabss   0x0000520c       0x24 .\CortexM3\ARM_GCC_484\Debug\ultrasonic_s.o
                0x0000520c                myabss
 .text.HC_TRIG_ISR_S
                0x00005230      0x118 .\CortexM3\ARM_GCC_484\Debug\ultrasonic_s.o
                0x00005230                HC_TRIG_ISR_S
 .text.start_ultrasonic_s
                0x00005348       0x2c .\CortexM3\ARM_GCC_484\Debug\ultrasonic_s.o
                0x00005348                start_ultrasonic_s
 .text.IntDefaultHandler
                0x00005374        0x8 .\CortexM3\ARM_GCC_484\Debug\Cm3Start.o
                0x00005374                IntDefaultHandler
 .text._sbrk    0x0000537c       0x50 .\CortexM3\ARM_GCC_484\Debug\Cm3Start.o
                0x0000537c                _sbrk
 .text.Start_c  0x000053cc       0x98 .\CortexM3\ARM_GCC_484\Debug\Cm3Start.o
                0x000053cc                Start_c
 .text.initialize_psoc
                0x00005464       0x90 .\CortexM3\ARM_GCC_484\Debug\Cm3Start.o
                0x00005464                initialize_psoc
 .text.CYMEMZERO
                0x000054f4       0x1c .\CortexM3\ARM_GCC_484\Debug\camera_test.a(cyfitter_cfg.o)
 .text.CYCONFIGCPY
                0x00005510       0x1c .\CortexM3\ARM_GCC_484\Debug\camera_test.a(cyfitter_cfg.o)
 .text.CYCONFIGCPYCODE
                0x0000552c       0x1c .\CortexM3\ARM_GCC_484\Debug\camera_test.a(cyfitter_cfg.o)
 .text.CyClockStartupError
                0x00005548        0xc .\CortexM3\ARM_GCC_484\Debug\camera_test.a(cyfitter_cfg.o)
 .text.cfg_write_bytes32
                0x00005554       0x74 .\CortexM3\ARM_GCC_484\Debug\camera_test.a(cyfitter_cfg.o)
 .text.ClockSetup
                0x000055c8      0x180 .\CortexM3\ARM_GCC_484\Debug\camera_test.a(cyfitter_cfg.o)
 .text.AnalogSetDefault
                0x00005748       0x44 .\CortexM3\ARM_GCC_484\Debug\camera_test.a(cyfitter_cfg.o)
 .text.cyfitter_cfg
                0x0000578c      0x20c .\CortexM3\ARM_GCC_484\Debug\camera_test.a(cyfitter_cfg.o)
                0x0000578c                cyfitter_cfg
 .text.Camera_WriteReg
                0x00005998       0x38 .\CortexM3\ARM_GCC_484\Debug\camera_test.a(Camera.o)
                0x00005998                Camera_WriteReg
 .text.Camera_SyncFrame
                0x000059d0       0x20 .\CortexM3\ARM_GCC_484\Debug\camera_test.a(Camera.o)
                0x000059d0                Camera_SyncFrame
 .text.Camera_Start
                0x000059f0      0x12c .\CortexM3\ARM_GCC_484\Debug\camera_test.a(Camera.o)
                0x000059f0                Camera_Start
 .text.DMA_Start
                0x00005b1c       0x48 .\CortexM3\ARM_GCC_484\Debug\camera_test.a(Camera.o)
 .text.Camera_GetFrame
                0x00005b64       0x20 .\CortexM3\ARM_GCC_484\Debug\camera_test.a(Camera.o)
                0x00005b64                Camera_GetFrame
 .text.LCD_Init
                0x00005b84       0x6c .\CortexM3\ARM_GCC_484\Debug\camera_test.a(LCD.o)
                0x00005b84                LCD_Init
 .text.LCD_Enable
                0x00005bf0       0x18 .\CortexM3\ARM_GCC_484\Debug\camera_test.a(LCD.o)
                0x00005bf0                LCD_Enable
 .text.LCD_Start
                0x00005c08       0x20 .\CortexM3\ARM_GCC_484\Debug\camera_test.a(LCD.o)
                0x00005c08                LCD_Start
 .text.LCD_Position
                0x00005c28       0x6c .\CortexM3\ARM_GCC_484\Debug\camera_test.a(LCD.o)
                0x00005c28                LCD_Position
 .text.LCD_PrintString
                0x00005c94       0x38 .\CortexM3\ARM_GCC_484\Debug\camera_test.a(LCD.o)
                0x00005c94                LCD_PrintString
 .text.LCD_WriteData
                0x00005ccc       0x3c .\CortexM3\ARM_GCC_484\Debug\camera_test.a(LCD.o)
                0x00005ccc                LCD_WriteData
 .text.LCD_WriteControl
                0x00005d08       0x3c .\CortexM3\ARM_GCC_484\Debug\camera_test.a(LCD.o)
                0x00005d08                LCD_WriteControl
 .text.LCD_WrDatNib
                0x00005d44       0x70 .\CortexM3\ARM_GCC_484\Debug\camera_test.a(LCD.o)
 .text.LCD_WrCntrlNib
                0x00005db4       0x60 .\CortexM3\ARM_GCC_484\Debug\camera_test.a(LCD.o)
 .text.Gripper_PWM_Start
                0x00005e14       0x20 .\CortexM3\ARM_GCC_484\Debug\camera_test.a(Gripper_PWM.o)
                0x00005e14                Gripper_PWM_Start
 .text.Gripper_PWM_Init
                0x00005e34       0xbc .\CortexM3\ARM_GCC_484\Debug\camera_test.a(Gripper_PWM.o)
                0x00005e34                Gripper_PWM_Init
 .text.Gripper_PWM_Enable
                0x00005ef0       0x48 .\CortexM3\ARM_GCC_484\Debug\camera_test.a(Gripper_PWM.o)
                0x00005ef0                Gripper_PWM_Enable
 .text.Gripper_PWM_WritePeriod
                0x00005f38       0x20 .\CortexM3\ARM_GCC_484\Debug\camera_test.a(Gripper_PWM.o)
                0x00005f38                Gripper_PWM_WritePeriod
 .text.Gripper_PWM_WriteCompare
                0x00005f58       0x20 .\CortexM3\ARM_GCC_484\Debug\camera_test.a(Gripper_PWM.o)
                0x00005f58                Gripper_PWM_WriteCompare
 .text.Gripper_PWM_SetInterruptMode
                0x00005f78       0x20 .\CortexM3\ARM_GCC_484\Debug\camera_test.a(Gripper_PWM.o)
                0x00005f78                Gripper_PWM_SetInterruptMode
 .text.RED_Write
                0x00005f98       0x34 .\CortexM3\ARM_GCC_484\Debug\camera_test.a(RED.o)
                0x00005f98                RED_Write
 .text.Timer_Init
                0x00005fcc       0x4c .\CortexM3\ARM_GCC_484\Debug\camera_test.a(Timer.o)
                0x00005fcc                Timer_Init
 .text.Timer_Enable
                0x00006018       0x20 .\CortexM3\ARM_GCC_484\Debug\camera_test.a(Timer.o)
                0x00006018                Timer_Enable
 .text.Timer_Start
                0x00006038       0x20 .\CortexM3\ARM_GCC_484\Debug\camera_test.a(Timer.o)
                0x00006038                Timer_Start
 .text.Timer_SetInterruptMode
                0x00006058       0x20 .\CortexM3\ARM_GCC_484\Debug\camera_test.a(Timer.o)
                0x00006058                Timer_SetInterruptMode
 .text.Timer_ReadStatusRegister
                0x00006078       0x18 .\CortexM3\ARM_GCC_484\Debug\camera_test.a(Timer.o)
                0x00006078                Timer_ReadStatusRegister
 .text.Timer_WritePeriod
                0x00006090       0x1c .\CortexM3\ARM_GCC_484\Debug\camera_test.a(Timer.o)
                0x00006090                Timer_WritePeriod
 .text.Timer_ReadCapture
                0x000060ac       0x1c .\CortexM3\ARM_GCC_484\Debug\camera_test.a(Timer.o)
                0x000060ac                Timer_ReadCapture
 .text.Timer_WriteCounter
                0x000060c8       0x1c .\CortexM3\ARM_GCC_484\Debug\camera_test.a(Timer.o)
                0x000060c8                Timer_WriteCounter
 .text.Timer_ReadCounter
                0x000060e4       0x24 .\CortexM3\ARM_GCC_484\Debug\camera_test.a(Timer.o)
                0x000060e4                Timer_ReadCounter
 .text.Timer_ClearFIFO
                0x00006108       0x1c .\CortexM3\ARM_GCC_484\Debug\camera_test.a(Timer.o)
                0x00006108                Timer_ClearFIFO
 .text.MOTOR_L_Start
                0x00006124       0x20 .\CortexM3\ARM_GCC_484\Debug\camera_test.a(MOTOR_L.o)
                0x00006124                MOTOR_L_Start
 .text.MOTOR_L_Init
                0x00006144       0xbc .\CortexM3\ARM_GCC_484\Debug\camera_test.a(MOTOR_L.o)
                0x00006144                MOTOR_L_Init
 .text.MOTOR_L_Enable
                0x00006200       0x48 .\CortexM3\ARM_GCC_484\Debug\camera_test.a(MOTOR_L.o)
                0x00006200                MOTOR_L_Enable
 .text.MOTOR_L_WritePeriod
                0x00006248       0x20 .\CortexM3\ARM_GCC_484\Debug\camera_test.a(MOTOR_L.o)
                0x00006248                MOTOR_L_WritePeriod
 .text.MOTOR_L_WriteCompare
                0x00006268       0x20 .\CortexM3\ARM_GCC_484\Debug\camera_test.a(MOTOR_L.o)
                0x00006268                MOTOR_L_WriteCompare
 .text.MOTOR_L_SetInterruptMode
                0x00006288       0x20 .\CortexM3\ARM_GCC_484\Debug\camera_test.a(MOTOR_L.o)
                0x00006288                MOTOR_L_SetInterruptMode
 .text.MLIN1_Write
                0x000062a8       0x3c .\CortexM3\ARM_GCC_484\Debug\camera_test.a(MLIN1.o)
                0x000062a8                MLIN1_Write
 .text.MLIN2_Write
                0x000062e4       0x3c .\CortexM3\ARM_GCC_484\Debug\camera_test.a(MLIN2.o)
                0x000062e4                MLIN2_Write
 .text.MOTOR_R_Start
                0x00006320       0x20 .\CortexM3\ARM_GCC_484\Debug\camera_test.a(MOTOR_R.o)
                0x00006320                MOTOR_R_Start
 .text.MOTOR_R_Init
                0x00006340       0xbc .\CortexM3\ARM_GCC_484\Debug\camera_test.a(MOTOR_R.o)
                0x00006340                MOTOR_R_Init
 .text.MOTOR_R_Enable
                0x000063fc       0x48 .\CortexM3\ARM_GCC_484\Debug\camera_test.a(MOTOR_R.o)
                0x000063fc                MOTOR_R_Enable
 .text.MOTOR_R_WritePeriod
                0x00006444       0x20 .\CortexM3\ARM_GCC_484\Debug\camera_test.a(MOTOR_R.o)
                0x00006444                MOTOR_R_WritePeriod
 .text.MOTOR_R_WriteCompare
                0x00006464       0x20 .\CortexM3\ARM_GCC_484\Debug\camera_test.a(MOTOR_R.o)
                0x00006464                MOTOR_R_WriteCompare
 .text.MOTOR_R_SetInterruptMode
                0x00006484       0x20 .\CortexM3\ARM_GCC_484\Debug\camera_test.a(MOTOR_R.o)
                0x00006484                MOTOR_R_SetInterruptMode
 .text.MRIN1_Write
                0x000064a4       0x34 .\CortexM3\ARM_GCC_484\Debug\camera_test.a(MRIN1.o)
                0x000064a4                MRIN1_Write
 .text.MRIN2_Write
                0x000064d8       0x38 .\CortexM3\ARM_GCC_484\Debug\camera_test.a(MRIN2.o)
                0x000064d8                MRIN2_Write
 .text.but0_StartEx
                0x00006510       0x24 .\CortexM3\ARM_GCC_484\Debug\camera_test.a(but0.o)
                0x00006510                but0_StartEx
 .text.but0_SetVector
                0x00006534       0x24 .\CortexM3\ARM_GCC_484\Debug\camera_test.a(but0.o)
                0x00006534                but0_SetVector
 .text.but0_SetPriority
                0x00006558       0x24 .\CortexM3\ARM_GCC_484\Debug\camera_test.a(but0.o)
                0x00006558                but0_SetPriority
 .text.but0_Enable
                0x0000657c       0x18 .\CortexM3\ARM_GCC_484\Debug\camera_test.a(but0.o)
                0x0000657c                but0_Enable
 .text.but0_Disable
                0x00006594       0x18 .\CortexM3\ARM_GCC_484\Debug\camera_test.a(but0.o)
                0x00006594                but0_Disable
 .text.but0_ClearPending
                0x000065ac       0x18 .\CortexM3\ARM_GCC_484\Debug\camera_test.a(but0.o)
                0x000065ac                but0_ClearPending
 .text.but1_StartEx
                0x000065c4       0x24 .\CortexM3\ARM_GCC_484\Debug\camera_test.a(but1.o)
                0x000065c4                but1_StartEx
 .text.but1_SetVector
                0x000065e8       0x24 .\CortexM3\ARM_GCC_484\Debug\camera_test.a(but1.o)
                0x000065e8                but1_SetVector
 .text.but1_SetPriority
                0x0000660c       0x24 .\CortexM3\ARM_GCC_484\Debug\camera_test.a(but1.o)
                0x0000660c                but1_SetPriority
 .text.but1_Enable
                0x00006630       0x18 .\CortexM3\ARM_GCC_484\Debug\camera_test.a(but1.o)
                0x00006630                but1_Enable
 .text.but1_Disable
                0x00006648       0x18 .\CortexM3\ARM_GCC_484\Debug\camera_test.a(but1.o)
                0x00006648                but1_Disable
 .text.but1_ClearPending
                0x00006660       0x18 .\CortexM3\ARM_GCC_484\Debug\camera_test.a(but1.o)
                0x00006660                but1_ClearPending
 .text.I2C_Init
                0x00006678       0xa0 .\CortexM3\ARM_GCC_484\Debug\camera_test.a(I2C.o)
                0x00006678                I2C_Init
 .text.I2C_Enable
                0x00006718       0x20 .\CortexM3\ARM_GCC_484\Debug\camera_test.a(I2C.o)
                0x00006718                I2C_Enable
 .text.I2C_Start
                0x00006738       0x2c .\CortexM3\ARM_GCC_484\Debug\camera_test.a(I2C.o)
                0x00006738                I2C_Start
 .text.I2C_ISR  0x00006764      0x404 .\CortexM3\ARM_GCC_484\Debug\camera_test.a(I2C_INT.o)
                0x00006764                I2C_ISR
 .text.I2C_MasterSendStart
                0x00006b68       0xd8 .\CortexM3\ARM_GCC_484\Debug\camera_test.a(I2C_MASTER.o)
                0x00006b68                I2C_MasterSendStart
 .text.I2C_MasterSendStop
                0x00006c40       0x74 .\CortexM3\ARM_GCC_484\Debug\camera_test.a(I2C_MASTER.o)
                0x00006c40                I2C_MasterSendStop
 .text.I2C_MasterWriteByte
                0x00006cb4       0xa0 .\CortexM3\ARM_GCC_484\Debug\camera_test.a(I2C_MASTER.o)
                0x00006cb4                I2C_MasterWriteByte
 .text.I2C_MasterReadByte
                0x00006d54       0xb4 .\CortexM3\ARM_GCC_484\Debug\camera_test.a(I2C_MASTER.o)
                0x00006d54                I2C_MasterReadByte
 .text.HC_PWM_Start
                0x00006e08       0x20 .\CortexM3\ARM_GCC_484\Debug\camera_test.a(HC_PWM.o)
                0x00006e08                HC_PWM_Start
 .text.HC_PWM_Init
                0x00006e28       0x9c .\CortexM3\ARM_GCC_484\Debug\camera_test.a(HC_PWM.o)
                0x00006e28                HC_PWM_Init
 .text.HC_PWM_Enable
                0x00006ec4       0x20 .\CortexM3\ARM_GCC_484\Debug\camera_test.a(HC_PWM.o)
                0x00006ec4                HC_PWM_Enable
 .text.HC_PWM_WriteCounter
                0x00006ee4       0x20 .\CortexM3\ARM_GCC_484\Debug\camera_test.a(HC_PWM.o)
                0x00006ee4                HC_PWM_WriteCounter
 .text.HC_PWM_ClearFIFO
                0x00006f04       0x1c .\CortexM3\ARM_GCC_484\Debug\camera_test.a(HC_PWM.o)
                0x00006f04                HC_PWM_ClearFIFO
 .text.HC_PWM_WritePeriod
                0x00006f20       0x20 .\CortexM3\ARM_GCC_484\Debug\camera_test.a(HC_PWM.o)
                0x00006f20                HC_PWM_WritePeriod
 .text.HC_PWM_WriteCompare1
                0x00006f40       0x20 .\CortexM3\ARM_GCC_484\Debug\camera_test.a(HC_PWM.o)
                0x00006f40                HC_PWM_WriteCompare1
 .text.HC_PWM_WriteCompare2
                0x00006f60       0x20 .\CortexM3\ARM_GCC_484\Debug\camera_test.a(HC_PWM.o)
                0x00006f60                HC_PWM_WriteCompare2
 .text.HC_PWM_SetInterruptMode
                0x00006f80       0x20 .\CortexM3\ARM_GCC_484\Debug\camera_test.a(HC_PWM.o)
                0x00006f80                HC_PWM_SetInterruptMode
 .text.HC_PWM_ReadStatusRegister
                0x00006fa0       0x18 .\CortexM3\ARM_GCC_484\Debug\camera_test.a(HC_PWM.o)
                0x00006fa0                HC_PWM_ReadStatusRegister
 .text.HC_PWM_ReadCapture
                0x00006fb8       0x18 .\CortexM3\ARM_GCC_484\Debug\camera_test.a(HC_PWM.o)
                0x00006fb8                HC_PWM_ReadCapture
 .text.HC_Timer_Init
                0x00006fd0       0x4c .\CortexM3\ARM_GCC_484\Debug\camera_test.a(HC_Timer.o)
                0x00006fd0                HC_Timer_Init
 .text.HC_Timer_Enable
                0x0000701c        0xc .\CortexM3\ARM_GCC_484\Debug\camera_test.a(HC_Timer.o)
                0x0000701c                HC_Timer_Enable
 .text.HC_Timer_Start
                0x00007028       0x20 .\CortexM3\ARM_GCC_484\Debug\camera_test.a(HC_Timer.o)
                0x00007028                HC_Timer_Start
 .text.HC_Timer_SetInterruptMode
                0x00007048       0x20 .\CortexM3\ARM_GCC_484\Debug\camera_test.a(HC_Timer.o)
                0x00007048                HC_Timer_SetInterruptMode
 .text.HC_Timer_ReadStatusRegister
                0x00007068       0x18 .\CortexM3\ARM_GCC_484\Debug\camera_test.a(HC_Timer.o)
                0x00007068                HC_Timer_ReadStatusRegister
 .text.HC_Timer_WritePeriod
                0x00007080       0x20 .\CortexM3\ARM_GCC_484\Debug\camera_test.a(HC_Timer.o)
                0x00007080                HC_Timer_WritePeriod
 .text.HC_Timer_ReadCapture
                0x000070a0       0x18 .\CortexM3\ARM_GCC_484\Debug\camera_test.a(HC_Timer.o)
                0x000070a0                HC_Timer_ReadCapture
 .text.HC_Timer_WriteCounter
                0x000070b8       0x20 .\CortexM3\ARM_GCC_484\Debug\camera_test.a(HC_Timer.o)
                0x000070b8                HC_Timer_WriteCounter
 .text.HC_Timer_ReadCounter
                0x000070d8       0x20 .\CortexM3\ARM_GCC_484\Debug\camera_test.a(HC_Timer.o)
                0x000070d8                HC_Timer_ReadCounter
 .text.HC_Timer_ClearFIFO
                0x000070f8       0x1c .\CortexM3\ARM_GCC_484\Debug\camera_test.a(HC_Timer.o)
                0x000070f8                HC_Timer_ClearFIFO
 .text.HC_ISR_StartEx
                0x00007114       0x24 .\CortexM3\ARM_GCC_484\Debug\camera_test.a(HC_ISR.o)
                0x00007114                HC_ISR_StartEx
 .text.HC_ISR_SetVector
                0x00007138       0x24 .\CortexM3\ARM_GCC_484\Debug\camera_test.a(HC_ISR.o)
                0x00007138                HC_ISR_SetVector
 .text.HC_ISR_SetPriority
                0x0000715c       0x24 .\CortexM3\ARM_GCC_484\Debug\camera_test.a(HC_ISR.o)
                0x0000715c                HC_ISR_SetPriority
 .text.HC_ISR_Enable
                0x00007180       0x18 .\CortexM3\ARM_GCC_484\Debug\camera_test.a(HC_ISR.o)
                0x00007180                HC_ISR_Enable
 .text.HC_ISR_Disable
                0x00007198       0x18 .\CortexM3\ARM_GCC_484\Debug\camera_test.a(HC_ISR.o)
                0x00007198                HC_ISR_Disable
 .text.HC_ISR_ClearPending
                0x000071b0       0x18 .\CortexM3\ARM_GCC_484\Debug\camera_test.a(HC_ISR.o)
                0x000071b0                HC_ISR_ClearPending
 .text.Arm_PWM_Start
                0x000071c8       0x20 .\CortexM3\ARM_GCC_484\Debug\camera_test.a(Arm_PWM.o)
                0x000071c8                Arm_PWM_Start
 .text.Arm_PWM_Init
                0x000071e8       0x94 .\CortexM3\ARM_GCC_484\Debug\camera_test.a(Arm_PWM.o)
                0x000071e8                Arm_PWM_Init
 .text.Arm_PWM_Enable
                0x0000727c       0x20 .\CortexM3\ARM_GCC_484\Debug\camera_test.a(Arm_PWM.o)
                0x0000727c                Arm_PWM_Enable
 .text.Arm_PWM_WriteCounter
                0x0000729c       0x20 .\CortexM3\ARM_GCC_484\Debug\camera_test.a(Arm_PWM.o)
                0x0000729c                Arm_PWM_WriteCounter
 .text.Arm_PWM_ClearFIFO
                0x000072bc       0x1c .\CortexM3\ARM_GCC_484\Debug\camera_test.a(Arm_PWM.o)
                0x000072bc                Arm_PWM_ClearFIFO
 .text.Arm_PWM_WritePeriod
                0x000072d8       0x20 .\CortexM3\ARM_GCC_484\Debug\camera_test.a(Arm_PWM.o)
                0x000072d8                Arm_PWM_WritePeriod
 .text.Arm_PWM_WriteCompare
                0x000072f8       0x20 .\CortexM3\ARM_GCC_484\Debug\camera_test.a(Arm_PWM.o)
                0x000072f8                Arm_PWM_WriteCompare
 .text.Arm_PWM_SetInterruptMode
                0x00007318       0x20 .\CortexM3\ARM_GCC_484\Debug\camera_test.a(Arm_PWM.o)
                0x00007318                Arm_PWM_SetInterruptMode
 .text.Arm_PWM_ReadStatusRegister
                0x00007338       0x18 .\CortexM3\ARM_GCC_484\Debug\camera_test.a(Arm_PWM.o)
                0x00007338                Arm_PWM_ReadStatusRegister
 .text.Arm_PWM_ReadCapture
                0x00007350       0x18 .\CortexM3\ARM_GCC_484\Debug\camera_test.a(Arm_PWM.o)
                0x00007350                Arm_PWM_ReadCapture
 .text.Compass_DRDY_ISR_StartEx
                0x00007368       0x24 .\CortexM3\ARM_GCC_484\Debug\camera_test.a(Compass_DRDY_ISR.o)
                0x00007368                Compass_DRDY_ISR_StartEx
 .text.Compass_DRDY_ISR_SetVector
                0x0000738c       0x24 .\CortexM3\ARM_GCC_484\Debug\camera_test.a(Compass_DRDY_ISR.o)
                0x0000738c                Compass_DRDY_ISR_SetVector
 .text.Compass_DRDY_ISR_SetPriority
                0x000073b0       0x24 .\CortexM3\ARM_GCC_484\Debug\camera_test.a(Compass_DRDY_ISR.o)
                0x000073b0                Compass_DRDY_ISR_SetPriority
 .text.Compass_DRDY_ISR_Enable
                0x000073d4       0x18 .\CortexM3\ARM_GCC_484\Debug\camera_test.a(Compass_DRDY_ISR.o)
                0x000073d4                Compass_DRDY_ISR_Enable
 .text.Compass_DRDY_ISR_Disable
                0x000073ec       0x18 .\CortexM3\ARM_GCC_484\Debug\camera_test.a(Compass_DRDY_ISR.o)
                0x000073ec                Compass_DRDY_ISR_Disable
 .text.Compass_DRDY_ISR_ClearPending
                0x00007404       0x18 .\CortexM3\ARM_GCC_484\Debug\camera_test.a(Compass_DRDY_ISR.o)
                0x00007404                Compass_DRDY_ISR_ClearPending
 .text.BEAM_BREAK_TIMER_Init
                0x0000741c       0x4c .\CortexM3\ARM_GCC_484\Debug\camera_test.a(BEAM_BREAK_TIMER.o)
                0x0000741c                BEAM_BREAK_TIMER_Init
 .text.BEAM_BREAK_TIMER_Enable
                0x00007468        0xc .\CortexM3\ARM_GCC_484\Debug\camera_test.a(BEAM_BREAK_TIMER.o)
                0x00007468                BEAM_BREAK_TIMER_Enable
 .text.BEAM_BREAK_TIMER_Start
                0x00007474       0x20 .\CortexM3\ARM_GCC_484\Debug\camera_test.a(BEAM_BREAK_TIMER.o)
                0x00007474                BEAM_BREAK_TIMER_Start
 .text.BEAM_BREAK_TIMER_Stop
                0x00007494        0xc .\CortexM3\ARM_GCC_484\Debug\camera_test.a(BEAM_BREAK_TIMER.o)
                0x00007494                BEAM_BREAK_TIMER_Stop
 .text.BEAM_BREAK_TIMER_SetInterruptMode
                0x000074a0       0x20 .\CortexM3\ARM_GCC_484\Debug\camera_test.a(BEAM_BREAK_TIMER.o)
                0x000074a0                BEAM_BREAK_TIMER_SetInterruptMode
 .text.BEAM_BREAK_TIMER_ReadStatusRegister
                0x000074c0       0x18 .\CortexM3\ARM_GCC_484\Debug\camera_test.a(BEAM_BREAK_TIMER.o)
                0x000074c0                BEAM_BREAK_TIMER_ReadStatusRegister
 .text.BEAM_BREAK_TIMER_WritePeriod
                0x000074d8       0x20 .\CortexM3\ARM_GCC_484\Debug\camera_test.a(BEAM_BREAK_TIMER.o)
                0x000074d8                BEAM_BREAK_TIMER_WritePeriod
 .text.BEAM_BREAK_TIMER_ReadCapture
                0x000074f8       0x18 .\CortexM3\ARM_GCC_484\Debug\camera_test.a(BEAM_BREAK_TIMER.o)
                0x000074f8                BEAM_BREAK_TIMER_ReadCapture
 .text.BEAM_BREAK_TIMER_WriteCounter
                0x00007510       0x20 .\CortexM3\ARM_GCC_484\Debug\camera_test.a(BEAM_BREAK_TIMER.o)
                0x00007510                BEAM_BREAK_TIMER_WriteCounter
 .text.BEAM_BREAK_TIMER_ReadCounter
                0x00007530       0x20 .\CortexM3\ARM_GCC_484\Debug\camera_test.a(BEAM_BREAK_TIMER.o)
                0x00007530                BEAM_BREAK_TIMER_ReadCounter
 .text.BEAM_BREAK_TIMER_ClearFIFO
                0x00007550       0x1c .\CortexM3\ARM_GCC_484\Debug\camera_test.a(BEAM_BREAK_TIMER.o)
                0x00007550                BEAM_BREAK_TIMER_ClearFIFO
 .text.Camera_DMA_DmaInitialize
                0x0000756c       0x60 .\CortexM3\ARM_GCC_484\Debug\camera_test.a(Camera_DMA_dma.o)
                0x0000756c                Camera_DMA_DmaInitialize
 .text.Camera_VSYNC_Read
                0x000075cc       0x20 .\CortexM3\ARM_GCC_484\Debug\camera_test.a(Camera_VSYNC.o)
                0x000075cc                Camera_VSYNC_Read
 .text.Camera_SIOD_SetDriveMode
                0x000075ec       0x38 .\CortexM3\ARM_GCC_484\Debug\camera_test.a(Camera_SIOD.o)
                0x000075ec                Camera_SIOD_SetDriveMode
 .text.Camera_SIOC_SetDriveMode
                0x00007624       0x38 .\CortexM3\ARM_GCC_484\Debug\camera_test.a(Camera_SIOC.o)
                0x00007624                Camera_SIOC_SetDriveMode
 .text.Camera_I2C_Init
                0x0000765c       0x80 .\CortexM3\ARM_GCC_484\Debug\camera_test.a(Camera_I2C.o)
                0x0000765c                Camera_I2C_Init
 .text.Camera_I2C_Enable
                0x000076dc       0x44 .\CortexM3\ARM_GCC_484\Debug\camera_test.a(Camera_I2C.o)
                0x000076dc                Camera_I2C_Enable
 .text.Camera_I2C_Start
                0x00007720       0x2c .\CortexM3\ARM_GCC_484\Debug\camera_test.a(Camera_I2C.o)
                0x00007720                Camera_I2C_Start
 .text.Camera_I2C_ISR
                0x0000774c      0x3a8 .\CortexM3\ARM_GCC_484\Debug\camera_test.a(Camera_I2C_INT.o)
                0x0000774c                Camera_I2C_ISR
 .text.Camera_I2C_MasterSendStart
                0x00007af4       0xb8 .\CortexM3\ARM_GCC_484\Debug\camera_test.a(Camera_I2C_MASTER.o)
                0x00007af4                Camera_I2C_MasterSendStart
 .text.Camera_I2C_MasterSendStop
                0x00007bac       0x58 .\CortexM3\ARM_GCC_484\Debug\camera_test.a(Camera_I2C_MASTER.o)
                0x00007bac                Camera_I2C_MasterSendStop
 .text.Camera_I2C_MasterWriteByte
                0x00007c04       0x80 .\CortexM3\ARM_GCC_484\Debug\camera_test.a(Camera_I2C_MASTER.o)
                0x00007c04                Camera_I2C_MasterWriteByte
 .text.Button_PWM_Start
                0x00007c84       0x20 .\CortexM3\ARM_GCC_484\Debug\camera_test.a(Button_PWM.o)
                0x00007c84                Button_PWM_Start
 .text.Button_PWM_Init
                0x00007ca4       0xbc .\CortexM3\ARM_GCC_484\Debug\camera_test.a(Button_PWM.o)
                0x00007ca4                Button_PWM_Init
 .text.Button_PWM_Enable
                0x00007d60       0x48 .\CortexM3\ARM_GCC_484\Debug\camera_test.a(Button_PWM.o)
                0x00007d60                Button_PWM_Enable
 .text.Button_PWM_WritePeriod
                0x00007da8       0x20 .\CortexM3\ARM_GCC_484\Debug\camera_test.a(Button_PWM.o)
                0x00007da8                Button_PWM_WritePeriod
 .text.Button_PWM_WriteCompare
                0x00007dc8       0x20 .\CortexM3\ARM_GCC_484\Debug\camera_test.a(Button_PWM.o)
                0x00007dc8                Button_PWM_WriteCompare
 .text.Button_PWM_SetInterruptMode
                0x00007de8       0x20 .\CortexM3\ARM_GCC_484\Debug\camera_test.a(Button_PWM.o)
                0x00007de8                Button_PWM_SetInterruptMode
 .text          0x00007e08       0x28 .\CortexM3\ARM_GCC_484\Debug\camera_test.a(CyBootAsmGnu.o)
                0x00007e08                CyDelayCycles
                0x00007e1c                CyEnterCriticalSection
                0x00007e24                CyExitCriticalSection
 .text.CyDmacConfigure
                0x00007e30       0x5c .\CortexM3\ARM_GCC_484\Debug\camera_test.a(CyDmac.o)
                0x00007e30                CyDmacConfigure
 .text.CyDmaChEnable
                0x00007e8c       0x8c .\CortexM3\ARM_GCC_484\Debug\camera_test.a(CyDmac.o)
                0x00007e8c                CyDmaChEnable
 .text.CyDmaClearPendingDrq
                0x00007f18       0x64 .\CortexM3\ARM_GCC_484\Debug\camera_test.a(CyDmac.o)
                0x00007f18                CyDmaClearPendingDrq
 .text.CyDmaChPriority
                0x00007f7c       0x5c .\CortexM3\ARM_GCC_484\Debug\camera_test.a(CyDmac.o)
                0x00007f7c                CyDmaChPriority
 .text.CyDmaChSetExtendedAddress
                0x00007fd8       0x7c .\CortexM3\ARM_GCC_484\Debug\camera_test.a(CyDmac.o)
                0x00007fd8                CyDmaChSetExtendedAddress
 .text.CyDmaChSetInitialTd
                0x00008054       0x3c .\CortexM3\ARM_GCC_484\Debug\camera_test.a(CyDmac.o)
                0x00008054                CyDmaChSetInitialTd
 .text.CyDmaChSetConfiguration
                0x00008090       0x90 .\CortexM3\ARM_GCC_484\Debug\camera_test.a(CyDmac.o)
                0x00008090                CyDmaChSetConfiguration
 .text.CyDmaTdAllocate
                0x00008120       0x5c .\CortexM3\ARM_GCC_484\Debug\camera_test.a(CyDmac.o)
                0x00008120                CyDmaTdAllocate
 .text.CyDmaTdSetConfiguration
                0x0000817c       0x70 .\CortexM3\ARM_GCC_484\Debug\camera_test.a(CyDmac.o)
                0x0000817c                CyDmaTdSetConfiguration
 .text.CyDmaTdSetAddress
                0x000081ec       0x5c .\CortexM3\ARM_GCC_484\Debug\camera_test.a(CyDmac.o)
                0x000081ec                CyDmaTdSetAddress
 .text.CyHalt   0x00008248       0x18 .\CortexM3\ARM_GCC_484\Debug\camera_test.a(CyLib.o)
                0x00008248                CyHalt
 .text.CyDelay  0x00008260       0x44 .\CortexM3\ARM_GCC_484\Debug\camera_test.a(CyLib.o)
                0x00008260                CyDelay
 .text.CyDelayUs
                0x000082a4       0x24 .\CortexM3\ARM_GCC_484\Debug\camera_test.a(CyLib.o)
                0x000082a4                CyDelayUs
 .text.CyIntSetVector
                0x000082c8       0x50 .\CortexM3\ARM_GCC_484\Debug\camera_test.a(CyLib.o)
                0x000082c8                CyIntSetVector
 .text.CyIntSetPriority
                0x00008318       0x44 .\CortexM3\ARM_GCC_484\Debug\camera_test.a(CyLib.o)
                0x00008318                CyIntSetPriority
 .text.CySetReg24
                0x0000835c       0x38 .\CortexM3\ARM_GCC_484\Debug\camera_test.a(cyutils.o)
                0x0000835c                CySetReg24
 .text.BEAM_Clock_Start
                0x00008394       0x34 .\CortexM3\ARM_GCC_484\Debug\camera_test.a(BEAM_Clock.o)
                0x00008394                BEAM_Clock_Start
 .text.BEAM_Clock_Stop
                0x000083c8       0x34 .\CortexM3\ARM_GCC_484\Debug\camera_test.a(BEAM_Clock.o)
                0x000083c8                BEAM_Clock_Stop
 .text.HC_PWM_S_Start
                0x000083fc       0x20 .\CortexM3\ARM_GCC_484\Debug\camera_test.a(HC_PWM_S.o)
                0x000083fc                HC_PWM_S_Start
 .text.HC_PWM_S_Init
                0x0000841c       0xa0 .\CortexM3\ARM_GCC_484\Debug\camera_test.a(HC_PWM_S.o)
                0x0000841c                HC_PWM_S_Init
 .text.HC_PWM_S_Enable
                0x000084bc       0x20 .\CortexM3\ARM_GCC_484\Debug\camera_test.a(HC_PWM_S.o)
                0x000084bc                HC_PWM_S_Enable
 .text.HC_PWM_S_WriteCounter
                0x000084dc       0x20 .\CortexM3\ARM_GCC_484\Debug\camera_test.a(HC_PWM_S.o)
                0x000084dc                HC_PWM_S_WriteCounter
 .text.HC_PWM_S_ClearFIFO
                0x000084fc       0x1c .\CortexM3\ARM_GCC_484\Debug\camera_test.a(HC_PWM_S.o)
                0x000084fc                HC_PWM_S_ClearFIFO
 .text.HC_PWM_S_WritePeriod
                0x00008518       0x20 .\CortexM3\ARM_GCC_484\Debug\camera_test.a(HC_PWM_S.o)
                0x00008518                HC_PWM_S_WritePeriod
 .text.HC_PWM_S_WriteCompare1
                0x00008538       0x20 .\CortexM3\ARM_GCC_484\Debug\camera_test.a(HC_PWM_S.o)
                0x00008538                HC_PWM_S_WriteCompare1
 .text.HC_PWM_S_WriteCompare2
                0x00008558       0x20 .\CortexM3\ARM_GCC_484\Debug\camera_test.a(HC_PWM_S.o)
                0x00008558                HC_PWM_S_WriteCompare2
 .text.HC_PWM_S_SetInterruptMode
                0x00008578       0x20 .\CortexM3\ARM_GCC_484\Debug\camera_test.a(HC_PWM_S.o)
                0x00008578                HC_PWM_S_SetInterruptMode
 .text.HC_PWM_S_ReadStatusRegister
                0x00008598       0x18 .\CortexM3\ARM_GCC_484\Debug\camera_test.a(HC_PWM_S.o)
                0x00008598                HC_PWM_S_ReadStatusRegister
 .text.HC_PWM_S_ReadCapture
                0x000085b0       0x18 .\CortexM3\ARM_GCC_484\Debug\camera_test.a(HC_PWM_S.o)
                0x000085b0                HC_PWM_S_ReadCapture
 .text.IR_Timer_Init
                0x000085c8       0x4c .\CortexM3\ARM_GCC_484\Debug\camera_test.a(IR_Timer.o)
                0x000085c8                IR_Timer_Init
 .text.IR_Timer_Enable
                0x00008614        0xc .\CortexM3\ARM_GCC_484\Debug\camera_test.a(IR_Timer.o)
                0x00008614                IR_Timer_Enable
 .text.IR_Timer_Start
                0x00008620       0x20 .\CortexM3\ARM_GCC_484\Debug\camera_test.a(IR_Timer.o)
                0x00008620                IR_Timer_Start
 .text.IR_Timer_SetInterruptMode
                0x00008640       0x20 .\CortexM3\ARM_GCC_484\Debug\camera_test.a(IR_Timer.o)
                0x00008640                IR_Timer_SetInterruptMode
 .text.IR_Timer_ReadStatusRegister
                0x00008660       0x18 .\CortexM3\ARM_GCC_484\Debug\camera_test.a(IR_Timer.o)
                0x00008660                IR_Timer_ReadStatusRegister
 .text.IR_Timer_WritePeriod
                0x00008678       0x20 .\CortexM3\ARM_GCC_484\Debug\camera_test.a(IR_Timer.o)
                0x00008678                IR_Timer_WritePeriod
 .text.IR_Timer_ReadCapture
                0x00008698       0x18 .\CortexM3\ARM_GCC_484\Debug\camera_test.a(IR_Timer.o)
                0x00008698                IR_Timer_ReadCapture
 .text.IR_Timer_WriteCounter
                0x000086b0       0x20 .\CortexM3\ARM_GCC_484\Debug\camera_test.a(IR_Timer.o)
                0x000086b0                IR_Timer_WriteCounter
 .text.IR_Timer_ReadCounter
                0x000086d0       0x20 .\CortexM3\ARM_GCC_484\Debug\camera_test.a(IR_Timer.o)
                0x000086d0                IR_Timer_ReadCounter
 .text.IR_Timer_ClearFIFO
                0x000086f0       0x1c .\CortexM3\ARM_GCC_484\Debug\camera_test.a(IR_Timer.o)
                0x000086f0                IR_Timer_ClearFIFO
 .text.IR_PWM_Start
                0x0000870c       0x20 .\CortexM3\ARM_GCC_484\Debug\camera_test.a(IR_PWM.o)
                0x0000870c                IR_PWM_Start
 .text.IR_PWM_Init
                0x0000872c       0xa0 .\CortexM3\ARM_GCC_484\Debug\camera_test.a(IR_PWM.o)
                0x0000872c                IR_PWM_Init
 .text.IR_PWM_Enable
                0x000087cc       0x20 .\CortexM3\ARM_GCC_484\Debug\camera_test.a(IR_PWM.o)
                0x000087cc                IR_PWM_Enable
 .text.IR_PWM_WriteCounter
                0x000087ec       0x20 .\CortexM3\ARM_GCC_484\Debug\camera_test.a(IR_PWM.o)
                0x000087ec                IR_PWM_WriteCounter
 .text.IR_PWM_ClearFIFO
                0x0000880c       0x1c .\CortexM3\ARM_GCC_484\Debug\camera_test.a(IR_PWM.o)
                0x0000880c                IR_PWM_ClearFIFO
 .text.IR_PWM_WritePeriod
                0x00008828       0x20 .\CortexM3\ARM_GCC_484\Debug\camera_test.a(IR_PWM.o)
                0x00008828                IR_PWM_WritePeriod
 .text.IR_PWM_WriteCompare1
                0x00008848       0x20 .\CortexM3\ARM_GCC_484\Debug\camera_test.a(IR_PWM.o)
                0x00008848                IR_PWM_WriteCompare1
 .text.IR_PWM_WriteCompare2
                0x00008868       0x20 .\CortexM3\ARM_GCC_484\Debug\camera_test.a(IR_PWM.o)
                0x00008868                IR_PWM_WriteCompare2
 .text.IR_PWM_SetInterruptMode
                0x00008888       0x20 .\CortexM3\ARM_GCC_484\Debug\camera_test.a(IR_PWM.o)
                0x00008888                IR_PWM_SetInterruptMode
 .text.IR_PWM_ReadStatusRegister
                0x000088a8       0x18 .\CortexM3\ARM_GCC_484\Debug\camera_test.a(IR_PWM.o)
                0x000088a8                IR_PWM_ReadStatusRegister
 .text.IR_PWM_ReadCapture
                0x000088c0       0x18 .\CortexM3\ARM_GCC_484\Debug\camera_test.a(IR_PWM.o)
                0x000088c0                IR_PWM_ReadCapture
 .text.IR_DONE_StartEx
                0x000088d8       0x24 .\CortexM3\ARM_GCC_484\Debug\camera_test.a(IR_DONE.o)
                0x000088d8                IR_DONE_StartEx
 .text.IR_DONE_SetVector
                0x000088fc       0x24 .\CortexM3\ARM_GCC_484\Debug\camera_test.a(IR_DONE.o)
                0x000088fc                IR_DONE_SetVector
 .text.IR_DONE_SetPriority
                0x00008920       0x24 .\CortexM3\ARM_GCC_484\Debug\camera_test.a(IR_DONE.o)
                0x00008920                IR_DONE_SetPriority
 .text.IR_DONE_Enable
                0x00008944       0x18 .\CortexM3\ARM_GCC_484\Debug\camera_test.a(IR_DONE.o)
                0x00008944                IR_DONE_Enable
 .text.IR_DONE_Disable
                0x0000895c       0x18 .\CortexM3\ARM_GCC_484\Debug\camera_test.a(IR_DONE.o)
                0x0000895c                IR_DONE_Disable
 .text.IR_DONE_ClearPending
                0x00008974       0x18 .\CortexM3\ARM_GCC_484\Debug\camera_test.a(IR_DONE.o)
                0x00008974                IR_DONE_ClearPending
 .text.IR_REG_Write
                0x0000898c       0x20 .\CortexM3\ARM_GCC_484\Debug\camera_test.a(IR_REG.o)
                0x0000898c                IR_REG_Write
 .text.IR_REG_Read
                0x000089ac       0x18 .\CortexM3\ARM_GCC_484\Debug\camera_test.a(IR_REG.o)
                0x000089ac                IR_REG_Read
 .text.HC_ISR_S_StartEx
                0x000089c4       0x24 .\CortexM3\ARM_GCC_484\Debug\camera_test.a(HC_ISR_S.o)
                0x000089c4                HC_ISR_S_StartEx
 .text.HC_ISR_S_SetVector
                0x000089e8       0x24 .\CortexM3\ARM_GCC_484\Debug\camera_test.a(HC_ISR_S.o)
                0x000089e8                HC_ISR_S_SetVector
 .text.HC_ISR_S_SetPriority
                0x00008a0c       0x24 .\CortexM3\ARM_GCC_484\Debug\camera_test.a(HC_ISR_S.o)
                0x00008a0c                HC_ISR_S_SetPriority
 .text.HC_ISR_S_Enable
                0x00008a30       0x18 .\CortexM3\ARM_GCC_484\Debug\camera_test.a(HC_ISR_S.o)
                0x00008a30                HC_ISR_S_Enable
 .text.HC_ISR_S_Disable
                0x00008a48       0x18 .\CortexM3\ARM_GCC_484\Debug\camera_test.a(HC_ISR_S.o)
                0x00008a48                HC_ISR_S_Disable
 .text.HC_ISR_S_ClearPending
                0x00008a60       0x18 .\CortexM3\ARM_GCC_484\Debug\camera_test.a(HC_ISR_S.o)
                0x00008a60                HC_ISR_S_ClearPending
 .text.HC_Timer_S_Init
                0x00008a78       0x4c .\CortexM3\ARM_GCC_484\Debug\camera_test.a(HC_Timer_S.o)
                0x00008a78                HC_Timer_S_Init
 .text.HC_Timer_S_Enable
                0x00008ac4        0xc .\CortexM3\ARM_GCC_484\Debug\camera_test.a(HC_Timer_S.o)
                0x00008ac4                HC_Timer_S_Enable
 .text.HC_Timer_S_Start
                0x00008ad0       0x20 .\CortexM3\ARM_GCC_484\Debug\camera_test.a(HC_Timer_S.o)
                0x00008ad0                HC_Timer_S_Start
 .text.HC_Timer_S_SetInterruptMode
                0x00008af0       0x20 .\CortexM3\ARM_GCC_484\Debug\camera_test.a(HC_Timer_S.o)
                0x00008af0                HC_Timer_S_SetInterruptMode
 .text.HC_Timer_S_ReadStatusRegister
                0x00008b10       0x18 .\CortexM3\ARM_GCC_484\Debug\camera_test.a(HC_Timer_S.o)
                0x00008b10                HC_Timer_S_ReadStatusRegister
 .text.HC_Timer_S_WritePeriod
                0x00008b28       0x20 .\CortexM3\ARM_GCC_484\Debug\camera_test.a(HC_Timer_S.o)
                0x00008b28                HC_Timer_S_WritePeriod
 .text.HC_Timer_S_ReadCapture
                0x00008b48       0x18 .\CortexM3\ARM_GCC_484\Debug\camera_test.a(HC_Timer_S.o)
                0x00008b48                HC_Timer_S_ReadCapture
 .text.HC_Timer_S_WriteCounter
                0x00008b60       0x20 .\CortexM3\ARM_GCC_484\Debug\camera_test.a(HC_Timer_S.o)
                0x00008b60                HC_Timer_S_WriteCounter
 .text.HC_Timer_S_ReadCounter
                0x00008b80       0x20 .\CortexM3\ARM_GCC_484\Debug\camera_test.a(HC_Timer_S.o)
                0x00008b80                HC_Timer_S_ReadCounter
 .text.HC_Timer_S_ClearFIFO
                0x00008ba0       0x1c .\CortexM3\ARM_GCC_484\Debug\camera_test.a(HC_Timer_S.o)
                0x00008ba0                HC_Timer_S_ClearFIFO
 .text.HC_REG_Write
                0x00008bbc       0x20 .\CortexM3\ARM_GCC_484\Debug\camera_test.a(HC_REG.o)
                0x00008bbc                HC_REG_Write
 .text.HC_REG_Read
                0x00008bdc       0x18 .\CortexM3\ARM_GCC_484\Debug\camera_test.a(HC_REG.o)
                0x00008bdc                HC_REG_Read
 .text.atan2    0x00008bf4        0x4 c:/program files (x86)/cypress/psoc creator/3.2/psoc creator/import/gnu/arm/4.8.4/bin/../lib/gcc/arm-none-eabi/4.8.4/../../../../arm-none-eabi/lib/armv7-m\libm.a(lib_a-w_atan2.o)
                0x00008bf4                atan2
 .text.__ieee754_atan2
                0x00008bf8      0x1f0 c:/program files (x86)/cypress/psoc creator/3.2/psoc creator/import/gnu/arm/4.8.4/bin/../lib/gcc/arm-none-eabi/4.8.4/../../../../arm-none-eabi/lib/armv7-m\libm.a(lib_a-e_atan2.o)
                0x00008bf8                __ieee754_atan2
 .text.atan     0x00008de8      0x350 c:/program files (x86)/cypress/psoc creator/3.2/psoc creator/import/gnu/arm/4.8.4/bin/../lib/gcc/arm-none-eabi/4.8.4/../../../../arm-none-eabi/lib/armv7-m\libm.a(lib_a-s_atan.o)
                0x00008de8                atan
 .text.fabs     0x00009138        0x8 c:/program files (x86)/cypress/psoc creator/3.2/psoc creator/import/gnu/arm/4.8.4/bin/../lib/gcc/arm-none-eabi/4.8.4/../../../../arm-none-eabi/lib/armv7-m\libm.a(lib_a-s_fabs.o)
                0x00009138                fabs
 .text          0x00009140      0x370 c:/program files (x86)/cypress/psoc creator/3.2/psoc creator/import/gnu/arm/4.8.4/bin/../lib/gcc/arm-none-eabi/4.8.4/armv7-m\libgcc.a(_arm_addsubdf3.o)
                0x00009140                __aeabi_drsub
                0x00009148                __aeabi_dsub
                0x00009148                __subdf3
                0x0000914c                __aeabi_dadd
                0x0000914c                __adddf3
                0x000093c4                __floatunsidf
                0x000093c4                __aeabi_ui2d
                0x000093e4                __floatsidf
                0x000093e4                __aeabi_i2d
                0x00009408                __aeabi_f2d
                0x00009408                __extendsfdf2
                0x00009444                __floatundidf
                0x00009444                __aeabi_ul2d
                0x00009454                __floatdidf
                0x00009454                __aeabi_l2d
 .text          0x000094b0      0x424 c:/program files (x86)/cypress/psoc creator/3.2/psoc creator/import/gnu/arm/4.8.4/bin/../lib/gcc/arm-none-eabi/4.8.4/armv7-m\libgcc.a(_arm_muldivdf3.o)
                0x000094b0                __aeabi_dmul
                0x000094b0                __muldf3
                0x00009704                __divdf3
                0x00009704                __aeabi_ddiv
 .text          0x000098d4      0x110 c:/program files (x86)/cypress/psoc creator/3.2/psoc creator/import/gnu/arm/4.8.4/bin/../lib/gcc/arm-none-eabi/4.8.4/armv7-m\libgcc.a(_arm_cmpdf2.o)
                0x000098d4                __gtdf2
                0x000098d4                __gedf2
                0x000098dc                __ltdf2
                0x000098dc                __ledf2
                0x000098e4                __nedf2
                0x000098e4                __eqdf2
                0x000098e4                __cmpdf2
                0x00009960                __aeabi_cdrcmple
                0x00009970                __aeabi_cdcmpeq
                0x00009970                __aeabi_cdcmple
                0x00009980                __aeabi_dcmpeq
                0x00009994                __aeabi_dcmplt
                0x000099a8                __aeabi_dcmple
                0x000099bc                __aeabi_dcmpge
                0x000099d0                __aeabi_dcmpgt
 .text          0x000099e4       0x50 c:/program files (x86)/cypress/psoc creator/3.2/psoc creator/import/gnu/arm/4.8.4/bin/../lib/gcc/arm-none-eabi/4.8.4/armv7-m\libgcc.a(_arm_fixdfsi.o)
                0x000099e4                __aeabi_d2iz
                0x000099e4                __fixdfsi
 .text          0x00009a34       0x40 c:/program files (x86)/cypress/psoc creator/3.2/psoc creator/import/gnu/arm/4.8.4/bin/../lib/gcc/arm-none-eabi/4.8.4/armv7-m\libgcc.a(_arm_fixunsdfsi.o)
                0x00009a34                __aeabi_d2uiz
                0x00009a34                __fixunsdfsi
 .text          0x00009a74      0x21c c:/program files (x86)/cypress/psoc creator/3.2/psoc creator/import/gnu/arm/4.8.4/bin/../lib/gcc/arm-none-eabi/4.8.4/armv7-m\libgcc.a(_arm_addsubsf3.o)
                0x00009a74                __aeabi_frsub
                0x00009a7c                __subsf3
                0x00009a7c                __aeabi_fsub
                0x00009a80                __aeabi_fadd
                0x00009a80                __addsf3
                0x00009be0                __aeabi_ui2f
                0x00009be0                __floatunsisf
                0x00009be8                __aeabi_i2f
                0x00009be8                __floatsisf
                0x00009c04                __aeabi_ul2f
                0x00009c04                __floatundisf
                0x00009c14                __aeabi_l2f
                0x00009c14                __floatdisf
 .text          0x00009c90      0x2a0 c:/program files (x86)/cypress/psoc creator/3.2/psoc creator/import/gnu/arm/4.8.4/bin/../lib/gcc/arm-none-eabi/4.8.4/armv7-m\libgcc.a(_arm_muldivsf3.o)
                0x00009c90                __mulsf3
                0x00009c90                __aeabi_fmul
                0x00009df8                __aeabi_fdiv
                0x00009df8                __divsf3
 .text          0x00009f30       0xec c:/program files (x86)/cypress/psoc creator/3.2/psoc creator/import/gnu/arm/4.8.4/bin/../lib/gcc/arm-none-eabi/4.8.4/armv7-m\libgcc.a(_arm_cmpsf2.o)
                0x00009f30                __gesf2
                0x00009f30                __gtsf2
                0x00009f38                __lesf2
                0x00009f38                __ltsf2
                0x00009f40                __nesf2
                0x00009f40                __eqsf2
                0x00009f40                __cmpsf2
                0x00009fa0                __aeabi_cfrcmple
                0x00009fa8                __aeabi_cfcmpeq
                0x00009fa8                __aeabi_cfcmple
                0x00009fb8                __aeabi_fcmpeq
                0x00009fcc                __aeabi_fcmplt
                0x00009fe0                __aeabi_fcmple
                0x00009ff4                __aeabi_fcmpge
                0x0000a008                __aeabi_fcmpgt
 .text.__errno  0x0000a01c        0xc c:/program files (x86)/cypress/psoc creator/3.2/psoc creator/import/gnu/arm/4.8.4/bin/../lib/gcc/arm-none-eabi/4.8.4/../../../../arm-none-eabi/lib/armv7-m\libg_s.a(lib_a-errno.o)
                0x0000a01c                __errno
 .text.__libc_init_array
                0x0000a028       0x4c c:/program files (x86)/cypress/psoc creator/3.2/psoc creator/import/gnu/arm/4.8.4/bin/../lib/gcc/arm-none-eabi/4.8.4/../../../../arm-none-eabi/lib/armv7-m\libg_s.a(lib_a-init.o)
                0x0000a028                __libc_init_array
 .text.memcpy   0x0000a074       0x12 c:/program files (x86)/cypress/psoc creator/3.2/psoc creator/import/gnu/arm/4.8.4/bin/../lib/gcc/arm-none-eabi/4.8.4/../../../../arm-none-eabi/lib/armv7-m\libg_s.a(lib_a-memcpy-stub.o)
                0x0000a074                memcpy
 .text.memset   0x0000a086       0x10 c:/program files (x86)/cypress/psoc creator/3.2/psoc creator/import/gnu/arm/4.8.4/bin/../lib/gcc/arm-none-eabi/4.8.4/../../../../arm-none-eabi/lib/armv7-m\libg_s.a(lib_a-memset.o)
                0x0000a086                memset
 .text.swapfunc
                0x0000a096       0x30 c:/program files (x86)/cypress/psoc creator/3.2/psoc creator/import/gnu/arm/4.8.4/bin/../lib/gcc/arm-none-eabi/4.8.4/../../../../arm-none-eabi/lib/armv7-m\libg_s.a(lib_a-qsort.o)
 .text.med3     0x0000a0c6       0x44 c:/program files (x86)/cypress/psoc creator/3.2/psoc creator/import/gnu/arm/4.8.4/bin/../lib/gcc/arm-none-eabi/4.8.4/../../../../arm-none-eabi/lib/armv7-m\libg_s.a(lib_a-qsort.o)
 .text.qsort    0x0000a10a      0x278 c:/program files (x86)/cypress/psoc creator/3.2/psoc creator/import/gnu/arm/4.8.4/bin/../lib/gcc/arm-none-eabi/4.8.4/../../../../arm-none-eabi/lib/armv7-m\libg_s.a(lib_a-qsort.o)
                0x0000a10a                qsort
 *fill*         0x0000a382        0x2 
 .text.sprintf  0x0000a384       0x48 c:/program files (x86)/cypress/psoc creator/3.2/psoc creator/import/gnu/arm/4.8.4/bin/../lib/gcc/arm-none-eabi/4.8.4/../../../../arm-none-eabi/lib/armv7-m\libg_s.a(lib_a-sprintf.o)
                0x0000a384                siprintf
                0x0000a384                sprintf
 .text.__ssputs_r
                0x0000a3cc       0xb8 c:/program files (x86)/cypress/psoc creator/3.2/psoc creator/import/gnu/arm/4.8.4/bin/../lib/gcc/arm-none-eabi/4.8.4/../../../../arm-none-eabi/lib/armv7-m\libg_s.a(lib_a-svfprintf.o)
                0x0000a3cc                __ssputs_r
 .text._svfprintf_r
                0x0000a484      0x1d8 c:/program files (x86)/cypress/psoc creator/3.2/psoc creator/import/gnu/arm/4.8.4/bin/../lib/gcc/arm-none-eabi/4.8.4/../../../../arm-none-eabi/lib/armv7-m\libg_s.a(lib_a-svfprintf.o)
                0x0000a484                _svfiprintf_r
                0x0000a484                _svfprintf_r
 .text._printf_common
                0x0000a65c       0xe4 c:/program files (x86)/cypress/psoc creator/3.2/psoc creator/import/gnu/arm/4.8.4/bin/../lib/gcc/arm-none-eabi/4.8.4/../../../../arm-none-eabi/lib/armv7-m\libg_s.a(lib_a-vfprintf_i.o)
                0x0000a65c                _printf_common
 .text._printf_i
                0x0000a740      0x228 c:/program files (x86)/cypress/psoc creator/3.2/psoc creator/import/gnu/arm/4.8.4/bin/../lib/gcc/arm-none-eabi/4.8.4/../../../../arm-none-eabi/lib/armv7-m\libg_s.a(lib_a-vfprintf_i.o)
                0x0000a740                _printf_i
 .text.memchr   0x0000a968       0x1c c:/program files (x86)/cypress/psoc creator/3.2/psoc creator/import/gnu/arm/4.8.4/bin/../lib/gcc/arm-none-eabi/4.8.4/../../../../arm-none-eabi/lib/armv7-m\libg_s.a(lib_a-memchr-stub.o)
                0x0000a968                memchr
 .text.memmove  0x0000a984       0x36 c:/program files (x86)/cypress/psoc creator/3.2/psoc creator/import/gnu/arm/4.8.4/bin/../lib/gcc/arm-none-eabi/4.8.4/../../../../arm-none-eabi/lib/armv7-m\libg_s.a(lib_a-memmove.o)
                0x0000a984                memmove
 *fill*         0x0000a9ba        0x2 
 .text._free_r  0x0000a9bc       0x88 c:/program files (x86)/cypress/psoc creator/3.2/psoc creator/import/gnu/arm/4.8.4/bin/../lib/gcc/arm-none-eabi/4.8.4/../../../../arm-none-eabi/lib/armv7-m\libg_s.a(lib_a-nano-freer.o)
                0x0000a9bc                _free_r
 .text._malloc_r
                0x0000aa44       0xa8 c:/program files (x86)/cypress/psoc creator/3.2/psoc creator/import/gnu/arm/4.8.4/bin/../lib/gcc/arm-none-eabi/4.8.4/../../../../arm-none-eabi/lib/armv7-m\libg_s.a(lib_a-nano-mallocr.o)
                0x0000aa44                _malloc_r
 .text._realloc_r
                0x0000aaec       0x4c c:/program files (x86)/cypress/psoc creator/3.2/psoc creator/import/gnu/arm/4.8.4/bin/../lib/gcc/arm-none-eabi/4.8.4/../../../../arm-none-eabi/lib/armv7-m\libg_s.a(lib_a-nano-reallocr.o)
                0x0000aaec                _realloc_r
 .text._sbrk_r  0x0000ab38       0x20 c:/program files (x86)/cypress/psoc creator/3.2/psoc creator/import/gnu/arm/4.8.4/bin/../lib/gcc/arm-none-eabi/4.8.4/../../../../arm-none-eabi/lib/armv7-m\libg_s.a(lib_a-sbrkr.o)
                0x0000ab38                _sbrk_r
 .text.strlen   0x0000ab58       0x10 c:/program files (x86)/cypress/psoc creator/3.2/psoc creator/import/gnu/arm/4.8.4/bin/../lib/gcc/arm-none-eabi/4.8.4/../../../../arm-none-eabi/lib/armv7-m\libg_s.a(lib_a-strlen.o)
                0x0000ab58                strlen
 .text._malloc_usable_size_r
                0x0000ab68       0x12 c:/program files (x86)/cypress/psoc creator/3.2/psoc creator/import/gnu/arm/4.8.4/bin/../lib/gcc/arm-none-eabi/4.8.4/../../../../arm-none-eabi/lib/armv7-m\libg_s.a(lib_a-nano-msizer.o)
                0x0000ab68                _malloc_usable_size_r
 *(.plt)
 *(.gnu.warning)
 *(.glue_7t)
 .glue_7t       0x00000000        0x0 linker stubs
 *(.glue_7)
 .glue_7        0x00000000        0x0 linker stubs
 *(.vfp11_veneer)
 .vfp11_veneer  0x00000000        0x0 linker stubs
 *(.bootloader)
 *(.ARM.extab* .gnu.linkonce.armextab.*)
 *(.gcc_except_table)

.v4_bx          0x0000ab7c        0x0
 .v4_bx         0x00000000        0x0 linker stubs

.iplt           0x0000ab7c        0x0
 .iplt          0x00000000        0x0 c:/program files (x86)/cypress/psoc creator/3.2/psoc creator/import/gnu/arm/4.8.4/bin/../lib/gcc/arm-none-eabi/4.8.4/armv7-m/crtbegin.o

.eh_frame_hdr
 *(.eh_frame_hdr)

.eh_frame       0x0000ab7c        0x4
 *(.eh_frame)
 .eh_frame      0x0000ab7c        0x0 c:/program files (x86)/cypress/psoc creator/3.2/psoc creator/import/gnu/arm/4.8.4/bin/../lib/gcc/arm-none-eabi/4.8.4/armv7-m/crtbegin.o
 .eh_frame      0x0000ab7c        0x4 c:/program files (x86)/cypress/psoc creator/3.2/psoc creator/import/gnu/arm/4.8.4/bin/../lib/gcc/arm-none-eabi/4.8.4/armv7-m/crtend.o
                0x0000ab80                PROVIDE (__exidx_start, .)

.ARM.exidx
 *(.ARM.exidx* .gnu.linkonce.armexidx.*)
                0x0000ab80                __exidx_end = .

.rodata         0x0000ab80     0x16d8
 *(.rodata .rodata.* .gnu.linkonce.r.*)
 .rodata        0x0000ab80      0x21c .\CortexM3\ARM_GCC_484\Debug\main.o
 .rodata        0x0000ad9c       0x90 .\CortexM3\ARM_GCC_484\Debug\my_camera_functions.o
 .rodata        0x0000ae2c       0x14 .\CortexM3\ARM_GCC_484\Debug\motor.o
 .rodata        0x0000ae40     0x12b0 .\CortexM3\ARM_GCC_484\Debug\camera_test.a(cyfitter_cfg.o)
 .rodata        0x0000c0f0       0xb8 .\CortexM3\ARM_GCC_484\Debug\camera_test.a(Camera_settings.o)
                0x0000c0f0                Camera_settings
                0x0000c15c                Camera_format
                0x0000c16c                Camera_sxga
                0x0000c178                Camera_vga
                0x0000c184                Camera_qvga
                0x0000c190                Camera_cif
                0x0000c19c                Camera_qcif
 .rodata.atanlo
                0x0000c1a8       0x20 c:/program files (x86)/cypress/psoc creator/3.2/psoc creator/import/gnu/arm/4.8.4/bin/../lib/gcc/arm-none-eabi/4.8.4/../../../../arm-none-eabi/lib/armv7-m\libm.a(lib_a-s_atan.o)
 .rodata.atanhi
                0x0000c1c8       0x20 c:/program files (x86)/cypress/psoc creator/3.2/psoc creator/import/gnu/arm/4.8.4/bin/../lib/gcc/arm-none-eabi/4.8.4/../../../../arm-none-eabi/lib/armv7-m\libm.a(lib_a-s_atan.o)
 .rodata.str1.1
                0x0000c1e8        0x2 c:/program files (x86)/cypress/psoc creator/3.2/psoc creator/import/gnu/arm/4.8.4/bin/../lib/gcc/arm-none-eabi/4.8.4/../../../../arm-none-eabi/lib/armv7-m\libg_s.a(lib_a-impure.o)
 .rodata.str1.1
                0x0000c1ea       0x11 c:/program files (x86)/cypress/psoc creator/3.2/psoc creator/import/gnu/arm/4.8.4/bin/../lib/gcc/arm-none-eabi/4.8.4/../../../../arm-none-eabi/lib/armv7-m\libg_s.a(lib_a-svfprintf.o)
 .rodata.str1.1
                0x0000c1fb       0x22 c:/program files (x86)/cypress/psoc creator/3.2/psoc creator/import/gnu/arm/4.8.4/bin/../lib/gcc/arm-none-eabi/4.8.4/../../../../arm-none-eabi/lib/armv7-m\libg_s.a(lib_a-vfprintf_i.o)
                0x0000c220                . = ALIGN (0x4)
 *fill*         0x0000c21d        0x3 
 *(.init)
 .init          0x0000c220        0x4 c:/program files (x86)/cypress/psoc creator/3.2/psoc creator/import/gnu/arm/4.8.4/bin/../lib/gcc/arm-none-eabi/4.8.4/armv7-m/crti.o
                0x0000c220                _init
 .init          0x0000c224        0x8 c:/program files (x86)/cypress/psoc creator/3.2/psoc creator/import/gnu/arm/4.8.4/bin/../lib/gcc/arm-none-eabi/4.8.4/armv7-m/crtn.o
                0x0000c22c                . = ALIGN (0x4)
                0x0000c22c                __preinit_array_start = .
 *(.preinit_array)
                0x0000c22c                __preinit_array_end = .
                0x0000c22c                . = ALIGN (0x4)
                0x0000c22c                __init_array_start = .
 *(SORT(.init_array.*))
 *(.init_array)
 .init_array    0x0000c22c        0x4 c:/program files (x86)/cypress/psoc creator/3.2/psoc creator/import/gnu/arm/4.8.4/bin/../lib/gcc/arm-none-eabi/4.8.4/armv7-m/crtbegin.o
 .init_array    0x0000c230        0x4 .\CortexM3\ARM_GCC_484\Debug\Cm3Start.o
                0x0000c234                __init_array_end = .
                0x0000c234                . = ALIGN (0x4)
 *(.fini)
 .fini          0x0000c234        0x4 c:/program files (x86)/cypress/psoc creator/3.2/psoc creator/import/gnu/arm/4.8.4/bin/../lib/gcc/arm-none-eabi/4.8.4/armv7-m/crti.o
                0x0000c234                _fini
 .fini          0x0000c238        0x8 c:/program files (x86)/cypress/psoc creator/3.2/psoc creator/import/gnu/arm/4.8.4/bin/../lib/gcc/arm-none-eabi/4.8.4/armv7-m/crtn.o
                0x0000c240                . = ALIGN (0x4)
                0x0000c240                __fini_array_start = .
 *(.fini_array)
 .fini_array    0x0000c240        0x4 c:/program files (x86)/cypress/psoc creator/3.2/psoc creator/import/gnu/arm/4.8.4/bin/../lib/gcc/arm-none-eabi/4.8.4/armv7-m/crtbegin.o
 *(SORT(.fini_array.*))
                0x0000c244                __fini_array_end = .
                0x0000c244                . = ALIGN (0x4)
 *crtbegin.o(.ctors)
 *(EXCLUDE_FILE(*crtend.o) .ctors)
 *(SORT(.ctors.*))
 *crtend.o(.ctors)
                0x0000c244                . = ALIGN (0x4)
 *crtbegin.o(.dtors)
 *(EXCLUDE_FILE(*crtend.o) .dtors)
 *(SORT(.dtors.*))
 *crtend.o(.dtors)
                0x0000c244                . = ALIGN (0x4)
                0x0000c244                __cy_regions = .
                0x0000c244        0x4 LONG 0xc258 __cy_region_init_ram
                0x0000c248        0x4 LONG 0x1fff8108 __cy_region_start_data
                0x0000c24c        0x4 LONG 0xa0 __cy_region_init_size_ram
                0x0000c250        0x4 LONG 0xeda8 __cy_region_zero_size_ram
                0x0000c254                __cy_regions_end = .
                0x0000c258                . = ALIGN (0x8)
 *fill*         0x0000c254        0x4 
                0x0000c258                _etext = .

.ramvectors     0x1fff8000      0x100
                0x1fff8000                __cy_region_start_ram = .
 *(.ramvectors)
 .ramvectors    0x1fff8000      0x100 .\CortexM3\ARM_GCC_484\Debug\Cm3Start.o
                0x1fff8000                CyRamVectors

.noinit         0x1fff8100        0x5
 *(.noinit)
 .noinit        0x1fff8100        0x4 .\CortexM3\ARM_GCC_484\Debug\Cm3Start.o
 .noinit        0x1fff8104        0x1 .\CortexM3\ARM_GCC_484\Debug\camera_test.a(CyLib.o)
                0x1fff8104                CyResetStatus

.data           0x1fff8108       0xa0 load address 0x0000c258
                0x1fff8108                __cy_region_start_data = .
 *(.jcr)
 .jcr           0x1fff8108        0x0 c:/program files (x86)/cypress/psoc creator/3.2/psoc creator/import/gnu/arm/4.8.4/bin/../lib/gcc/arm-none-eabi/4.8.4/armv7-m/crtbegin.o
 .jcr           0x1fff8108        0x4 c:/program files (x86)/cypress/psoc creator/3.2/psoc creator/import/gnu/arm/4.8.4/bin/../lib/gcc/arm-none-eabi/4.8.4/armv7-m/crtend.o
 *(.got.plt)
 *(.got)
 *(.shdata)
 *(.data .data.* .gnu.linkonce.d.*)
 .data          0x1fff810c        0xa .\CortexM3\ARM_GCC_484\Debug\my_camera_functions.o
                0x1fff810c                RED_U
                0x1fff810d                RED_V
                0x1fff810e                GREEN_U
                0x1fff810f                GREEN_V
                0x1fff8110                BLUE_U
                0x1fff8111                BLUE_V
                0x1fff8112                GAIN
                0x1fff8113                B_GAIN
                0x1fff8114                R_GAIN
                0x1fff8115                EXPOSURE
 *fill*         0x1fff8116        0x2 
 .data          0x1fff8118        0x8 .\CortexM3\ARM_GCC_484\Debug\arm.o
                0x1fff8118                arm_levels
 .data          0x1fff8120        0x3 .\CortexM3\ARM_GCC_484\Debug\motor.o
                0x1fff8120                HEADING_ERROR_LIMIT
                0x1fff8121                STALL_SPEED
                0x1fff8122                MAX_SPEED
 *fill*         0x1fff8123        0x1 
 .data          0x1fff8124        0x4 .\CortexM3\ARM_GCC_484\Debug\Cm3Start.o
 .data          0x1fff8128        0x1 .\CortexM3\ARM_GCC_484\Debug\camera_test.a(Camera_DMA_dma.o)
                0x1fff8128                Camera_DMA_DmaHandle
 *fill*         0x1fff8129        0x3 
 .data          0x1fff812c        0x8 .\CortexM3\ARM_GCC_484\Debug\camera_test.a(CyDmac.o)
 .data          0x1fff8134       0x10 .\CortexM3\ARM_GCC_484\Debug\camera_test.a(CyLib.o)
                0x1fff8134                cydelay_freq_hz
                0x1fff8138                cydelay_freq_khz
                0x1fff813c                cydelay_freq_mhz
                0x1fff8140                cydelay_32k_ms
 .data.impure_data
                0x1fff8144       0x60 c:/program files (x86)/cypress/psoc creator/3.2/psoc creator/import/gnu/arm/4.8.4/bin/../lib/gcc/arm-none-eabi/4.8.4/../../../../arm-none-eabi/lib/armv7-m\libg_s.a(lib_a-impure.o)
 .data._impure_ptr
                0x1fff81a4        0x4 c:/program files (x86)/cypress/psoc creator/3.2/psoc creator/import/gnu/arm/4.8.4/bin/../lib/gcc/arm-none-eabi/4.8.4/../../../../arm-none-eabi/lib/armv7-m\libg_s.a(lib_a-impure.o)
                0x1fff81a4                _impure_ptr
                0x1fff81a8                . = ALIGN (0x8)
 *(.ram)
                0x1fff81a8                _edata = .

.igot.plt       0x1fff81a8        0x0 load address 0x0000c2f8
 .igot.plt      0x00000000        0x0 c:/program files (x86)/cypress/psoc creator/3.2/psoc creator/import/gnu/arm/4.8.4/bin/../lib/gcc/arm-none-eabi/4.8.4/armv7-m/crtbegin.o

.bss            0x1fff81a8     0xeda8 load address 0x0000c2f8
                0x1fff81a8                PROVIDE (__bss_start__, .)
 *(.shbss)
 *(.bss .bss.* .gnu.linkonce.b.*)
 .bss           0x1fff81a8       0x1c c:/program files (x86)/cypress/psoc creator/3.2/psoc creator/import/gnu/arm/4.8.4/bin/../lib/gcc/arm-none-eabi/4.8.4/armv7-m/crtbegin.o
 .bss           0x1fff81c4        0x8 .\CortexM3\ARM_GCC_484\Debug\ultrasonic.o
                0x1fff81c4                ultra_i
                0x1fff81c8                var_ultra
 .bss           0x1fff81cc        0x8 .\CortexM3\ARM_GCC_484\Debug\ultrasonic_s.o
                0x1fff81cc                ultra_i_s
                0x1fff81d0                var_ultra_s
 .bss           0x1fff81d4       0x14 .\CortexM3\ARM_GCC_484\Debug\camera_test.a(Camera.o)
 .bss           0x1fff81e8        0x2 .\CortexM3\ARM_GCC_484\Debug\camera_test.a(LCD.o)
                0x1fff81e8                LCD_enableState
                0x1fff81e9                LCD_initVar
 .bss           0x1fff81ea        0x1 .\CortexM3\ARM_GCC_484\Debug\camera_test.a(Gripper_PWM.o)
                0x1fff81ea                Gripper_PWM_initVar
 .bss           0x1fff81eb        0x1 .\CortexM3\ARM_GCC_484\Debug\camera_test.a(Timer.o)
                0x1fff81eb                Timer_initVar
 .bss           0x1fff81ec        0x1 .\CortexM3\ARM_GCC_484\Debug\camera_test.a(MOTOR_L.o)
                0x1fff81ec                MOTOR_L_initVar
 .bss           0x1fff81ed        0x1 .\CortexM3\ARM_GCC_484\Debug\camera_test.a(MOTOR_R.o)
                0x1fff81ed                MOTOR_R_initVar
 .bss           0x1fff81ee        0x1 .\CortexM3\ARM_GCC_484\Debug\camera_test.a(I2C.o)
                0x1fff81ee                I2C_initVar
 .bss           0x1fff81ef        0x1 .\CortexM3\ARM_GCC_484\Debug\camera_test.a(HC_PWM.o)
                0x1fff81ef                HC_PWM_initVar
 .bss           0x1fff81f0        0x1 .\CortexM3\ARM_GCC_484\Debug\camera_test.a(HC_Timer.o)
                0x1fff81f0                HC_Timer_initVar
 .bss           0x1fff81f1        0x1 .\CortexM3\ARM_GCC_484\Debug\camera_test.a(Arm_PWM.o)
                0x1fff81f1                Arm_PWM_initVar
 .bss           0x1fff81f2        0x1 .\CortexM3\ARM_GCC_484\Debug\camera_test.a(BEAM_BREAK_TIMER.o)
                0x1fff81f2                BEAM_BREAK_TIMER_initVar
 .bss           0x1fff81f3        0x1 .\CortexM3\ARM_GCC_484\Debug\camera_test.a(Camera_I2C.o)
                0x1fff81f3                Camera_I2C_initVar
 .bss           0x1fff81f4        0x1 .\CortexM3\ARM_GCC_484\Debug\camera_test.a(Button_PWM.o)
                0x1fff81f4                Button_PWM_initVar
 .bss           0x1fff81f5        0x1 .\CortexM3\ARM_GCC_484\Debug\camera_test.a(HC_PWM_S.o)
                0x1fff81f5                HC_PWM_S_initVar
 .bss           0x1fff81f6        0x1 .\CortexM3\ARM_GCC_484\Debug\camera_test.a(IR_Timer.o)
                0x1fff81f6                IR_Timer_initVar
 .bss           0x1fff81f7        0x1 .\CortexM3\ARM_GCC_484\Debug\camera_test.a(IR_PWM.o)
                0x1fff81f7                IR_PWM_initVar
 .bss           0x1fff81f8        0x1 .\CortexM3\ARM_GCC_484\Debug\camera_test.a(HC_Timer_S.o)
                0x1fff81f8                HC_Timer_S_initVar
 *fill*         0x1fff81f9        0x3 
 .bss.__malloc_sbrk_start
                0x1fff81fc        0x4 c:/program files (x86)/cypress/psoc creator/3.2/psoc creator/import/gnu/arm/4.8.4/bin/../lib/gcc/arm-none-eabi/4.8.4/../../../../arm-none-eabi/lib/armv7-m\libg_s.a(lib_a-nano-mallocr.o)
                0x1fff81fc                __malloc_sbrk_start
 .bss.__malloc_free_list
                0x1fff8200        0x4 c:/program files (x86)/cypress/psoc creator/3.2/psoc creator/import/gnu/arm/4.8.4/bin/../lib/gcc/arm-none-eabi/4.8.4/../../../../arm-none-eabi/lib/armv7-m\libg_s.a(lib_a-nano-mallocr.o)
                0x1fff8200                __malloc_free_list
 *(COMMON)
 COMMON         0x1fff8204     0xc62c .\CortexM3\ARM_GCC_484\Debug\main.o
                0x1fff8204                stack
                0x1fff8214                outString
                0x1fff8230                Camera_framebuffer
 COMMON         0x20004830      0xff0 .\CortexM3\ARM_GCC_484\Debug\blob_stats.o
                0x20004830                blobs
 COMMON         0x20005820        0x2 .\CortexM3\ARM_GCC_484\Debug\buttons.o
                0x20005820                but0_b
                0x20005821                but1_b
 *fill*         0x20005822        0x6 
 COMMON         0x20005828     0x168e .\CortexM3\ARM_GCC_484\Debug\compass.o
                0x20005828                compass_z
                0x2000582a                original_compass_heading
                0x2000582c                compass_y
                0x20005830                CosDeg
                0x20006370                SinDeg
                0x20006eb0                compass_ready
                0x20006eb2                compass_heading
                0x20006eb4                compass_x
 *fill*         0x20006eb6        0x2 
 COMMON         0x20006eb8       0x21 .\CortexM3\ARM_GCC_484\Debug\motor.o
                0x20006eb8                start_y
                0x20006ebc                currently_driving
                0x20006ebd                currently_rotating
                0x20006ec0                desired_distance
                0x20006ec4                motor_state
                0x20006ec8                start_x
                0x20006ecc                end_x
                0x20006ed0                desired_heading
                0x20006ed4                end_y
                0x20006ed8                just_arrived
 *fill*         0x20006ed9        0x3 
 COMMON         0x20006edc       0x18 .\CortexM3\ARM_GCC_484\Debug\ultrasonic.o
                0x20006edc                ultra_distance
                0x20006ee0                ultra
 COMMON         0x20006ef4       0x12 .\CortexM3\ARM_GCC_484\Debug\infrared.o
                0x20006ef4                pulse_length
                0x20006ef8                arr_i
                0x20006efc                max
                0x20006f00                pulse_length_arr
 *fill*         0x20006f06        0x2 
 COMMON         0x20006f08       0x18 .\CortexM3\ARM_GCC_484\Debug\ultrasonic_s.o
                0x20006f08                ultra_distance_s
                0x20006f0c                ultra_s
 COMMON         0x20006f20        0x1 .\CortexM3\ARM_GCC_484\Debug\camera_test.a(I2C.o)
                0x20006f20                I2C_state
 *fill*         0x20006f21        0x3 
 COMMON         0x20006f24       0x10 .\CortexM3\ARM_GCC_484\Debug\camera_test.a(I2C_MASTER.o)
                0x20006f24                I2C_mstrWrBufIndex
                0x20006f25                I2C_mstrWrBufSize
                0x20006f26                I2C_mstrStatus
                0x20006f28                I2C_mstrRdBufPtr
                0x20006f2c                I2C_mstrControl
                0x20006f2d                I2C_mstrRdBufSize
                0x20006f2e                I2C_mstrRdBufIndex
                0x20006f30                I2C_mstrWrBufPtr
 COMMON         0x20006f34        0x1 .\CortexM3\ARM_GCC_484\Debug\camera_test.a(Camera_I2C.o)
                0x20006f34                Camera_I2C_state
 *fill*         0x20006f35        0x3 
 COMMON         0x20006f38       0x11 .\CortexM3\ARM_GCC_484\Debug\camera_test.a(Camera_I2C_MASTER.o)
                0x20006f38                Camera_I2C_mstrWrBufSize
                0x20006f39                Camera_I2C_mstrRdBufIndex
                0x20006f3a                Camera_I2C_mstrRdBufSize
                0x20006f3b                Camera_I2C_mstrControl
                0x20006f3c                Camera_I2C_mstrWrBufPtr
                0x20006f40                Camera_I2C_mstrWrBufIndex
                0x20006f44                Camera_I2C_mstrRdBufPtr
                0x20006f48                Camera_I2C_mstrStatus
 *fill*         0x20006f49        0x3 
 COMMON         0x20006f4c        0x4 c:/program files (x86)/cypress/psoc creator/3.2/psoc creator/import/gnu/arm/4.8.4/bin/../lib/gcc/arm-none-eabi/4.8.4/../../../../arm-none-eabi/lib/armv7-m\libg_s.a(lib_a-reent.o)
                0x20006f4c                errno
                0x20006f50                . = ALIGN (0x8)
 *(.ram.b)
                0x20006f50                _end = .
                0x20006f50                __end = .
                0x20006f50                PROVIDE (end, .)
                0x20006f50                PROVIDE (__bss_end__, .)
                0x0000c258                __cy_region_init_ram = LOADADDR (.data)
                0x000000a0                __cy_region_init_size_ram = (_edata - ADDR (.data))
                0x0000eda8                __cy_region_zero_size_ram = (_end - _edata)

.heap           0x20006f50        0x0 load address 0x0000c2f8
                0x20006f50                . = _end
                0x20006f50                . = (. + 0x0)
                0x20006f50                __cy_heap_limit = .

.stack          0x20007800      0x800
                0x20007800                __cy_stack_limit = .
                0x20008000                . = (. + 0x800)
 *fill*         0x20007800      0x800 
                0x00000001                ASSERT ((__cy_stack_limit >= __cy_heap_limit), region RAM overflowed with stack)

.cyloadermeta   0xf0000000       0x40
 *(.cyloadermeta)
 .cyloadermeta  0xf0000000       0x40 .\CortexM3\ARM_GCC_484\Debug\cybootloader.o
                0xf0000000                cy_meta_loader

.cyloadablemeta
                0x0003ffc0       0x40
 *(.cyloadablemeta)
 .cyloadablemeta
                0x0003ffc0       0x40 .\CortexM3\ARM_GCC_484\Debug\cymetadata.o
                0x0003ffc0                cy_meta_loadable

.cyconfigecc
 *(.cyconfigecc)

.cycustnvl      0x90000000        0x4
 *(.cycustnvl)
 .cycustnvl     0x90000000        0x4 .\CortexM3\ARM_GCC_484\Debug\cybootloader.o
                0x90000000                cy_meta_custnvl

.cywolatch      0x90100000        0x4
 *(.cywolatch)
 .cywolatch     0x90100000        0x4 .\CortexM3\ARM_GCC_484\Debug\cybootloader.o
                0x90100000                cy_meta_wonvl

.cyeeprom       0x90200000        0x0
 *(.cyeeprom)
                0x00000001                ASSERT ((. <= ((0x90200000 + ee_offset) + ee_size)), .cyeeprom data will not fit in EEPROM)

.cyflashprotect
                0x90400000      0x100
 *(.cyflashprotect)
 .cyflashprotect
                0x90400000      0x100 .\CortexM3\ARM_GCC_484\Debug\cybootloader.o
                0x90400000                cy_meta_flashprotect

.cymeta         0x90500000        0xc
 *(.cymeta)
 .cymeta        0x90500000        0xc .\CortexM3\ARM_GCC_484\Debug\cybootloader.o
                0x90500000                cy_metadata

.rel.dyn        0x00040000        0x0 load address 0x9050000c
 .rel.iplt      0x00000000        0x0 c:/program files (x86)/cypress/psoc creator/3.2/psoc creator/import/gnu/arm/4.8.4/bin/../lib/gcc/arm-none-eabi/4.8.4/armv7-m/crtbegin.o

.stab
 *(.stab)

.stabstr
 *(.stabstr)

.debug
 *(.debug)

.line
 *(.line)

.debug_srcinfo
 *(.debug_srcinfo)

.debug_sfnames
 *(.debug_sfnames)

.debug_aranges  0x00000000     0x1c58
 *(.debug_aranges)
 .debug_aranges
                0x00000000       0x38 .\CortexM3\ARM_GCC_484\Debug\main.o
 .debug_aranges
                0x00000038       0x50 .\CortexM3\ARM_GCC_484\Debug\blob_stats.o
 .debug_aranges
                0x00000088       0x88 .\CortexM3\ARM_GCC_484\Debug\my_camera_functions.o
 .debug_aranges
                0x00000110       0x38 .\CortexM3\ARM_GCC_484\Debug\arm.o
 .debug_aranges
                0x00000148       0x30 .\CortexM3\ARM_GCC_484\Debug\buttons.o
 .debug_aranges
                0x00000178       0x38 .\CortexM3\ARM_GCC_484\Debug\compass.o
 .debug_aranges
                0x000001b0       0x40 .\CortexM3\ARM_GCC_484\Debug\gripper.o
 .debug_aranges
                0x000001f0       0xb0 .\CortexM3\ARM_GCC_484\Debug\motor.o
 .debug_aranges
                0x000002a0       0x50 .\CortexM3\ARM_GCC_484\Debug\ultrasonic.o
 .debug_aranges
                0x000002f0       0x20 .\CortexM3\ARM_GCC_484\Debug\beam.o
 .debug_aranges
                0x00000310       0x40 .\CortexM3\ARM_GCC_484\Debug\infrared.o
 .debug_aranges
                0x00000350       0x58 .\CortexM3\ARM_GCC_484\Debug\ultrasonic_s.o
 .debug_aranges
                0x000003a8       0x18 .\CortexM3\ARM_GCC_484\Debug\cybootloader.o
 .debug_aranges
                0x000003c0       0x18 .\CortexM3\ARM_GCC_484\Debug\cymetadata.o
 .debug_aranges
                0x000003d8       0x48 .\CortexM3\ARM_GCC_484\Debug\Cm3Start.o
 .debug_aranges
                0x00000420       0x60 .\CortexM3\ARM_GCC_484\Debug\camera_test.a(cyfitter_cfg.o)
 .debug_aranges
                0x00000480       0x58 .\CortexM3\ARM_GCC_484\Debug\camera_test.a(Camera.o)
 .debug_aranges
                0x000004d8       0xb0 .\CortexM3\ARM_GCC_484\Debug\camera_test.a(USB.o)
 .debug_aranges
                0x00000588       0xb0 .\CortexM3\ARM_GCC_484\Debug\camera_test.a(USB_cdc.o)
 .debug_aranges
                0x00000638       0x98 .\CortexM3\ARM_GCC_484\Debug\camera_test.a(USB_drv.o)
 .debug_aranges
                0x000006d0       0x40 .\CortexM3\ARM_GCC_484\Debug\camera_test.a(USB_episr.o)
 .debug_aranges
                0x00000710       0x78 .\CortexM3\ARM_GCC_484\Debug\camera_test.a(USB_std.o)
 .debug_aranges
                0x00000788       0x20 .\CortexM3\ARM_GCC_484\Debug\camera_test.a(USB_vnd.o)
 .debug_aranges
                0x000007a8       0x90 .\CortexM3\ARM_GCC_484\Debug\camera_test.a(LCD.o)
 .debug_aranges
                0x00000838       0x78 .\CortexM3\ARM_GCC_484\Debug\camera_test.a(Gripper_PWM.o)
 .debug_aranges
                0x000008b0       0x38 .\CortexM3\ARM_GCC_484\Debug\camera_test.a(RED.o)
 .debug_aranges
                0x000008e8       0x90 .\CortexM3\ARM_GCC_484\Debug\camera_test.a(Timer.o)
 .debug_aranges
                0x00000978       0x78 .\CortexM3\ARM_GCC_484\Debug\camera_test.a(MOTOR_L.o)
 .debug_aranges
                0x000009f0       0x38 .\CortexM3\ARM_GCC_484\Debug\camera_test.a(MLIN1.o)
 .debug_aranges
                0x00000a28       0x38 .\CortexM3\ARM_GCC_484\Debug\camera_test.a(MLIN2.o)
 .debug_aranges
                0x00000a60       0x78 .\CortexM3\ARM_GCC_484\Debug\camera_test.a(MOTOR_R.o)
 .debug_aranges
                0x00000ad8       0x38 .\CortexM3\ARM_GCC_484\Debug\camera_test.a(MRIN1.o)
 .debug_aranges
                0x00000b10       0x38 .\CortexM3\ARM_GCC_484\Debug\camera_test.a(MRIN2.o)
 .debug_aranges
                0x00000b48       0x80 .\CortexM3\ARM_GCC_484\Debug\camera_test.a(but0.o)
 .debug_aranges
                0x00000bc8       0x80 .\CortexM3\ARM_GCC_484\Debug\camera_test.a(but1.o)
 .debug_aranges
                0x00000c48       0x38 .\CortexM3\ARM_GCC_484\Debug\camera_test.a(I2C.o)
 .debug_aranges
                0x00000c80       0x20 .\CortexM3\ARM_GCC_484\Debug\camera_test.a(I2C_INT.o)
 .debug_aranges
                0x00000ca0       0x80 .\CortexM3\ARM_GCC_484\Debug\camera_test.a(I2C_MASTER.o)
 .debug_aranges
                0x00000d20       0xa8 .\CortexM3\ARM_GCC_484\Debug\camera_test.a(HC_PWM.o)
 .debug_aranges
                0x00000dc8       0x80 .\CortexM3\ARM_GCC_484\Debug\camera_test.a(HC_Timer.o)
 .debug_aranges
                0x00000e48       0x80 .\CortexM3\ARM_GCC_484\Debug\camera_test.a(HC_ISR.o)
 .debug_aranges
                0x00000ec8       0x98 .\CortexM3\ARM_GCC_484\Debug\camera_test.a(Arm_PWM.o)
 .debug_aranges
                0x00000f60       0x80 .\CortexM3\ARM_GCC_484\Debug\camera_test.a(Compass_DRDY_ISR.o)
 .debug_aranges
                0x00000fe0       0x80 .\CortexM3\ARM_GCC_484\Debug\camera_test.a(BEAM_BREAK_TIMER.o)
 .debug_aranges
                0x00001060       0x28 .\CortexM3\ARM_GCC_484\Debug\camera_test.a(Camera_DMA_dma.o)
 .debug_aranges
                0x00001088       0x38 .\CortexM3\ARM_GCC_484\Debug\camera_test.a(Camera_VSYNC.o)
 .debug_aranges
                0x000010c0       0x38 .\CortexM3\ARM_GCC_484\Debug\camera_test.a(Camera_SIOD.o)
 .debug_aranges
                0x000010f8       0x38 .\CortexM3\ARM_GCC_484\Debug\camera_test.a(Camera_SIOC.o)
 .debug_aranges
                0x00001130       0x38 .\CortexM3\ARM_GCC_484\Debug\camera_test.a(Camera_I2C.o)
 .debug_aranges
                0x00001168       0x20 .\CortexM3\ARM_GCC_484\Debug\camera_test.a(Camera_I2C_INT.o)
 .debug_aranges
                0x00001188       0x38 .\CortexM3\ARM_GCC_484\Debug\camera_test.a(Camera_I2C_PM.o)
 .debug_aranges
                0x000011c0       0x80 .\CortexM3\ARM_GCC_484\Debug\camera_test.a(Camera_I2C_MASTER.o)
 .debug_aranges
                0x00001240       0x78 .\CortexM3\ARM_GCC_484\Debug\camera_test.a(Button_PWM.o)
 .debug_aranges