Archive member included because of file (symbol)

.\CortexM3\ARM_GCC_484\Debug\ENG3091_MandM.a(cyfitter_cfg.o)
                              .\CortexM3\ARM_GCC_484\Debug\Cm3Start.o (cyfitter_cfg)
.\CortexM3\ARM_GCC_484\Debug\ENG3091_MandM.a(SDAT_A.o)
                              .\CortexM3\ARM_GCC_484\Debug\mouse_a.o (SDAT_A_Write)
.\CortexM3\ARM_GCC_484\Debug\ENG3091_MandM.a(SCLK_A.o)
                              .\CortexM3\ARM_GCC_484\Debug\mouse_a.o (SCLK_A_Write)
.\CortexM3\ARM_GCC_484\Debug\ENG3091_MandM.a(sclk_a_isr.o)
                              .\CortexM3\ARM_GCC_484\Debug\main.o (sclk_a_isr_StartEx)
.\CortexM3\ARM_GCC_484\Debug\ENG3091_MandM.a(SCLK_B.o)
                              .\CortexM3\ARM_GCC_484\Debug\mouse_b.o (SCLK_B_Write)
.\CortexM3\ARM_GCC_484\Debug\ENG3091_MandM.a(SDAT_B.o)
                              .\CortexM3\ARM_GCC_484\Debug\mouse_b.o (SDAT_B_Write)
.\CortexM3\ARM_GCC_484\Debug\ENG3091_MandM.a(sclk_b_isr.o)
                              .\CortexM3\ARM_GCC_484\Debug\main.o (sclk_b_isr_StartEx)
.\CortexM3\ARM_GCC_484\Debug\ENG3091_MandM.a(Timer.o)
                              .\CortexM3\ARM_GCC_484\Debug\main.o (Timer_ReadCounter)
.\CortexM3\ARM_GCC_484\Debug\ENG3091_MandM.a(ORANGE.o)
                              .\CortexM3\ARM_GCC_484\Debug\main.o (ORANGE_Write)
.\CortexM3\ARM_GCC_484\Debug\ENG3091_MandM.a(CyBootAsmGnu.o)
                              .\CortexM3\ARM_GCC_484\Debug\ENG3091_MandM.a(cyfitter_cfg.o) (CyDelayCycles)
.\CortexM3\ARM_GCC_484\Debug\ENG3091_MandM.a(CyDmac.o)
                              .\CortexM3\ARM_GCC_484\Debug\Cm3Start.o (CyDmacConfigure)
.\CortexM3\ARM_GCC_484\Debug\ENG3091_MandM.a(CyLib.o)
                              .\CortexM3\ARM_GCC_484\Debug\Cm3Start.o (CyHalt)
.\CortexM3\ARM_GCC_484\Debug\ENG3091_MandM.a(cyPm.o)
                              .\CortexM3\ARM_GCC_484\Debug\ENG3091_MandM.a(CyLib.o) (CyPmReadStatus)
.\CortexM3\ARM_GCC_484\Debug\ENG3091_MandM.a(cyutils.o)
                              .\CortexM3\ARM_GCC_484\Debug\ENG3091_MandM.a(Timer.o) (CySetReg24)
.\CortexM3\ARM_GCC_484\Debug\ENG3091_MandM.a(MOTOR2.o)
                              .\CortexM3\ARM_GCC_484\Debug\motor.o (MOTOR2_WriteCompare)
.\CortexM3\ARM_GCC_484\Debug\ENG3091_MandM.a(but1.o)
                              .\CortexM3\ARM_GCC_484\Debug\main.o (but1_StartEx)
.\CortexM3\ARM_GCC_484\Debug\ENG3091_MandM.a(but0.o)
                              .\CortexM3\ARM_GCC_484\Debug\main.o (but0_StartEx)
.\CortexM3\ARM_GCC_484\Debug\ENG3091_MandM.a(MOTOR1.o)
                              .\CortexM3\ARM_GCC_484\Debug\motor.o (MOTOR1_WriteCompare)
.\CortexM3\ARM_GCC_484\Debug\ENG3091_MandM.a(M1IN1.o)
                              .\CortexM3\ARM_GCC_484\Debug\motor.o (M1IN1_Write)
.\CortexM3\ARM_GCC_484\Debug\ENG3091_MandM.a(M1IN2.o)
                              .\CortexM3\ARM_GCC_484\Debug\motor.o (M1IN2_Write)
.\CortexM3\ARM_GCC_484\Debug\ENG3091_MandM.a(M2IN1.o)
                              .\CortexM3\ARM_GCC_484\Debug\motor.o (M2IN1_Write)
.\CortexM3\ARM_GCC_484\Debug\ENG3091_MandM.a(M2IN2.o)
                              .\CortexM3\ARM_GCC_484\Debug\motor.o (M2IN2_Write)
.\CortexM3\ARM_GCC_484\Debug\ENG3091_MandM.a(Button_PWM.o)
                              .\CortexM3\ARM_GCC_484\Debug\main.o (Button_PWM_Start)
.\CortexM3\ARM_GCC_484\Debug\ENG3091_MandM.a(CyFlash.o)
                              .\CortexM3\ARM_GCC_484\Debug\ENG3091_MandM.a(cyPm.o) (CyFlash_SetWaitCycles)
.\CortexM3\ARM_GCC_484\Debug\ENG3091_MandM.a(CySpc.o)
                              .\CortexM3\ARM_GCC_484\Debug\ENG3091_MandM.a(CyFlash.o) (CySpcStart)
c:/program files (x86)/cypress/psoc creator/3.2/psoc creator/import/gnu/arm/4.8.4/bin/../lib/gcc/arm-none-eabi/4.8.4/armv7-m\libgcc.a(_arm_addsubdf3.o)
                              .\CortexM3\ARM_GCC_484\Debug\navigation.o (__aeabi_dsub)
c:/program files (x86)/cypress/psoc creator/3.2/psoc creator/import/gnu/arm/4.8.4/bin/../lib/gcc/arm-none-eabi/4.8.4/../../../../arm-none-eabi/lib/armv7-m\libg_s.a(lib_a-errno.o)
                              .\CortexM3\ARM_GCC_484\Debug\Cm3Start.o (__errno)
c:/program files (x86)/cypress/psoc creator/3.2/psoc creator/import/gnu/arm/4.8.4/bin/../lib/gcc/arm-none-eabi/4.8.4/../../../../arm-none-eabi/lib/armv7-m\libg_s.a(lib_a-exit.o)
                              c:/program files (x86)/cypress/psoc creator/3.2/psoc creator/import/gnu/arm/4.8.4/bin/../lib/gcc/arm-none-eabi/4.8.4/../../../../arm-none-eabi/lib/armv7-m/crt0.o (exit)
c:/program files (x86)/cypress/psoc creator/3.2/psoc creator/import/gnu/arm/4.8.4/bin/../lib/gcc/arm-none-eabi/4.8.4/../../../../arm-none-eabi/lib/armv7-m\libg_s.a(lib_a-impure.o)
                              c:/program files (x86)/cypress/psoc creator/3.2/psoc creator/import/gnu/arm/4.8.4/bin/../lib/gcc/arm-none-eabi/4.8.4/../../../../arm-none-eabi/lib/armv7-m\libg_s.a(lib_a-exit.o) (_global_impure_ptr)
[...]
Memory Configuration

Name             Origin             Length             Attributes
rom              0x00000000         0x00040000         xr
ram              0x1fff8000         0x00010000         xrw
*default*        0x00000000         0xffffffff

Linker script and memory map

LOAD c:/program files (x86)/cypress/psoc creator/3.2/psoc creator/import/gnu/arm/4.8.4/bin/../lib/gcc/arm-none-eabi/4.8.4/armv7-m/crti.o
LOAD c:/program files (x86)/cypress/psoc creator/3.2/psoc creator/import/gnu/arm/4.8.4/bin/../lib/gcc/arm-none-eabi/4.8.4/armv7-m/crtbegin.o
LOAD c:/program files (x86)/cypress/psoc creator/3.2/psoc creator/import/gnu/arm/4.8.4/bin/../lib/gcc/arm-none-eabi/4.8.4/../../../../arm-none-eabi/lib/armv7-m/crt0.o
START GROUP
LOAD .\CortexM3\ARM_GCC_484\Debug\main.o
LOAD .\CortexM3\ARM_GCC_484\Debug\mouse_a.o
LOAD .\CortexM3\ARM_GCC_484\Debug\mouse_b.o
LOAD .\CortexM3\ARM_GCC_484\Debug\motor.o
LOAD .\CortexM3\ARM_GCC_484\Debug\navigation.o
LOAD .\CortexM3\ARM_GCC_484\Debug\cybootloader.o
LOAD .\CortexM3\ARM_GCC_484\Debug\cymetadata.o
LOAD .\CortexM3\ARM_GCC_484\Debug\Cm3Start.o
LOAD .\CortexM3\ARM_GCC_484\Debug\ENG3091_MandM.a
LOAD C:\Program Files (x86)\Cypress\PSoC Creator\3.2\PSoC Creator\psoc\content\cycomponentlibrary\CyComponentLibrary.cylib\CortexM3\ARM_GCC_484\Debug\CyComponentLibrary.a
END GROUP
START GROUP
LOAD c:/program files (x86)/cypress/psoc creator/3.2/psoc creator/import/gnu/arm/4.8.4/bin/../lib/gcc/arm-none-eabi/4.8.4/armv7-m\libgcc.a
LOAD c:/program files (x86)/cypress/psoc creator/3.2/psoc creator/import/gnu/arm/4.8.4/bin/../lib/gcc/arm-none-eabi/4.8.4/../../../../arm-none-eabi/lib/armv7-m\libg_s.a
LOAD c:/program files (x86)/cypress/psoc creator/3.2/psoc creator/import/gnu/arm/4.8.4/bin/../lib/gcc/arm-none-eabi/4.8.4/../../../../arm-none-eabi/lib/armv7-m\libc_s.a
END GROUP
START GROUP
LOAD c:/program files (x86)/cypress/psoc creator/3.2/psoc creator/import/gnu/arm/4.8.4/bin/../lib/gcc/arm-none-eabi/4.8.4/armv7-m\libgcc.a
LOAD c:/program files (x86)/cypress/psoc creator/3.2/psoc creator/import/gnu/arm/4.8.4/bin/../lib/gcc/arm-none-eabi/4.8.4/../../../../arm-none-eabi/lib/armv7-m\libc_s.a
END GROUP
LOAD c:/program files (x86)/cypress/psoc creator/3.2/psoc creator/import/gnu/arm/4.8.4/bin/../lib/gcc/arm-none-eabi/4.8.4/armv7-m/crtend.o
LOAD c:/program files (x86)/cypress/psoc creator/3.2/psoc creator/import/gnu/arm/4.8.4/bin/../lib/gcc/arm-none-eabi/4.8.4/armv7-m/crtn.o
START GROUP
LOAD c:/program files (x86)/cypress/psoc creator/3.2/psoc creator/import/gnu/arm/4.8.4/bin/../lib/gcc/arm-none-eabi/4.8.4/armv7-m\libgcc.a
LOAD c:/program files (x86)/cypress/psoc creator/3.2/psoc creator/import/gnu/arm/4.8.4/bin/../lib/gcc/arm-none-eabi/4.8.4/../../../../arm-none-eabi/lib/armv7-m\libc.a
LOAD c:/program files (x86)/cypress/psoc creator/3.2/psoc creator/import/gnu/arm/4.8.4/bin/../lib/gcc/arm-none-eabi/4.8.4/../../../../arm-none-eabi/lib/armv7-m\libnosys.a
END GROUP
                0x00000000                CY_APPL_ORIGIN = 0x0
                0x00000100                CY_FLASH_ROW_SIZE = 0x100
                0x00000020                CY_ECC_ROW_SIZE = 0x20
                0x00000000                CY_EE_IN_BTLDR = 0x0
                0x00000001                CY_APPL_LOADABLE = 0x1
                0x00000800                CY_EE_SIZE = 0x800
                0x00000001                CY_APPL_NUM = 0x1
                0x00000001                CY_APPL_MAX = 0x1
                0x00000040                CY_METADATA_SIZE = 0x40
                0x20004790                PROVIDE (__cy_heap_start, _end)
                0x00000001                PROVIDE (__cy_region_num, ((__cy_regions_end - __cy_regions) / 0x10))
                0x20008000                PROVIDE (__cy_stack, (ORIGIN (ram) + 0x10000))
                0x20007800                PROVIDE (__cy_heap_end, (__cy_stack - 0x800))

.cybootloader   0x00000000     0x2700
 *(.cybootloader)
 .cybootloader  0x00000000     0x2700 .\CortexM3\ARM_GCC_484\Debug\cybootloader.o
                0x00000000                cy_bootloader
                0x00002700                appl1_start = CY_APPL_ORIGIN?CY_APPL_ORIGIN:ALIGN (CY_FLASH_ROW_SIZE)
                0x00021300                appl2_start = (appl1_start + ALIGN ((((0x40000 - appl1_start) - (0x2 * CY_FLASH_ROW_SIZE)) / 0x2), CY_FLASH_ROW_SIZE))
                0x00002700                appl_start = (CY_APPL_NUM == 0x1)?appl1_start:appl2_start
                0x000004e0                ecc_offset = ((appl_start / CY_FLASH_ROW_SIZE) * CY_ECC_ROW_SIZE)
                0x00000000                ee_offset = (CY_APPL_LOADABLE && ! (CY_EE_IN_BTLDR))?((CY_EE_SIZE / CY_APPL_MAX) * (CY_APPL_NUM - 0x1)):0x0
                0x00000800                ee_size = (CY_APPL_LOADABLE && ! (CY_EE_IN_BTLDR))?(CY_EE_SIZE / CY_APPL_MAX):CY_EE_SIZE
                0x000004e0                PROVIDE (CY_ECC_OFFSET, ecc_offset)

.text           0x00002700     0x1426
 CREATE_OBJECT_SYMBOLS
                0x00002700                PROVIDE (__cy_interrupt_vector, RomVectors)
 *(.romvectors)
 .romvectors    0x00002700       0x10 .\CortexM3\ARM_GCC_484\Debug\Cm3Start.o
                0x00002700                RomVectors
                0x00000001                ASSERT ((. != __cy_interrupt_vector), No interrupt vector)
                0x00000001                ASSERT (CY_APPL_ORIGIN?(SIZEOF (.cybootloader) <= CY_APPL_ORIGIN):0x1, Wrong image location)
                0x00002710                PROVIDE (__cy_reset, Reset)
 *(.text.Reset)
 .text.Reset    0x00002710        0x8 .\CortexM3\ARM_GCC_484\Debug\Cm3Start.o
                0x00002710                Reset
                0x00000001                ASSERT ((. != __cy_reset), No reset code)
 *(.dma_init)
                0x00000001                ASSERT ((((appl_start + .) <= 0x10000) || 0x1), DMA Init must be within the first 64k of flash)
 *(.text .text.* .gnu.linkonce.t.*)
 .text          0x00002718       0x54 c:/program files (x86)/cypress/psoc creator/3.2/psoc creator/import/gnu/arm/4.8.4/bin/../lib/gcc/arm-none-eabi/4.8.4/armv7-m/crtbegin.o
 .text.INC_ISR  0x0000276c       0x14 .\CortexM3\ARM_GCC_484\Debug\main.o
                0x0000276c                INC_ISR
 .text.DEC_ISR  0x00002780       0x14 .\CortexM3\ARM_GCC_484\Debug\main.o
                0x00002780                DEC_ISR
 .text.init_buttons
                0x00002794       0x1c .\CortexM3\ARM_GCC_484\Debug\main.o
                0x00002794                init_buttons
 .text.init_mice
                0x000027b0       0x60 .\CortexM3\ARM_GCC_484\Debug\main.o
                0x000027b0                init_mice
 .text.main     0x00002810       0xac .\CortexM3\ARM_GCC_484\Debug\main.o
                0x00002810                main
 .text.mouse_a_write
                0x000028bc       0xb0 .\CortexM3\ARM_GCC_484\Debug\mouse_a.o
                0x000028bc                mouse_a_write
 .text.mouse_a_init
                0x0000296c       0x48 .\CortexM3\ARM_GCC_484\Debug\mouse_a.o
                0x0000296c                mouse_a_init
 .text.reset_sclk_a_isr
                0x000029b4       0x44 .\CortexM3\ARM_GCC_484\Debug\mouse_a.o
                0x000029b4                reset_sclk_a_isr
 .text.MY_SCLK_A_ISR
                0x000029f8      0x218 .\CortexM3\ARM_GCC_484\Debug\mouse_a.o
                0x000029f8                MY_SCLK_A_ISR
 .text.mouse_b_write
                0x00002c10       0xb0 .\CortexM3\ARM_GCC_484\Debug\mouse_b.o
                0x00002c10                mouse_b_write
 .text.mouse_b_init
                0x00002cc0       0x48 .\CortexM3\ARM_GCC_484\Debug\mouse_b.o
                0x00002cc0                mouse_b_init
 .text.reset_sclk_b_isr
                0x00002d08       0x44 .\CortexM3\ARM_GCC_484\Debug\mouse_b.o
                0x00002d08                reset_sclk_b_isr
 .text.MY_SCLK_B_ISR
                0x00002d4c      0x218 .\CortexM3\ARM_GCC_484\Debug\mouse_b.o
                0x00002d4c                MY_SCLK_B_ISR
 .text.init_motors
                0x00002f64       0x30 .\CortexM3\ARM_GCC_484\Debug\motor.o
                0x00002f64                init_motors
 .text.setSpeed
                0x00002f94       0x20 .\CortexM3\ARM_GCC_484\Debug\motor.o
                0x00002f94                setSpeed
 .text.setCoast
                0x00002fb4       0x2c .\CortexM3\ARM_GCC_484\Debug\motor.o
                0x00002fb4                setCoast
 .text.setForward
                0x00002fe0       0x2c .\CortexM3\ARM_GCC_484\Debug\motor.o
                0x00002fe0                setForward
 .text.reset_navigation
                0x0000300c       0x60 .\CortexM3\ARM_GCC_484\Debug\navigation.o
                0x0000300c                reset_navigation
 .text.IntDefaultHandler
                0x0000306c        0x4 .\CortexM3\ARM_GCC_484\Debug\Cm3Start.o
                0x0000306c                IntDefaultHandler
 .text.Start_c  0x00003070       0x4c .\CortexM3\ARM_GCC_484\Debug\Cm3Start.o
                0x00003070                Start_c
 .text.initialize_psoc
                0x000030bc       0x74 .\CortexM3\ARM_GCC_484\Debug\Cm3Start.o
                0x000030bc                initialize_psoc
 .text.CyClockStartupError
                0x00003130        0x4 .\CortexM3\ARM_GCC_484\Debug\ENG3091_MandM.a(cyfitter_cfg.o)
 .text.cfg_write_bytes32
                0x00003134       0x34 .\CortexM3\ARM_GCC_484\Debug\ENG3091_MandM.a(cyfitter_cfg.o)
 .text.AnalogSetDefault
                0x00003168       0x28 .\CortexM3\ARM_GCC_484\Debug\ENG3091_MandM.a(cyfitter_cfg.o)
 .text.CYMEMZERO
                0x00003190        0xc .\CortexM3\ARM_GCC_484\Debug\ENG3091_MandM.a(cyfitter_cfg.o)
 .text.CYCONFIGCPYCODE
                0x0000319c        0x8 .\CortexM3\ARM_GCC_484\Debug\ENG3091_MandM.a(cyfitter_cfg.o)
 .text.CYCONFIGCPY
                0x000031a4        0x8 .\CortexM3\ARM_GCC_484\Debug\ENG3091_MandM.a(cyfitter_cfg.o)
 .text.ClockSetup
                0x000031ac      0x104 .\CortexM3\ARM_GCC_484\Debug\ENG3091_MandM.a(cyfitter_cfg.o)
 .text.cyfitter_cfg
                0x000032b0      0x13c .\CortexM3\ARM_GCC_484\Debug\ENG3091_MandM.a(cyfitter_cfg.o)
                0x000032b0                cyfitter_cfg
 .text.SDAT_A_Write
                0x000033ec       0x18 .\CortexM3\ARM_GCC_484\Debug\ENG3091_MandM.a(SDAT_A.o)
                0x000033ec                SDAT_A_Write
 .text.SDAT_A_Read
                0x00003404       0x10 .\CortexM3\ARM_GCC_484\Debug\ENG3091_MandM.a(SDAT_A.o)
                0x00003404                SDAT_A_Read
 .text.SCLK_A_Write
                0x00003414       0x18 .\CortexM3\ARM_GCC_484\Debug\ENG3091_MandM.a(SCLK_A.o)
                0x00003414                SCLK_A_Write
 .text.SCLK_A_Read
                0x0000342c       0x10 .\CortexM3\ARM_GCC_484\Debug\ENG3091_MandM.a(SCLK_A.o)
                0x0000342c                SCLK_A_Read
 .text.SCLK_A_ClearInterrupt
                0x0000343c       0x10 .\CortexM3\ARM_GCC_484\Debug\ENG3091_MandM.a(SCLK_A.o)
                0x0000343c                SCLK_A_ClearInterrupt
 .text.sclk_a_isr_SetVector
                0x0000344c        0xc .\CortexM3\ARM_GCC_484\Debug\ENG3091_MandM.a(sclk_a_isr.o)
                0x0000344c                sclk_a_isr_SetVector
 .text.sclk_a_isr_SetPriority
                0x00003458       0x10 .\CortexM3\ARM_GCC_484\Debug\ENG3091_MandM.a(sclk_a_isr.o)
                0x00003458                sclk_a_isr_SetPriority
 .text.sclk_a_isr_Enable
                0x00003468        0xc .\CortexM3\ARM_GCC_484\Debug\ENG3091_MandM.a(sclk_a_isr.o)
                0x00003468                sclk_a_isr_Enable
 .text.sclk_a_isr_Disable
                0x00003474        0xc .\CortexM3\ARM_GCC_484\Debug\ENG3091_MandM.a(sclk_a_isr.o)
                0x00003474                sclk_a_isr_Disable
 .text.sclk_a_isr_StartEx
                0x00003480       0x1c .\CortexM3\ARM_GCC_484\Debug\ENG3091_MandM.a(sclk_a_isr.o)
                0x00003480                sclk_a_isr_StartEx
 .text.sclk_a_isr_Stop
                0x0000349c       0x14 .\CortexM3\ARM_GCC_484\Debug\ENG3091_MandM.a(sclk_a_isr.o)
                0x0000349c                sclk_a_isr_Stop
 .text.SCLK_B_Write
                0x000034b0       0x18 .\CortexM3\ARM_GCC_484\Debug\ENG3091_MandM.a(SCLK_B.o)
                0x000034b0                SCLK_B_Write
 .text.SCLK_B_Read
                0x000034c8       0x10 .\CortexM3\ARM_GCC_484\Debug\ENG3091_MandM.a(SCLK_B.o)
                0x000034c8                SCLK_B_Read
 .text.SCLK_B_ClearInterrupt
                0x000034d8       0x10 .\CortexM3\ARM_GCC_484\Debug\ENG3091_MandM.a(SCLK_B.o)
                0x000034d8                SCLK_B_ClearInterrupt
 .text.SDAT_B_Write
                0x000034e8       0x18 .\CortexM3\ARM_GCC_484\Debug\ENG3091_MandM.a(SDAT_B.o)
                0x000034e8                SDAT_B_Write
 .text.SDAT_B_Read
                0x00003500       0x10 .\CortexM3\ARM_GCC_484\Debug\ENG3091_MandM.a(SDAT_B.o)
                0x00003500                SDAT_B_Read
 .text.sclk_b_isr_SetVector
                0x00003510        0xc .\CortexM3\ARM_GCC_484\Debug\ENG3091_MandM.a(sclk_b_isr.o)
                0x00003510                sclk_b_isr_SetVector
 .text.sclk_b_isr_SetPriority
                0x0000351c       0x10 .\CortexM3\ARM_GCC_484\Debug\ENG3091_MandM.a(sclk_b_isr.o)
                0x0000351c                sclk_b_isr_SetPriority
 .text.sclk_b_isr_Enable
                0x0000352c       0x10 .\CortexM3\ARM_GCC_484\Debug\ENG3091_MandM.a(sclk_b_isr.o)
                0x0000352c                sclk_b_isr_Enable
 .text.sclk_b_isr_Disable
                0x0000353c       0x10 .\CortexM3\ARM_GCC_484\Debug\ENG3091_MandM.a(sclk_b_isr.o)
                0x0000353c                sclk_b_isr_Disable
 .text.sclk_b_isr_StartEx
                0x0000354c       0x1c .\CortexM3\ARM_GCC_484\Debug\ENG3091_MandM.a(sclk_b_isr.o)
                0x0000354c                sclk_b_isr_StartEx
 .text.sclk_b_isr_Stop
                0x00003568       0x14 .\CortexM3\ARM_GCC_484\Debug\ENG3091_MandM.a(sclk_b_isr.o)
                0x00003568                sclk_b_isr_Stop
 .text.Timer_Enable
                0x0000357c       0x10 .\CortexM3\ARM_GCC_484\Debug\ENG3091_MandM.a(Timer.o)
                0x0000357c                Timer_Enable
 .text.Timer_SetInterruptMode
                0x0000358c        0xc .\CortexM3\ARM_GCC_484\Debug\ENG3091_MandM.a(Timer.o)
                0x0000358c                Timer_SetInterruptMode
 .text.Timer_ReadStatusRegister
                0x00003598        0xc .\CortexM3\ARM_GCC_484\Debug\ENG3091_MandM.a(Timer.o)
                0x00003598                Timer_ReadStatusRegister
 .text.Timer_WritePeriod
                0x000035a4       0x10 .\CortexM3\ARM_GCC_484\Debug\ENG3091_MandM.a(Timer.o)
                0x000035a4                Timer_WritePeriod
 .text.Timer_ReadCapture
                0x000035b4       0x10 .\CortexM3\ARM_GCC_484\Debug\ENG3091_MandM.a(Timer.o)
                0x000035b4                Timer_ReadCapture
 .text.Timer_WriteCounter
                0x000035c4       0x10 .\CortexM3\ARM_GCC_484\Debug\ENG3091_MandM.a(Timer.o)
                0x000035c4                Timer_WriteCounter
 .text.Timer_ReadCounter
                0x000035d4       0x18 .\CortexM3\ARM_GCC_484\Debug\ENG3091_MandM.a(Timer.o)
                0x000035d4                Timer_ReadCounter
 .text.Timer_ClearFIFO
                0x000035ec       0x14 .\CortexM3\ARM_GCC_484\Debug\ENG3091_MandM.a(Timer.o)
                0x000035ec                Timer_ClearFIFO
 .text.Timer_Init
                0x00003600       0x34 .\CortexM3\ARM_GCC_484\Debug\ENG3091_MandM.a(Timer.o)
                0x00003600                Timer_Init
 .text.Timer_Start
                0x00003634       0x1c .\CortexM3\ARM_GCC_484\Debug\ENG3091_MandM.a(Timer.o)
                0x00003634                Timer_Start
 .text.ORANGE_Write
                0x00003650       0x18 .\CortexM3\ARM_GCC_484\Debug\ENG3091_MandM.a(ORANGE.o)
                0x00003650                ORANGE_Write
 .text          0x00003668       0x28 .\CortexM3\ARM_GCC_484\Debug\ENG3091_MandM.a(CyBootAsmGnu.o)
                0x00003668                CyDelayCycles
                0x0000367c                CyEnterCriticalSection
                0x00003684                CyExitCriticalSection
 .text.CyDmacConfigure
                0x00003690       0x34 .\CortexM3\ARM_GCC_484\Debug\ENG3091_MandM.a(CyDmac.o)
                0x00003690                CyDmacConfigure
 .text.CyDelay  0x000036c4       0x2c .\CortexM3\ARM_GCC_484\Debug\ENG3091_MandM.a(CyLib.o)
                0x000036c4                CyDelay
 .text.CyDelayUs
                0x000036f0       0x14 .\CortexM3\ARM_GCC_484\Debug\ENG3091_MandM.a(CyLib.o)
                0x000036f0                CyDelayUs
 .text.CySetReg24
                0x00003704       0x14 .\CortexM3\ARM_GCC_484\Debug\ENG3091_MandM.a(cyutils.o)
                0x00003704                CySetReg24
 .text.MOTOR2_Enable
                0x00003718       0x28 .\CortexM3\ARM_GCC_484\Debug\ENG3091_MandM.a(MOTOR2.o)
                0x00003718                MOTOR2_Enable
 .text.MOTOR2_WritePeriod
                0x00003740        0xc .\CortexM3\ARM_GCC_484\Debug\ENG3091_MandM.a(MOTOR2.o)
                0x00003740                MOTOR2_WritePeriod
 .text.MOTOR2_WriteCompare
                0x0000374c        0xc .\CortexM3\ARM_GCC_484\Debug\ENG3091_MandM.a(MOTOR2.o)
                0x0000374c                MOTOR2_WriteCompare
 .text.MOTOR2_SetInterruptMode
                0x00003758        0xc .\CortexM3\ARM_GCC_484\Debug\ENG3091_MandM.a(MOTOR2.o)
                0x00003758                MOTOR2_SetInterruptMode
 .text.MOTOR2_Init
                0x00003764       0x70 .\CortexM3\ARM_GCC_484\Debug\ENG3091_MandM.a(MOTOR2.o)
                0x00003764                MOTOR2_Init
 .text.MOTOR2_Start
                0x000037d4       0x1c .\CortexM3\ARM_GCC_484\Debug\ENG3091_MandM.a(MOTOR2.o)
                0x000037d4                MOTOR2_Start
 .text.but1_SetVector
                0x000037f0        0xc .\CortexM3\ARM_GCC_484\Debug\ENG3091_MandM.a(but1.o)
                0x000037f0                but1_SetVector
 .text.but1_SetPriority
                0x000037fc       0x10 .\CortexM3\ARM_GCC_484\Debug\ENG3091_MandM.a(but1.o)
                0x000037fc                but1_SetPriority
 .text.but1_Enable
                0x0000380c        0xc .\CortexM3\ARM_GCC_484\Debug\ENG3091_MandM.a(but1.o)
                0x0000380c                but1_Enable
 .text.but1_Disable
                0x00003818        0xc .\CortexM3\ARM_GCC_484\Debug\ENG3091_MandM.a(but1.o)
                0x00003818                but1_Disable
 .text.but1_StartEx
                0x00003824       0x1c .\CortexM3\ARM_GCC_484\Debug\ENG3091_MandM.a(but1.o)
                0x00003824                but1_StartEx
 .text.but1_ClearPending
                0x00003840        0xc .\CortexM3\ARM_GCC_484\Debug\ENG3091_MandM.a(but1.o)
                0x00003840                but1_ClearPending
 .text.but0_SetVector
                0x0000384c        0xc .\CortexM3\ARM_GCC_484\Debug\ENG3091_MandM.a(but0.o)
                0x0000384c                but0_SetVector
 .text.but0_SetPriority
                0x00003858       0x10 .\CortexM3\ARM_GCC_484\Debug\ENG3091_MandM.a(but0.o)
                0x00003858                but0_SetPriority
 .text.but0_Enable
                0x00003868        0xc .\CortexM3\ARM_GCC_484\Debug\ENG3091_MandM.a(but0.o)
                0x00003868                but0_Enable
 .text.but0_Disable
                0x00003874        0xc .\CortexM3\ARM_GCC_484\Debug\ENG3091_MandM.a(but0.o)
                0x00003874                but0_Disable
 .text.but0_StartEx
                0x00003880       0x1c .\CortexM3\ARM_GCC_484\Debug\ENG3091_MandM.a(but0.o)
                0x00003880                but0_StartEx
 .text.but0_ClearPending
                0x0000389c        0xc .\CortexM3\ARM_GCC_484\Debug\ENG3091_MandM.a(but0.o)
                0x0000389c                but0_ClearPending
 .text.MOTOR1_Enable
                0x000038a8       0x28 .\CortexM3\ARM_GCC_484\Debug\ENG3091_MandM.a(MOTOR1.o)
                0x000038a8                MOTOR1_Enable
 .text.MOTOR1_WritePeriod
                0x000038d0        0xc .\CortexM3\ARM_GCC_484\Debug\ENG3091_MandM.a(MOTOR1.o)
                0x000038d0                MOTOR1_WritePeriod
 .text.MOTOR1_WriteCompare
                0x000038dc        0xc .\CortexM3\ARM_GCC_484\Debug\ENG3091_MandM.a(MOTOR1.o)
                0x000038dc                MOTOR1_WriteCompare
 .text.MOTOR1_SetInterruptMode
                0x000038e8        0xc .\CortexM3\ARM_GCC_484\Debug\ENG3091_MandM.a(MOTOR1.o)
                0x000038e8                MOTOR1_SetInterruptMode
 .text.MOTOR1_Init
                0x000038f4       0x70 .\CortexM3\ARM_GCC_484\Debug\ENG3091_MandM.a(MOTOR1.o)
                0x000038f4                MOTOR1_Init
 .text.MOTOR1_Start
                0x00003964       0x1c .\CortexM3\ARM_GCC_484\Debug\ENG3091_MandM.a(MOTOR1.o)
                0x00003964                MOTOR1_Start
 .text.M1IN1_Write
                0x00003980       0x18 .\CortexM3\ARM_GCC_484\Debug\ENG3091_MandM.a(M1IN1.o)
                0x00003980                M1IN1_Write
 .text.M1IN2_Write
                0x00003998       0x18 .\CortexM3\ARM_GCC_484\Debug\ENG3091_MandM.a(M1IN2.o)
                0x00003998                M1IN2_Write
 .text.M2IN1_Write
                0x000039b0       0x18 .\CortexM3\ARM_GCC_484\Debug\ENG3091_MandM.a(M2IN1.o)
                0x000039b0                M2IN1_Write
 .text.M2IN2_Write
                0x000039c8       0x18 .\CortexM3\ARM_GCC_484\Debug\ENG3091_MandM.a(M2IN2.o)
                0x000039c8                M2IN2_Write
 .text.Button_PWM_Enable
                0x000039e0       0x28 .\CortexM3\ARM_GCC_484\Debug\ENG3091_MandM.a(Button_PWM.o)
                0x000039e0                Button_PWM_Enable
 .text.Button_PWM_WritePeriod
                0x00003a08        0xc .\CortexM3\ARM_GCC_484\Debug\ENG3091_MandM.a(Button_PWM.o)
                0x00003a08                Button_PWM_WritePeriod
 .text.Button_PWM_WriteCompare
                0x00003a14        0xc .\CortexM3\ARM_GCC_484\Debug\ENG3091_MandM.a(Button_PWM.o)
                0x00003a14                Button_PWM_WriteCompare
 .text.Button_PWM_SetInterruptMode
                0x00003a20        0xc .\CortexM3\ARM_GCC_484\Debug\ENG3091_MandM.a(Button_PWM.o)
                0x00003a20                Button_PWM_SetInterruptMode
 .text.Button_PWM_Init
                0x00003a2c       0x70 .\CortexM3\ARM_GCC_484\Debug\ENG3091_MandM.a(Button_PWM.o)
                0x00003a2c                Button_PWM_Init
 .text.Button_PWM_Start
                0x00003a9c       0x1c .\CortexM3\ARM_GCC_484\Debug\ENG3091_MandM.a(Button_PWM.o)
                0x00003a9c                Button_PWM_Start
 .text.__libc_init_array
                0x00003ab8       0x4c c:/program files (x86)/cypress/psoc creator/3.2/psoc creator/import/gnu/arm/4.8.4/bin/../lib/gcc/arm-none-eabi/4.8.4/../../../../arm-none-eabi/lib/armv7-m\libg_s.a(lib_a-init.o)
                0x00003ab8                __libc_init_array
 .text.memcpy   0x00003b04       0x12 c:/program files (x86)/cypress/psoc creator/3.2/psoc creator/import/gnu/arm/4.8.4/bin/../lib/gcc/arm-none-eabi/4.8.4/../../../../arm-none-eabi/lib/armv7-m\libg_s.a(lib_a-memcpy-stub.o)
                0x00003b04                memcpy
 .text.memset   0x00003b16       0x10 c:/program files (x86)/cypress/psoc creator/3.2/psoc creator/import/gnu/arm/4.8.4/bin/../lib/gcc/arm-none-eabi/4.8.4/../../../../arm-none-eabi/lib/armv7-m\libg_s.a(lib_a-memset.o)
                0x00003b16                memset
 *(.plt)
 *(.gnu.warning)
 *(.glue_7t)
 .glue_7t       0x00000000        0x0 linker stubs
 *(.glue_7)
 .glue_7        0x00000000        0x0 linker stubs
 *(.vfp11_veneer)
 .vfp11_veneer  0x00000000        0x0 linker stubs
 *(.bootloader)
 *(.ARM.extab* .gnu.linkonce.armextab.*)
 *(.gcc_except_table)

.v4_bx          0x00003b28        0x0
 .v4_bx         0x00000000        0x0 linker stubs

.iplt           0x00003b28        0x0
 .iplt          0x00000000        0x0 c:/program files (x86)/cypress/psoc creator/3.2/psoc creator/import/gnu/arm/4.8.4/bin/../lib/gcc/arm-none-eabi/4.8.4/armv7-m/crtbegin.o

.eh_frame_hdr
 *(.eh_frame_hdr)

.eh_frame       0x00003b28        0x4
 *(.eh_frame)
 .eh_frame      0x00003b28        0x0 c:/program files (x86)/cypress/psoc creator/3.2/psoc creator/import/gnu/arm/4.8.4/bin/../lib/gcc/arm-none-eabi/4.8.4/armv7-m/crtbegin.o
 .eh_frame      0x00003b28        0x4 c:/program files (x86)/cypress/psoc creator/3.2/psoc creator/import/gnu/arm/4.8.4/bin/../lib/gcc/arm-none-eabi/4.8.4/armv7-m/crtend.o
                0x00003b2c                PROVIDE (__exidx_start, .)

.ARM.exidx
 *(.ARM.exidx* .gnu.linkonce.armexidx.*)
                0x00003b2c                __exidx_end = .

.rodata         0x00003b2c      0x4b4
 *(.rodata .rodata.* .gnu.linkonce.r.*)
 .rodata        0x00003b2c      0x480 .\CortexM3\ARM_GCC_484\Debug\ENG3091_MandM.a(cyfitter_cfg.o)
                0x00003fac                . = ALIGN (0x4)
 *(.init)
 .init          0x00003fac        0x4 c:/program files (x86)/cypress/psoc creator/3.2/psoc creator/import/gnu/arm/4.8.4/bin/../lib/gcc/arm-none-eabi/4.8.4/armv7-m/crti.o
                0x00003fac                _init
 .init          0x00003fb0        0x8 c:/program files (x86)/cypress/psoc creator/3.2/psoc creator/import/gnu/arm/4.8.4/bin/../lib/gcc/arm-none-eabi/4.8.4/armv7-m/crtn.o
                0x00003fb8                . = ALIGN (0x4)
                0x00003fb8                __preinit_array_start = .
 *(.preinit_array)
                0x00003fb8                __preinit_array_end = .
                0x00003fb8                . = ALIGN (0x4)
                0x00003fb8                __init_array_start = .
 *(SORT(.init_array.*))
 *(.init_array)
 .init_array    0x00003fb8        0x4 c:/program files (x86)/cypress/psoc creator/3.2/psoc creator/import/gnu/arm/4.8.4/bin/../lib/gcc/arm-none-eabi/4.8.4/armv7-m/crtbegin.o
 .init_array    0x00003fbc        0x4 .\CortexM3\ARM_GCC_484\Debug\Cm3Start.o
                0x00003fc0                __init_array_end = .
                0x00003fc0                . = ALIGN (0x4)
 *(.fini)
 .fini          0x00003fc0        0x4 c:/program files (x86)/cypress/psoc creator/3.2/psoc creator/import/gnu/arm/4.8.4/bin/../lib/gcc/arm-none-eabi/4.8.4/armv7-m/crti.o
                0x00003fc0                _fini
 .fini          0x00003fc4        0x8 c:/program files (x86)/cypress/psoc creator/3.2/psoc creator/import/gnu/arm/4.8.4/bin/../lib/gcc/arm-none-eabi/4.8.4/armv7-m/crtn.o
                0x00003fcc                . = ALIGN (0x4)
                0x00003fcc                __fini_array_start = .
 *(.fini_array)
 .fini_array    0x00003fcc        0x4 c:/program files (x86)/cypress/psoc creator/3.2/psoc creator/import/gnu/arm/4.8.4/bin/../lib/gcc/arm-none-eabi/4.8.4/armv7-m/crtbegin.o
 *(SORT(.fini_array.*))
                0x00003fd0                __fini_array_end = .
                0x00003fd0                . = ALIGN (0x4)
 *crtbegin.o(.ctors)
 *(EXCLUDE_FILE(*crtend.o) .ctors)
 *(SORT(.ctors.*))
 *crtend.o(.ctors)
                0x00003fd0                . = ALIGN (0x4)
 *crtbegin.o(.dtors)
 *(EXCLUDE_FILE(*crtend.o) .dtors)
 *(SORT(.dtors.*))
 *crtend.o(.dtors)
                0x00003fd0                . = ALIGN (0x4)
                0x00003fd0                __cy_regions = .
                0x00003fd0        0x4 LONG 0x3fe0 __cy_region_init_ram
                0x00003fd4        0x4 LONG 0x1fff8108 __cy_region_start_data
                0x00003fd8        0x4 LONG 0x20 __cy_region_init_size_ram
                0x00003fdc        0x4 LONG 0xc668 __cy_region_zero_size_ram
                0x00003fe0                __cy_regions_end = .
                0x00003fe0                . = ALIGN (0x8)
                0x00003fe0                _etext = .

.ramvectors     0x1fff8000      0x100
                0x1fff8000                __cy_region_start_ram = .
 *(.ramvectors)
 .ramvectors    0x1fff8000      0x100 .\CortexM3\ARM_GCC_484\Debug\Cm3Start.o
                0x1fff8000                CyRamVectors

.noinit         0x1fff8100        0x5
 *(.noinit)
 .noinit        0x1fff8100        0x4 .\CortexM3\ARM_GCC_484\Debug\Cm3Start.o
 .noinit        0x1fff8104        0x1 .\CortexM3\ARM_GCC_484\Debug\ENG3091_MandM.a(CyLib.o)
                0x1fff8104                CyResetStatus

.data           0x1fff8108       0x20 load address 0x00003fe0
                0x1fff8108                __cy_region_start_data = .
 *(.jcr)
 .jcr           0x1fff8108        0x0 c:/program files (x86)/cypress/psoc creator/3.2/psoc creator/import/gnu/arm/4.8.4/bin/../lib/gcc/arm-none-eabi/4.8.4/armv7-m/crtbegin.o
 .jcr           0x1fff8108        0x4 c:/program files (x86)/cypress/psoc creator/3.2/psoc creator/import/gnu/arm/4.8.4/bin/../lib/gcc/arm-none-eabi/4.8.4/armv7-m/crtend.o
 *(.got.plt)
 *(.got)
 *(.shdata)
 *(.data .data.* .gnu.linkonce.d.*)
 .data          0x1fff810c        0x8 .\CortexM3\ARM_GCC_484\Debug\ENG3091_MandM.a(CyDmac.o)
 .data          0x1fff8114       0x10 .\CortexM3\ARM_GCC_484\Debug\ENG3091_MandM.a(CyLib.o)
                0x1fff8114                cydelay_32k_ms
                0x1fff8118                cydelay_freq_khz
                0x1fff811c                cydelay_freq_mhz
                0x1fff8120                cydelay_freq_hz
                0x1fff8128                . = ALIGN (0x8)
 *fill*         0x1fff8124        0x4 
 *(.ram)
                0x1fff8128                _edata = .

.igot.plt       0x1fff8128        0x0 load address 0x00004000
 .igot.plt      0x00000000        0x0 c:/program files (x86)/cypress/psoc creator/3.2/psoc creator/import/gnu/arm/4.8.4/bin/../lib/gcc/arm-none-eabi/4.8.4/armv7-m/crtbegin.o

.bss            0x1fff8128     0xc668 load address 0x00004000
                0x1fff8128                PROVIDE (__bss_start__, .)
 *(.shbss)
 *(.bss .bss.* .gnu.linkonce.b.*)
 .bss           0x1fff8128       0x1c c:/program files (x86)/cypress/psoc creator/3.2/psoc creator/import/gnu/arm/4.8.4/bin/../lib/gcc/arm-none-eabi/4.8.4/armv7-m/crtbegin.o
 .bss           0x1fff8144        0x1 .\CortexM3\ARM_GCC_484\Debug\ENG3091_MandM.a(Timer.o)
                0x1fff8144                Timer_initVar
 .bss           0x1fff8145        0x1 .\CortexM3\ARM_GCC_484\Debug\ENG3091_MandM.a(MOTOR2.o)
                0x1fff8145                MOTOR2_initVar
 .bss           0x1fff8146        0x1 .\CortexM3\ARM_GCC_484\Debug\ENG3091_MandM.a(MOTOR1.o)
                0x1fff8146                MOTOR1_initVar
 .bss           0x1fff8147        0x1 .\CortexM3\ARM_GCC_484\Debug\ENG3091_MandM.a(Button_PWM.o)
                0x1fff8147                Button_PWM_initVar
 *(COMMON)
 COMMON         0x1fff8148     0xc614 .\CortexM3\ARM_GCC_484\Debug\main.o
                0x1fff8148                loc_x_a
                0x1fff814c                OV9650_1_framebuffer
                0x2000474c                loc_x_b
                0x20004750                loc_y_a
                0x20004754                dec
                0x20004755                inc
                0x20004758                loc_y_b
 COMMON         0x2000475c        0xb .\CortexM3\ARM_GCC_484\Debug\mouse_a.o
                0x2000475c                bit_count_a
                0x2000475d                bit_a
                0x2000475e                mov_y_a
                0x2000475f                status_a
                0x20004760                time_prev_a
                0x20004764                state_a
                0x20004765                data_ready_a
                0x20004766                mov_x_a
 *fill*         0x20004767        0x1 
 COMMON         0x20004768        0xc .\CortexM3\ARM_GCC_484\Debug\mouse_b.o
                0x20004768                bit_b
                0x20004769                bit_count_b
                0x2000476a                data_ready_b
                0x2000476b                mov_x_b
                0x2000476c                status_b
                0x2000476d                mov_y_b
                0x2000476e                state_b
                0x20004770                time_prev_b
 COMMON         0x20004774       0x1c .\CortexM3\ARM_GCC_484\Debug\navigation.o
                0x20004774                ploc_x_b
                0x20004778                ploc_y_b
                0x2000477c                ploc_y_a
                0x20004780                location_x
                0x20004784                angle
                0x20004788                location_y
                0x2000478c                ploc_x_a
                0x20004790                . = ALIGN (0x8)
 *(.ram.b)
                0x20004790                _end = .
                0x20004790                __end = .
                0x20004790                PROVIDE (end, .)
                0x20004790                PROVIDE (__bss_end__, .)
                0x00003fe0                __cy_region_init_ram = LOADADDR (.data)
                0x00000020                __cy_region_init_size_ram = (_edata - ADDR (.data))
                0x0000c668                __cy_region_zero_size_ram = (_end - _edata)

.heap           0x20004790       0x80 load address 0x00004000
                0x20004790                . = _end
                0x20004810                . = (. + 0x80)
 *fill*         0x20004790       0x80 
                0x20004810                __cy_heap_limit = .

.stack          0x20007800      0x800
                0x20007800                __cy_stack_limit = .
                0x20008000                . = (. + 0x800)
 *fill*         0x20007800      0x800 
                0x00000001                ASSERT ((__cy_stack_limit >= __cy_heap_limit), region RAM overflowed with stack)

.cyloadermeta   0xf0000000       0x40
 *(.cyloadermeta)
 .cyloadermeta  0xf0000000       0x40 .\CortexM3\ARM_GCC_484\Debug\cybootloader.o
                0xf0000000                cy_meta_loader

.cyloadablemeta
                0x0003ffc0       0x40
 *(.cyloadablemeta)
 .cyloadablemeta
                0x0003ffc0       0x40 .\CortexM3\ARM_GCC_484\Debug\cymetadata.o
                0x0003ffc0                cy_meta_loadable

.cyconfigecc
 *(.cyconfigecc)

.cycustnvl      0x90000000        0x4
 *(.cycustnvl)
 .cycustnvl     0x90000000        0x4 .\CortexM3\ARM_GCC_484\Debug\cybootloader.o
                0x90000000                cy_meta_custnvl

.cywolatch      0x90100000        0x4
 *(.cywolatch)
 .cywolatch     0x90100000        0x4 .\CortexM3\ARM_GCC_484\Debug\cybootloader.o
                0x90100000                cy_meta_wonvl

.cyeeprom       0x90200000        0x0
 *(.cyeeprom)
                0x00000001                ASSERT ((. <= ((0x90200000 + ee_offset) + ee_size)), .cyeeprom data will not fit in EEPROM)

.cyflashprotect
                0x90400000      0x100
 *(.cyflashprotect)
 .cyflashprotect
                0x90400000      0x100 .\CortexM3\ARM_GCC_484\Debug\cybootloader.o
                0x90400000                cy_meta_flashprotect

.cymeta         0x90500000        0xc
 *(.cymeta)
 .cymeta        0x90500000        0xc .\CortexM3\ARM_GCC_484\Debug\cybootloader.o
                0x90500000                cy_metadata

.rel.dyn        0x00040000        0x0 load address 0x9050000c
 .rel.iplt      0x00000000        0x0 c:/program files (x86)/cypress/psoc creator/3.2/psoc creator/import/gnu/arm/4.8.4/bin/../lib/gcc/arm-none-eabi/4.8.4/armv7-m/crtbegin.o

.stab
 *(.stab)

.stabstr
 *(.stabstr)

.debug
 *(.debug)

.line
 *(.line)

.debug_srcinfo
 *(.debug_srcinfo)

.debug_sfnames
 *(.debug_sfnames)

.debug_aranges  0x00000000      0xd30
 *(.debug_aranges)
 .debug_aranges
                0x00000000       0x40 .\CortexM3\ARM_GCC_484\Debug\main.o
 .debug_aranges
                0x00000040       0x38 .\CortexM3\ARM_GCC_484\Debug\mouse_a.o
 .debug_aranges
                0x00000078       0x38 .\CortexM3\ARM_GCC_484\Debug\mouse_b.o
 .debug_aranges
                0x000000b0       0x40 .\CortexM3\ARM_GCC_484\Debug\motor.o
 .debug_aranges
                0x000000f0       0x28 .\CortexM3\ARM_GCC_484\Debug\navigation.o
 .debug_aranges
                0x00000118       0x18 .\CortexM3\ARM_GCC_484\Debug\cybootloader.o
 .debug_aranges
                0x00000130       0x18 .\CortexM3\ARM_GCC_484\Debug\cymetadata.o
 .debug_aranges
                0x00000148       0x48 .\CortexM3\ARM_GCC_484\Debug\Cm3Start.o
 .debug_aranges
                0x00000190       0x60 .\CortexM3\ARM_GCC_484\Debug\ENG3091_MandM.a(cyfitter_cfg.o)
 .debug_aranges
                0x000001f0       0x38 .\CortexM3\ARM_GCC_484\Debug\ENG3091_MandM.a(SDAT_A.o)
 .debug_aranges
                0x00000228       0x40 .\CortexM3\ARM_GCC_484\Debug\ENG3091_MandM.a(SCLK_A.o)
 .debug_aranges
                0x00000268       0x80 .\CortexM3\ARM_GCC_484\Debug\ENG3091_MandM.a(sclk_a_isr.o)
 .debug_aranges
                0x000002e8       0x40 .\CortexM3\ARM_GCC_484\Debug\ENG3091_MandM.a(SCLK_B.o)
 .debug_aranges
                0x00000328       0x38 .\CortexM3\ARM_GCC_484\Debug\ENG3091_MandM.a(SDAT_B.o)
 .debug_aranges
                0x00000360       0x80 .\CortexM3\ARM_GCC_484\Debug\ENG3091_MandM.a(sclk_b_isr.o)
 .debug_aranges
                0x000003e0       0x90 .\CortexM3\ARM_GCC_484\Debug\ENG3091_MandM.a(Timer.o)
 .debug_aranges
                0x00000470       0x38 .\CortexM3\ARM_GCC_484\Debug\ENG3091_MandM.a(ORANGE.o)
 .debug_aranges
                0x000004a8       0x20 .\CortexM3\ARM_GCC_484\Debug\ENG3091_MandM.a(CyBootAsmGnu.o)
 .debug_aranges
                0x000004c8       0xd8 .\CortexM3\ARM_GCC_484\Debug\ENG3091_MandM.a(CyDmac.o)
 .debug_aranges
                0x000005a0      0x298 .\CortexM3\ARM_GCC_484\Debug\ENG3091_MandM.a(CyLib.o)
 .debug_aranges
                0x00000838       0x98 .\CortexM3\ARM_GCC_484\Debug\ENG3091_MandM.a(cyPm.o)
 .debug_aranges
                0x000008d0       0x20 .\CortexM3\ARM_GCC_484\Debug\ENG3091_MandM.a(cyutils.o)
 .debug_aranges
                0x000008f0       0x78 .\CortexM3\ARM_GCC_484\Debug\ENG3091_MandM.a(MOTOR2.o)
 .debug_aranges
                0x00000968       0x80 .\CortexM3\ARM_GCC_484\Debug\ENG3091_MandM.a(but1.o)
 .debug_aranges
                0x000009e8       0x80 .\CortexM3\ARM_GCC_484\Debug\ENG3091_MandM.a(but0.o)
 .debug_aranges
                0x00000a68       0x78 .\CortexM3\ARM_GCC_484\Debug\ENG3091_MandM.a(MOTOR1.o)
 .debug_aranges
                0x00000ae0       0x38 .\CortexM3\ARM_GCC_484\Debug\ENG3091_MandM.a(M1IN1.o)
 .debug_aranges
                0x00000b18       0x38 .\CortexM3\ARM_GCC_484\Debug\ENG3091_MandM.a(M1IN2.o)
 .debug_aranges
                0x00000b50       0x38 .\CortexM3\ARM_GCC_484\Debug\ENG3091_MandM.a(M2IN1.o)
 .debug_aranges
                0x00000b88       0x38 .\CortexM3\ARM_GCC_484\Debug\ENG3091_MandM.a(M2IN2.o)
 .debug_aranges
                0x00000bc0       0x78 .\CortexM3\ARM_GCC_484\Debug\ENG3091_MandM.a(Button_PWM.o)
 .debug_aranges
                0x00000c38       0x80 .\CortexM3\ARM_GCC_484\Debug\ENG3091_MandM.a(CyFlash.o)
 .debug_aranges
                0x00000cb8       0x78 .\CortexM3\ARM_GCC_484\Debug\ENG3091_MandM.a(CySpc.o)

.debug_pubnames
 *(.debug_pubnames)

.debug_info     0x00000000     0x75be
 *(.debug_info .gnu.linkonce.wi.*)
 .debug_info    0x00000000      0x49a .\CortexM3\ARM_GCC_484\Debug\main.o
 .debug_info    0x0000049a      0x52b .\CortexM3\ARM_GCC_484\Debug\mouse_a.o
 .debug_info    0x000009c5      0x52b .\CortexM3\ARM_GCC_484\Debug\mouse_b.o
 .debug_info    0x00000ef0      0x38c .\CortexM3\ARM_GCC_484\Debug\motor.o
 .debug_info    0x0000127c      0x25c .\CortexM3\ARM_GCC_484\Debug\navigation.o
 .debug_info    0x000014d8      0x164 .\CortexM3\ARM_GCC_484\Debug\cybootloader.o
 .debug_info    0x0000163c       0xb1 .\CortexM3\ARM_GCC_484\Debug\cymetadata.o
 .debug_info    0x000016ed      0x3af .\CortexM3\ARM_GCC_484\Debug\Cm3Start.o
 .debug_info    0x00001a9c      0x7c7 .\CortexM3\ARM_GCC_484\Debug\ENG3091_MandM.a(cyfitter_cfg.o)
 .debug_info    0x00002263      0x120 .\CortexM3\ARM_GCC_484\Debug\ENG3091_MandM.a(SDAT_A.o)
 .debug_info    0x00002383      0x135 .\CortexM3\ARM_GCC_484\Debug\ENG3091_MandM.a(SCLK_A.o)
 .debug_info    0x000024b8      0x2c7 .\CortexM3\ARM_GCC_484\Debug\ENG3091_MandM.a(sclk_a_isr.o)
 .debug_info    0x0000277f      0x135 .\CortexM3\ARM_GCC_484\Debug\ENG3091_MandM.a(SCLK_B.o)
 .debug_info    0x000028b4      0x120 .\CortexM3\ARM_GCC_484\Debug\ENG3091_MandM.a(SDAT_B.o)
 .debug_info    0x000029d4      0x2c7 .\CortexM3\ARM_GCC_484\Debug\ENG3091_MandM.a(sclk_b_isr.o)
 .debug_info    0x00002c9b      0x341 .\CortexM3\ARM_GCC_484\Debug\ENG3091_MandM.a(Timer.o)
 .debug_info    0x00002fdc      0x120 .\CortexM3\ARM_GCC_484\Debug\ENG3091_MandM.a(ORANGE.o)
 .debug_info    0x000030fc       0xa1 .\CortexM3\ARM_GCC_484\Debug\ENG3091_MandM.a(CyBootAsmGnu.o)
 .debug_info    0x0000319d      0x93f .\CortexM3\ARM_GCC_484\Debug\ENG3091_MandM.a(CyDmac.o)
 .debug_info    0x00003adc     0x1373 .\CortexM3\ARM_GCC_484\Debug\ENG3091_MandM.a(CyLib.o)
 .debug_info    0x00004e4f      0xa56 .\CortexM3\ARM_GCC_484\Debug\ENG3091_MandM.a(cyPm.o)
 .debug_info    0x000058a5       0xec .\CortexM3\ARM_GCC_484\Debug\ENG3091_MandM.a(cyutils.o)
 .debug_info    0x00005991      0x276 .\CortexM3\ARM_GCC_484\Debug\ENG3091_MandM.a(MOTOR2.o)
 .debug_info    0x00005c07      0x2c7 .\CortexM3\ARM_GCC_484\Debug\ENG3091_MandM.a(but1.o)
 .debug_info    0x00005ece      0x2c7 .\CortexM3\ARM_GCC_484\Debug\ENG3091_MandM.a(but0.o)
 .debug_info    0x00006195      0x276 .\CortexM3\ARM_GCC_484\Debug\ENG3091_MandM.a(MOTOR1.o)
 .debug_info    0x0000640b      0x120 .\CortexM3\ARM_GCC_484\Debug\ENG3091_MandM.a(M1IN1.o)
 .debug_info    0x0000652b      0x120 .\CortexM3\ARM_GCC_484\Debug\ENG3091_MandM.a(M1IN2.o)
 .debug_info    0x0000664b      0x120 .\CortexM3\ARM_GCC_484\Debug\ENG3091_MandM.a(M2IN1.o)
 .debug_info    0x0000676b      0x120 .\CortexM3\ARM_GCC_484\Debug\ENG3091_MandM.a(M2IN2.o)
 .debug_info    0x0000688b      0x275 .\CortexM3\ARM_GCC_484\Debug\ENG3091_MandM.a(Button_PWM.o)
 .debug_info    0x00006b00      0x5e4 .\CortexM3\ARM_GCC_484\Debug\ENG3091_MandM.a(CyFlash.o)
 .debug_info    0x000070e4      0x4da .\CortexM3\ARM_GCC_484\Debug\ENG3091_MandM.a(CySpc.o)

.debug_abbrev   0x00000000     0x25df
 *(.debug_abbrev)
 .debug_abbrev  0x00000000      0x19c .\CortexM3\ARM_GCC_484\Debug\main.o
 .debug_abbrev  0x0000019c      0x13e .\CortexM3\ARM_GCC_484\Debug\mouse_a.o
 .debug_abbrev  0x000002da      0x13e .\CortexM3\ARM_GCC_484\Debug\mouse_b.o
 .debug_abbrev  0x00000418      0x11e .\CortexM3\ARM_GCC_484\Debug\motor.o
 .debug_abbrev  0x00000536      0x101 .\CortexM3\ARM_GCC_484\Debug\navigation.o
 .debug_abbrev  0x00000637       0x77 .\CortexM3\ARM_GCC_484\Debug\cybootloader.o
 .debug_abbrev  0x000006ae       0x5d .\CortexM3\ARM_GCC_484\Debug\cymetadata.o
 .debug_abbrev  0x0000070b      0x20d .\CortexM3\ARM_GCC_484\Debug\Cm3Start.o
 .debug_abbrev  0x00000918      0x211 .\CortexM3\ARM_GCC_484\Debug\ENG3091_MandM.a(cyfitter_cfg.o)
 .debug_abbrev  0x00000b29       0x9d .\CortexM3\ARM_GCC_484\Debug\ENG3091_MandM.a(SDAT_A.o)
 .debug_abbrev  0x00000bc6       0x9d .\CortexM3\ARM_GCC_484\Debug\ENG3091_MandM.a(SCLK_A.o)
 .debug_abbrev  0x00000c63      0x157 .\CortexM3\ARM_GCC_484\Debug\ENG3091_MandM.a(sclk_a_isr.o)
 .debug_abbrev  0x00000dba       0x9d .\CortexM3\ARM_GCC_484\Debug\ENG3091_MandM.a(SCLK_B.o)
 .debug_abbrev  0x00000e57       0x9d .\CortexM3\ARM_GCC_484\Debug\ENG3091_MandM.a(SDAT_B.o)
 .debug_abbrev  0x00000ef4      0x157 .\CortexM3\ARM_GCC_484\Debug\ENG3091_MandM.a(sclk_b_isr.o)
 .debug_abbrev  0x0000104b      0x17d .\CortexM3\ARM_GCC_484\Debug\ENG3091_MandM.a(Timer.o)
 .debug_abbrev  0x000011c8       0x9d .\CortexM3\ARM_GCC_484\Debug\ENG3091_MandM.a(ORANGE.o)
 .debug_abbrev  0x00001265       0x14 .\CortexM3\ARM_GCC_484\Debug\ENG3091_MandM.a(CyBootAsmGnu.o)
 .debug_abbrev  0x00001279      0x1cc .\CortexM3\ARM_GCC_484\Debug\ENG3091_MandM.a(CyDmac.o)
 .debug_abbrev  0x00001445      0x296 .\CortexM3\ARM_GCC_484\Debug\ENG3091_MandM.a(CyLib.o)
 .debug_abbrev  0x000016db      0x1fa .\CortexM3\ARM_GCC_484\Debug\ENG3091_MandM.a(cyPm.o)
 .debug_abbrev  0x000018d5       0x8e .\CortexM3\ARM_GCC_484\Debug\ENG3091_MandM.a(cyutils.o)
 .debug_abbrev  0x00001963      0x13a .\CortexM3\ARM_GCC_484\Debug\ENG3091_MandM.a(MOTOR2.o)
 .debug_abbrev  0x00001a9d      0x157 .\CortexM3\ARM_GCC_484\Debug\ENG3091_MandM.a(but1.o)
 .debug_abbrev  0x00001bf4      0x157 .\CortexM3\ARM_GCC_484\Debug\ENG3091_MandM.a(but0.o)
 .debug_abbrev  0x00001d4b      0x13a .\CortexM3\ARM_GCC_484\Debug\ENG3091_MandM.a(MOTOR1.o)
 .debug_abbrev  0x00001e85       0x9d .\CortexM3\ARM_GCC_484\Debug\ENG3091_MandM.a(M1IN1.o)
 .debug_abbrev  0x00001f22       0x9d .\CortexM3\ARM_GCC_484\Debug\ENG3091_MandM.a(M1IN2.o)
 .debug_abbrev  0x00001fbf       0x9d .\CortexM3\ARM_GCC_484\Debug\ENG3091_MandM.a(M2IN1.o)
 .debug_abbrev  0x0000205c       0x9d .\CortexM3\ARM_GCC_484\Debug\ENG3091_MandM.a(M2IN2.o)
 .debug_abbrev  0x000020f9      0x13a .\CortexM3\ARM_GCC_484\Debug\ENG3091_MandM.a(Button_PWM.o)
 .debug_abbrev  0x00002233      0x1de .\CortexM3\ARM_GCC_484\Debug\ENG3091_MandM.a(CyFlash.o)
 .debug_abbrev  0x00002411      0x1ce .\CortexM3\ARM_GCC_484\Debug\ENG3091_MandM.a(CySpc.o)

.debug_line     0x00000000     0x331e
 *(.debug_line)
 .debug_line    0x00000000      0x2a4 .\CortexM3\ARM_GCC_484\Debug\main.o
 .debug_line    0x000002a4      0x24f .\CortexM3\ARM_GCC_484\Debug\mouse_a.o
 .debug_line    0x000004f3      0x24f .\CortexM3\ARM_GCC_484\Debug\mouse_b.o
 .debug_line    0x00000742      0x210 .\CortexM3\ARM_GCC_484\Debug\motor.o
 .debug_line    0x00000952      0x1a7 .\CortexM3\ARM_GCC_484\Debug\navigation.o
 .debug_line    0x00000af9       0x55 .\CortexM3\ARM_GCC_484\Debug\cybootloader.o
 .debug_line    0x00000b4e       0x53 .\CortexM3\ARM_GCC_484\Debug\cymetadata.o
 .debug_line    0x00000ba1      0x242 .\CortexM3\ARM_GCC_484\Debug\Cm3Start.o
 .debug_line    0x00000de3      0x21e .\CortexM3\ARM_GCC_484\Debug\ENG3091_MandM.a(cyfitter_cfg.o)
 .debug_line    0x00001001       0x95 .\CortexM3\ARM_GCC_484\Debug\ENG3091_MandM.a(SDAT_A.o)
 .debug_line    0x00001096       0xa7 .\CortexM3\ARM_GCC_484\Debug\ENG3091_MandM.a(SCLK_A.o)
 .debug_line    0x0000113d      0x150 .\CortexM3\ARM_GCC_484\Debug\ENG3091_MandM.a(sclk_a_isr.o)
 .debug_line    0x0000128d       0xa7 .\CortexM3\ARM_GCC_484\Debug\ENG3091_MandM.a(SCLK_B.o)
 .debug_line    0x00001334       0x95 .\CortexM3\ARM_GCC_484\Debug\ENG3091_MandM.a(SDAT_B.o)
 .debug_line    0x000013c9      0x150 .\CortexM3\ARM_GCC_484\Debug\ENG3091_MandM.a(sclk_b_isr.o)
 .debug_line    0x00001519      0x176 .\CortexM3\ARM_GCC_484\Debug\ENG3091_MandM.a(Timer.o)
 .debug_line    0x0000168f       0x95 .\CortexM3\ARM_GCC_484\Debug\ENG3091_MandM.a(ORANGE.o)
 .debug_line    0x00001724       0x68 .\CortexM3\ARM_GCC_484\Debug\ENG3091_MandM.a(CyBootAsmGnu.o)
 .debug_line    0x0000178c      0x2de .\CortexM3\ARM_GCC_484\Debug\ENG3091_MandM.a(CyDmac.o)
 .debug_line    0x00001a6a      0x818 .\CortexM3\ARM_GCC_484\Debug\ENG3091_MandM.a(CyLib.o)
 .debug_line    0x00002282      0x366 .\CortexM3\ARM_GCC_484\Debug\ENG3091_MandM.a(cyPm.o)
 .debug_line    0x000025e8       0x62 .\CortexM3\ARM_GCC_484\Debug\ENG3091_MandM.a(cyutils.o)
 .debug_line    0x0000264a      0x136 .\CortexM3\ARM_GCC_484\Debug\ENG3091_MandM.a(MOTOR2.o)
 .debug_line    0x00002780      0x14a .\CortexM3\ARM_GCC_484\Debug\ENG3091_MandM.a(but1.o)
 .debug_line    0x000028ca      0x14a .\CortexM3\ARM_GCC_484\Debug\ENG3091_MandM.a(but0.o)
 .debug_line    0x00002a14      0x136 .\CortexM3\ARM_GCC_484\Debug\ENG3091_MandM.a(MOTOR1.o)
 .debug_line    0x00002b4a       0x94 .\CortexM3\ARM_GCC_484\Debug\ENG3091_MandM.a(M1IN1.o)
 .debug_line    0x00002bde       0x94 .\CortexM3\ARM_GCC_484\Debug\ENG3091_MandM.a(M1IN2.o)
 .debug_line    0x00002c72       0x94 .\CortexM3\ARM_GCC_484\Debug\ENG3091_MandM.a(M2IN1.o)
 .debug_line    0x00002d06       0x94 .\CortexM3\ARM_GCC_484\Debug\ENG3091_MandM.a(M2IN2.o)
 .debug_line    0x00002d9a      0x13a .\CortexM3\ARM_GCC_484\Debug\ENG3091_MandM.a(Button_PWM.o)
 .debug_line    0x00002ed4      0x228 .\CortexM3\ARM_GCC_484\Debug\ENG3091_MandM.a(CyFlash.o)
 .debug_line    0x000030fc      0x222 .\CortexM3\ARM_GCC_484\Debug\ENG3091_MandM.a(CySpc.o)

.debug_frame    0x00000000     0x1dd8
 *(.debug_frame)
 .debug_frame   0x00000000       0xa0 .\CortexM3\ARM_GCC_484\Debug\main.o
 .debug_frame   0x000000a0       0x8c .\CortexM3\ARM_GCC_484\Debug\mouse_a.o
 .debug_frame   0x0000012c       0x8c .\CortexM3\ARM_GCC_484\Debug\mouse_b.o
 .debug_frame   0x000001b8       0xa0 .\CortexM3\ARM_GCC_484\Debug\motor.o
 .debug_frame   0x00000258       0x4c .\CortexM3\ARM_GCC_484\Debug\navigation.o
 .debug_frame   0x000002a4       0xac .\CortexM3\ARM_GCC_484\Debug\Cm3Start.o
 .debug_frame   0x00000350       0xfc .\CortexM3\ARM_GCC_484\Debug\ENG3091_MandM.a(cyfitter_cfg.o)
 .debug_frame   0x0000044c       0x50 .\CortexM3\ARM_GCC_484\Debug\ENG3091_MandM.a(SDAT_A.o)
 .debug_frame   0x0000049c       0x60 .\CortexM3\ARM_GCC_484\Debug\ENG3091_MandM.a(SCLK_A.o)
 .debug_frame   0x000004fc      0x104 .\CortexM3\ARM_GCC_484\Debug\ENG3091_MandM.a(sclk_a_isr.o)
 .debug_frame   0x00000600       0x60 .\CortexM3\ARM_GCC_484\Debug\ENG3091_MandM.a(SCLK_B.o)
 .debug_frame   0x00000660       0x50 .\CortexM3\ARM_GCC_484\Debug\ENG3091_MandM.a(SDAT_B.o)
 .debug_frame   0x000006b0      0x104 .\CortexM3\ARM_GCC_484\Debug\ENG3091_MandM.a(sclk_b_isr.o)
 .debug_frame   0x000007b4      0x13c .\CortexM3\ARM_GCC_484\Debug\ENG3091_MandM.a(Timer.o)
 .debug_frame   0x000008f0       0x50 .\CortexM3\ARM_GCC_484\Debug\ENG3091_MandM.a(ORANGE.o)
 .debug_frame   0x00000940      0x1d0 .\CortexM3\ARM_GCC_484\Debug\ENG3091_MandM.a(CyDmac.o)
 .debug_frame   0x00000b10      0x730 .\CortexM3\ARM_GCC_484\Debug\ENG3091_MandM.a(CyLib.o)
 .debug_frame   0x00001240      0x1fc .\CortexM3\ARM_GCC_484\Debug\ENG3091_MandM.a(cyPm.o)
 .debug_frame   0x0000143c       0x20 .\CortexM3\ARM_GCC_484\Debug\ENG3091_MandM.a(cyutils.o)
 .debug_frame   0x0000145c       0xe8 .\CortexM3\ARM_GCC_484\Debug\ENG3091_MandM.a(MOTOR2.o)
 .debug_frame   0x00001544      0x104 .\CortexM3\ARM_GCC_484\Debug\ENG3091_MandM.a(but1.o)
 .debug_frame   0x00001648      0x104 .\CortexM3\ARM_GCC_484\Debug\ENG3091_MandM.a(but0.o)
 .debug_frame   0x0000174c       0xe8 .\CortexM3\ARM_GCC_484\Debug\ENG3091_MandM.a(MOTOR1.o)
 .debug_frame   0x00001834       0x50 .\CortexM3\ARM_GCC_484\Debug\ENG3091_MandM.a(M1IN1.o)
 .debug_frame   0x00001884       0x50 .\CortexM3\ARM_GCC_484\Debug\ENG3091_MandM.a(M1IN2.o)
 .debug_frame   0x000018d4       0x50 .\CortexM3\ARM_GCC_484\Debug\ENG3091_MandM.a(M2IN1.o)
 .debug_frame   0x00001924       0x50 .\CortexM3\ARM_GCC_484\Debug\ENG3091_MandM.a(M2IN2.o)
 .debug_frame   0x00001974       0xe8 .\CortexM3\ARM_GCC_484\Debug\ENG3091_MandM.a(Button_PWM.o)
 .debug_frame   0x00001a5c      0x17c .\CortexM3\ARM_GCC_484\Debug\ENG3091_MandM.a(CyFlash.o)
 .debug_frame   0x00001bd8      0x144 .\CortexM3\ARM_GCC_484\Debug\ENG3091_MandM.a(CySpc.o)
 .debug_frame   0x00001d1c       0x20 c:/program files (x86)/cypress/psoc creator/3.2/psoc creator/import/gnu/arm/4.8.4/bin/../lib/gcc/arm-none-eabi/4.8.4/../../../../arm-none-eabi/lib/armv7-m\libg_s.a(lib_a-errno.o)
 .debug_frame   0x00001d3c       0x28 c:/program files (x86)/cypress/psoc creator/3.2/psoc creator/import/gnu/arm/4.8.4/bin/../lib/gcc/arm-none-eabi/4.8.4/../../../../arm-none-eabi/lib/armv7-m\libg_s.a(lib_a-exit.o)
 .debug_frame   0x00001d64       0x2c c:/program files (x86)/cypress/psoc creator/3.2/psoc creator/import/gnu/arm/4.8.4/bin/../lib/gcc/arm-none-eabi/4.8.4/../../../../arm-none-eabi/lib/armv7-m\libg_s.a(lib_a-init.o)
 .debug_frame   0x00001d90       0x28 c:/program files (x86)/cypress/psoc creator/3.2/psoc creator/import/gnu/arm/4.8.4/bin/../lib/gcc/arm-none-eabi/4.8.4/../../../../arm-none-eabi/lib/armv7-m\libg_s.a(lib_a-memcpy-stub.o)
 .debug_frame   0x00001db8       0x20 c:/program files (x86)/cypress/psoc creator/3.2/psoc creator/import/gnu/arm/4.8.4/bin/../lib/gcc/arm-none-eabi/4.8.4/../../../../arm-none-eabi/lib/armv7-m\libg_s.a(lib_a-memset.o)

.debug_str      0x00000000     0x2630
 *(.debug_str)
 .debug_str     0x00000000      0x328 .\CortexM3\ARM_GCC_484\Debug\main.o
                                0x396 (size before relaxing)
 .debug_str     0x00000328       0xbe .\CortexM3\ARM_GCC_484\Debug\mouse_a.o
                                0x2d4 (size before relaxing)
 .debug_str     0x000003e6       0xa6 .\CortexM3\ARM_GCC_484\Debug\mouse_b.o
                                0x2d4 (size before relaxing)
 .debug_str     0x0000048c       0x93 .\CortexM3\ARM_GCC_484\Debug\motor.o
                                0x262 (size before relaxing)
 .debug_str     0x0000051f       0xa5 .\CortexM3\ARM_GCC_484\Debug\navigation.o
                                0x288 (size before relaxing)
 .debug_str     0x000005c4       0x84 .\CortexM3\ARM_GCC_484\Debug\cybootloader.o
                                0x1f6 (size before relaxing)
 .debug_str     0x00000648       0x37 .\CortexM3\ARM_GCC_484\Debug\cymetadata.o
                                0x1a9 (size before relaxing)
 .debug_str     0x0000067f      0x163 .\CortexM3\ARM_GCC_484\Debug\Cm3Start.o
                                0x30d (size before relaxing)
 .debug_str     0x000007e2      0x230 .\CortexM3\ARM_GCC_484\Debug\ENG3091_MandM.a(cyfitter_cfg.o)
                                0x3f2 (size before relaxing)
 .debug_str     0x00000a12       0x59 .\CortexM3\ARM_GCC_484\Debug\ENG3091_MandM.a(SDAT_A.o)
                                0x1e6 (size before relaxing)
 .debug_str     0x00000a6b       0x49 .\CortexM3\ARM_GCC_484\Debug\ENG3091_MandM.a(SCLK_A.o)
                                0x1fc (size before relaxing)
 .debug_str     0x00000ab4      0x123 .\CortexM3\ARM_GCC_484\Debug\ENG3091_MandM.a(sclk_a_isr.o)
                                0x2df (size before relaxing)
 .debug_str     0x00000bd7       0x49 .\CortexM3\ARM_GCC_484\Debug\ENG3091_MandM.a(SCLK_B.o)
                                0x1fc (size before relaxing)
 .debug_str     0x00000c20       0x49 .\CortexM3\ARM_GCC_484\Debug\ENG3091_MandM.a(SDAT_B.o)
                                0x1e6 (size before relaxing)
 .debug_str     0x00000c69      0x10b .\CortexM3\ARM_GCC_484\Debug\ENG3091_MandM.a(sclk_b_isr.o)
                                0x2df (size before relaxing)
 .debug_str     0x00000d74      0x197 .\CortexM3\ARM_GCC_484\Debug\ENG3091_MandM.a(Timer.o)
                                0x339 (size before relaxing)
 .debug_str     0x00000f0b       0x55 .\CortexM3\ARM_GCC_484\Debug\ENG3091_MandM.a(ORANGE.o)
                                0x1e6 (size before relaxing)
 .debug_str     0x00000f60      0x34f .\CortexM3\ARM_GCC_484\Debug\ENG3091_MandM.a(CyDmac.o)
                                0x53d (size before relaxing)
 .debug_str     0x000012af      0x7bd .\CortexM3\ARM_GCC_484\Debug\ENG3091_MandM.a(CyLib.o)
                                0xa22 (size before relaxing)
 .debug_str     0x00001a6c      0x35b .\CortexM3\ARM_GCC_484\Debug\ENG3091_MandM.a(cyPm.o)
                                0x71a (size before relaxing)
 .debug_str     0x00001dc7       0x30 .\CortexM3\ARM_GCC_484\Debug\ENG3091_MandM.a(cyutils.o)
                                0x1b1 (size before relaxing)
 .debug_str     0x00001df7      0x10c .\CortexM3\ARM_GCC_484\Debug\ENG3091_MandM.a(MOTOR2.o)
                                0x2ce (size before relaxing)
 .debug_str     0x00001f03       0xbb .\CortexM3\ARM_GCC_484\Debug\ENG3091_MandM.a(but1.o)
                                0x28b (size before relaxing)
 .debug_str     0x00001fbe       0xbb .\CortexM3\ARM_GCC_484\Debug\ENG3091_MandM.a(but0.o)
                                0x28b (size before relaxing)
 .debug_str     0x00002079       0xf8 .\CortexM3\ARM_GCC_484\Debug\ENG3091_MandM.a(MOTOR1.o)
                                0x2ce (size before relaxing)
 .debug_str     0x00002171       0x51 .\CortexM3\ARM_GCC_484\Debug\ENG3091_MandM.a(M1IN1.o)
                                0x1e1 (size before relaxing)
 .debug_str     0x000021c2       0x51 .\CortexM3\ARM_GCC_484\Debug\ENG3091_MandM.a(M1IN2.o)
                                0x1e1 (size before relaxing)
 .debug_str     0x00002213       0x51 .\CortexM3\ARM_GCC_484\Debug\ENG3091_MandM.a(M2IN1.o)
                                0x1e1 (size before relaxing)
 .debug_str     0x00002264       0x51 .\CortexM3\ARM_GCC_484\Debug\ENG3091_MandM.a(M2IN2.o)
                                0x1e1 (size before relaxing)
 .debug_str     0x000022b5      0x140 .\CortexM3\ARM_GCC_484\Debug\ENG3091_MandM.a(Button_PWM.o)
                                0x306 (size before relaxing)
 .debug_str     0x000023f5      0x18d .\CortexM3\ARM_GCC_484\Debug\ENG3091_MandM.a(CyFlash.o)
                                0x38a (size before relaxing)
 .debug_str     0x00002582       0xae .\CortexM3\ARM_GCC_484\Debug\ENG3091_MandM.a(CySpc.o)
                                0x316 (size before relaxing)

.debug_loc      0x00000000     0x2bb1
 *(.debug_loc)
 .debug_loc     0x00000000       0x76 .\CortexM3\ARM_GCC_484\Debug\mouse_a.o
 .debug_loc     0x00000076       0x76 .\CortexM3\ARM_GCC_484\Debug\mouse_b.o
 .debug_loc     0x000000ec       0xa5 .\CortexM3\ARM_GCC_484\Debug\motor.o
 .debug_loc     0x00000191       0x5c .\CortexM3\ARM_GCC_484\Debug\navigation.o
 .debug_loc     0x000001ed      0x14f .\CortexM3\ARM_GCC_484\Debug\Cm3Start.o
 .debug_loc     0x0000033c      0x306 .\CortexM3\ARM_GCC_484\Debug\ENG3091_MandM.a(cyfitter_cfg.o)
 .debug_loc     0x00000642       0x55 .\CortexM3\ARM_GCC_484\Debug\ENG3091_MandM.a(SDAT_A.o)
 .debug_loc     0x00000697       0x55 .\CortexM3\ARM_GCC_484\Debug\ENG3091_MandM.a(SCLK_A.o)
 .debug_loc     0x000006ec       0x56 .\CortexM3\ARM_GCC_484\Debug\ENG3091_MandM.a(sclk_a_isr.o)
 .debug_loc     0x00000742       0x55 .\CortexM3\ARM_GCC_484\Debug\ENG3091_MandM.a(SCLK_B.o)
 .debug_loc     0x00000797       0x55 .\CortexM3\ARM_GCC_484\Debug\ENG3091_MandM.a(SDAT_B.o)
 .debug_loc     0x000007ec       0x56 .\CortexM3\ARM_GCC_484\Debug\ENG3091_MandM.a(sclk_b_isr.o)
 .debug_loc     0x00000842       0x6b .\CortexM3\ARM_GCC_484\Debug\ENG3091_MandM.a(Timer.o)
 .debug_loc     0x000008ad       0x55 .\CortexM3\ARM_GCC_484\Debug\ENG3091_MandM.a(ORANGE.o)
 .debug_loc     0x00000902      0xb6b .\CortexM3\ARM_GCC_484\Debug\ENG3091_MandM.a(CyDmac.o)
 .debug_loc     0x0000146d      0xa53 .\CortexM3\ARM_GCC_484\Debug\ENG3091_MandM.a(CyLib.o)
 .debug_loc     0x00001ec0      0x22a .\CortexM3\ARM_GCC_484\Debug\ENG3091_MandM.a(cyPm.o)
 .debug_loc     0x000020ea       0x21 .\CortexM3\ARM_GCC_484\Debug\ENG3091_MandM.a(cyutils.o)
 .debug_loc     0x0000210b       0x13 .\CortexM3\ARM_GCC_484\Debug\ENG3091_MandM.a(MOTOR2.o)
 .debug_loc     0x0000211e       0x56 .\CortexM3\ARM_GCC_484\Debug\ENG3091_MandM.a(but1.o)
 .debug_loc     0x00002174       0x56 .\CortexM3\ARM_GCC_484\Debug\ENG3091_MandM.a(but0.o)
 .debug_loc     0x000021ca       0x13 .\CortexM3\ARM_GCC_484\Debug\ENG3091_MandM.a(MOTOR1.o)
 .debug_loc     0x000021dd       0x55 .\CortexM3\ARM_GCC_484\Debug\ENG3091_MandM.a(M1IN1.o)
 .debug_loc     0x00002232       0x55 .\CortexM3\ARM_GCC_484\Debug\ENG3091_MandM.a(M1IN2.o)
 .debug_loc     0x00002287       0x55 .\CortexM3\ARM_GCC_484\Debug\ENG3091_MandM.a(M2IN1.o)
 .debug_loc     0x000022dc       0x55 .\CortexM3\ARM_GCC_484\Debug\ENG3091_MandM.a(M2IN2.o)
 .debug_loc     0x00002331       0x13 .\CortexM3\ARM_GCC_484\Debug\ENG3091_MandM.a(Button_PWM.o)
 .debug_loc     0x00002344      0x2f7 .\CortexM3\ARM_GCC_484\Debug\ENG3091_MandM.a(CyFlash.o)
 .debug_loc     0x0000263b      0x576 .\CortexM3\ARM_GCC_484\Debug\ENG3091_MandM.a(CySpc.o)

.debug_macinfo
 *(.debug_macinfo)

.debug_ranges   0x00000000      0xb30
 *(.debug_ranges)
 .debug_ranges  0x00000000       0x30 .\CortexM3\ARM_GCC_484\Debug\main.o
 .debug_ranges  0x00000030       0x28 .\CortexM3\ARM_GCC_484\Debug\mouse_a.o
 .debug_ranges  0x00000058       0x28 .\CortexM3\ARM_GCC_484\Debug\mouse_b.o
 .debug_ranges  0x00000080       0x30 .\CortexM3\ARM_GCC_484\Debug\motor.o
 .debug_ranges  0x000000b0       0x18 .\CortexM3\ARM_GCC_484\Debug\navigation.o
 .debug_ranges  0x000000c8       0x50 .\CortexM3\ARM_GCC_484\Debug\Cm3Start.o
 .debug_ranges  0x00000118       0x68 .\CortexM3\ARM_GCC_484\Debug\ENG3091_MandM.a(cyfitter_cfg.o)
 .debug_ranges  0x00000180       0x28 .\CortexM3\ARM_GCC_484\Debug\ENG3091_MandM.a(SDAT_A.o)
 .debug_ranges  0x000001a8       0x30 .\CortexM3\ARM_GCC_484\Debug\ENG3091_MandM.a(SCLK_A.o)
 .debug_ranges  0x000001d8       0x70 .\CortexM3\ARM_GCC_484\Debug\ENG3091_MandM.a(sclk_a_isr.o)
 .debug_ranges  0x00000248       0x30 .\CortexM3\ARM_GCC_484\Debug\ENG3091_MandM.a(SCLK_B.o)
 .debug_ranges  0x00000278       0x28 .\CortexM3\ARM_GCC_484\Debug\ENG3091_MandM.a(SDAT_B.o)
 .debug_ranges  0x000002a0       0x70 .\CortexM3\ARM_GCC_484\Debug\ENG3091_MandM.a(sclk_b_isr.o)
 .debug_ranges  0x00000310       0x80 .\CortexM3\ARM_GCC_484\Debug\ENG3091_MandM.a(Timer.o)
 .debug_ranges  0x00000390       0x28 .\CortexM3\ARM_GCC_484\Debug\ENG3091_MandM.a(ORANGE.o)
 .debug_ranges  0x000003b8       0xc8 .\CortexM3\ARM_GCC_484\Debug\ENG3091_MandM.a(CyDmac.o)
 .debug_ranges  0x00000480      0x288 .\CortexM3\ARM_GCC_484\Debug\ENG3091_MandM.a(CyLib.o)
 .debug_ranges  0x00000708       0x88 .\CortexM3\ARM_GCC_484\Debug\ENG3091_MandM.a(cyPm.o)
 .debug_ranges  0x00000790       0x10 .\CortexM3\ARM_GCC_484\Debug\ENG3091_MandM.a(cyutils.o)
 .debug_ranges  0x000007a0       0x68 .\CortexM3\ARM_GCC_484\Debug\ENG3091_MandM.a(MOTOR2.o)
 .debug_ranges  0x00000808       0x70 .\CortexM3\ARM_GCC_484\Debug\ENG3091_MandM.a(but1.o)
 .debug_ranges  0x00000878       0x70 .\CortexM3\ARM_GCC_484\Debug\ENG3091_MandM.a(but0.o)
 .debug_ranges  0x000008e8       0x68 .\CortexM3\ARM_GCC_484\Debug\ENG3091_MandM.a(MOTOR1.o)
 .debug_ranges  0x00000950       0x28 .\CortexM3\ARM_GCC_484\Debug\ENG3091_MandM.a(M1IN1.o)
 .debug_ranges  0x00000978       0x28 .\CortexM3\ARM_GCC_484\Debug\ENG3091_MandM.a(M1IN2.o)
 .debug_ranges  0x000009a0       0x28 .\CortexM3\ARM_GCC_484\Debug\ENG3091_MandM.a(M2IN1.o)
 .debug_ranges  0x000009c8       0x28 .\CortexM3\ARM_GCC_484\Debug\ENG3091_MandM.a(M2IN2.o)
 .debug_ranges  0x000009f0       0x68 .\CortexM3\ARM_GCC_484\Debug\ENG3091_MandM.a(Button_PWM.o)
 .debug_ranges  0x00000a58       0x70 .\CortexM3\ARM_GCC_484\Debug\ENG3091_MandM.a(CyFlash.o)
 .debug_ranges  0x00000ac8       0x68 .\CortexM3\ARM_GCC_484\Debug\ENG3091_MandM.a(CySpc.o)

.comment        0x00000000       0x70
 .comment       0x00000000       0x70 .\CortexM3\ARM_GCC_484\Debug\main.o
                                 0x71 (size before relaxing)
 .comment       0x00000000       0x71 .\CortexM3\ARM_GCC_484\Debug\mouse_a.o
 .comment       0x00000000       0x71 .\CortexM3\ARM_GCC_484\Debug\mouse_b.o
 .comment       0x00000000       0x71 .\CortexM3\ARM_GCC_484\Debug\motor.o
 .comment       0x00000000       0x71 .\CortexM3\ARM_GCC_484\Debug\navigation.o
 .comment       0x00000000       0x71 .\CortexM3\ARM_GCC_484\Debug\cybootloader.o
 .comment       0x00000000       0x71 .\CortexM3\ARM_GCC_484\Debug\cymetadata.o
 .comment       0x00000000       0x71 .\CortexM3\ARM_GCC_484\Debug\Cm3Start.o
 .comment       0x00000000       0x71 .\CortexM3\ARM_GCC_484\Debug\ENG3091_MandM.a(cyfitter_cfg.o)
 .comment       0x00000000       0x71 .\CortexM3\ARM_GCC_484\Debug\ENG3091_MandM.a(SDAT_A.o)
 .comment       0x00000000       0x71 .\CortexM3\ARM_GCC_484\Debug\ENG3091_MandM.a(SCLK_A.o)
 .comment       0x00000000       0x71 .\CortexM3\ARM_GCC_484\Debug\ENG3091_MandM.a(sclk_a_isr.o)
 .comment       0x00000000       0x71 .\CortexM3\ARM_GCC_484\Debug\ENG3091_MandM.a(SCLK_B.o)
 .comment       0x00000000       0x71 .\CortexM3\ARM_GCC_484\Debug\ENG3091_MandM.a(SDAT_B.o)
 .comment       0x00000000       0x71 .\CortexM3\ARM_GCC_484\Debug\ENG3091_MandM.a(sclk_b_isr.o)
 .comment       0x00000000       0x71 .\CortexM3\ARM_GCC_484\Debug\ENG3091_MandM.a(Timer.o)
 .comment       0x00000000       0x71 .\CortexM3\ARM_GCC_484\Debug\ENG3091_MandM.a(ORANGE.o)
 .comment       0x00000000       0x71 .\CortexM3\ARM_GCC_484\Debug\ENG3091_MandM.a(CyDmac.o)
 .comment       0x00000000       0x71 .\CortexM3\ARM_GCC_484\Debug\ENG3091_MandM.a(CyLib.o)
 .comment       0x00000000       0x71 .\CortexM3\ARM_GCC_484\Debug\ENG3091_MandM.a(cyPm.o)
 .comment       0x00000000       0x71 .\CortexM3\ARM_GCC_484\Debug\ENG3091_MandM.a(cyutils.o)
 .comment       0x00000000       0x71 .\CortexM3\ARM_GCC_484\Debug\ENG3091_MandM.a(MOTOR2.o)
 .comment       0x00000000       0x71 .\CortexM3\ARM_GCC_484\Debug\ENG3091_MandM.a(but1.o)
 .comment       0x00000000       0x71 .\CortexM3\ARM_GCC_484\Debug\ENG3091_MandM.a(but0.o)
 .comment       0x00000000       0x71 .\CortexM3\ARM_GCC_484\Debug\ENG3091_MandM.a(MOTOR1.o)
 .comment       0x00000000       0x71 .\CortexM3\ARM_GCC_484\Debug\ENG3091_MandM.a(M1IN1.o)
 .comment       0x00000000       0x71 .\CortexM3\ARM_GCC_484\Debug\ENG3091_MandM.a(M1IN2.o)
 .comment       0x00000000       0x71 .\CortexM3\ARM_GCC_484\Debug\ENG3091_MandM.a(M2IN1.o)
 .comment       0x00000000       0x71 .\CortexM3\ARM_GCC_484\Debug\ENG3091_MandM.a(M2IN2.o)
 .comment       0x00000000       0x71 .\CortexM3\ARM_GCC_484\Debug\ENG3091_MandM.a(Button_PWM.o)
 .comment       0x00000000       0x71 .\CortexM3\ARM_GCC_484\Debug\ENG3091_MandM.a(CyFlash.o)
 .comment       0x00000000       0x71 .\CortexM3\ARM_GCC_484\Debug\ENG3091_MandM.a(CySpc.o)

.debug_weaknames
 *(.debug_weaknames)

.debug_funcnames
 *(.debug_funcnames)

.debug_typenames
 *(.debug_typenames)

.debug_varnames
 *(.debug_varnames)

.note.gnu.arm.ident
 *(.note.gnu.arm.ident)

.ARM.attributes
                0x00000000       0x29
 *(.ARM.attributes)
 .ARM.attributes
                0x00000000       0x1d c:/program files (x86)/cypress/psoc creator/3.2/psoc creator/import/gnu/arm/4.8.4/bin/../lib/gcc/arm-none-eabi/4.8.4/armv7-m/crti.o
 .ARM.attributes
                0x0000001d       0x2d c:/program files (x86)/cypress/psoc creator/3.2/psoc creator/import/gnu/arm/4.8.4/bin/../lib/gcc/arm-none-eabi/4.8.4/armv7-m/crtbegin.o
 .ARM.attributes
                0x0000004a       0x1b c:/program files (x86)/cypress/psoc creator/3.2/psoc creator/import/gnu/arm/4.8.4/bin/../lib/gcc/arm-none-eabi/4.8.4/../../../../arm-none-eabi/lib/armv7-m/crt0.o
 .ARM.attributes
                0x00000065       0x33 .\CortexM3\ARM_GCC_484\Debug\main.o
 .ARM.attributes
                0x00000098       0x33 .\CortexM3\ARM_GCC_484\Debug\mouse_a.o
 .ARM.attributes
                0x000000cb       0x33 .\CortexM3\ARM_GCC_484\Debug\mouse_b.o
 .ARM.attributes
                0x000000fe       0x33 .\CortexM3\ARM_GCC_484\Debug\motor.o
 .ARM.attributes
                0x00000131       0x33 .\CortexM3\ARM_GCC_484\Debug\navigation.o
 .ARM.attributes
                0x00000164       0x33 .\CortexM3\ARM_GCC_484\Debug\cybootloader.o
 .ARM.attributes
                0x00000197       0x33 .\CortexM3\ARM_GCC_484\Debug\cymetadata.o
 .ARM.attributes
                0x000001ca       0x33 .\CortexM3\ARM_GCC_484\Debug\Cm3Start.o
 .ARM.attributes
                0x000001fd       0x33 .\CortexM3\ARM_GCC_484\Debug\ENG3091_MandM.a(cyfitter_cfg.o)
 .ARM.attributes
                0x00000230       0x33 .\CortexM3\ARM_GCC_484\Debug\ENG3091_MandM.a(SDAT_A.o)
 .ARM.attributes
                0x00000263       0x33 .\CortexM3\ARM_GCC_484\Debug\ENG3091_MandM.a(SCLK_A.o)
 .ARM.attributes
                0x00000296       0x33 .\CortexM3\ARM_GCC_484\Debug\ENG3091_MandM.a(sclk_a_isr.o)
 .ARM.attributes
                0x000002c9       0x33 .\CortexM3\ARM_GCC_484\Debug\ENG3091_MandM.a(SCLK_B.o)
 .ARM.attributes
                0x000002fc       0x33 .\CortexM3\ARM_GCC_484\Debug\ENG3091_MandM.a(SDAT_B.o)
 .ARM.attributes
                0x0000032f       0x33 .\CortexM3\ARM_GCC_484\Debug\ENG3091_MandM.a(sclk_b_isr.o)
 .ARM.attributes
                0x00000362       0x33 .\CortexM3\ARM_GCC_484\Debug\ENG3091_MandM.a(Timer.o)
 .ARM.attributes
                0x00000395       0x33 .\CortexM3\ARM_GCC_484\Debug\ENG3091_MandM.a(ORANGE.o)
 .ARM.attributes
                0x000003c8       0x21 .\CortexM3\ARM_GCC_484\Debug\ENG3091_MandM.a(CyBootAsmGnu.o)
 .ARM.attributes
                0x000003e9       0x33 .\CortexM3\ARM_GCC_484\Debug\ENG3091_MandM.a(CyDmac.o)
 .ARM.attributes
                0x0000041c       0x33 .\CortexM3\ARM_GCC_484\Debug\ENG3091_MandM.a(CyLib.o)
 .ARM.attributes
                0x0000044f       0x33 .\CortexM3\ARM_GCC_484\Debug\ENG3091_MandM.a(cyPm.o)
 .ARM.attributes
                0x00000482       0x33 .\CortexM3\ARM_GCC_484\Debug\ENG3091_MandM.a(cyutils.o)
 .ARM.attributes
                0x000004b5       0x33 .\CortexM3\ARM_GCC_484\Debug\ENG3091_MandM.a(MOTOR2.o)
 .ARM.attributes
                0x000004e8       0x33 .\CortexM3\ARM_GCC_484\Debug\ENG3091_MandM.a(but1.o)
 .ARM.attributes
                0x0000051b       0x33 .\CortexM3\ARM_GCC_484\Debug\ENG3091_MandM.a(but0.o)
 .ARM.attributes
                0x0000054e       0x33 .\CortexM3\ARM_GCC_484\Debug\ENG3091_MandM.a(MOTOR1.o)
 .ARM.attributes
                0x00000581       0x33 .\CortexM3\ARM_GCC_484\Debug\ENG3091_MandM.a(M1IN1.o)
 .ARM.attributes
                0x000005b4       0x33 .\CortexM3\ARM_GCC_484\Debug\ENG3091_MandM.a(M1IN2.o)
 .ARM.attributes
                0x000005e7       0x33 .\CortexM3\ARM_GCC_484\Debug\ENG3091_MandM.a(M2IN1.o)
 .ARM.attributes
                0x0000061a       0x33 .\CortexM3\ARM_GCC_484\Debug\ENG3091_MandM.a(M2IN2.o)
 .ARM.attributes
                0x0000064d       0x33 .\CortexM3\ARM_GCC_484\Debug\ENG3091_MandM.a(Button_PWM.o)
 .ARM.attributes
                0x00000680       0x33 .\CortexM3\ARM_GCC_484\Debug\ENG3091_MandM.a(CyFlash.o)
 .ARM.attributes
                0x000006b3       0x33 .\CortexM3\ARM_GCC_484\Debug\ENG3091_MandM.a(CySpc.o)
 .ARM.attributes
                0x000006e6       0x1d c:/program files (x86)/cypress/psoc creator/3.2/psoc creator/import/gnu/arm/4.8.4/bin/../lib/gcc/arm-none-eabi/4.8.4/armv7-m\libgcc.a(_arm_addsubdf3.o)
 .ARM.attributes
                0x00000703       0x2d c:/program files (x86)/cypress/psoc creator/3.2/psoc creator/import/gnu/arm/4.8.4/bin/../lib/gcc/arm-none-eabi/4.8.4/../../../../arm-none-eabi/lib/armv7-m\libg_s.a(lib_a-errno.o)
 .ARM.attributes
                0x00000730       0x2d c:/program files (x86)/cypress/psoc creator/3.2/psoc creator/import/gnu/arm/4.8.4/bin/../lib/gcc/arm-none-eabi/4.8.4/../../../../arm-none-eabi/lib/armv7-m\libg_s.a(lib_a-exit.o)
 .ARM.attributes
                0x0000075d       0x2d c:/program files (x86)/cypress/psoc creator/3.2/psoc creator/import/gnu/arm/4.8.4/bin/../lib/gcc/arm-none-eabi/4.8.4/../../../../arm-none-eabi/lib/armv7-m\libg_s.a(lib_a-impure.o)
 .ARM.attributes
                0x0000078a       0x2d c:/program files (x86)/cypress/psoc creator/3.2/psoc creator/import/gnu/arm/4.8.4/bin/../lib/gcc/arm-none-eabi/4.8.4/../../../../arm-none-eabi/lib/armv7-m\libg_s.a(lib_a-init.o)
 .ARM.attributes
                0x000007b7       0x2d c:/program files (x86)/cypress/psoc creator/3.2/psoc creator/import/gnu/arm/4.8.4/bin/../lib/gcc/arm-none-eabi/4.8.4/../../../../arm-none-eabi/lib/armv7-m\libg_s.a(lib_a-memcpy-stub.o)
 .ARM.attributes
                0x000007e4       0x2d c:/program files (x86)/cypress/psoc creator/3.2/psoc creator/import/gnu/arm/4.8.4/bin/../lib/gcc/arm-none-eabi/4.8.4/../../../../arm-none-eabi/lib/armv7-m\libg_s.a(lib_a-memset.o)
 .ARM.attributes
                0x00000811       0x2d c:/program files (x86)/cypress/psoc creator/3.2/psoc creator/import/gnu/arm/4.8.4/bin/../lib/gcc/arm-none-eabi/4.8.4/armv7-m/crtend.o
 .ARM.attributes
                0x0000083e       0x1d c:/program files (x86)/cypress/psoc creator/3.2/psoc creator/import/gnu/arm/4.8.4/bin/../lib/gcc/arm-none-eabi/4.8.4/armv7-m/crtn.o

/DISCARD/
 *(.note.GNU-stack)
OUTPUT(.\CortexM3\ARM_GCC_484\Debug\ENG3091_MandM.elf elf32-littlearm)
