Archive member included because of file (symbol)

.\CortexM3\ARM_GCC_484\Debug\ENG3091_MandM.a(cyfitter_cfg.o)
                              .\CortexM3\ARM_GCC_484\Debug\Cm3Start.o (cyfitter_cfg)
.\CortexM3\ARM_GCC_484\Debug\ENG3091_MandM.a(SDAT_A.o)
                              .\CortexM3\ARM_GCC_484\Debug\mouse_a.o (SDAT_A_Write)
.\CortexM3\ARM_GCC_484\Debug\ENG3091_MandM.a(SCLK_A.o)
                              .\CortexM3\ARM_GCC_484\Debug\mouse_a.o (SCLK_A_Write)
.\CortexM3\ARM_GCC_484\Debug\ENG3091_MandM.a(sclk_a_isr.o)
                              .\CortexM3\ARM_GCC_484\Debug\main.o (sclk_a_isr_SetPriority)
.\CortexM3\ARM_GCC_484\Debug\ENG3091_MandM.a(SCLK_B.o)
                              .\CortexM3\ARM_GCC_484\Debug\mouse_b.o (SCLK_B_Write)
.\CortexM3\ARM_GCC_484\Debug\ENG3091_MandM.a(SDAT_B.o)
                              .\CortexM3\ARM_GCC_484\Debug\mouse_b.o (SDAT_B_Write)
.\CortexM3\ARM_GCC_484\Debug\ENG3091_MandM.a(sclk_b_isr.o)
                              .\CortexM3\ARM_GCC_484\Debug\main.o (sclk_b_isr_SetPriority)
.\CortexM3\ARM_GCC_484\Debug\ENG3091_MandM.a(Timer.o)
                              .\CortexM3\ARM_GCC_484\Debug\main.o (Timer_ReadCounter)
.\CortexM3\ARM_GCC_484\Debug\ENG3091_MandM.a(CyBootAsmGnu.o)
                              .\CortexM3\ARM_GCC_484\Debug\ENG3091_MandM.a(cyfitter_cfg.o) (CyDelayCycles)
.\CortexM3\ARM_GCC_484\Debug\ENG3091_MandM.a(CyDmac.o)
                              .\CortexM3\ARM_GCC_484\Debug\Cm3Start.o (CyDmacConfigure)
.\CortexM3\ARM_GCC_484\Debug\ENG3091_MandM.a(CyLib.o)
                              .\CortexM3\ARM_GCC_484\Debug\Cm3Start.o (CyHalt)
.\CortexM3\ARM_GCC_484\Debug\ENG3091_MandM.a(cyPm.o)
                              .\CortexM3\ARM_GCC_484\Debug\ENG3091_MandM.a(CyLib.o) (CyPmReadStatus)
.\CortexM3\ARM_GCC_484\Debug\ENG3091_MandM.a(cyutils.o)
                              .\CortexM3\ARM_GCC_484\Debug\ENG3091_MandM.a(Timer.o) (CySetReg24)
.\CortexM3\ARM_GCC_484\Debug\ENG3091_MandM.a(LCD.o)
                              .\CortexM3\ARM_GCC_484\Debug\main.o (LCD_PrintString)
.\CortexM3\ARM_GCC_484\Debug\ENG3091_MandM.a(MOTOR2.o)
                              .\CortexM3\ARM_GCC_484\Debug\motor.o (MOTOR2_WriteCompare)
.\CortexM3\ARM_GCC_484\Debug\ENG3091_MandM.a(but1.o)
                              .\CortexM3\ARM_GCC_484\Debug\main.o (but1_StartEx)
.\CortexM3\ARM_GCC_484\Debug\ENG3091_MandM.a(but0.o)
                              .\CortexM3\ARM_GCC_484\Debug\main.o (but0_StartEx)
.\CortexM3\ARM_GCC_484\Debug\ENG3091_MandM.a(MOTOR1.o)
                              .\CortexM3\ARM_GCC_484\Debug\motor.o (MOTOR1_WriteCompare)
.\CortexM3\ARM_GCC_484\Debug\ENG3091_MandM.a(M1IN1.o)
                              .\CortexM3\ARM_GCC_484\Debug\motor.o (M1IN1_Write)
.\CortexM3\ARM_GCC_484\Debug\ENG3091_MandM.a(M1IN2.o)
                              .\CortexM3\ARM_GCC_484\Debug\motor.o (M1IN2_Write)
.\CortexM3\ARM_GCC_484\Debug\ENG3091_MandM.a(M2IN1.o)
                              .\CortexM3\ARM_GCC_484\Debug\motor.o (M2IN1_Write)
.\CortexM3\ARM_GCC_484\Debug\ENG3091_MandM.a(M2IN2.o)
                              .\CortexM3\ARM_GCC_484\Debug\motor.o (M2IN2_Write)
.\CortexM3\ARM_GCC_484\Debug\ENG3091_MandM.a(Button_PWM.o)
                              .\CortexM3\ARM_GCC_484\Debug\main.o (Button_PWM_Start)
.\CortexM3\ARM_GCC_484\Debug\ENG3091_MandM.a(ISR_CHECKP.o)
                              .\CortexM3\ARM_GCC_484\Debug\navigation.o (ISR_CHECKP_Write)
.\CortexM3\ARM_GCC_484\Debug\ENG3091_MandM.a(CyFlash.o)
                              .\CortexM3\ARM_GCC_484\Debug\ENG3091_MandM.a(cyPm.o) (CyFlash_SetWaitCycles)
.\CortexM3\ARM_GCC_484\Debug\ENG3091_MandM.a(CySpc.o)
                              .\CortexM3\ARM_GCC_484\Debug\ENG3091_MandM.a(CyFlash.o) (CySpcStart)
c:/program files (x86)/cypress/psoc creator/3.2/psoc creator/import/gnu/arm/4.8.4/bin/../lib/gcc/arm-none-eabi/4.8.4/../../../../arm-none-eabi/lib/armv7-m\libm.a(lib_a-s_cos.o)
                              .\CortexM3\ARM_GCC_484\Debug\navigation.o (cos)
c:/program files (x86)/cypress/psoc creator/3.2/psoc creator/import/gnu/arm/4.8.4/bin/../lib/gcc/arm-none-eabi/4.8.4/../../../../arm-none-eabi/lib/armv7-m\libm.a(lib_a-s_sin.o)
                              .\CortexM3\ARM_GCC_484\Debug\navigation.o (sin)
c:/program files (x86)/cypress/psoc creator/3.2/psoc creator/import/gnu/arm/4.8.4/bin/../lib/gcc/arm-none-eabi/4.8.4/../../../../arm-none-eabi/lib/armv7-m\libm.a(lib_a-w_atan2.o)
                              .\CortexM3\ARM_GCC_484\Debug\navigation.o (atan2)
c:/program files (x86)/cypress/psoc creator/3.2/psoc creator/import/gnu/arm/4.8.4/bin/../lib/gcc/arm-none-eabi/4.8.4/../../../../arm-none-eabi/lib/armv7-m\libm.a(lib_a-w_sqrt.o)
                              .\CortexM3\ARM_GCC_484\Debug\navigation.o (sqrt)
c:/program files (x86)/cypress/psoc creator/3.2/psoc creator/import/gnu/arm/4.8.4/bin/../lib/gcc/arm-none-eabi/4.8.4/../../../../arm-none-eabi/lib/armv7-m\libm.a(lib_a-e_atan2.o)
[...]
Memory Configuration

Name             Origin             Length             Attributes
rom              0x00000000         0x00040000         xr
ram              0x1fff8000         0x00010000         xrw
*default*        0x00000000         0xffffffff

Linker script and memory map

LOAD c:/program files (x86)/cypress/psoc creator/3.2/psoc creator/import/gnu/arm/4.8.4/bin/../lib/gcc/arm-none-eabi/4.8.4/armv7-m/crti.o
LOAD c:/program files (x86)/cypress/psoc creator/3.2/psoc creator/import/gnu/arm/4.8.4/bin/../lib/gcc/arm-none-eabi/4.8.4/armv7-m/crtbegin.o
LOAD c:/program files (x86)/cypress/psoc creator/3.2/psoc creator/import/gnu/arm/4.8.4/bin/../lib/gcc/arm-none-eabi/4.8.4/../../../../arm-none-eabi/lib/armv7-m/crt0.o
START GROUP
LOAD .\CortexM3\ARM_GCC_484\Debug\main.o
LOAD .\CortexM3\ARM_GCC_484\Debug\mouse_a.o
LOAD .\CortexM3\ARM_GCC_484\Debug\mouse_b.o
LOAD .\CortexM3\ARM_GCC_484\Debug\motor.o
LOAD .\CortexM3\ARM_GCC_484\Debug\navigation.o
LOAD .\CortexM3\ARM_GCC_484\Debug\arm.o
LOAD .\CortexM3\ARM_GCC_484\Debug\gripper.o
LOAD .\CortexM3\ARM_GCC_484\Debug\cybootloader.o
LOAD .\CortexM3\ARM_GCC_484\Debug\cymetadata.o
LOAD .\CortexM3\ARM_GCC_484\Debug\Cm3Start.o
LOAD .\CortexM3\ARM_GCC_484\Debug\ENG3091_MandM.a
LOAD C:\Program Files (x86)\Cypress\PSoC Creator\3.2\PSoC Creator\psoc\content\cycomponentlibrary\CyComponentLibrary.cylib\CortexM3\ARM_GCC_484\Debug\CyComponentLibrary.a
LOAD c:/program files (x86)/cypress/psoc creator/3.2/psoc creator/import/gnu/arm/4.8.4/bin/../lib/gcc/arm-none-eabi/4.8.4/../../../../arm-none-eabi/lib/armv7-m\libm.a
END GROUP
START GROUP
LOAD c:/program files (x86)/cypress/psoc creator/3.2/psoc creator/import/gnu/arm/4.8.4/bin/../lib/gcc/arm-none-eabi/4.8.4/armv7-m\libgcc.a
LOAD c:/program files (x86)/cypress/psoc creator/3.2/psoc creator/import/gnu/arm/4.8.4/bin/../lib/gcc/arm-none-eabi/4.8.4/../../../../arm-none-eabi/lib/armv7-m\libg_s.a
LOAD c:/program files (x86)/cypress/psoc creator/3.2/psoc creator/import/gnu/arm/4.8.4/bin/../lib/gcc/arm-none-eabi/4.8.4/../../../../arm-none-eabi/lib/armv7-m\libc_s.a
END GROUP
START GROUP
LOAD c:/program files (x86)/cypress/psoc creator/3.2/psoc creator/import/gnu/arm/4.8.4/bin/../lib/gcc/arm-none-eabi/4.8.4/armv7-m\libgcc.a
LOAD c:/program files (x86)/cypress/psoc creator/3.2/psoc creator/import/gnu/arm/4.8.4/bin/../lib/gcc/arm-none-eabi/4.8.4/../../../../arm-none-eabi/lib/armv7-m\libc_s.a
END GROUP
LOAD c:/program files (x86)/cypress/psoc creator/3.2/psoc creator/import/gnu/arm/4.8.4/bin/../lib/gcc/arm-none-eabi/4.8.4/armv7-m/crtend.o
LOAD c:/program files (x86)/cypress/psoc creator/3.2/psoc creator/import/gnu/arm/4.8.4/bin/../lib/gcc/arm-none-eabi/4.8.4/armv7-m/crtn.o
START GROUP
LOAD c:/program files (x86)/cypress/psoc creator/3.2/psoc creator/import/gnu/arm/4.8.4/bin/../lib/gcc/arm-none-eabi/4.8.4/armv7-m\libgcc.a
LOAD c:/program files (x86)/cypress/psoc creator/3.2/psoc creator/import/gnu/arm/4.8.4/bin/../lib/gcc/arm-none-eabi/4.8.4/../../../../arm-none-eabi/lib/armv7-m\libc.a
LOAD c:/program files (x86)/cypress/psoc creator/3.2/psoc creator/import/gnu/arm/4.8.4/bin/../lib/gcc/arm-none-eabi/4.8.4/../../../../arm-none-eabi/lib/armv7-m\libnosys.a
END GROUP
                0x00000000                CY_APPL_ORIGIN = 0x0
                0x00000100                CY_FLASH_ROW_SIZE = 0x100
                0x00000020                CY_ECC_ROW_SIZE = 0x20
                0x00000000                CY_EE_IN_BTLDR = 0x0
                0x00000001                CY_APPL_LOADABLE = 0x1
                0x00000800                CY_EE_SIZE = 0x800
                0x00000001                CY_APPL_NUM = 0x1
                0x00000001                CY_APPL_MAX = 0x1
                0x00000040                CY_METADATA_SIZE = 0x40
                0x20004810                PROVIDE (__cy_heap_start, _end)
                0x00000001                PROVIDE (__cy_region_num, ((__cy_regions_end - __cy_regions) / 0x10))
                0x20008000                PROVIDE (__cy_stack, (ORIGIN (ram) + 0x10000))
                0x20007800                PROVIDE (__cy_heap_end, (__cy_stack - 0x800))

.cybootloader   0x00000000     0x2700
 *(.cybootloader)
 .cybootloader  0x00000000     0x2700 .\CortexM3\ARM_GCC_484\Debug\cybootloader.o
                0x00000000                cy_bootloader
                0x00002700                appl1_start = CY_APPL_ORIGIN?CY_APPL_ORIGIN:ALIGN (CY_FLASH_ROW_SIZE)
                0x00021300                appl2_start = (appl1_start + ALIGN ((((0x40000 - appl1_start) - (0x2 * CY_FLASH_ROW_SIZE)) / 0x2), CY_FLASH_ROW_SIZE))
                0x00002700                appl_start = (CY_APPL_NUM == 0x1)?appl1_start:appl2_start
                0x000004e0                ecc_offset = ((appl_start / CY_FLASH_ROW_SIZE) * CY_ECC_ROW_SIZE)
                0x00000000                ee_offset = (CY_APPL_LOADABLE && ! (CY_EE_IN_BTLDR))?((CY_EE_SIZE / CY_APPL_MAX) * (CY_APPL_NUM - 0x1)):0x0
                0x00000800                ee_size = (CY_APPL_LOADABLE && ! (CY_EE_IN_BTLDR))?(CY_EE_SIZE / CY_APPL_MAX):CY_EE_SIZE
                0x000004e0                PROVIDE (CY_ECC_OFFSET, ecc_offset)

.text           0x00002700     0x46d2
 CREATE_OBJECT_SYMBOLS
                0x00002700                PROVIDE (__cy_interrupt_vector, RomVectors)
 *(.romvectors)
 .romvectors    0x00002700       0x10 .\CortexM3\ARM_GCC_484\Debug\Cm3Start.o
                0x00002700                RomVectors
                0x00000001                ASSERT ((. != __cy_interrupt_vector), No interrupt vector)
                0x00000001                ASSERT (CY_APPL_ORIGIN?(SIZEOF (.cybootloader) <= CY_APPL_ORIGIN):0x1, Wrong image location)
                0x00002710                PROVIDE (__cy_reset, Reset)
 *(.text.Reset)
 .text.Reset    0x00002710        0x8 .\CortexM3\ARM_GCC_484\Debug\Cm3Start.o
                0x00002710                Reset
                0x00000001                ASSERT ((. != __cy_reset), No reset code)
 *(.dma_init)
                0x00000001                ASSERT ((((appl_start + .) <= 0x10000) || 0x1), DMA Init must be within the first 64k of flash)
 *(.text .text.* .gnu.linkonce.t.*)
 .text          0x00002718       0x54 c:/program files (x86)/cypress/psoc creator/3.2/psoc creator/import/gnu/arm/4.8.4/bin/../lib/gcc/arm-none-eabi/4.8.4/armv7-m/crtbegin.o
 .text.INC_ISR  0x0000276c       0x14 .\CortexM3\ARM_GCC_484\Debug\main.o
                0x0000276c                INC_ISR
 .text.DEC_ISR  0x00002780       0x14 .\CortexM3\ARM_GCC_484\Debug\main.o
                0x00002780                DEC_ISR
 .text.init_buttons
                0x00002794       0x1c .\CortexM3\ARM_GCC_484\Debug\main.o
                0x00002794                init_buttons
 .text.init_mice
                0x000027b0       0x48 .\CortexM3\ARM_GCC_484\Debug\main.o
                0x000027b0                init_mice
 .text.main     0x000027f8      0x108 .\CortexM3\ARM_GCC_484\Debug\main.o
                0x000027f8                main
 .text.mouse_a_write
                0x00002900       0xb0 .\CortexM3\ARM_GCC_484\Debug\mouse_a.o
                0x00002900                mouse_a_write
 .text.mouse_a_init
                0x000029b0       0x48 .\CortexM3\ARM_GCC_484\Debug\mouse_a.o
                0x000029b0                mouse_a_init
 .text.reset_sclk_a_isr
                0x000029f8       0x3c .\CortexM3\ARM_GCC_484\Debug\mouse_a.o
                0x000029f8                reset_sclk_a_isr
 .text.MY_SCLK_A_ISR
                0x00002a34      0x224 .\CortexM3\ARM_GCC_484\Debug\mouse_a.o
                0x00002a34                MY_SCLK_A_ISR
 .text.mouse_b_write
                0x00002c58       0xb0 .\CortexM3\ARM_GCC_484\Debug\mouse_b.o
                0x00002c58                mouse_b_write
 .text.mouse_b_init
                0x00002d08       0x48 .\CortexM3\ARM_GCC_484\Debug\mouse_b.o
                0x00002d08                mouse_b_init
 .text.reset_sclk_b_isr
                0x00002d50       0x3c .\CortexM3\ARM_GCC_484\Debug\mouse_b.o
                0x00002d50                reset_sclk_b_isr
 .text.MY_SCLK_B_ISR
                0x00002d8c      0x224 .\CortexM3\ARM_GCC_484\Debug\mouse_b.o
                0x00002d8c                MY_SCLK_B_ISR
 .text.init_motors
                0x00002fb0       0x30 .\CortexM3\ARM_GCC_484\Debug\motor.o
                0x00002fb0                init_motors
 .text.setForward
                0x00002fe0       0x2c .\CortexM3\ARM_GCC_484\Debug\motor.o
                0x00002fe0                setForward
 .text.signum   0x0000300c       0x20 .\CortexM3\ARM_GCC_484\Debug\navigation.o
                0x0000300c                signum
 .text.myabs    0x0000302c       0x20 .\CortexM3\ARM_GCC_484\Debug\navigation.o
                0x0000302c                myabs
 *fill*         0x0000304c        0x4 
 .text.update_position
                0x00003050      0x3e8 .\CortexM3\ARM_GCC_484\Debug\navigation.o
                0x00003050                update_position
 .text.refresh_position
                0x00003438       0xdc .\CortexM3\ARM_GCC_484\Debug\navigation.o
                0x00003438                refresh_position
 .text.reset_navigation
                0x00003514       0x4c .\CortexM3\ARM_GCC_484\Debug\navigation.o
                0x00003514                reset_navigation
 .text.init_navigation
                0x00003560        0x8 .\CortexM3\ARM_GCC_484\Debug\navigation.o
                0x00003560                init_navigation
 .text.IntDefaultHandler
                0x00003568        0x4 .\CortexM3\ARM_GCC_484\Debug\Cm3Start.o
                0x00003568                IntDefaultHandler
 .text._sbrk    0x0000356c       0x30 .\CortexM3\ARM_GCC_484\Debug\Cm3Start.o
                0x0000356c                _sbrk
 .text.Start_c  0x0000359c       0x4c .\CortexM3\ARM_GCC_484\Debug\Cm3Start.o
                0x0000359c                Start_c
 .text.initialize_psoc
                0x000035e8       0x74 .\CortexM3\ARM_GCC_484\Debug\Cm3Start.o
                0x000035e8                initialize_psoc
 .text.CyClockStartupError
                0x0000365c        0x4 .\CortexM3\ARM_GCC_484\Debug\ENG3091_MandM.a(cyfitter_cfg.o)
 .text.cfg_write_bytes32
                0x00003660       0x34 .\CortexM3\ARM_GCC_484\Debug\ENG3091_MandM.a(cyfitter_cfg.o)
 .text.AnalogSetDefault
                0x00003694       0x28 .\CortexM3\ARM_GCC_484\Debug\ENG3091_MandM.a(cyfitter_cfg.o)
 .text.CYMEMZERO
                0x000036bc        0xc .\CortexM3\ARM_GCC_484\Debug\ENG3091_MandM.a(cyfitter_cfg.o)
 .text.CYCONFIGCPYCODE
                0x000036c8        0x8 .\CortexM3\ARM_GCC_484\Debug\ENG3091_MandM.a(cyfitter_cfg.o)
 .text.CYCONFIGCPY
                0x000036d0        0x8 .\CortexM3\ARM_GCC_484\Debug\ENG3091_MandM.a(cyfitter_cfg.o)
 .text.ClockSetup
                0x000036d8      0x104 .\CortexM3\ARM_GCC_484\Debug\ENG3091_MandM.a(cyfitter_cfg.o)
 .text.cyfitter_cfg
                0x000037dc      0x13c .\CortexM3\ARM_GCC_484\Debug\ENG3091_MandM.a(cyfitter_cfg.o)
                0x000037dc                cyfitter_cfg
 .text.SDAT_A_Write
                0x00003918       0x18 .\CortexM3\ARM_GCC_484\Debug\ENG3091_MandM.a(SDAT_A.o)
                0x00003918                SDAT_A_Write
 .text.SDAT_A_Read
                0x00003930       0x10 .\CortexM3\ARM_GCC_484\Debug\ENG3091_MandM.a(SDAT_A.o)
                0x00003930                SDAT_A_Read
 .text.SCLK_A_Write
                0x00003940       0x18 .\CortexM3\ARM_GCC_484\Debug\ENG3091_MandM.a(SCLK_A.o)
                0x00003940                SCLK_A_Write
 .text.SCLK_A_Read
                0x00003958       0x10 .\CortexM3\ARM_GCC_484\Debug\ENG3091_MandM.a(SCLK_A.o)
                0x00003958                SCLK_A_Read
 .text.SCLK_A_ClearInterrupt
                0x00003968       0x10 .\CortexM3\ARM_GCC_484\Debug\ENG3091_MandM.a(SCLK_A.o)
                0x00003968                SCLK_A_ClearInterrupt
 .text.sclk_a_isr_SetVector
                0x00003978        0xc .\CortexM3\ARM_GCC_484\Debug\ENG3091_MandM.a(sclk_a_isr.o)
                0x00003978                sclk_a_isr_SetVector
 .text.sclk_a_isr_SetPriority
                0x00003984       0x10 .\CortexM3\ARM_GCC_484\Debug\ENG3091_MandM.a(sclk_a_isr.o)
                0x00003984                sclk_a_isr_SetPriority
 .text.sclk_a_isr_Enable
                0x00003994        0xc .\CortexM3\ARM_GCC_484\Debug\ENG3091_MandM.a(sclk_a_isr.o)
                0x00003994                sclk_a_isr_Enable
 .text.sclk_a_isr_Disable
                0x000039a0        0xc .\CortexM3\ARM_GCC_484\Debug\ENG3091_MandM.a(sclk_a_isr.o)
                0x000039a0                sclk_a_isr_Disable
 .text.sclk_a_isr_StartEx
                0x000039ac       0x1c .\CortexM3\ARM_GCC_484\Debug\ENG3091_MandM.a(sclk_a_isr.o)
                0x000039ac                sclk_a_isr_StartEx
 .text.sclk_a_isr_Stop
                0x000039c8       0x14 .\CortexM3\ARM_GCC_484\Debug\ENG3091_MandM.a(sclk_a_isr.o)
                0x000039c8                sclk_a_isr_Stop
 .text.SCLK_B_Write
                0x000039dc       0x18 .\CortexM3\ARM_GCC_484\Debug\ENG3091_MandM.a(SCLK_B.o)
                0x000039dc                SCLK_B_Write
 .text.SCLK_B_Read
                0x000039f4       0x10 .\CortexM3\ARM_GCC_484\Debug\ENG3091_MandM.a(SCLK_B.o)
                0x000039f4                SCLK_B_Read
 .text.SCLK_B_ClearInterrupt
                0x00003a04       0x10 .\CortexM3\ARM_GCC_484\Debug\ENG3091_MandM.a(SCLK_B.o)
                0x00003a04                SCLK_B_ClearInterrupt
 .text.SDAT_B_Write
                0x00003a14       0x18 .\CortexM3\ARM_GCC_484\Debug\ENG3091_MandM.a(SDAT_B.o)
                0x00003a14                SDAT_B_Write
 .text.SDAT_B_Read
                0x00003a2c       0x10 .\CortexM3\ARM_GCC_484\Debug\ENG3091_MandM.a(SDAT_B.o)
                0x00003a2c                SDAT_B_Read
 .text.sclk_b_isr_SetVector
                0x00003a3c        0xc .\CortexM3\ARM_GCC_484\Debug\ENG3091_MandM.a(sclk_b_isr.o)
                0x00003a3c                sclk_b_isr_SetVector
 .text.sclk_b_isr_SetPriority
                0x00003a48       0x10 .\CortexM3\ARM_GCC_484\Debug\ENG3091_MandM.a(sclk_b_isr.o)
                0x00003a48                sclk_b_isr_SetPriority
 .text.sclk_b_isr_Enable
                0x00003a58       0x10 .\CortexM3\ARM_GCC_484\Debug\ENG3091_MandM.a(sclk_b_isr.o)
                0x00003a58                sclk_b_isr_Enable
 .text.sclk_b_isr_Disable
                0x00003a68       0x10 .\CortexM3\ARM_GCC_484\Debug\ENG3091_MandM.a(sclk_b_isr.o)
                0x00003a68                sclk_b_isr_Disable
 .text.sclk_b_isr_StartEx
                0x00003a78       0x1c .\CortexM3\ARM_GCC_484\Debug\ENG3091_MandM.a(sclk_b_isr.o)
                0x00003a78                sclk_b_isr_StartEx
 .text.sclk_b_isr_Stop
                0x00003a94       0x14 .\CortexM3\ARM_GCC_484\Debug\ENG3091_MandM.a(sclk_b_isr.o)
                0x00003a94                sclk_b_isr_Stop
 .text.Timer_Enable
                0x00003aa8       0x10 .\CortexM3\ARM_GCC_484\Debug\ENG3091_MandM.a(Timer.o)
                0x00003aa8                Timer_Enable
 .text.Timer_SetInterruptMode
                0x00003ab8        0xc .\CortexM3\ARM_GCC_484\Debug\ENG3091_MandM.a(Timer.o)
                0x00003ab8                Timer_SetInterruptMode
 .text.Timer_ReadStatusRegister
                0x00003ac4        0xc .\CortexM3\ARM_GCC_484\Debug\ENG3091_MandM.a(Timer.o)
                0x00003ac4                Timer_ReadStatusRegister
 .text.Timer_WritePeriod
                0x00003ad0       0x10 .\CortexM3\ARM_GCC_484\Debug\ENG3091_MandM.a(Timer.o)
                0x00003ad0                Timer_WritePeriod
 .text.Timer_ReadCapture
                0x00003ae0       0x10 .\CortexM3\ARM_GCC_484\Debug\ENG3091_MandM.a(Timer.o)
                0x00003ae0                Timer_ReadCapture
 .text.Timer_WriteCounter
                0x00003af0       0x10 .\CortexM3\ARM_GCC_484\Debug\ENG3091_MandM.a(Timer.o)
                0x00003af0                Timer_WriteCounter
 .text.Timer_ReadCounter
                0x00003b00       0x18 .\CortexM3\ARM_GCC_484\Debug\ENG3091_MandM.a(Timer.o)
                0x00003b00                Timer_ReadCounter
 .text.Timer_ClearFIFO
                0x00003b18       0x14 .\CortexM3\ARM_GCC_484\Debug\ENG3091_MandM.a(Timer.o)
                0x00003b18                Timer_ClearFIFO
 .text.Timer_Init
                0x00003b2c       0x34 .\CortexM3\ARM_GCC_484\Debug\ENG3091_MandM.a(Timer.o)
                0x00003b2c                Timer_Init
 .text.Timer_Start
                0x00003b60       0x1c .\CortexM3\ARM_GCC_484\Debug\ENG3091_MandM.a(Timer.o)
                0x00003b60                Timer_Start
 *fill*         0x00003b7c        0x4 
 .text          0x00003b80       0x28 .\CortexM3\ARM_GCC_484\Debug\ENG3091_MandM.a(CyBootAsmGnu.o)
                0x00003b80                CyDelayCycles
                0x00003b94                CyEnterCriticalSection
                0x00003b9c                CyExitCriticalSection
 .text.CyDmacConfigure
                0x00003ba8       0x34 .\CortexM3\ARM_GCC_484\Debug\ENG3091_MandM.a(CyDmac.o)
                0x00003ba8                CyDmacConfigure
 .text.CyDelay  0x00003bdc       0x2c .\CortexM3\ARM_GCC_484\Debug\ENG3091_MandM.a(CyLib.o)
                0x00003bdc                CyDelay
 .text.CyDelayUs
                0x00003c08       0x14 .\CortexM3\ARM_GCC_484\Debug\ENG3091_MandM.a(CyLib.o)
                0x00003c08                CyDelayUs
 .text.CySetReg24
                0x00003c1c       0x14 .\CortexM3\ARM_GCC_484\Debug\ENG3091_MandM.a(cyutils.o)
                0x00003c1c                CySetReg24
 .text.LCD_WrCntrlNib
                0x00003c30       0x34 .\CortexM3\ARM_GCC_484\Debug\ENG3091_MandM.a(LCD.o)
 .text.LCD_WrDatNib
                0x00003c64       0x3c .\CortexM3\ARM_GCC_484\Debug\ENG3091_MandM.a(LCD.o)
 .text.LCD_WriteData
                0x00003ca0       0x20 .\CortexM3\ARM_GCC_484\Debug\ENG3091_MandM.a(LCD.o)
                0x00003ca0                LCD_WriteData
 .text.LCD_PrintString
                0x00003cc0       0x1c .\CortexM3\ARM_GCC_484\Debug\ENG3091_MandM.a(LCD.o)
                0x00003cc0                LCD_PrintString
 .text.LCD_WriteControl
                0x00003cdc       0x24 .\CortexM3\ARM_GCC_484\Debug\ENG3091_MandM.a(LCD.o)
                0x00003cdc                LCD_WriteControl
 .text.LCD_Init
                0x00003d00       0x6c .\CortexM3\ARM_GCC_484\Debug\ENG3091_MandM.a(LCD.o)
                0x00003d00                LCD_Init
 .text.LCD_Enable
                0x00003d6c       0x14 .\CortexM3\ARM_GCC_484\Debug\ENG3091_MandM.a(LCD.o)
                0x00003d6c                LCD_Enable
 .text.LCD_Start
                0x00003d80       0x1c .\CortexM3\ARM_GCC_484\Debug\ENG3091_MandM.a(LCD.o)
                0x00003d80                LCD_Start
 .text.LCD_Position
                0x00003d9c       0x3c .\CortexM3\ARM_GCC_484\Debug\ENG3091_MandM.a(LCD.o)
                0x00003d9c                LCD_Position
 .text.MOTOR2_Enable
                0x00003dd8       0x28 .\CortexM3\ARM_GCC_484\Debug\ENG3091_MandM.a(MOTOR2.o)
                0x00003dd8                MOTOR2_Enable
 .text.MOTOR2_WritePeriod
                0x00003e00        0xc .\CortexM3\ARM_GCC_484\Debug\ENG3091_MandM.a(MOTOR2.o)
                0x00003e00                MOTOR2_WritePeriod
 .text.MOTOR2_WriteCompare
                0x00003e0c        0xc .\CortexM3\ARM_GCC_484\Debug\ENG3091_MandM.a(MOTOR2.o)
                0x00003e0c                MOTOR2_WriteCompare
 .text.MOTOR2_SetInterruptMode
                0x00003e18        0xc .\CortexM3\ARM_GCC_484\Debug\ENG3091_MandM.a(MOTOR2.o)
                0x00003e18                MOTOR2_SetInterruptMode
 .text.MOTOR2_Init
                0x00003e24       0x70 .\CortexM3\ARM_GCC_484\Debug\ENG3091_MandM.a(MOTOR2.o)
                0x00003e24                MOTOR2_Init
 .text.MOTOR2_Start
                0x00003e94       0x1c .\CortexM3\ARM_GCC_484\Debug\ENG3091_MandM.a(MOTOR2.o)
                0x00003e94                MOTOR2_Start
 .text.but1_SetVector
                0x00003eb0        0xc .\CortexM3\ARM_GCC_484\Debug\ENG3091_MandM.a(but1.o)
                0x00003eb0                but1_SetVector
 .text.but1_SetPriority
                0x00003ebc       0x10 .\CortexM3\ARM_GCC_484\Debug\ENG3091_MandM.a(but1.o)
                0x00003ebc                but1_SetPriority
 .text.but1_Enable
                0x00003ecc        0xc .\CortexM3\ARM_GCC_484\Debug\ENG3091_MandM.a(but1.o)
                0x00003ecc                but1_Enable
 .text.but1_Disable
                0x00003ed8        0xc .\CortexM3\ARM_GCC_484\Debug\ENG3091_MandM.a(but1.o)
                0x00003ed8                but1_Disable
 .text.but1_StartEx
                0x00003ee4       0x1c .\CortexM3\ARM_GCC_484\Debug\ENG3091_MandM.a(but1.o)
                0x00003ee4                but1_StartEx
 .text.but1_ClearPending
                0x00003f00        0xc .\CortexM3\ARM_GCC_484\Debug\ENG3091_MandM.a(but1.o)
                0x00003f00                but1_ClearPending
 .text.but0_SetVector
                0x00003f0c        0xc .\CortexM3\ARM_GCC_484\Debug\ENG3091_MandM.a(but0.o)
                0x00003f0c                but0_SetVector
 .text.but0_SetPriority
                0x00003f18       0x10 .\CortexM3\ARM_GCC_484\Debug\ENG3091_MandM.a(but0.o)
                0x00003f18                but0_SetPriority
 .text.but0_Enable
                0x00003f28        0xc .\CortexM3\ARM_GCC_484\Debug\ENG3091_MandM.a(but0.o)
                0x00003f28                but0_Enable
 .text.but0_Disable
                0x00003f34        0xc .\CortexM3\ARM_GCC_484\Debug\ENG3091_MandM.a(but0.o)
                0x00003f34                but0_Disable
 .text.but0_StartEx
                0x00003f40       0x1c .\CortexM3\ARM_GCC_484\Debug\ENG3091_MandM.a(but0.o)
                0x00003f40                but0_StartEx
 .text.but0_ClearPending
                0x00003f5c        0xc .\CortexM3\ARM_GCC_484\Debug\ENG3091_MandM.a(but0.o)
                0x00003f5c                but0_ClearPending
 .text.MOTOR1_Enable
                0x00003f68       0x28 .\CortexM3\ARM_GCC_484\Debug\ENG3091_MandM.a(MOTOR1.o)
                0x00003f68                MOTOR1_Enable
 .text.MOTOR1_WritePeriod
                0x00003f90        0xc .\CortexM3\ARM_GCC_484\Debug\ENG3091_MandM.a(MOTOR1.o)
                0x00003f90                MOTOR1_WritePeriod
 .text.MOTOR1_WriteCompare
                0x00003f9c        0xc .\CortexM3\ARM_GCC_484\Debug\ENG3091_MandM.a(MOTOR1.o)
                0x00003f9c                MOTOR1_WriteCompare
 .text.MOTOR1_SetInterruptMode
                0x00003fa8        0xc .\CortexM3\ARM_GCC_484\Debug\ENG3091_MandM.a(MOTOR1.o)
                0x00003fa8                MOTOR1_SetInterruptMode
 .text.MOTOR1_Init
                0x00003fb4       0x70 .\CortexM3\ARM_GCC_484\Debug\ENG3091_MandM.a(MOTOR1.o)
                0x00003fb4                MOTOR1_Init
 .text.MOTOR1_Start
                0x00004024       0x1c .\CortexM3\ARM_GCC_484\Debug\ENG3091_MandM.a(MOTOR1.o)
                0x00004024                MOTOR1_Start
 .text.M1IN1_Write
                0x00004040       0x18 .\CortexM3\ARM_GCC_484\Debug\ENG3091_MandM.a(M1IN1.o)
                0x00004040                M1IN1_Write
 .text.M1IN2_Write
                0x00004058       0x18 .\CortexM3\ARM_GCC_484\Debug\ENG3091_MandM.a(M1IN2.o)
                0x00004058                M1IN2_Write
 .text.M2IN1_Write
                0x00004070       0x18 .\CortexM3\ARM_GCC_484\Debug\ENG3091_MandM.a(M2IN1.o)
                0x00004070                M2IN1_Write
 .text.M2IN2_Write
                0x00004088       0x18 .\CortexM3\ARM_GCC_484\Debug\ENG3091_MandM.a(M2IN2.o)
                0x00004088                M2IN2_Write
 .text.Button_PWM_Enable
                0x000040a0       0x28 .\CortexM3\ARM_GCC_484\Debug\ENG3091_MandM.a(Button_PWM.o)
                0x000040a0                Button_PWM_Enable
 .text.Button_PWM_WritePeriod
                0x000040c8        0xc .\CortexM3\ARM_GCC_484\Debug\ENG3091_MandM.a(Button_PWM.o)
                0x000040c8                Button_PWM_WritePeriod
 .text.Button_PWM_WriteCompare
                0x000040d4        0xc .\CortexM3\ARM_GCC_484\Debug\ENG3091_MandM.a(Button_PWM.o)
                0x000040d4                Button_PWM_WriteCompare
 .text.Button_PWM_SetInterruptMode
                0x000040e0        0xc .\CortexM3\ARM_GCC_484\Debug\ENG3091_MandM.a(Button_PWM.o)
                0x000040e0                Button_PWM_SetInterruptMode
 .text.Button_PWM_Init
                0x000040ec       0x70 .\CortexM3\ARM_GCC_484\Debug\ENG3091_MandM.a(Button_PWM.o)
                0x000040ec                Button_PWM_Init
 .text.Button_PWM_Start
                0x0000415c       0x1c .\CortexM3\ARM_GCC_484\Debug\ENG3091_MandM.a(Button_PWM.o)
                0x0000415c                Button_PWM_Start
 .text.ISR_CHECKP_Write
                0x00004178       0x18 .\CortexM3\ARM_GCC_484\Debug\ENG3091_MandM.a(ISR_CHECKP.o)
                0x00004178                ISR_CHECKP_Write
 .text.cos      0x00004190       0x8c c:/program files (x86)/cypress/psoc creator/3.2/psoc creator/import/gnu/arm/4.8.4/bin/../lib/gcc/arm-none-eabi/4.8.4/../../../../arm-none-eabi/lib/armv7-m\libm.a(lib_a-s_cos.o)
                0x00004190                cos
 .text.sin      0x0000421c       0x94 c:/program files (x86)/cypress/psoc creator/3.2/psoc creator/import/gnu/arm/4.8.4/bin/../lib/gcc/arm-none-eabi/4.8.4/../../../../arm-none-eabi/lib/armv7-m\libm.a(lib_a-s_sin.o)
                0x0000421c                sin
 .text.atan2    0x000042b0        0x4 c:/program files (x86)/cypress/psoc creator/3.2/psoc creator/import/gnu/arm/4.8.4/bin/../lib/gcc/arm-none-eabi/4.8.4/../../../../arm-none-eabi/lib/armv7-m\libm.a(lib_a-w_atan2.o)
                0x000042b0                atan2
 .text.sqrt     0x000042b4       0xac c:/program files (x86)/cypress/psoc creator/3.2/psoc creator/import/gnu/arm/4.8.4/bin/../lib/gcc/arm-none-eabi/4.8.4/../../../../arm-none-eabi/lib/armv7-m\libm.a(lib_a-w_sqrt.o)
                0x000042b4                sqrt
 .text.__ieee754_atan2
                0x00004360      0x1f0 c:/program files (x86)/cypress/psoc creator/3.2/psoc creator/import/gnu/arm/4.8.4/bin/../lib/gcc/arm-none-eabi/4.8.4/../../../../arm-none-eabi/lib/armv7-m\libm.a(lib_a-e_atan2.o)
                0x00004360                __ieee754_atan2
 .text.__ieee754_rem_pio2
                0x00004550      0x440 c:/program files (x86)/cypress/psoc creator/3.2/psoc creator/import/gnu/arm/4.8.4/bin/../lib/gcc/arm-none-eabi/4.8.4/../../../../arm-none-eabi/lib/armv7-m\libm.a(lib_a-e_rem_pio2.o)
                0x00004550                __ieee754_rem_pio2
 .text.__ieee754_sqrt
                0x00004990      0x180 c:/program files (x86)/cypress/psoc creator/3.2/psoc creator/import/gnu/arm/4.8.4/bin/../lib/gcc/arm-none-eabi/4.8.4/../../../../arm-none-eabi/lib/armv7-m\libm.a(lib_a-e_sqrt.o)
                0x00004990                __ieee754_sqrt
 .text.__kernel_cos
                0x00004b10      0x248 c:/program files (x86)/cypress/psoc creator/3.2/psoc creator/import/gnu/arm/4.8.4/bin/../lib/gcc/arm-none-eabi/4.8.4/../../../../arm-none-eabi/lib/armv7-m\libm.a(lib_a-k_cos.o)
                0x00004b10                __kernel_cos
 .text.__kernel_rem_pio2
                0x00004d58      0x7bc c:/program files (x86)/cypress/psoc creator/3.2/psoc creator/import/gnu/arm/4.8.4/bin/../lib/gcc/arm-none-eabi/4.8.4/../../../../arm-none-eabi/lib/armv7-m\libm.a(lib_a-k_rem_pio2.o)
                0x00004d58                __kernel_rem_pio2
 *fill*         0x00005514        0x4 
 .text.__kernel_sin
                0x00005518      0x170 c:/program files (x86)/cypress/psoc creator/3.2/psoc creator/import/gnu/arm/4.8.4/bin/../lib/gcc/arm-none-eabi/4.8.4/../../../../arm-none-eabi/lib/armv7-m\libm.a(lib_a-k_sin.o)
                0x00005518                __kernel_sin
 .text.atan     0x00005688      0x350 c:/program files (x86)/cypress/psoc creator/3.2/psoc creator/import/gnu/arm/4.8.4/bin/../lib/gcc/arm-none-eabi/4.8.4/../../../../arm-none-eabi/lib/armv7-m\libm.a(lib_a-s_atan.o)
                0x00005688                atan
 .text.fabs     0x000059d8        0x8 c:/program files (x86)/cypress/psoc creator/3.2/psoc creator/import/gnu/arm/4.8.4/bin/../lib/gcc/arm-none-eabi/4.8.4/../../../../arm-none-eabi/lib/armv7-m\libm.a(lib_a-s_fabs.o)
                0x000059d8                fabs
 .text.floor    0x000059e0      0x120 c:/program files (x86)/cypress/psoc creator/3.2/psoc creator/import/gnu/arm/4.8.4/bin/../lib/gcc/arm-none-eabi/4.8.4/../../../../arm-none-eabi/lib/armv7-m\libm.a(lib_a-s_floor.o)
                0x000059e0                floor
 .text.__fpclassifyd
                0x00005b00       0x50 c:/program files (x86)/cypress/psoc creator/3.2/psoc creator/import/gnu/arm/4.8.4/bin/../lib/gcc/arm-none-eabi/4.8.4/../../../../arm-none-eabi/lib/armv7-m\libm.a(lib_a-s_fpclassify.o)
                0x00005b00                __fpclassifyd
 .text.matherr  0x00005b50        0x4 c:/program files (x86)/cypress/psoc creator/3.2/psoc creator/import/gnu/arm/4.8.4/bin/../lib/gcc/arm-none-eabi/4.8.4/../../../../arm-none-eabi/lib/armv7-m\libm.a(lib_a-s_matherr.o)
                0x00005b50                matherr
 *fill*         0x00005b54        0x4 
 .text.scalbn   0x00005b58      0x100 c:/program files (x86)/cypress/psoc creator/3.2/psoc creator/import/gnu/arm/4.8.4/bin/../lib/gcc/arm-none-eabi/4.8.4/../../../../arm-none-eabi/lib/armv7-m\libm.a(lib_a-s_scalbn.o)
                0x00005b58                scalbn
 .text.copysign
                0x00005c58       0x14 c:/program files (x86)/cypress/psoc creator/3.2/psoc creator/import/gnu/arm/4.8.4/bin/../lib/gcc/arm-none-eabi/4.8.4/../../../../arm-none-eabi/lib/armv7-m\libm.a(lib_a-s_copysign.o)
                0x00005c58                copysign
 .text          0x00005c6c      0x370 c:/program files (x86)/cypress/psoc creator/3.2/psoc creator/import/gnu/arm/4.8.4/bin/../lib/gcc/arm-none-eabi/4.8.4/armv7-m\libgcc.a(_arm_addsubdf3.o)
                0x00005c6c                __aeabi_drsub
                0x00005c74                __aeabi_dsub
                0x00005c74                __subdf3
                0x00005c78                __aeabi_dadd
                0x00005c78                __adddf3
                0x00005ef0                __floatunsidf
                0x00005ef0                __aeabi_ui2d
                0x00005f10                __floatsidf
                0x00005f10                __aeabi_i2d
                0x00005f34                __aeabi_f2d
                0x00005f34                __extendsfdf2
                0x00005f70                __floatundidf
                0x00005f70                __aeabi_ul2d
                0x00005f80                __floatdidf
                0x00005f80                __aeabi_l2d
 .text          0x00005fdc      0x424 c:/program files (x86)/cypress/psoc creator/3.2/psoc creator/import/gnu/arm/4.8.4/bin/../lib/gcc/arm-none-eabi/4.8.4/armv7-m\libgcc.a(_arm_muldivdf3.o)
                0x00005fdc                __aeabi_dmul
                0x00005fdc                __muldf3
                0x00006230                __divdf3
                0x00006230                __aeabi_ddiv
 .text          0x00006400      0x110 c:/program files (x86)/cypress/psoc creator/3.2/psoc creator/import/gnu/arm/4.8.4/bin/../lib/gcc/arm-none-eabi/4.8.4/armv7-m\libgcc.a(_arm_cmpdf2.o)
                0x00006400                __gtdf2
                0x00006400                __gedf2
                0x00006408                __ltdf2
                0x00006408                __ledf2
                0x00006410                __nedf2
                0x00006410                __eqdf2
                0x00006410                __cmpdf2
                0x0000648c                __aeabi_cdrcmple
                0x0000649c                __aeabi_cdcmpeq
                0x0000649c                __aeabi_cdcmple
                0x000064ac                __aeabi_dcmpeq
                0x000064c0                __aeabi_dcmplt
                0x000064d4                __aeabi_dcmple
                0x000064e8                __aeabi_dcmpge
                0x000064fc                __aeabi_dcmpgt
 .text          0x00006510       0x50 c:/program files (x86)/cypress/psoc creator/3.2/psoc creator/import/gnu/arm/4.8.4/bin/../lib/gcc/arm-none-eabi/4.8.4/armv7-m\libgcc.a(_arm_fixdfsi.o)
                0x00006510                __aeabi_d2iz
                0x00006510                __fixdfsi
 .text.__errno  0x00006560        0xc c:/program files (x86)/cypress/psoc creator/3.2/psoc creator/import/gnu/arm/4.8.4/bin/../lib/gcc/arm-none-eabi/4.8.4/../../../../arm-none-eabi/lib/armv7-m\libg_s.a(lib_a-errno.o)
                0x00006560                __errno
 .text.__libc_init_array
                0x0000656c       0x4c c:/program files (x86)/cypress/psoc creator/3.2/psoc creator/import/gnu/arm/4.8.4/bin/../lib/gcc/arm-none-eabi/4.8.4/../../../../arm-none-eabi/lib/armv7-m\libg_s.a(lib_a-init.o)
                0x0000656c                __libc_init_array
 .text.memcpy   0x000065b8       0x12 c:/program files (x86)/cypress/psoc creator/3.2/psoc creator/import/gnu/arm/4.8.4/bin/../lib/gcc/arm-none-eabi/4.8.4/../../../../arm-none-eabi/lib/armv7-m\libg_s.a(lib_a-memcpy-stub.o)
                0x000065b8                memcpy
 .text.memset   0x000065ca       0x10 c:/program files (x86)/cypress/psoc creator/3.2/psoc creator/import/gnu/arm/4.8.4/bin/../lib/gcc/arm-none-eabi/4.8.4/../../../../arm-none-eabi/lib/armv7-m\libg_s.a(lib_a-memset.o)
                0x000065ca                memset
 *fill*         0x000065da        0x2 
 .text.sprintf  0x000065dc       0x48 c:/program files (x86)/cypress/psoc creator/3.2/psoc creator/import/gnu/arm/4.8.4/bin/../lib/gcc/arm-none-eabi/4.8.4/../../../../arm-none-eabi/lib/armv7-m\libg_s.a(lib_a-sprintf.o)
                0x000065dc                siprintf
                0x000065dc                sprintf
 .text.__ssputs_r
                0x00006624       0xb8 c:/program files (x86)/cypress/psoc creator/3.2/psoc creator/import/gnu/arm/4.8.4/bin/../lib/gcc/arm-none-eabi/4.8.4/../../../../arm-none-eabi/lib/armv7-m\libg_s.a(lib_a-svfprintf.o)
                0x00006624                __ssputs_r
 .text._svfprintf_r
                0x000066dc      0x1d8 c:/program files (x86)/cypress/psoc creator/3.2/psoc creator/import/gnu/arm/4.8.4/bin/../lib/gcc/arm-none-eabi/4.8.4/../../../../arm-none-eabi/lib/armv7-m\libg_s.a(lib_a-svfprintf.o)
                0x000066dc                _svfiprintf_r
                0x000066dc                _svfprintf_r
 .text._printf_common
                0x000068b4       0xe4 c:/program files (x86)/cypress/psoc creator/3.2/psoc creator/import/gnu/arm/4.8.4/bin/../lib/gcc/arm-none-eabi/4.8.4/../../../../arm-none-eabi/lib/armv7-m\libg_s.a(lib_a-vfprintf_i.o)
                0x000068b4                _printf_common
 .text._printf_i
                0x00006998      0x228 c:/program files (x86)/cypress/psoc creator/3.2/psoc creator/import/gnu/arm/4.8.4/bin/../lib/gcc/arm-none-eabi/4.8.4/../../../../arm-none-eabi/lib/armv7-m\libg_s.a(lib_a-vfprintf_i.o)
                0x00006998                _printf_i
 .text.memchr   0x00006bc0       0x1c c:/program files (x86)/cypress/psoc creator/3.2/psoc creator/import/gnu/arm/4.8.4/bin/../lib/gcc/arm-none-eabi/4.8.4/../../../../arm-none-eabi/lib/armv7-m\libg_s.a(lib_a-memchr-stub.o)
                0x00006bc0                memchr
 .text.memmove  0x00006bdc       0x36 c:/program files (x86)/cypress/psoc creator/3.2/psoc creator/import/gnu/arm/4.8.4/bin/../lib/gcc/arm-none-eabi/4.8.4/../../../../arm-none-eabi/lib/armv7-m\libg_s.a(lib_a-memmove.o)
                0x00006bdc                memmove
 *fill*         0x00006c12        0x2 
 .text._free_r  0x00006c14       0x88 c:/program files (x86)/cypress/psoc creator/3.2/psoc creator/import/gnu/arm/4.8.4/bin/../lib/gcc/arm-none-eabi/4.8.4/../../../../arm-none-eabi/lib/armv7-m\libg_s.a(lib_a-nano-freer.o)
                0x00006c14                _free_r
 .text._malloc_r
                0x00006c9c       0xa8 c:/program files (x86)/cypress/psoc creator/3.2/psoc creator/import/gnu/arm/4.8.4/bin/../lib/gcc/arm-none-eabi/4.8.4/../../../../arm-none-eabi/lib/armv7-m\libg_s.a(lib_a-nano-mallocr.o)
                0x00006c9c                _malloc_r
 .text._realloc_r
                0x00006d44       0x4c c:/program files (x86)/cypress/psoc creator/3.2/psoc creator/import/gnu/arm/4.8.4/bin/../lib/gcc/arm-none-eabi/4.8.4/../../../../arm-none-eabi/lib/armv7-m\libg_s.a(lib_a-nano-reallocr.o)
                0x00006d44                _realloc_r
 .text._sbrk_r  0x00006d90       0x20 c:/program files (x86)/cypress/psoc creator/3.2/psoc creator/import/gnu/arm/4.8.4/bin/../lib/gcc/arm-none-eabi/4.8.4/../../../../arm-none-eabi/lib/armv7-m\libg_s.a(lib_a-sbrkr.o)
                0x00006d90                _sbrk_r
 .text.strlen   0x00006db0       0x10 c:/program files (x86)/cypress/psoc creator/3.2/psoc creator/import/gnu/arm/4.8.4/bin/../lib/gcc/arm-none-eabi/4.8.4/../../../../arm-none-eabi/lib/armv7-m\libg_s.a(lib_a-strlen.o)
                0x00006db0                strlen
 .text._malloc_usable_size_r
                0x00006dc0       0x12 c:/program files (x86)/cypress/psoc creator/3.2/psoc creator/import/gnu/arm/4.8.4/bin/../lib/gcc/arm-none-eabi/4.8.4/../../../../arm-none-eabi/lib/armv7-m\libg_s.a(lib_a-nano-msizer.o)
                0x00006dc0                _malloc_usable_size_r
 *(.plt)
 *(.gnu.warning)
 *(.glue_7t)
 .glue_7t       0x00000000        0x0 linker stubs
 *(.glue_7)
 .glue_7        0x00000000        0x0 linker stubs
 *(.vfp11_veneer)
 .vfp11_veneer  0x00000000        0x0 linker stubs
 *(.bootloader)
 *(.ARM.extab* .gnu.linkonce.armextab.*)
 *(.gcc_except_table)

.v4_bx          0x00006dd4        0x0
 .v4_bx         0x00000000        0x0 linker stubs

.iplt           0x00006dd4        0x0
 .iplt          0x00000000        0x0 c:/program files (x86)/cypress/psoc creator/3.2/psoc creator/import/gnu/arm/4.8.4/bin/../lib/gcc/arm-none-eabi/4.8.4/armv7-m/crtbegin.o

.eh_frame_hdr
 *(.eh_frame_hdr)

.eh_frame       0x00006dd4        0x4
 *(.eh_frame)
 .eh_frame      0x00006dd4        0x0 c:/program files (x86)/cypress/psoc creator/3.2/psoc creator/import/gnu/arm/4.8.4/bin/../lib/gcc/arm-none-eabi/4.8.4/armv7-m/crtbegin.o
 .eh_frame      0x00006dd4        0x4 c:/program files (x86)/cypress/psoc creator/3.2/psoc creator/import/gnu/arm/4.8.4/bin/../lib/gcc/arm-none-eabi/4.8.4/armv7-m/crtend.o
                0x00006dd8                PROVIDE (__exidx_start, .)

.ARM.exidx
 *(.ARM.exidx* .gnu.linkonce.armexidx.*)
                0x00006dd8                __exidx_end = .

.rodata         0x00006dd8      0x720
 *(.rodata .rodata.* .gnu.linkonce.r.*)
 .rodata.str1.4
                0x00006dd8       0x10 .\CortexM3\ARM_GCC_484\Debug\main.o
 .rodata        0x00006de8      0x480 .\CortexM3\ARM_GCC_484\Debug\ENG3091_MandM.a(cyfitter_cfg.o)
 .rodata.str1.4
                0x00007268        0x8 c:/program files (x86)/cypress/psoc creator/3.2/psoc creator/import/gnu/arm/4.8.4/bin/../lib/gcc/arm-none-eabi/4.8.4/../../../../arm-none-eabi/lib/armv7-m\libm.a(lib_a-w_sqrt.o)
 .rodata.npio2_hw
                0x00007270       0x80 c:/program files (x86)/cypress/psoc creator/3.2/psoc creator/import/gnu/arm/4.8.4/bin/../lib/gcc/arm-none-eabi/4.8.4/../../../../arm-none-eabi/lib/armv7-m\libm.a(lib_a-e_rem_pio2.o)
 .rodata.two_over_pi
                0x000072f0      0x108 c:/program files (x86)/cypress/psoc creator/3.2/psoc creator/import/gnu/arm/4.8.4/bin/../lib/gcc/arm-none-eabi/4.8.4/../../../../arm-none-eabi/lib/armv7-m\libm.a(lib_a-e_rem_pio2.o)
 .rodata.init_jk
                0x000073f8       0x10 c:/program files (x86)/cypress/psoc creator/3.2/psoc creator/import/gnu/arm/4.8.4/bin/../lib/gcc/arm-none-eabi/4.8.4/../../../../arm-none-eabi/lib/armv7-m\libm.a(lib_a-k_rem_pio2.o)
 .rodata.PIo2   0x00007408       0x40 c:/program files (x86)/cypress/psoc creator/3.2/psoc creator/import/gnu/arm/4.8.4/bin/../lib/gcc/arm-none-eabi/4.8.4/../../../../arm-none-eabi/lib/armv7-m\libm.a(lib_a-k_rem_pio2.o)
 .rodata.atanlo
                0x00007448       0x20 c:/program files (x86)/cypress/psoc creator/3.2/psoc creator/import/gnu/arm/4.8.4/bin/../lib/gcc/arm-none-eabi/4.8.4/../../../../arm-none-eabi/lib/armv7-m\libm.a(lib_a-s_atan.o)
 .rodata.atanhi
                0x00007468       0x20 c:/program files (x86)/cypress/psoc creator/3.2/psoc creator/import/gnu/arm/4.8.4/bin/../lib/gcc/arm-none-eabi/4.8.4/../../../../arm-none-eabi/lib/armv7-m\libm.a(lib_a-s_atan.o)
 .rodata.str1.1
                0x00007488        0x2 c:/program files (x86)/cypress/psoc creator/3.2/psoc creator/import/gnu/arm/4.8.4/bin/../lib/gcc/arm-none-eabi/4.8.4/../../../../arm-none-eabi/lib/armv7-m\libg_s.a(lib_a-impure.o)
 .rodata.str1.1
                0x0000748a       0x11 c:/program files (x86)/cypress/psoc creator/3.2/psoc creator/import/gnu/arm/4.8.4/bin/../lib/gcc/arm-none-eabi/4.8.4/../../../../arm-none-eabi/lib/armv7-m\libg_s.a(lib_a-svfprintf.o)
 .rodata.str1.1
                0x0000749b       0x22 c:/program files (x86)/cypress/psoc creator/3.2/psoc creator/import/gnu/arm/4.8.4/bin/../lib/gcc/arm-none-eabi/4.8.4/../../../../arm-none-eabi/lib/armv7-m\libg_s.a(lib_a-vfprintf_i.o)
                0x000074c0                . = ALIGN (0x4)
 *fill*         0x000074bd        0x3 
 *(.init)
 .init          0x000074c0        0x4 c:/program files (x86)/cypress/psoc creator/3.2/psoc creator/import/gnu/arm/4.8.4/bin/../lib/gcc/arm-none-eabi/4.8.4/armv7-m/crti.o
                0x000074c0                _init
 .init          0x000074c4        0x8 c:/program files (x86)/cypress/psoc creator/3.2/psoc creator/import/gnu/arm/4.8.4/bin/../lib/gcc/arm-none-eabi/4.8.4/armv7-m/crtn.o
                0x000074cc                . = ALIGN (0x4)
                0x000074cc                __preinit_array_start = .
 *(.preinit_array)
                0x000074cc                __preinit_array_end = .
                0x000074cc                . = ALIGN (0x4)
                0x000074cc                __init_array_start = .
 *(SORT(.init_array.*))
 *(.init_array)
 .init_array    0x000074cc        0x4 c:/program files (x86)/cypress/psoc creator/3.2/psoc creator/import/gnu/arm/4.8.4/bin/../lib/gcc/arm-none-eabi/4.8.4/armv7-m/crtbegin.o
 .init_array    0x000074d0        0x4 .\CortexM3\ARM_GCC_484\Debug\Cm3Start.o
                0x000074d4                __init_array_end = .
                0x000074d4                . = ALIGN (0x4)
 *(.fini)
 .fini          0x000074d4        0x4 c:/program files (x86)/cypress/psoc creator/3.2/psoc creator/import/gnu/arm/4.8.4/bin/../lib/gcc/arm-none-eabi/4.8.4/armv7-m/crti.o
                0x000074d4                _fini
 .fini          0x000074d8        0x8 c:/program files (x86)/cypress/psoc creator/3.2/psoc creator/import/gnu/arm/4.8.4/bin/../lib/gcc/arm-none-eabi/4.8.4/armv7-m/crtn.o
                0x000074e0                . = ALIGN (0x4)
                0x000074e0                __fini_array_start = .
 *(.fini_array)
 .fini_array    0x000074e0        0x4 c:/program files (x86)/cypress/psoc creator/3.2/psoc creator/import/gnu/arm/4.8.4/bin/../lib/gcc/arm-none-eabi/4.8.4/armv7-m/crtbegin.o
 *(SORT(.fini_array.*))
                0x000074e4                __fini_array_end = .
                0x000074e4                . = ALIGN (0x4)
 *crtbegin.o(.ctors)
 *(EXCLUDE_FILE(*crtend.o) .ctors)
 *(SORT(.ctors.*))
 *crtend.o(.ctors)
                0x000074e4                . = ALIGN (0x4)
 *crtbegin.o(.dtors)
 *(EXCLUDE_FILE(*crtend.o) .dtors)
 *(SORT(.dtors.*))
 *crtend.o(.dtors)
                0x000074e4                . = ALIGN (0x4)
                0x000074e4                __cy_regions = .
                0x000074e4        0x4 LONG 0x74f8 __cy_region_init_ram
                0x000074e8        0x4 LONG 0x1fff8108 __cy_region_start_data
                0x000074ec        0x4 LONG 0x88 __cy_region_init_size_ram
                0x000074f0        0x4 LONG 0xc680 __cy_region_zero_size_ram
                0x000074f4                __cy_regions_end = .
                0x000074f8                . = ALIGN (0x8)
 *fill*         0x000074f4        0x4 
                0x000074f8                _etext = .

.ramvectors     0x1fff8000      0x100
                0x1fff8000                __cy_region_start_ram = .
 *(.ramvectors)
 .ramvectors    0x1fff8000      0x100 .\CortexM3\ARM_GCC_484\Debug\Cm3Start.o
                0x1fff8000                CyRamVectors

.noinit         0x1fff8100        0x5
 *(.noinit)
 .noinit        0x1fff8100        0x4 .\CortexM3\ARM_GCC_484\Debug\Cm3Start.o
 .noinit        0x1fff8104        0x1 .\CortexM3\ARM_GCC_484\Debug\ENG3091_MandM.a(CyLib.o)
                0x1fff8104                CyResetStatus

.data           0x1fff8108       0x88 load address 0x000074f8
                0x1fff8108                __cy_region_start_data = .
 *(.jcr)
 .jcr           0x1fff8108        0x0 c:/program files (x86)/cypress/psoc creator/3.2/psoc creator/import/gnu/arm/4.8.4/bin/../lib/gcc/arm-none-eabi/4.8.4/armv7-m/crtbegin.o
 .jcr           0x1fff8108        0x4 c:/program files (x86)/cypress/psoc creator/3.2/psoc creator/import/gnu/arm/4.8.4/bin/../lib/gcc/arm-none-eabi/4.8.4/armv7-m/crtend.o
 *(.got.plt)
 *(.got)
 *(.shdata)
 *(.data .data.* .gnu.linkonce.d.*)
 .data          0x1fff810c        0x4 .\CortexM3\ARM_GCC_484\Debug\Cm3Start.o
 .data          0x1fff8110        0x8 .\CortexM3\ARM_GCC_484\Debug\ENG3091_MandM.a(CyDmac.o)
 .data          0x1fff8118       0x10 .\CortexM3\ARM_GCC_484\Debug\ENG3091_MandM.a(CyLib.o)
                0x1fff8118                cydelay_32k_ms
                0x1fff811c                cydelay_freq_khz
                0x1fff8120                cydelay_freq_mhz
                0x1fff8124                cydelay_freq_hz
 .data.__fdlib_version
                0x1fff8128        0x1 c:/program files (x86)/cypress/psoc creator/3.2/psoc creator/import/gnu/arm/4.8.4/bin/../lib/gcc/arm-none-eabi/4.8.4/../../../../arm-none-eabi/lib/armv7-m\libm.a(lib_a-s_lib_ver.o)
                0x1fff8128                __fdlib_version
 *fill*         0x1fff8129        0x3 
 .data.impure_data
                0x1fff812c       0x60 c:/program files (x86)/cypress/psoc creator/3.2/psoc creator/import/gnu/arm/4.8.4/bin/../lib/gcc/arm-none-eabi/4.8.4/../../../../arm-none-eabi/lib/armv7-m\libg_s.a(lib_a-impure.o)
 .data._impure_ptr
                0x1fff818c        0x4 c:/program files (x86)/cypress/psoc creator/3.2/psoc creator/import/gnu/arm/4.8.4/bin/../lib/gcc/arm-none-eabi/4.8.4/../../../../arm-none-eabi/lib/armv7-m\libg_s.a(lib_a-impure.o)
                0x1fff818c                _impure_ptr
                0x1fff8190                . = ALIGN (0x8)
 *(.ram)
                0x1fff8190                _edata = .

.igot.plt       0x1fff8190        0x0 load address 0x00007580
 .igot.plt      0x00000000        0x0 c:/program files (x86)/cypress/psoc creator/3.2/psoc creator/import/gnu/arm/4.8.4/bin/../lib/gcc/arm-none-eabi/4.8.4/armv7-m/crtbegin.o

.bss            0x1fff8190     0xc680 load address 0x00007580
                0x1fff8190                PROVIDE (__bss_start__, .)
 *(.shbss)
 *(.bss .bss.* .gnu.linkonce.b.*)
 .bss           0x1fff8190       0x1c c:/program files (x86)/cypress/psoc creator/3.2/psoc creator/import/gnu/arm/4.8.4/bin/../lib/gcc/arm-none-eabi/4.8.4/armv7-m/crtbegin.o
 .bss           0x1fff81ac        0x1 .\CortexM3\ARM_GCC_484\Debug\ENG3091_MandM.a(Timer.o)
                0x1fff81ac                Timer_initVar
 .bss           0x1fff81ad        0x2 .\CortexM3\ARM_GCC_484\Debug\ENG3091_MandM.a(LCD.o)
                0x1fff81ad                LCD_enableState
                0x1fff81ae                LCD_initVar
 .bss           0x1fff81af        0x1 .\CortexM3\ARM_GCC_484\Debug\ENG3091_MandM.a(MOTOR2.o)
                0x1fff81af                MOTOR2_initVar
 .bss           0x1fff81b0        0x1 .\CortexM3\ARM_GCC_484\Debug\ENG3091_MandM.a(MOTOR1.o)
                0x1fff81b0                MOTOR1_initVar
 .bss           0x1fff81b1        0x1 .\CortexM3\ARM_GCC_484\Debug\ENG3091_MandM.a(Button_PWM.o)
                0x1fff81b1                Button_PWM_initVar
 *fill*         0x1fff81b2        0x2 
 .bss.__malloc_sbrk_start
                0x1fff81b4        0x4 c:/program files (x86)/cypress/psoc creator/3.2/psoc creator/import/gnu/arm/4.8.4/bin/../lib/gcc/arm-none-eabi/4.8.4/../../../../arm-none-eabi/lib/armv7-m\libg_s.a(lib_a-nano-mallocr.o)
                0x1fff81b4                __malloc_sbrk_start
 .bss.__malloc_free_list
                0x1fff81b8        0x4 c:/program files (x86)/cypress/psoc creator/3.2/psoc creator/import/gnu/arm/4.8.4/bin/../lib/gcc/arm-none-eabi/4.8.4/../../../../arm-none-eabi/lib/armv7-m\libg_s.a(lib_a-nano-mallocr.o)
                0x1fff81b8                __malloc_free_list
 *(COMMON)
 COMMON         0x1fff81bc     0xc602 .\CortexM3\ARM_GCC_484\Debug\main.o
                0x1fff81bc                OV9650_1_framebuffer
                0x200047bc                dec
                0x200047bd                inc
 *fill*         0x200047be        0x2 
 COMMON         0x200047c0       0x17 .\CortexM3\ARM_GCC_484\Debug\mouse_a.o
                0x200047c0                loc_x_a
                0x200047c4                bit_count_a
                0x200047c5                bit_a
                0x200047c8                loc_y_a
                0x200047cc                mov_y_a
                0x200047cd                status_a
                0x200047d0                time_prev_a
                0x200047d4                state_a
                0x200047d5                data_ready_a
                0x200047d6                mov_x_a
 *fill*         0x200047d7        0x1 
 COMMON         0x200047d8       0x18 .\CortexM3\ARM_GCC_484\Debug\mouse_b.o
                0x200047d8                bit_b
                0x200047d9                bit_count_b
                0x200047da                data_ready_b
                0x200047db                mov_x_b
                0x200047dc                status_b
                0x200047e0                loc_x_b
                0x200047e4                mov_y_b
                0x200047e5                state_b
                0x200047e8                time_prev_b
                0x200047ec                loc_y_b
 COMMON         0x200047f0       0x18 .\CortexM3\ARM_GCC_484\Debug\navigation.o
                0x200047f0                location
 COMMON         0x20004808        0x4 c:/program files (x86)/cypress/psoc creator/3.2/psoc creator/import/gnu/arm/4.8.4/bin/../lib/gcc/arm-none-eabi/4.8.4/../../../../arm-none-eabi/lib/armv7-m\libg_s.a(lib_a-reent.o)
                0x20004808                errno
                0x20004810                . = ALIGN (0x8)
 *fill*         0x2000480c        0x4 
 *(.ram.b)
                0x20004810                _end = .
                0x20004810                __end = .
                0x20004810                PROVIDE (end, .)
                0x20004810                PROVIDE (__bss_end__, .)
                0x000074f8                __cy_region_init_ram = LOADADDR (.data)
                0x00000088                __cy_region_init_size_ram = (_edata - ADDR (.data))
                0x0000c680                __cy_region_zero_size_ram = (_end - _edata)

.heap           0x20004810       0x80 load address 0x00007580
                0x20004810                . = _end
                0x20004890                . = (. + 0x80)
 *fill*         0x20004810       0x80 
                0x20004890                __cy_heap_limit = .

.stack          0x20007800      0x800
                0x20007800                __cy_stack_limit = .
                0x20008000                . = (. + 0x800)
 *fill*         0x20007800      0x800 
                0x00000001                ASSERT ((__cy_stack_limit >= __cy_heap_limit), region RAM overflowed with stack)

.cyloadermeta   0xf0000000       0x40
 *(.cyloadermeta)
 .cyloadermeta  0xf0000000       0x40 .\CortexM3\ARM_GCC_484\Debug\cybootloader.o
                0xf0000000                cy_meta_loader

.cyloadablemeta
                0x0003ffc0       0x40
 *(.cyloadablemeta)
 .cyloadablemeta
                0x0003ffc0       0x40 .\CortexM3\ARM_GCC_484\Debug\cymetadata.o
                0x0003ffc0                cy_meta_loadable

.cyconfigecc
 *(.cyconfigecc)

.cycustnvl      0x90000000        0x4
 *(.cycustnvl)
 .cycustnvl     0x90000000        0x4 .\CortexM3\ARM_GCC_484\Debug\cybootloader.o
                0x90000000                cy_meta_custnvl

.cywolatch      0x90100000        0x4
 *(.cywolatch)
 .cywolatch     0x90100000        0x4 .\CortexM3\ARM_GCC_484\Debug\cybootloader.o
                0x90100000                cy_meta_wonvl

.cyeeprom       0x90200000        0x0
 *(.cyeeprom)
                0x00000001                ASSERT ((. <= ((0x90200000 + ee_offset) + ee_size)), .cyeeprom data will not fit in EEPROM)

.cyflashprotect
                0x90400000      0x100
 *(.cyflashprotect)
 .cyflashprotect
                0x90400000      0x100 .\CortexM3\ARM_GCC_484\Debug\cybootloader.o
                0x90400000                cy_meta_flashprotect

.cymeta         0x90500000        0xc
 *(.cymeta)
 .cymeta        0x90500000        0xc .\CortexM3\ARM_GCC_484\Debug\cybootloader.o
                0x90500000                cy_metadata

.rel.dyn        0x00040000        0x0 load address 0x9050000c
 .rel.iplt      0x00000000        0x0 c:/program files (x86)/cypress/psoc creator/3.2/psoc creator/import/gnu/arm/4.8.4/bin/../lib/gcc/arm-none-eabi/4.8.4/armv7-m/crtbegin.o

.stab
 *(.stab)

.stabstr
 *(.stabstr)

.debug
 *(.debug)

.line
 *(.line)

.debug_srcinfo
 *(.debug_srcinfo)

.debug_sfnames
 *(.debug_sfnames)

.debug_aranges  0x00000000      0xde0
 *(.debug_aranges)
 .debug_aranges
                0x00000000       0x40 .\CortexM3\ARM_GCC_484\Debug\main.o
 .debug_aranges
                0x00000040       0x38 .\CortexM3\ARM_GCC_484\Debug\mouse_a.o
 .debug_aranges
                0x00000078       0x38 .\CortexM3\ARM_GCC_484\Debug\mouse_b.o
 .debug_aranges
                0x000000b0       0x40 .\CortexM3\ARM_GCC_484\Debug\motor.o
 .debug_aranges
                0x000000f0       0x48 .\CortexM3\ARM_GCC_484\Debug\navigation.o
 .debug_aranges
                0x00000138       0x18 .\CortexM3\ARM_GCC_484\Debug\cybootloader.o
 .debug_aranges
                0x00000150       0x18 .\CortexM3\ARM_GCC_484\Debug\cymetadata.o
 .debug_aranges
                0x00000168       0x48 .\CortexM3\ARM_GCC_484\Debug\Cm3Start.o
 .debug_aranges
                0x000001b0       0x60 .\CortexM3\ARM_GCC_484\Debug\ENG3091_MandM.a(cyfitter_cfg.o)
 .debug_aranges
                0x00000210       0x38 .\CortexM3\ARM_GCC_484\Debug\ENG3091_MandM.a(SDAT_A.o)
 .debug_aranges
                0x00000248       0x40 .\CortexM3\ARM_GCC_484\Debug\ENG3091_MandM.a(SCLK_A.o)
 .debug_aranges
                0x00000288       0x80 .\CortexM3\ARM_GCC_484\Debug\ENG3091_MandM.a(sclk_a_isr.o)
 .debug_aranges
                0x00000308       0x40 .\CortexM3\ARM_GCC_484\Debug\ENG3091_MandM.a(SCLK_B.o)
 .debug_aranges
                0x00000348       0x38 .\CortexM3\ARM_GCC_484\Debug\ENG3091_MandM.a(SDAT_B.o)
 .debug_aranges
                0x00000380       0x80 .\CortexM3\ARM_GCC_484\Debug\ENG3091_MandM.a(sclk_b_isr.o)
 .debug_aranges
                0x00000400       0x90 .\CortexM3\ARM_GCC_484\Debug\ENG3091_MandM.a(Timer.o)
 .debug_aranges
                0x00000490       0x20 .\CortexM3\ARM_GCC_484\Debug\ENG3091_MandM.a(CyBootAsmGnu.o)
 .debug_aranges
                0x000004b0       0xd8 .\CortexM3\ARM_GCC_484\Debug\ENG3091_MandM.a(CyDmac.o)
 .debug_aranges
                0x00000588      0x298 .\CortexM3\ARM_GCC_484\Debug\ENG3091_MandM.a(CyLib.o)
 .debug_aranges
                0x00000820       0x98 .\CortexM3\ARM_GCC_484\Debug\ENG3091_MandM.a(cyPm.o)
 .debug_aranges
                0x000008b8       0x20 .\CortexM3\ARM_GCC_484\Debug\ENG3091_MandM.a(cyutils.o)
 .debug_aranges
                0x000008d8       0x90 .\CortexM3\ARM_GCC_484\Debug\ENG3091_MandM.a(LCD.o)
 .debug_aranges
                0x00000968       0x78 .\CortexM3\ARM_GCC_484\Debug\ENG3091_MandM.a(MOTOR2.o)
 .debug_aranges
                0x000009e0       0x80 .\CortexM3\ARM_GCC_484\Debug\ENG3091_MandM.a(but1.o)
 .debug_aranges
                0x00000a60       0x80 .\CortexM3\ARM_GCC_484\Debug\ENG3091_MandM.a(but0.o)
 .debug_aranges
                0x00000ae0       0x78 .\CortexM3\ARM_GCC_484\Debug\ENG3091_MandM.a(MOTOR1.o)
 .debug_aranges
                0x00000b58       0x38 .\CortexM3\ARM_GCC_484\Debug\ENG3091_MandM.a(M1IN1.o)
 .debug_aranges
                0x00000b90       0x38 .\CortexM3\ARM_GCC_484\Debug\ENG3091_MandM.a(M1IN2.o)
 .debug_aranges
                0x00000bc8       0x38 .\CortexM3\ARM_GCC_484\Debug\ENG3091_MandM.a(M2IN1.o)
 .debug_aranges
                0x00000c00       0x38 .\CortexM3\ARM_GCC_484\Debug\ENG3091_MandM.a(M2IN2.o)
 .debug_aranges
                0x00000c38       0x78 .\CortexM3\ARM_GCC_484\Debug\ENG3091_MandM.a(Button_PWM.o)
 .debug_aranges
                0x00000cb0       0x38 .\CortexM3\ARM_GCC_484\Debug\ENG3091_MandM.a(ISR_CHECKP.o)
 .debug_aranges
                0x00000ce8       0x80 .\CortexM3\ARM_GCC_484\Debug\ENG3091_MandM.a(CyFlash.o)
 .debug_aranges
                0x00000d68       0x78 .\CortexM3\ARM_GCC_484\Debug\ENG3091_MandM.a(CySpc.o)

.debug_pubnames
 *(.debug_pubnames)

.debug_info     0x00000000     0x80df
 *(.debug_info .gnu.linkonce.wi.*)
 .debug_info    0x00000000      0x59e .\CortexM3\ARM_GCC_484\Debug\main.o
 .debug_info    0x0000059e      0x537 .\CortexM3\ARM_GCC_484\Debug\mouse_a.o
 .debug_info    0x00000ad5      0x537 .\CortexM3\ARM_GCC_484\Debug\mouse_b.o
 .debug_info    0x0000100c      0x38c .\CortexM3\ARM_GCC_484\Debug\motor.o
 .debug_info    0x00001398      0x5c3 .\CortexM3\ARM_GCC_484\Debug\navigation.o
 .debug_info    0x0000195b      0x164 .\CortexM3\ARM_GCC_484\Debug\cybootloader.o
 .debug_info    0x00001abf       0xb1 .\CortexM3\ARM_GCC_484\Debug\cymetadata.o
 .debug_info    0x00001b70      0x3af .\CortexM3\ARM_GCC_484\Debug\Cm3Start.o
 .debug_info    0x00001f1f      0x7c7 .\CortexM3\ARM_GCC_484\Debug\ENG3091_MandM.a(cyfitter_cfg.o)
 .debug_info    0x000026e6      0x120 .\CortexM3\ARM_GCC_484\Debug\ENG3091_MandM.a(SDAT_A.o)
 .debug_info    0x00002806      0x135 .\CortexM3\ARM_GCC_484\Debug\ENG3091_MandM.a(SCLK_A.o)
 .debug_info    0x0000293b      0x2c7 .\CortexM3\ARM_GCC_484\Debug\ENG3091_MandM.a(sclk_a_isr.o)
 .debug_info    0x00002c02      0x135 .\CortexM3\ARM_GCC_484\Debug\ENG3091_MandM.a(SCLK_B.o)
 .debug_info    0x00002d37      0x120 .\CortexM3\ARM_GCC_484\Debug\ENG3091_MandM.a(SDAT_B.o)
 .debug_info    0x00002e57      0x2c7 .\CortexM3\ARM_GCC_484\Debug\ENG3091_MandM.a(sclk_b_isr.o)
 .debug_info    0x0000311e      0x341 .\CortexM3\ARM_GCC_484\Debug\ENG3091_MandM.a(Timer.o)
 .debug_info    0x0000345f       0xa1 .\CortexM3\ARM_GCC_484\Debug\ENG3091_MandM.a(CyBootAsmGnu.o)
 .debug_info    0x00003500      0x93f .\CortexM3\ARM_GCC_484\Debug\ENG3091_MandM.a(CyDmac.o)
 .debug_info    0x00003e3f     0x1373 .\CortexM3\ARM_GCC_484\Debug\ENG3091_MandM.a(CyLib.o)
 .debug_info    0x000051b2      0xa56 .\CortexM3\ARM_GCC_484\Debug\ENG3091_MandM.a(cyPm.o)
 .debug_info    0x00005c08       0xec .\CortexM3\ARM_GCC_484\Debug\ENG3091_MandM.a(cyutils.o)
 .debug_info    0x00005cf4      0x69e .\CortexM3\ARM_GCC_484\Debug\ENG3091_MandM.a(LCD.o)
 .debug_info    0x00006392      0x276 .\CortexM3\ARM_GCC_484\Debug\ENG3091_MandM.a(MOTOR2.o)
 .debug_info    0x00006608      0x2c7 .\CortexM3\ARM_GCC_484\Debug\ENG3091_MandM.a(but1.o)
 .debug_info    0x000068cf      0x2c7 .\CortexM3\ARM_GCC_484\Debug\ENG3091_MandM.a(but0.o)
 .debug_info    0x00006b96      0x276 .\CortexM3\ARM_GCC_484\Debug\ENG3091_MandM.a(MOTOR1.o)
 .debug_info    0x00006e0c      0x120 .\CortexM3\ARM_GCC_484\Debug\ENG3091_MandM.a(M1IN1.o)
 .debug_info    0x00006f2c      0x120 .\CortexM3\ARM_GCC_484\Debug\ENG3091_MandM.a(M1IN2.o)
 .debug_info    0x0000704c      0x120 .\CortexM3\ARM_GCC_484\Debug\ENG3091_MandM.a(M2IN1.o)
 .debug_info    0x0000716c      0x120 .\CortexM3\ARM_GCC_484\Debug\ENG3091_MandM.a(M2IN2.o)
 .debug_info    0x0000728c      0x275 .\CortexM3\ARM_GCC_484\Debug\ENG3091_MandM.a(Button_PWM.o)
 .debug_info    0x00007501      0x120 .\CortexM3\ARM_GCC_484\Debug\ENG3091_MandM.a(ISR_CHECKP.o)
 .debug_info    0x00007621      0x5e4 .\CortexM3\ARM_GCC_484\Debug\ENG3091_MandM.a(CyFlash.o)
 .debug_info    0x00007c05      0x4da .\CortexM3\ARM_GCC_484\Debug\ENG3091_MandM.a(CySpc.o)

.debug_abbrev   0x00000000     0x287c
 *(.debug_abbrev)
 .debug_abbrev  0x00000000      0x1f6 .\CortexM3\ARM_GCC_484\Debug\main.o
 .debug_abbrev  0x000001f6      0x12d .\CortexM3\ARM_GCC_484\Debug\mouse_a.o
 .debug_abbrev  0x00000323      0x12d .\CortexM3\ARM_GCC_484\Debug\mouse_b.o
 .debug_abbrev  0x00000450      0x11e .\CortexM3\ARM_GCC_484\Debug\motor.o
 .debug_abbrev  0x0000056e      0x1e8 .\CortexM3\ARM_GCC_484\Debug\navigation.o
 .debug_abbrev  0x00000756       0x77 .\CortexM3\ARM_GCC_484\Debug\cybootloader.o
 .debug_abbrev  0x000007cd       0x5d .\CortexM3\ARM_GCC_484\Debug\cymetadata.o
 .debug_abbrev  0x0000082a      0x20d .\CortexM3\ARM_GCC_484\Debug\Cm3Start.o
 .debug_abbrev  0x00000a37      0x211 .\CortexM3\ARM_GCC_484\Debug\ENG3091_MandM.a(cyfitter_cfg.o)
 .debug_abbrev  0x00000c48       0x9d .\CortexM3\ARM_GCC_484\Debug\ENG3091_MandM.a(SDAT_A.o)
 .debug_abbrev  0x00000ce5       0x9d .\CortexM3\ARM_GCC_484\Debug\ENG3091_MandM.a(SCLK_A.o)
 .debug_abbrev  0x00000d82      0x157 .\CortexM3\ARM_GCC_484\Debug\ENG3091_MandM.a(sclk_a_isr.o)
 .debug_abbrev  0x00000ed9       0x9d .\CortexM3\ARM_GCC_484\Debug\ENG3091_MandM.a(SCLK_B.o)
 .debug_abbrev  0x00000f76       0x9d .\CortexM3\ARM_GCC_484\Debug\ENG3091_MandM.a(SDAT_B.o)
 .debug_abbrev  0x00001013      0x157 .\CortexM3\ARM_GCC_484\Debug\ENG3091_MandM.a(sclk_b_isr.o)
 .debug_abbrev  0x0000116a      0x17d .\CortexM3\ARM_GCC_484\Debug\ENG3091_MandM.a(Timer.o)
 .debug_abbrev  0x000012e7       0x14 .\CortexM3\ARM_GCC_484\Debug\ENG3091_MandM.a(CyBootAsmGnu.o)
 .debug_abbrev  0x000012fb      0x1cc .\CortexM3\ARM_GCC_484\Debug\ENG3091_MandM.a(CyDmac.o)
 .debug_abbrev  0x000014c7      0x296 .\CortexM3\ARM_GCC_484\Debug\ENG3091_MandM.a(CyLib.o)
 .debug_abbrev  0x0000175d      0x1fa .\CortexM3\ARM_GCC_484\Debug\ENG3091_MandM.a(cyPm.o)
 .debug_abbrev  0x00001957       0x8e .\CortexM3\ARM_GCC_484\Debug\ENG3091_MandM.a(cyutils.o)
 .debug_abbrev  0x000019e5      0x17e .\CortexM3\ARM_GCC_484\Debug\ENG3091_MandM.a(LCD.o)
 .debug_abbrev  0x00001b63      0x13a .\CortexM3\ARM_GCC_484\Debug\ENG3091_MandM.a(MOTOR2.o)
 .debug_abbrev  0x00001c9d      0x157 .\CortexM3\ARM_GCC_484\Debug\ENG3091_MandM.a(but1.o)
 .debug_abbrev  0x00001df4      0x157 .\CortexM3\ARM_GCC_484\Debug\ENG3091_MandM.a(but0.o)
 .debug_abbrev  0x00001f4b      0x13a .\CortexM3\ARM_GCC_484\Debug\ENG3091_MandM.a(MOTOR1.o)
 .debug_abbrev  0x00002085       0x9d .\CortexM3\ARM_GCC_484\Debug\ENG3091_MandM.a(M1IN1.o)
 .debug_abbrev  0x00002122       0x9d .\CortexM3\ARM_GCC_484\Debug\ENG3091_MandM.a(M1IN2.o)
 .debug_abbrev  0x000021bf       0x9d .\CortexM3\ARM_GCC_484\Debug\ENG3091_MandM.a(M2IN1.o)
 .debug_abbrev  0x0000225c       0x9d .\CortexM3\ARM_GCC_484\Debug\ENG3091_MandM.a(M2IN2.o)
 .debug_abbrev  0x000022f9      0x13a .\CortexM3\ARM_GCC_484\Debug\ENG3091_MandM.a(Button_PWM.o)
 .debug_abbrev  0x00002433       0x9d .\CortexM3\ARM_GCC_484\Debug\ENG3091_MandM.a(ISR_CHECKP.o)
 .debug_abbrev  0x000024d0      0x1de .\CortexM3\ARM_GCC_484\Debug\ENG3091_MandM.a(CyFlash.o)
 .debug_abbrev  0x000026ae      0x1ce .\CortexM3\ARM_GCC_484\Debug\ENG3091_MandM.a(CySpc.o)

.debug_line     0x00000000     0x3584
 *(.debug_line)
 .debug_line    0x00000000      0x2a2 .\CortexM3\ARM_GCC_484\Debug\main.o
 .debug_line    0x000002a2      0x24f .\CortexM3\ARM_GCC_484\Debug\mouse_a.o
 .debug_line    0x000004f1      0x24f .\CortexM3\ARM_GCC_484\Debug\mouse_b.o
 .debug_line    0x00000740      0x210 .\CortexM3\ARM_GCC_484\Debug\motor.o
 .debug_line    0x00000950      0x267 .\CortexM3\ARM_GCC_484\Debug\navigation.o
 .debug_line    0x00000bb7        0x0 .\CortexM3\ARM_GCC_484\Debug\arm.o
 .debug_line    0x00000bb7        0x0 .\CortexM3\ARM_GCC_484\Debug\gripper.o
 .debug_line    0x00000bb7       0x55 .\CortexM3\ARM_GCC_484\Debug\cybootloader.o
 .debug_line    0x00000c0c       0x53 .\CortexM3\ARM_GCC_484\Debug\cymetadata.o
 .debug_line    0x00000c5f      0x242 .\CortexM3\ARM_GCC_484\Debug\Cm3Start.o
 .debug_line    0x00000ea1      0x21e .\CortexM3\ARM_GCC_484\Debug\ENG3091_MandM.a(cyfitter_cfg.o)
 .debug_line    0x000010bf       0x95 .\CortexM3\ARM_GCC_484\Debug\ENG3091_MandM.a(SDAT_A.o)
 .debug_line    0x00001154       0xa7 .\CortexM3\ARM_GCC_484\Debug\ENG3091_MandM.a(SCLK_A.o)
 .debug_line    0x000011fb      0x150 .\CortexM3\ARM_GCC_484\Debug\ENG3091_MandM.a(sclk_a_isr.o)
 .debug_line    0x0000134b       0xa7 .\CortexM3\ARM_GCC_484\Debug\ENG3091_MandM.a(SCLK_B.o)
 .debug_line    0x000013f2       0x95 .\CortexM3\ARM_GCC_484\Debug\ENG3091_MandM.a(SDAT_B.o)
 .debug_line    0x00001487      0x150 .\CortexM3\ARM_GCC_484\Debug\ENG3091_MandM.a(sclk_b_isr.o)
 .debug_line    0x000015d7      0x176 .\CortexM3\ARM_GCC_484\Debug\ENG3091_MandM.a(Timer.o)
 .debug_line    0x0000174d       0x68 .\CortexM3\ARM_GCC_484\Debug\ENG3091_MandM.a(CyBootAsmGnu.o)
 .debug_line    0x000017b5      0x2de .\CortexM3\ARM_GCC_484\Debug\ENG3091_MandM.a(CyDmac.o)
 .debug_line    0x00001a93      0x818 .\CortexM3\ARM_GCC_484\Debug\ENG3091_MandM.a(CyLib.o)
 .debug_line    0x000022ab      0x366 .\CortexM3\ARM_GCC_484\Debug\ENG3091_MandM.a(cyPm.o)
 .debug_line    0x00002611       0x62 .\CortexM3\ARM_GCC_484\Debug\ENG3091_MandM.a(cyutils.o)
 .debug_line    0x00002673      0x1a4 .\CortexM3\ARM_GCC_484\Debug\ENG3091_MandM.a(LCD.o)
 .debug_line    0x00002817      0x136 .\CortexM3\ARM_GCC_484\Debug\ENG3091_MandM.a(MOTOR2.o)
 .debug_line    0x0000294d      0x14a .\CortexM3\ARM_GCC_484\Debug\ENG3091_MandM.a(but1.o)
 .debug_line    0x00002a97      0x14a .\CortexM3\ARM_GCC_484\Debug\ENG3091_MandM.a(but0.o)
 .debug_line    0x00002be1      0x136 .\CortexM3\ARM_GCC_484\Debug\ENG3091_MandM.a(MOTOR1.o)
 .debug_line    0x00002d17       0x94 .\CortexM3\ARM_GCC_484\Debug\ENG3091_MandM.a(M1IN1.o)
 .debug_line    0x00002dab       0x94 .\CortexM3\ARM_GCC_484\Debug\ENG3091_MandM.a(M1IN2.o)
 .debug_line    0x00002e3f       0x94 .\CortexM3\ARM_GCC_484\Debug\ENG3091_MandM.a(M2IN1.o)
 .debug_line    0x00002ed3       0x94 .\CortexM3\ARM_GCC_484\Debug\ENG3091_MandM.a(M2IN2.o)
 .debug_line    0x00002f67      0x13a .\CortexM3\ARM_GCC_484\Debug\ENG3091_MandM.a(Button_PWM.o)
 .debug_line    0x000030a1       0x99 .\CortexM3\ARM_GCC_484\Debug\ENG3091_MandM.a(ISR_CHECKP.o)
 .debug_line    0x0000313a      0x228 .\CortexM3\ARM_GCC_484\Debug\ENG3091_MandM.a(CyFlash.o)
 .debug_line    0x00003362      0x222 .\CortexM3\ARM_GCC_484\Debug\ENG3091_MandM.a(CySpc.o)

.debug_frame    0x00000000     0x2648
 *(.debug_frame)
 .debug_frame   0x00000000       0xb4 .\CortexM3\ARM_GCC_484\Debug\main.o
 .debug_frame   0x000000b4       0x8c .\CortexM3\ARM_GCC_484\Debug\mouse_a.o
 .debug_frame   0x00000140       0x8c .\CortexM3\ARM_GCC_484\Debug\mouse_b.o
 .debug_frame   0x000001cc       0xa0 .\CortexM3\ARM_GCC_484\Debug\motor.o
 .debug_frame   0x0000026c       0xe0 .\CortexM3\ARM_GCC_484\Debug\navigation.o
 .debug_frame   0x0000034c       0xac .\CortexM3\ARM_GCC_484\Debug\Cm3Start.o
 .debug_frame   0x000003f8       0xfc .\CortexM3\ARM_GCC_484\Debug\ENG3091_MandM.a(cyfitter_cfg.o)
 .debug_frame   0x000004f4       0x50 .\CortexM3\ARM_GCC_484\Debug\ENG3091_MandM.a(SDAT_A.o)
 .debug_frame   0x00000544       0x60 .\CortexM3\ARM_GCC_484\Debug\ENG3091_MandM.a(SCLK_A.o)
 .debug_frame   0x000005a4      0x104 .\CortexM3\ARM_GCC_484\Debug\ENG3091_MandM.a(sclk_a_isr.o)
 .debug_frame   0x000006a8       0x60 .\CortexM3\ARM_GCC_484\Debug\ENG3091_MandM.a(SCLK_B.o)
 .debug_frame   0x00000708       0x50 .\CortexM3\ARM_GCC_484\Debug\ENG3091_MandM.a(SDAT_B.o)
 .debug_frame   0x00000758      0x104 .\CortexM3\ARM_GCC_484\Debug\ENG3091_MandM.a(sclk_b_isr.o)
 .debug_frame   0x0000085c      0x13c .\CortexM3\ARM_GCC_484\Debug\ENG3091_MandM.a(Timer.o)
 .debug_frame   0x00000998      0x1d0 .\CortexM3\ARM_GCC_484\Debug\ENG3091_MandM.a(CyDmac.o)
 .debug_frame   0x00000b68      0x730 .\CortexM3\ARM_GCC_484\Debug\ENG3091_MandM.a(CyLib.o)
 .debug_frame   0x00001298      0x1fc .\CortexM3\ARM_GCC_484\Debug\ENG3091_MandM.a(cyPm.o)
 .debug_frame   0x00001494       0x20 .\CortexM3\ARM_GCC_484\Debug\ENG3091_MandM.a(cyutils.o)
 .debug_frame   0x000014b4      0x1c0 .\CortexM3\ARM_GCC_484\Debug\ENG3091_MandM.a(LCD.o)
 .debug_frame   0x00001674       0xe8 .\CortexM3\ARM_GCC_484\Debug\ENG3091_MandM.a(MOTOR2.o)
 .debug_frame   0x0000175c      0x104 .\CortexM3\ARM_GCC_484\Debug\ENG3091_MandM.a(but1.o)
 .debug_frame   0x00001860      0x104 .\CortexM3\ARM_GCC_484\Debug\ENG3091_MandM.a(but0.o)
 .debug_frame   0x00001964       0xe8 .\CortexM3\ARM_GCC_484\Debug\ENG3091_MandM.a(MOTOR1.o)
 .debug_frame   0x00001a4c       0x50 .\CortexM3\ARM_GCC_484\Debug\ENG3091_MandM.a(M1IN1.o)
 .debug_frame   0x00001a9c       0x50 .\CortexM3\ARM_GCC_484\Debug\ENG3091_MandM.a(M1IN2.o)
 .debug_frame   0x00001aec       0x50 .\CortexM3\ARM_GCC_484\Debug\ENG3091_MandM.a(M2IN1.o)
 .debug_frame   0x00001b3c       0x50 .\CortexM3\ARM_GCC_484\Debug\ENG3091_MandM.a(M2IN2.o)
 .debug_frame   0x00001b8c       0xe8 .\CortexM3\ARM_GCC_484\Debug\ENG3091_MandM.a(Button_PWM.o)
 .debug_frame   0x00001c74       0x50 .\CortexM3\ARM_GCC_484\Debug\ENG3091_MandM.a(ISR_CHECKP.o)
 .debug_frame   0x00001cc4      0x17c .\CortexM3\ARM_GCC_484\Debug\ENG3091_MandM.a(CyFlash.o)
 .debug_frame   0x00001e40      0x144 .\CortexM3\ARM_GCC_484\Debug\ENG3091_MandM.a(CySpc.o)
 .debug_frame   0x00001f84       0x30 c:/program files (x86)/cypress/psoc creator/3.2/psoc creator/import/gnu/arm/4.8.4/bin/../lib/gcc/arm-none-eabi/4.8.4/../../../../arm-none-eabi/lib/armv7-m\libm.a(lib_a-s_cos.o)
 .debug_frame   0x00001fb4       0x30 c:/program files (x86)/cypress/psoc creator/3.2/psoc creator/import/gnu/arm/4.8.4/bin/../lib/gcc/arm-none-eabi/4.8.4/../../../../arm-none-eabi/lib/armv7-m\libm.a(lib_a-s_sin.o)
 .debug_frame   0x00001fe4       0x20 c:/program files (x86)/cypress/psoc creator/3.2/psoc creator/import/gnu/arm/4.8.4/bin/../lib/gcc/arm-none-eabi/4.8.4/../../../../arm-none-eabi/lib/armv7-m\libm.a(lib_a-w_atan2.o)
 .debug_frame   0x00002004       0x38 c:/program files (x86)/cypress/psoc creator/3.2/psoc creator/import/gnu/arm/4.8.4/bin/../lib/gcc/arm-none-eabi/4.8.4/../../../../arm-none-eabi/lib/armv7-m\libm.a(lib_a-w_sqrt.o)
 .debug_frame   0x0000203c       0x38 c:/program files (x86)/cypress/psoc creator/3.2/psoc creator/import/gnu/arm/4.8.4/bin/../lib/gcc/arm-none-eabi/4.8.4/../../../../arm-none-eabi/lib/armv7-m\libm.a(lib_a-e_atan2.o)
 .debug_frame   0x00002074       0x38 c:/program files (x86)/cypress/psoc creator/3.2/psoc creator/import/gnu/arm/4.8.4/bin/../lib/gcc/arm-none-eabi/4.8.4/../../../../arm-none-eabi/lib/armv7-m\libm.a(lib_a-e_rem_pio2.o)
 .debug_frame   0x000020ac       0x34 c:/program files (x86)/cypress/psoc creator/3.2/psoc creator/import/gnu/arm/4.8.4/bin/../lib/gcc/arm-none-eabi/4.8.4/../../../../arm-none-eabi/lib/armv7-m\libm.a(lib_a-e_sqrt.o)
 .debug_frame   0x000020e0       0x38 c:/program files (x86)/cypress/psoc creator/3.2/psoc creator/import/gnu/arm/4.8.4/bin/../lib/gcc/arm-none-eabi/4.8.4/../../../../arm-none-eabi/lib/armv7-m\libm.a(lib_a-k_cos.o)
 .debug_frame   0x00002118       0x3c c:/program files (x86)/cypress/psoc creator/3.2/psoc creator/import/gnu/arm/4.8.4/bin/../lib/gcc/arm-none-eabi/4.8.4/../../../../arm-none-eabi/lib/armv7-m\libm.a(lib_a-k_rem_pio2.o)
 .debug_frame   0x00002154       0x38 c:/program files (x86)/cypress/psoc creator/3.2/psoc creator/import/gnu/arm/4.8.4/bin/../lib/gcc/arm-none-eabi/4.8.4/../../../../arm-none-eabi/lib/armv7-m\libm.a(lib_a-k_sin.o)
 .debug_frame   0x0000218c       0x38 c:/program files (x86)/cypress/psoc creator/3.2/psoc creator/import/gnu/arm/4.8.4/bin/../lib/gcc/arm-none-eabi/4.8.4/../../../../arm-none-eabi/lib/armv7-m\libm.a(lib_a-s_atan.o)
 .debug_frame   0x000021c4       0x20 c:/program files (x86)/cypress/psoc creator/3.2/psoc creator/import/gnu/arm/4.8.4/bin/../lib/gcc/arm-none-eabi/4.8.4/../../../../arm-none-eabi/lib/armv7-m\libm.a(lib_a-s_fabs.o)
 .debug_frame   0x000021e4       0x38 c:/program files (x86)/cypress/psoc creator/3.2/psoc creator/import/gnu/arm/4.8.4/bin/../lib/gcc/arm-none-eabi/4.8.4/../../../../arm-none-eabi/lib/armv7-m\libm.a(lib_a-s_floor.o)
 .debug_frame   0x0000221c       0x28 c:/program files (x86)/cypress/psoc creator/3.2/psoc creator/import/gnu/arm/4.8.4/bin/../lib/gcc/arm-none-eabi/4.8.4/../../../../arm-none-eabi/lib/armv7-m\libm.a(lib_a-s_fpclassify.o)
 .debug_frame   0x00002244       0x20 c:/program files (x86)/cypress/psoc creator/3.2/psoc creator/import/gnu/arm/4.8.4/bin/../lib/gcc/arm-none-eabi/4.8.4/../../../../arm-none-eabi/lib/armv7-m\libm.a(lib_a-s_matherr.o)
 .debug_frame   0x00002264       0x30 c:/program files (x86)/cypress/psoc creator/3.2/psoc creator/import/gnu/arm/4.8.4/bin/../lib/gcc/arm-none-eabi/4.8.4/../../../../arm-none-eabi/lib/armv7-m\libm.a(lib_a-s_scalbn.o)
 .debug_frame   0x00002294       0x28 c:/program files (x86)/cypress/psoc creator/3.2/psoc creator/import/gnu/arm/4.8.4/bin/../lib/gcc/arm-none-eabi/4.8.4/../../../../arm-none-eabi/lib/armv7-m\libm.a(lib_a-s_copysign.o)
 .debug_frame   0x000022bc       0x20 c:/program files (x86)/cypress/psoc creator/3.2/psoc creator/import/gnu/arm/4.8.4/bin/../lib/gcc/arm-none-eabi/4.8.4/../../../../arm-none-eabi/lib/armv7-m\libg_s.a(lib_a-errno.o)
 .debug_frame   0x000022dc       0x28 c:/program files (x86)/cypress/psoc creator/3.2/psoc creator/import/gnu/arm/4.8.4/bin/../lib/gcc/arm-none-eabi/4.8.4/../../../../arm-none-eabi/lib/armv7-m\libg_s.a(lib_a-exit.o)
 .debug_frame   0x00002304       0x2c c:/program files (x86)/cypress/psoc creator/3.2/psoc creator/import/gnu/arm/4.8.4/bin/../lib/gcc/arm-none-eabi/4.8.4/../../../../arm-none-eabi/lib/armv7-m\libg_s.a(lib_a-init.o)
 .debug_frame   0x00002330       0x28 c:/program files (x86)/cypress/psoc creator/3.2/psoc creator/import/gnu/arm/4.8.4/bin/../lib/gcc/arm-none-eabi/4.8.4/../../../../arm-none-eabi/lib/armv7-m\libg_s.a(lib_a-memcpy-stub.o)
 .debug_frame   0x00002358       0x20 c:/program files (x86)/cypress/psoc creator/3.2/psoc creator/import/gnu/arm/4.8.4/bin/../lib/gcc/arm-none-eabi/4.8.4/../../../../arm-none-eabi/lib/armv7-m\libg_s.a(lib_a-memset.o)
 .debug_frame   0x00002378       0x58 c:/program files (x86)/cypress/psoc creator/3.2/psoc creator/import/gnu/arm/4.8.4/bin/../lib/gcc/arm-none-eabi/4.8.4/../../../../arm-none-eabi/lib/armv7-m\libg_s.a(lib_a-sprintf.o)
 .debug_frame   0x000023d0       0x88 c:/program files (x86)/cypress/psoc creator/3.2/psoc creator/import/gnu/arm/4.8.4/bin/../lib/gcc/arm-none-eabi/4.8.4/../../../../arm-none-eabi/lib/armv7-m\libg_s.a(lib_a-svfprintf.o)
 .debug_frame   0x00002458       0x60 c:/program files (x86)/cypress/psoc creator/3.2/psoc creator/import/gnu/arm/4.8.4/bin/../lib/gcc/arm-none-eabi/4.8.4/../../../../arm-none-eabi/lib/armv7-m\libg_s.a(lib_a-vfprintf_i.o)
 .debug_frame   0x000024b8       0x28 c:/program files (x86)/cypress/psoc creator/3.2/psoc creator/import/gnu/arm/4.8.4/bin/../lib/gcc/arm-none-eabi/4.8.4/../../../../arm-none-eabi/lib/armv7-m\libg_s.a(lib_a-memchr-stub.o)
 .debug_frame   0x000024e0       0x2c c:/program files (x86)/cypress/psoc creator/3.2/psoc creator/import/gnu/arm/4.8.4/bin/../lib/gcc/arm-none-eabi/4.8.4/../../../../arm-none-eabi/lib/armv7-m\libg_s.a(lib_a-memmove.o)
 .debug_frame   0x0000250c       0x2c c:/program files (x86)/cypress/psoc creator/3.2/psoc creator/import/gnu/arm/4.8.4/bin/../lib/gcc/arm-none-eabi/4.8.4/../../../../arm-none-eabi/lib/armv7-m\libg_s.a(lib_a-nano-freer.o)
 .debug_frame   0x00002538       0x2c c:/program files (x86)/cypress/psoc creator/3.2/psoc creator/import/gnu/arm/4.8.4/bin/../lib/gcc/arm-none-eabi/4.8.4/../../../../arm-none-eabi/lib/armv7-m\libg_s.a(lib_a-nano-mallocr.o)
 .debug_frame   0x00002564       0x30 c:/program files (x86)/cypress/psoc creator/3.2/psoc creator/import/gnu/arm/4.8.4/bin/../lib/gcc/arm-none-eabi/4.8.4/../../../../arm-none-eabi/lib/armv7-m\libg_s.a(lib_a-nano-reallocr.o)
 .debug_frame   0x00002594       0x2c c:/program files (x86)/cypress/psoc creator/3.2/psoc creator/import/gnu/arm/4.8.4/bin/../lib/gcc/arm-none-eabi/4.8.4/../../../../arm-none-eabi/lib/armv7-m\libg_s.a(lib_a-sbrkr.o)
 .debug_frame   0x000025c0       0x20 c:/program files (x86)/cypress/psoc creator/3.2/psoc creator/import/gnu/arm/4.8.4/bin/../lib/gcc/arm-none-eabi/4.8.4/../../../../arm-none-eabi/lib/armv7-m\libg_s.a(lib_a-strlen.o)
 .debug_frame   0x000025e0       0x20 c:/program files (x86)/cypress/psoc creator/3.2/psoc creator/import/gnu/arm/4.8.4/bin/../lib/gcc/arm-none-eabi/4.8.4/../../../../arm-none-eabi/lib/armv7-m\libg_s.a(lib_a-nano-msizer.o)
 .debug_frame   0x00002600       0x48 c:/program files (x86)/cypress/psoc creator/3.2/psoc creator/import/gnu/arm/4.8.4/bin/../lib/gcc/arm-none-eabi/4.8.4/../../../../arm-none-eabi/lib/armv7-m\libg_s.a(lib_a-reent.o)

.debug_str      0x00000000     0x27ad
 *(.debug_str)
 .debug_str     0x00000000      0x3b9 .\CortexM3\ARM_GCC_484\Debug\main.o
                                0x410 (size before relaxing)
 .debug_str     0x000003b9       0xce .\CortexM3\ARM_GCC_484\Debug\mouse_a.o
                                0x2d4 (size before relaxing)
 .debug_str     0x00000487       0xb6 .\CortexM3\ARM_GCC_484\Debug\mouse_b.o
                                0x2d4 (size before relaxing)
 .debug_str     0x0000053d       0xa5 .\CortexM3\ARM_GCC_484\Debug\motor.o
                                0x262 (size before relaxing)
 .debug_str     0x000005e2       0x63 .\CortexM3\ARM_GCC_484\Debug\navigation.o
                                0x2a6 (size before relaxing)
 .debug_str     0x00000645        0x0 .\CortexM3\ARM_GCC_484\Debug\arm.o
 .debug_str     0x00000645        0x0 .\CortexM3\ARM_GCC_484\Debug\gripper.o
 .debug_str     0x00000645       0x84 .\CortexM3\ARM_GCC_484\Debug\cybootloader.o
                                0x1f6 (size before relaxing)
 .debug_str     0x000006c9       0x37 .\CortexM3\ARM_GCC_484\Debug\cymetadata.o
                                0x1a9 (size before relaxing)
 .debug_str     0x00000700      0x163 .\CortexM3\ARM_GCC_484\Debug\Cm3Start.o
                                0x30d (size before relaxing)
 .debug_str     0x00000863      0x230 .\CortexM3\ARM_GCC_484\Debug\ENG3091_MandM.a(cyfitter_cfg.o)
                                0x3f2 (size before relaxing)
 .debug_str     0x00000a93       0x59 .\CortexM3\ARM_GCC_484\Debug\ENG3091_MandM.a(SDAT_A.o)
                                0x1e6 (size before relaxing)
 .debug_str     0x00000aec       0x49 .\CortexM3\ARM_GCC_484\Debug\ENG3091_MandM.a(SCLK_A.o)
                                0x1fc (size before relaxing)
 .debug_str     0x00000b35      0x10c .\CortexM3\ARM_GCC_484\Debug\ENG3091_MandM.a(sclk_a_isr.o)
                                0x2df (size before relaxing)
 .debug_str     0x00000c41       0x49 .\CortexM3\ARM_GCC_484\Debug\ENG3091_MandM.a(SCLK_B.o)
                                0x1fc (size before relaxing)
 .debug_str     0x00000c8a       0x49 .\CortexM3\ARM_GCC_484\Debug\ENG3091_MandM.a(SDAT_B.o)
                                0x1e6 (size before relaxing)
 .debug_str     0x00000cd3       0xf4 .\CortexM3\ARM_GCC_484\Debug\ENG3091_MandM.a(sclk_b_isr.o)
                                0x2df (size before relaxing)
 .debug_str     0x00000dc7      0x197 .\CortexM3\ARM_GCC_484\Debug\ENG3091_MandM.a(Timer.o)
                                0x339 (size before relaxing)
 .debug_str     0x00000f5e      0x34f .\CortexM3\ARM_GCC_484\Debug\ENG3091_MandM.a(CyDmac.o)
                                0x53d (size before relaxing)
 .debug_str     0x000012ad      0x7bd .\CortexM3\ARM_GCC_484\Debug\ENG3091_MandM.a(CyLib.o)
                                0xa22 (size before relaxing)
 .debug_str     0x00001a6a      0x35b .\CortexM3\ARM_GCC_484\Debug\ENG3091_MandM.a(cyPm.o)
                                0x71a (size before relaxing)
 .debug_str     0x00001dc5       0x30 .\CortexM3\ARM_GCC_484\Debug\ENG3091_MandM.a(cyutils.o)
                                0x1b1 (size before relaxing)
 .debug_str     0x00001df5      0x11a .\CortexM3\ARM_GCC_484\Debug\ENG3091_MandM.a(LCD.o)
                                0x304 (size before relaxing)
 .debug_str     0x00001f0f      0x10c .\CortexM3\ARM_GCC_484\Debug\ENG3091_MandM.a(MOTOR2.o)
                                0x2ce (size before relaxing)
 .debug_str     0x0000201b       0xbb .\CortexM3\ARM_GCC_484\Debug\ENG3091_MandM.a(but1.o)
                                0x28b (size before relaxing)
 .debug_str     0x000020d6       0xbb .\CortexM3\ARM_GCC_484\Debug\ENG3091_MandM.a(but0.o)
                                0x28b (size before relaxing)
 .debug_str     0x00002191       0xf8 .\CortexM3\ARM_GCC_484\Debug\ENG3091_MandM.a(MOTOR1.o)
                                0x2ce (size before relaxing)
 .debug_str     0x00002289       0x51 .\CortexM3\ARM_GCC_484\Debug\ENG3091_MandM.a(M1IN1.o)
                                0x1e1 (size before relaxing)
 .debug_str     0x000022da       0x51 .\CortexM3\ARM_GCC_484\Debug\ENG3091_MandM.a(M1IN2.o)
                                0x1e1 (size before relaxing)
 .debug_str     0x0000232b       0x51 .\CortexM3\ARM_GCC_484\Debug\ENG3091_MandM.a(M2IN1.o)
                                0x1e1 (size before relaxing)
 .debug_str     0x0000237c       0x51 .\CortexM3\ARM_GCC_484\Debug\ENG3091_MandM.a(M2IN2.o)
                                0x1e1 (size before relaxing)
 .debug_str     0x000023cd      0x140 .\CortexM3\ARM_GCC_484\Debug\ENG3091_MandM.a(Button_PWM.o)
                                0x306 (size before relaxing)
 .debug_str     0x0000250d       0x65 .\CortexM3\ARM_GCC_484\Debug\ENG3091_MandM.a(ISR_CHECKP.o)
                                0x1fa (size before relaxing)
 .debug_str     0x00002572      0x18d .\CortexM3\ARM_GCC_484\Debug\ENG3091_MandM.a(CyFlash.o)
                                0x38a (size before relaxing)
 .debug_str     0x000026ff       0xae .\CortexM3\ARM_GCC_484\Debug\ENG3091_MandM.a(CySpc.o)
                                0x316 (size before relaxing)

.debug_loc      0x00000000     0x3293
 *(.debug_loc)
 .debug_loc     0x00000000       0x1e .\CortexM3\ARM_GCC_484\Debug\main.o
 .debug_loc     0x0000001e       0x76 .\CortexM3\ARM_GCC_484\Debug\mouse_a.o
 .debug_loc     0x00000094       0x76 .\CortexM3\ARM_GCC_484\Debug\mouse_b.o
 .debug_loc     0x0000010a       0xa5 .\CortexM3\ARM_GCC_484\Debug\motor.o
 .debug_loc     0x000001af      0x3b5 .\CortexM3\ARM_GCC_484\Debug\navigation.o
 .debug_loc     0x00000564      0x14f .\CortexM3\ARM_GCC_484\Debug\Cm3Start.o
 .debug_loc     0x000006b3      0x306 .\CortexM3\ARM_GCC_484\Debug\ENG3091_MandM.a(cyfitter_cfg.o)
 .debug_loc     0x000009b9       0x55 .\CortexM3\ARM_GCC_484\Debug\ENG3091_MandM.a(SDAT_A.o)
 .debug_loc     0x00000a0e       0x55 .\CortexM3\ARM_GCC_484\Debug\ENG3091_MandM.a(SCLK_A.o)
 .debug_loc     0x00000a63       0x56 .\CortexM3\ARM_GCC_484\Debug\ENG3091_MandM.a(sclk_a_isr.o)
 .debug_loc     0x00000ab9       0x55 .\CortexM3\ARM_GCC_484\Debug\ENG3091_MandM.a(SCLK_B.o)
 .debug_loc     0x00000b0e       0x55 .\CortexM3\ARM_GCC_484\Debug\ENG3091_MandM.a(SDAT_B.o)
 .debug_loc     0x00000b63       0x56 .\CortexM3\ARM_GCC_484\Debug\ENG3091_MandM.a(sclk_b_isr.o)
 .debug_loc     0x00000bb9       0x6b .\CortexM3\ARM_GCC_484\Debug\ENG3091_MandM.a(Timer.o)
 .debug_loc     0x00000c24      0xb6b .\CortexM3\ARM_GCC_484\Debug\ENG3091_MandM.a(CyDmac.o)
 .debug_loc     0x0000178f      0xa53 .\CortexM3\ARM_GCC_484\Debug\ENG3091_MandM.a(CyLib.o)
 .debug_loc     0x000021e2      0x22a .\CortexM3\ARM_GCC_484\Debug\ENG3091_MandM.a(cyPm.o)
 .debug_loc     0x0000240c       0x21 .\CortexM3\ARM_GCC_484\Debug\ENG3091_MandM.a(cyutils.o)
 .debug_loc     0x0000242d      0x36b .\CortexM3\ARM_GCC_484\Debug\ENG3091_MandM.a(LCD.o)
 .debug_loc     0x00002798       0x13 .\CortexM3\ARM_GCC_484\Debug\ENG3091_MandM.a(MOTOR2.o)
 .debug_loc     0x000027ab       0x56 .\CortexM3\ARM_GCC_484\Debug\ENG3091_MandM.a(but1.o)
 .debug_loc     0x00002801       0x56 .\CortexM3\ARM_GCC_484\Debug\ENG3091_MandM.a(but0.o)
 .debug_loc     0x00002857       0x13 .\CortexM3\ARM_GCC_484\Debug\ENG3091_MandM.a(MOTOR1.o)
 .debug_loc     0x0000286a       0x55 .\CortexM3\ARM_GCC_484\Debug\ENG3091_MandM.a(M1IN1.o)
 .debug_loc     0x000028bf       0x55 .\CortexM3\ARM_GCC_484\Debug\ENG3091_MandM.a(M1IN2.o)
 .debug_loc     0x00002914       0x55 .\CortexM3\ARM_GCC_484\Debug\ENG3091_MandM.a(M2IN1.o)
 .debug_loc     0x00002969       0x55 .\CortexM3\ARM_GCC_484\Debug\ENG3091_MandM.a(M2IN2.o)
 .debug_loc     0x000029be       0x13 .\CortexM3\ARM_GCC_484\Debug\ENG3091_MandM.a(Button_PWM.o)
 .debug_loc     0x000029d1       0x55 .\CortexM3\ARM_GCC_484\Debug\ENG3091_MandM.a(ISR_CHECKP.o)
 .debug_loc     0x00002a26      0x2f7 .\CortexM3\ARM_GCC_484\Debug\ENG3091_MandM.a(CyFlash.o)
 .debug_loc     0x00002d1d      0x576 .\CortexM3\ARM_GCC_484\Debug\ENG3091_MandM.a(CySpc.o)

.debug_macinfo
 *(.debug_macinfo)

.debug_ranges   0x00000000      0xbd0
 *(.debug_ranges)
 .debug_ranges  0x00000000       0x30 .\CortexM3\ARM_GCC_484\Debug\main.o
 .debug_ranges  0x00000030       0x28 .\CortexM3\ARM_GCC_484\Debug\mouse_a.o
 .debug_ranges  0x00000058       0x28 .\CortexM3\ARM_GCC_484\Debug\mouse_b.o
 .debug_ranges  0x00000080       0x30 .\CortexM3\ARM_GCC_484\Debug\motor.o
 .debug_ranges  0x000000b0       0x38 .\CortexM3\ARM_GCC_484\Debug\navigation.o
 .debug_ranges  0x000000e8       0x50 .\CortexM3\ARM_GCC_484\Debug\Cm3Start.o
 .debug_ranges  0x00000138       0x68 .\CortexM3\ARM_GCC_484\Debug\ENG3091_MandM.a(cyfitter_cfg.o)
 .debug_ranges  0x000001a0       0x28 .\CortexM3\ARM_GCC_484\Debug\ENG3091_MandM.a(SDAT_A.o)
 .debug_ranges  0x000001c8       0x30 .\CortexM3\ARM_GCC_484\Debug\ENG3091_MandM.a(SCLK_A.o)
 .debug_ranges  0x000001f8       0x70 .\CortexM3\ARM_GCC_484\Debug\ENG3091_MandM.a(sclk_a_isr.o)
 .debug_ranges  0x00000268       0x30 .\CortexM3\ARM_GCC_484\Debug\ENG3091_MandM.a(SCLK_B.o)
 .debug_ranges  0x00000298       0x28 .\CortexM3\ARM_GCC_484\Debug\ENG3091_MandM.a(SDAT_B.o)
 .debug_ranges  0x000002c0       0x70 .\CortexM3\ARM_GCC_484\Debug\ENG3091_MandM.a(sclk_b_isr.o)
 .debug_ranges  0x00000330       0x80 .\CortexM3\ARM_GCC_484\Debug\ENG3091_MandM.a(Timer.o)
 .debug_ranges  0x000003b0       0xc8 .\CortexM3\ARM_GCC_484\Debug\ENG3091_MandM.a(CyDmac.o)
 .debug_ranges  0x00000478      0x288 .\CortexM3\ARM_GCC_484\Debug\ENG3091_MandM.a(CyLib.o)
 .debug_ranges  0x00000700       0x88 .\CortexM3\ARM_GCC_484\Debug\ENG3091_MandM.a(cyPm.o)
 .debug_ranges  0x00000788       0x10 .\CortexM3\ARM_GCC_484\Debug\ENG3091_MandM.a(cyutils.o)
 .debug_ranges  0x00000798       0x80 .\CortexM3\ARM_GCC_484\Debug\ENG3091_MandM.a(LCD.o)
 .debug_ranges  0x00000818       0x68 .\CortexM3\ARM_GCC_484\Debug\ENG3091_MandM.a(MOTOR2.o)
 .debug_ranges  0x00000880       0x70 .\CortexM3\ARM_GCC_484\Debug\ENG3091_MandM.a(but1.o)
 .debug_ranges  0x000008f0       0x70 .\CortexM3\ARM_GCC_484\Debug\ENG3091_MandM.a(but0.o)
 .debug_ranges  0x00000960       0x68 .\CortexM3\ARM_GCC_484\Debug\ENG3091_MandM.a(MOTOR1.o)
 .debug_ranges  0x000009c8       0x28 .\CortexM3\ARM_GCC_484\Debug\ENG3091_MandM.a(M1IN1.o)
 .debug_ranges  0x000009f0       0x28 .\CortexM3\ARM_GCC_484\Debug\ENG3091_MandM.a(M1IN2.o)
 .debug_ranges  0x00000a18       0x28 .\CortexM3\ARM_GCC_484\Debug\ENG3091_MandM.a(M2IN1.o)
 .debug_ranges  0x00000a40       0x28 .\CortexM3\ARM_GCC_484\Debug\ENG3091_MandM.a(M2IN2.o)
 .debug_ranges  0x00000a68       0x68 .\CortexM3\ARM_GCC_484\Debug\ENG3091_MandM.a(Button_PWM.o)
 .debug_ranges  0x00000ad0       0x28 .\CortexM3\ARM_GCC_484\Debug\ENG3091_MandM.a(ISR_CHECKP.o)
 .debug_ranges  0x00000af8       0x70 .\CortexM3\ARM_GCC_484\Debug\ENG3091_MandM.a(CyFlash.o)
 .debug_ranges  0x00000b68       0x68 .\CortexM3\ARM_GCC_484\Debug\ENG3091_MandM.a(CySpc.o)

.comment        0x00000000       0x70
 .comment       0x00000000       0x70 .\CortexM3\ARM_GCC_484\Debug\main.o
                                 0x71 (size before relaxing)
 .comment       0x00000000       0x71 .\CortexM3\ARM_GCC_484\Debug\mouse_a.o
 .comment       0x00000000       0x71 .\CortexM3\ARM_GCC_484\Debug\mouse_b.o
 .comment       0x00000000       0x71 .\CortexM3\ARM_GCC_484\Debug\motor.o
 .comment       0x00000000       0x71 .\CortexM3\ARM_GCC_484\Debug\navigation.o
 .comment       0x00000000       0x71 .\CortexM3\ARM_GCC_484\Debug\arm.o
 .comment       0x00000000       0x71 .\CortexM3\ARM_GCC_484\Debug\gripper.o
 .comment       0x00000000       0x71 .\CortexM3\ARM_GCC_484\Debug\cybootloader.o
 .comment       0x00000000       0x71 .\CortexM3\ARM_GCC_484\Debug\cymetadata.o
 .comment       0x00000000       0x71 .\CortexM3\ARM_GCC_484\Debug\Cm3Start.o
 .comment       0x00000000       0x71 .\CortexM3\ARM_GCC_484\Debug\ENG3091_MandM.a(cyfitter_cfg.o)
 .comment       0x00000000       0x71 .\CortexM3\ARM_GCC_484\Debug\ENG3091_MandM.a(SDAT_A.o)
 .comment       0x00000000       0x71 .\CortexM3\ARM_GCC_484\Debug\ENG3091_MandM.a(SCLK_A.o)
 .comment       0x00000000       0x71 .\CortexM3\ARM_GCC_484\Debug\ENG3091_MandM.a(sclk_a_isr.o)
 .comment       0x00000000       0x71 .\CortexM3\ARM_GCC_484\Debug\ENG3091_MandM.a(SCLK_B.o)
 .comment       0x00000000       0x71 .\CortexM3\ARM_GCC_484\Debug\ENG3091_MandM.a(SDAT_B.o)
 .comment       0x00000000       0x71 .\CortexM3\ARM_GCC_484\Debug\ENG3091_MandM.a(sclk_b_isr.o)
 .comment       0x00000000       0x71 .\CortexM3\ARM_GCC_484\Debug\ENG3091_MandM.a(Timer.o)
 .comment       0x00000000       0x71 .\CortexM3\ARM_GCC_484\Debug\ENG3091_MandM.a(CyDmac.o)
 .comment       0x00000000       0x71 .\CortexM3\ARM_GCC_484\Debug\ENG3091_MandM.a(CyLib.o)
 .comment       0x00000000       0x71 .\CortexM3\ARM_GCC_484\Debug\ENG3091_MandM.a(cyPm.o)
 .comment       0x00000000       0x71 .\CortexM3\ARM_GCC_484\Debug\ENG3091_MandM.a(cyutils.o)
 .comment       0x00000000       0x71 .\CortexM3\ARM_GCC_484\Debug\ENG3091_MandM.a(LCD.o)
 .comment       0x00000000       0x71 .\CortexM3\ARM_GCC_484\Debug\ENG3091_MandM.a(MOTOR2.o)
 .comment       0x00000000       0x71 .\CortexM3\ARM_GCC_484\Debug\ENG3091_MandM.a(but1.o)
 .comment       0x00000000       0x71 .\CortexM3\ARM_GCC_484\Debug\ENG3091_MandM.a(but0.o)
 .comment       0x00000000       0x71 .\CortexM3\ARM_GCC_484\Debug\ENG3091_MandM.a(MOTOR1.o)
 .comment       0x00000000       0x71 .\CortexM3\ARM_GCC_484\Debug\ENG3091_MandM.a(M1IN1.o)
 .comment       0x00000000       0x71 .\CortexM3\ARM_GCC_484\Debug\ENG3091_MandM.a(M1IN2.o)
 .comment       0x00000000       0x71 .\CortexM3\ARM_GCC_484\Debug\ENG3091_MandM.a(M2IN1.o)
 .comment       0x00000000       0x71 .\CortexM3\ARM_GCC_484\Debug\ENG3091_MandM.a(M2IN2.o)
 .comment       0x00000000       0x71 .\CortexM3\ARM_GCC_484\Debug\ENG3091_MandM.a(Button_PWM.o)
 .comment       0x00000000       0x71 .\CortexM3\ARM_GCC_484\Debug\ENG3091_MandM.a(ISR_CHECKP.o)
 .comment       0x00000000       0x71 .\CortexM3\ARM_GCC_484\Debug\ENG3091_MandM.a(CyFlash.o)
 .comment       0x00000000       0x71 .\CortexM3\ARM_GCC_484\Debug\ENG3091_MandM.a(CySpc.o)

.debug_weaknames
 *(.debug_weaknames)

.debug_funcnames
 *(.debug_funcnames)

.debug_typenames
 *(.debug_typenames)

.debug_varnames
 *(.debug_varnames)

.note.gnu.arm.ident
 *(.note.gnu.arm.ident)

.ARM.attributes
                0x00000000       0x29
 *(.ARM.attributes)
 .ARM.attributes
                0x00000000       0x1d c:/program files (x86)/cypress/psoc creator/3.2/psoc creator/import/gnu/arm/4.8.4/bin/../lib/gcc/arm-none-eabi/4.8.4/armv7-m/crti.o
 .ARM.attributes
                0x0000001d       0x2d c:/program files (x86)/cypress/psoc creator/3.2/psoc creator/import/gnu/arm/4.8.4/bin/../lib/gcc/arm-none-eabi/4.8.4/armv7-m/crtbegin.o
 .ARM.attributes
                0x0000004a       0x1b c:/program files (x86)/cypress/psoc creator/3.2/psoc creator/import/gnu/arm/4.8.4/bin/../lib/gcc/arm-none-eabi/4.8.4/../../../../arm-none-eabi/lib/armv7-m/crt0.o
 .ARM.attributes
                0x00000065       0x33 .\CortexM3\ARM_GCC_484\Debug\main.o
 .ARM.attributes
                0x00000098       0x33 .\CortexM3\ARM_GCC_484\Debug\mouse_a.o
 .ARM.attributes
                0x000000cb       0x33 .\CortexM3\ARM_GCC_484\Debug\mouse_b.o
 .ARM.attributes
                0x000000fe       0x33 .\CortexM3\ARM_GCC_484\Debug\motor.o
 .ARM.attributes
                0x00000131       0x33 .\CortexM3\ARM_GCC_484\Debug\navigation.o
 .ARM.attributes
                0x00000164       0x33 .\CortexM3\ARM_GCC_484\Debug\arm.o
 .ARM.attributes
                0x00000197       0x33 .\CortexM3\ARM_GCC_484\Debug\gripper.o
 .ARM.attributes
                0x000001ca       0x33 .\CortexM3\ARM_GCC_484\Debug\cybootloader.o
 .ARM.attributes
                0x000001fd       0x33 .\CortexM3\ARM_GCC_484\Debug\cymetadata.o
 .ARM.attributes
                0x00000230       0x33 .\CortexM3\ARM_GCC_484\Debug\Cm3Start.o
 .ARM.attributes
                0x00000263       0x33 .\CortexM3\ARM_GCC_484\Debug\ENG3091_MandM.a(cyfitter_cfg.o)
 .ARM.attributes
                0x00000296       0x33 .\CortexM3\ARM_GCC_484\Debug\ENG3091_MandM.a(SDAT_A.o)
 .ARM.attributes
                0x000002c9       0x33 .\CortexM3\ARM_GCC_484\Debug\ENG3091_MandM.a(SCLK_A.o)
 .ARM.attributes
                0x000002fc       0x33 .\CortexM3\ARM_GCC_484\Debug\ENG3091_MandM.a(sclk_a_isr.o)
 .ARM.attributes
                0x0000032f       0x33 .\CortexM3\ARM_GCC_484\Debug\ENG3091_MandM.a(SCLK_B.o)
 .ARM.attributes
                0x00000362       0x33 .\CortexM3\ARM_GCC_484\Debug\ENG3091_MandM.a(SDAT_B.o)
 .ARM.attributes
                0x00000395       0x33 .\CortexM3\ARM_GCC_484\Debug\ENG3091_MandM.a(sclk_b_isr.o)
 .ARM.attributes
                0x000003c8       0x33 .\CortexM3\ARM_GCC_484\Debug\ENG3091_MandM.a(Timer.o)
 .ARM.attributes
                0x000003fb       0x21 .\CortexM3\ARM_GCC_484\Debug\ENG3091_MandM.a(CyBootAsmGnu.o)
 .ARM.attributes
                0x0000041c       0x33 .\CortexM3\ARM_GCC_484\Debug\ENG3091_MandM.a(CyDmac.o)
 .ARM.attributes
                0x0000044f       0x33 .\CortexM3\ARM_GCC_484\Debug\ENG3091_MandM.a(CyLib.o)
 .ARM.attributes
                0x00000482       0x33 .\CortexM3\ARM_GCC_484\Debug\ENG3091_MandM.a(cyPm.o)
 .ARM.attributes
                0x000004b5       0x33 .\CortexM3\ARM_GCC_484\Debug\ENG3091_MandM.a(cyutils.o)
 .ARM.attributes