Archive member included because of file (symbol)

.\CortexM3\ARM_GCC_484\Debug\ENG3091_MandM.a(cyfitter_cfg.o)
                              .\CortexM3\ARM_GCC_484\Debug\Cm3Start.o (cyfitter_cfg)
.\CortexM3\ARM_GCC_484\Debug\ENG3091_MandM.a(USB.o)
                              .\CortexM3\ARM_GCC_484\Debug\main.o (USB_GetConfiguration)
.\CortexM3\ARM_GCC_484\Debug\ENG3091_MandM.a(USB_cdc.o)
                              .\CortexM3\ARM_GCC_484\Debug\main.o (USB_PutString)
.\CortexM3\ARM_GCC_484\Debug\ENG3091_MandM.a(USB_drv.o)
                              .\CortexM3\ARM_GCC_484\Debug\ENG3091_MandM.a(USB.o) (USB_lastPacketSize)
.\CortexM3\ARM_GCC_484\Debug\ENG3091_MandM.a(USB_episr.o)
                              .\CortexM3\ARM_GCC_484\Debug\ENG3091_MandM.a(USB.o) (USB_EP_1_ISR)
.\CortexM3\ARM_GCC_484\Debug\ENG3091_MandM.a(USB_std.o)
                              .\CortexM3\ARM_GCC_484\Debug\ENG3091_MandM.a(USB_drv.o) (USB_HandleStandardRqst)
.\CortexM3\ARM_GCC_484\Debug\ENG3091_MandM.a(USB_vnd.o)
                              .\CortexM3\ARM_GCC_484\Debug\ENG3091_MandM.a(USB_drv.o) (USB_HandleVendorRqst)
.\CortexM3\ARM_GCC_484\Debug\ENG3091_MandM.a(SDAT_A.o)
                              .\CortexM3\ARM_GCC_484\Debug\mouse_a.o (SDAT_A_Write)
.\CortexM3\ARM_GCC_484\Debug\ENG3091_MandM.a(SCLK_A.o)
                              .\CortexM3\ARM_GCC_484\Debug\mouse_a.o (SCLK_A_Write)
.\CortexM3\ARM_GCC_484\Debug\ENG3091_MandM.a(sclk_a_isr.o)
                              .\CortexM3\ARM_GCC_484\Debug\mice.o (sclk_a_isr_SetPriority)
.\CortexM3\ARM_GCC_484\Debug\ENG3091_MandM.a(SCLK_B.o)
                              .\CortexM3\ARM_GCC_484\Debug\mouse_b.o (SCLK_B_Write)
.\CortexM3\ARM_GCC_484\Debug\ENG3091_MandM.a(SDAT_B.o)
                              .\CortexM3\ARM_GCC_484\Debug\mouse_b.o (SDAT_B_Write)
.\CortexM3\ARM_GCC_484\Debug\ENG3091_MandM.a(sclk_b_isr.o)
                              .\CortexM3\ARM_GCC_484\Debug\mice.o (sclk_b_isr_SetPriority)
.\CortexM3\ARM_GCC_484\Debug\ENG3091_MandM.a(Timer.o)
                              .\CortexM3\ARM_GCC_484\Debug\main.o (Timer_ReadCounter)
.\CortexM3\ARM_GCC_484\Debug\ENG3091_MandM.a(WHITE.o)
                              .\CortexM3\ARM_GCC_484\Debug\motor.o (WHITE_Write)
.\CortexM3\ARM_GCC_484\Debug\ENG3091_MandM.a(BLUE.o)
                              .\CortexM3\ARM_GCC_484\Debug\main.o (BLUE_Write)
.\CortexM3\ARM_GCC_484\Debug\ENG3091_MandM.a(ORANGE.o)
                              .\CortexM3\ARM_GCC_484\Debug\motor.o (ORANGE_Write)
.\CortexM3\ARM_GCC_484\Debug\ENG3091_MandM.a(CyBootAsmGnu.o)
                              .\CortexM3\ARM_GCC_484\Debug\ENG3091_MandM.a(cyfitter_cfg.o) (CyDelayCycles)
.\CortexM3\ARM_GCC_484\Debug\ENG3091_MandM.a(CyDmac.o)
                              .\CortexM3\ARM_GCC_484\Debug\Cm3Start.o (CyDmacConfigure)
.\CortexM3\ARM_GCC_484\Debug\ENG3091_MandM.a(CyLib.o)
                              .\CortexM3\ARM_GCC_484\Debug\Cm3Start.o (CyHalt)
.\CortexM3\ARM_GCC_484\Debug\ENG3091_MandM.a(cyPm.o)
                              .\CortexM3\ARM_GCC_484\Debug\ENG3091_MandM.a(CyLib.o) (CyPmReadStatus)
.\CortexM3\ARM_GCC_484\Debug\ENG3091_MandM.a(cyutils.o)
                              .\CortexM3\ARM_GCC_484\Debug\ENG3091_MandM.a(Timer.o) (CySetReg24)
.\CortexM3\ARM_GCC_484\Debug\ENG3091_MandM.a(LCD.o)
                              .\CortexM3\ARM_GCC_484\Debug\main.o (LCD_PrintString)
.\CortexM3\ARM_GCC_484\Debug\ENG3091_MandM.a(but1.o)
                              .\CortexM3\ARM_GCC_484\Debug\buttons.o (but1_StartEx)
.\CortexM3\ARM_GCC_484\Debug\ENG3091_MandM.a(but0.o)
                              .\CortexM3\ARM_GCC_484\Debug\buttons.o (but0_StartEx)
.\CortexM3\ARM_GCC_484\Debug\ENG3091_MandM.a(Button_PWM.o)
                              .\CortexM3\ARM_GCC_484\Debug\buttons.o (Button_PWM_Start)
.\CortexM3\ARM_GCC_484\Debug\ENG3091_MandM.a(MOTOR_R.o)
                              .\CortexM3\ARM_GCC_484\Debug\motor.o (MOTOR_R_WriteCompare)
.\CortexM3\ARM_GCC_484\Debug\ENG3091_MandM.a(MOTOR_L.o)
                              .\CortexM3\ARM_GCC_484\Debug\motor.o (MOTOR_L_WriteCompare)
.\CortexM3\ARM_GCC_484\Debug\ENG3091_MandM.a(MLIN1.o)
                              .\CortexM3\ARM_GCC_484\Debug\motor.o (MLIN1_Write)
.\CortexM3\ARM_GCC_484\Debug\ENG3091_MandM.a(MLIN2.o)
                              .\CortexM3\ARM_GCC_484\Debug\motor.o (MLIN2_Write)
.\CortexM3\ARM_GCC_484\Debug\ENG3091_MandM.a(MRIN1.o)
                              .\CortexM3\ARM_GCC_484\Debug\motor.o (MRIN1_Write)
.\CortexM3\ARM_GCC_484\Debug\ENG3091_MandM.a(MRIN2.o)
                              .\CortexM3\ARM_GCC_484\Debug\motor.o (MRIN2_Write)
.\CortexM3\ARM_GCC_484\Debug\ENG3091_MandM.a(Gripper_PWM.o)
                              .\CortexM3\ARM_GCC_484\Debug\gripper.o (Gripper_PWM_WriteCompare)
.\CortexM3\ARM_GCC_484\Debug\ENG3091_MandM.a(I2C.o)
                              .\CortexM3\ARM_GCC_484\Debug\compass.o (I2C_Start)
[...]
Memory Configuration

Name             Origin             Length             Attributes
rom              0x00000000         0x00040000         xr
ram              0x1fff8000         0x00010000         xrw
*default*        0x00000000         0xffffffff

Linker script and memory map

LOAD c:/program files (x86)/cypress/psoc creator/3.2/psoc creator/import/gnu/arm/4.8.4/bin/../lib/gcc/arm-none-eabi/4.8.4/armv7-m/crti.o
LOAD c:/program files (x86)/cypress/psoc creator/3.2/psoc creator/import/gnu/arm/4.8.4/bin/../lib/gcc/arm-none-eabi/4.8.4/armv7-m/crtbegin.o
LOAD c:/program files (x86)/cypress/psoc creator/3.2/psoc creator/import/gnu/arm/4.8.4/bin/../lib/gcc/arm-none-eabi/4.8.4/../../../../arm-none-eabi/lib/armv7-m/crt0.o
START GROUP
LOAD .\CortexM3\ARM_GCC_484\Debug\main.o
LOAD .\CortexM3\ARM_GCC_484\Debug\mouse_a.o
LOAD .\CortexM3\ARM_GCC_484\Debug\mouse_b.o
LOAD .\CortexM3\ARM_GCC_484\Debug\motor.o
LOAD .\CortexM3\ARM_GCC_484\Debug\navigation.o
LOAD .\CortexM3\ARM_GCC_484\Debug\arm.o
LOAD .\CortexM3\ARM_GCC_484\Debug\gripper.o
LOAD .\CortexM3\ARM_GCC_484\Debug\misc.o
LOAD .\CortexM3\ARM_GCC_484\Debug\mice.o
LOAD .\CortexM3\ARM_GCC_484\Debug\buttons.o
LOAD .\CortexM3\ARM_GCC_484\Debug\compass.o
LOAD .\CortexM3\ARM_GCC_484\Debug\ultrasonic.o
LOAD .\CortexM3\ARM_GCC_484\Debug\blob_stats.o
LOAD .\CortexM3\ARM_GCC_484\Debug\my_camera_functions.o
LOAD .\CortexM3\ARM_GCC_484\Debug\maintest.o
LOAD .\CortexM3\ARM_GCC_484\Debug\cybootloader.o
LOAD .\CortexM3\ARM_GCC_484\Debug\cymetadata.o
LOAD .\CortexM3\ARM_GCC_484\Debug\Cm3Start.o
LOAD .\CortexM3\ARM_GCC_484\Debug\ENG3091_MandM.a
LOAD C:\Program Files (x86)\Cypress\PSoC Creator\3.2\PSoC Creator\psoc\content\cycomponentlibrary\CyComponentLibrary.cylib\CortexM3\ARM_GCC_484\Debug\CyComponentLibrary.a
LOAD c:/program files (x86)/cypress/psoc creator/3.2/psoc creator/import/gnu/arm/4.8.4/bin/../lib/gcc/arm-none-eabi/4.8.4/../../../../arm-none-eabi/lib/armv7-m\libm.a
END GROUP
START GROUP
LOAD c:/program files (x86)/cypress/psoc creator/3.2/psoc creator/import/gnu/arm/4.8.4/bin/../lib/gcc/arm-none-eabi/4.8.4/armv7-m\libgcc.a
LOAD c:/program files (x86)/cypress/psoc creator/3.2/psoc creator/import/gnu/arm/4.8.4/bin/../lib/gcc/arm-none-eabi/4.8.4/../../../../arm-none-eabi/lib/armv7-m\libg_s.a
LOAD c:/program files (x86)/cypress/psoc creator/3.2/psoc creator/import/gnu/arm/4.8.4/bin/../lib/gcc/arm-none-eabi/4.8.4/../../../../arm-none-eabi/lib/armv7-m\libc_s.a
END GROUP
START GROUP
LOAD c:/program files (x86)/cypress/psoc creator/3.2/psoc creator/import/gnu/arm/4.8.4/bin/../lib/gcc/arm-none-eabi/4.8.4/armv7-m\libgcc.a
LOAD c:/program files (x86)/cypress/psoc creator/3.2/psoc creator/import/gnu/arm/4.8.4/bin/../lib/gcc/arm-none-eabi/4.8.4/../../../../arm-none-eabi/lib/armv7-m\libc_s.a
END GROUP
LOAD c:/program files (x86)/cypress/psoc creator/3.2/psoc creator/import/gnu/arm/4.8.4/bin/../lib/gcc/arm-none-eabi/4.8.4/armv7-m/crtend.o
LOAD c:/program files (x86)/cypress/psoc creator/3.2/psoc creator/import/gnu/arm/4.8.4/bin/../lib/gcc/arm-none-eabi/4.8.4/armv7-m/crtn.o
START GROUP
LOAD c:/program files (x86)/cypress/psoc creator/3.2/psoc creator/import/gnu/arm/4.8.4/bin/../lib/gcc/arm-none-eabi/4.8.4/armv7-m\libgcc.a
LOAD c:/program files (x86)/cypress/psoc creator/3.2/psoc creator/import/gnu/arm/4.8.4/bin/../lib/gcc/arm-none-eabi/4.8.4/../../../../arm-none-eabi/lib/armv7-m\libc.a
LOAD c:/program files (x86)/cypress/psoc creator/3.2/psoc creator/import/gnu/arm/4.8.4/bin/../lib/gcc/arm-none-eabi/4.8.4/../../../../arm-none-eabi/lib/armv7-m\libnosys.a
END GROUP
                0x00000000                CY_APPL_ORIGIN = 0x0
                0x00000100                CY_FLASH_ROW_SIZE = 0x100
                0x00000020                CY_ECC_ROW_SIZE = 0x20
                0x00000000                CY_EE_IN_BTLDR = 0x0
                0x00000001                CY_APPL_LOADABLE = 0x1
                0x00000800                CY_EE_SIZE = 0x800
                0x00000001                CY_APPL_NUM = 0x1
                0x00000001                CY_APPL_MAX = 0x1
                0x00000040                CY_METADATA_SIZE = 0x40
                0x20006558                PROVIDE (__cy_heap_start, _end)
                0x00000001                PROVIDE (__cy_region_num, ((__cy_regions_end - __cy_regions) / 0x10))
                0x20008000                PROVIDE (__cy_stack, (ORIGIN (ram) + 0x10000))
                0x20007800                PROVIDE (__cy_heap_end, (__cy_stack - 0x800))

.cybootloader   0x00000000     0x2700
 *(.cybootloader)
 .cybootloader  0x00000000     0x2700 .\CortexM3\ARM_GCC_484\Debug\cybootloader.o
                0x00000000                cy_bootloader
                0x00002700                appl1_start = CY_APPL_ORIGIN?CY_APPL_ORIGIN:ALIGN (CY_FLASH_ROW_SIZE)
                0x00021300                appl2_start = (appl1_start + ALIGN ((((0x40000 - appl1_start) - (0x2 * CY_FLASH_ROW_SIZE)) / 0x2), CY_FLASH_ROW_SIZE))
                0x00002700                appl_start = (CY_APPL_NUM == 0x1)?appl1_start:appl2_start
                0x000004e0                ecc_offset = ((appl_start / CY_FLASH_ROW_SIZE) * CY_ECC_ROW_SIZE)
                0x00000000                ee_offset = (CY_APPL_LOADABLE && ! (CY_EE_IN_BTLDR))?((CY_EE_SIZE / CY_APPL_MAX) * (CY_APPL_NUM - 0x1)):0x0
                0x00000800                ee_size = (CY_APPL_LOADABLE && ! (CY_EE_IN_BTLDR))?(CY_EE_SIZE / CY_APPL_MAX):CY_EE_SIZE
                0x000004e0                PROVIDE (CY_ECC_OFFSET, ecc_offset)

.text           0x00002700     0x60b6
 CREATE_OBJECT_SYMBOLS
                0x00002700                PROVIDE (__cy_interrupt_vector, RomVectors)
 *(.romvectors)
 .romvectors    0x00002700       0x10 .\CortexM3\ARM_GCC_484\Debug\Cm3Start.o
                0x00002700                RomVectors
                0x00000001                ASSERT ((. != __cy_interrupt_vector), No interrupt vector)
                0x00000001                ASSERT (CY_APPL_ORIGIN?(SIZEOF (.cybootloader) <= CY_APPL_ORIGIN):0x1, Wrong image location)
                0x00002710                PROVIDE (__cy_reset, Reset)
 *(.text.Reset)
 .text.Reset    0x00002710        0x8 .\CortexM3\ARM_GCC_484\Debug\Cm3Start.o
                0x00002710                Reset
                0x00000001                ASSERT ((. != __cy_reset), No reset code)
 *(.dma_init)
                0x00000001                ASSERT ((((appl_start + .) <= 0x10000) || 0x1), DMA Init must be within the first 64k of flash)
 *(.text .text.* .gnu.linkonce.t.*)
 .text          0x00002718       0x54 c:/program files (x86)/cypress/psoc creator/3.2/psoc creator/import/gnu/arm/4.8.4/bin/../lib/gcc/arm-none-eabi/4.8.4/armv7-m/crtbegin.o
 .text.main     0x0000276c      0x194 .\CortexM3\ARM_GCC_484\Debug\main.o
                0x0000276c                main
 .text.mouse_a_write
                0x00002900       0xb0 .\CortexM3\ARM_GCC_484\Debug\mouse_a.o
                0x00002900                mouse_a_write
 .text.mouse_a_init
                0x000029b0       0x4c .\CortexM3\ARM_GCC_484\Debug\mouse_a.o
                0x000029b0                mouse_a_init
 .text.reset_sclk_a_isr
                0x000029fc       0x3c .\CortexM3\ARM_GCC_484\Debug\mouse_a.o
                0x000029fc                reset_sclk_a_isr
 .text.MY_SCLK_A_ISR
                0x00002a38      0x224 .\CortexM3\ARM_GCC_484\Debug\mouse_a.o
                0x00002a38                MY_SCLK_A_ISR
 .text.mouse_b_write
                0x00002c5c       0xb0 .\CortexM3\ARM_GCC_484\Debug\mouse_b.o
                0x00002c5c                mouse_b_write
 .text.mouse_b_init
                0x00002d0c       0x4c .\CortexM3\ARM_GCC_484\Debug\mouse_b.o
                0x00002d0c                mouse_b_init
 .text.reset_sclk_b_isr
                0x00002d58       0x3c .\CortexM3\ARM_GCC_484\Debug\mouse_b.o
                0x00002d58                reset_sclk_b_isr
 .text.MY_SCLK_B_ISR
                0x00002d94      0x224 .\CortexM3\ARM_GCC_484\Debug\mouse_b.o
                0x00002d94                MY_SCLK_B_ISR
 .text.isRotating
                0x00002fb8        0xc .\CortexM3\ARM_GCC_484\Debug\motor.o
                0x00002fb8                isRotating
 .text.clip     0x00002fc4       0x14 .\CortexM3\ARM_GCC_484\Debug\motor.o
                0x00002fc4                clip
 .text.go_forward
                0x00002fd8       0x1c .\CortexM3\ARM_GCC_484\Debug\motor.o
                0x00002fd8                go_forward
 .text.rotate_degrees
                0x00002ff4       0x34 .\CortexM3\ARM_GCC_484\Debug\motor.o
                0x00002ff4                rotate_degrees
 .text.start_motors
                0x00003028       0x30 .\CortexM3\ARM_GCC_484\Debug\motor.o
                0x00003028                start_motors
 .text.setSpeed
                0x00003058       0x20 .\CortexM3\ARM_GCC_484\Debug\motor.o
                0x00003058                setSpeed
 .text.setCoast
                0x00003078       0x2c .\CortexM3\ARM_GCC_484\Debug\motor.o
                0x00003078                setCoast
 .text.setForward
                0x000030a4       0x2c .\CortexM3\ARM_GCC_484\Debug\motor.o
                0x000030a4                setForward
 .text.setReverse
                0x000030d0       0x2c .\CortexM3\ARM_GCC_484\Debug\motor.o
                0x000030d0                setReverse
 .text.rotate_left
                0x000030fc       0x1c .\CortexM3\ARM_GCC_484\Debug\motor.o
                0x000030fc                rotate_left
 .text.rotate_right
                0x00003118       0x1c .\CortexM3\ARM_GCC_484\Debug\motor.o
                0x00003118                rotate_right
 .text.abs2     0x00003134        0xc .\CortexM3\ARM_GCC_484\Debug\motor.o
                0x00003134                abs2
 .text.control_motors
                0x00003140      0x150 .\CortexM3\ARM_GCC_484\Debug\motor.o
                0x00003140                control_motors
 .text.update_position
                0x00003290       0x98 .\CortexM3\ARM_GCC_484\Debug\navigation.o
                0x00003290                update_position
 .text.reset_delta_y_distance
                0x00003328        0xc .\CortexM3\ARM_GCC_484\Debug\navigation.o
                0x00003328                reset_delta_y_distance
 .text.reset_navigation
                0x00003334       0x48 .\CortexM3\ARM_GCC_484\Debug\navigation.o
                0x00003334                reset_navigation
 .text.start_navigation
                0x0000337c        0x8 .\CortexM3\ARM_GCC_484\Debug\navigation.o
                0x0000337c                start_navigation
 .text.arm_set_level
                0x00003384       0x10 .\CortexM3\ARM_GCC_484\Debug\arm.o
                0x00003384                arm_set_level
 .text.start_arm
                0x00003394       0x10 .\CortexM3\ARM_GCC_484\Debug\arm.o
                0x00003394                start_arm
 .text.start_gripper
                0x000033a4       0x10 .\CortexM3\ARM_GCC_484\Debug\gripper.o
                0x000033a4                start_gripper
 .text.start_mice
                0x000033b4       0x68 .\CortexM3\ARM_GCC_484\Debug\mice.o
                0x000033b4                start_mice
 .text.INC_ISR  0x0000341c       0x14 .\CortexM3\ARM_GCC_484\Debug\buttons.o
                0x0000341c                INC_ISR
 .text.DEC_ISR  0x00003430       0x14 .\CortexM3\ARM_GCC_484\Debug\buttons.o
                0x00003430                DEC_ISR
 .text.start_buttons
                0x00003444       0x30 .\CortexM3\ARM_GCC_484\Debug\buttons.o
                0x00003444                start_buttons
 .text.DRDY_INTERRUPT
                0x00003474       0x14 .\CortexM3\ARM_GCC_484\Debug\compass.o
                0x00003474                DRDY_INTERRUPT
 .text.calculate_circular_functions
                0x00003488       0x78 .\CortexM3\ARM_GCC_484\Debug\compass.o
                0x00003488                calculate_circular_functions
 .text.start_compass
                0x00003500       0x8c .\CortexM3\ARM_GCC_484\Debug\compass.o
                0x00003500                start_compass
 *fill*         0x0000358c        0x4 
 .text.compass_read
                0x00003590       0xf0 .\CortexM3\ARM_GCC_484\Debug\compass.o
                0x00003590                compass_read
 .text.HC_TRIG_ISR
                0x00003680       0x30 .\CortexM3\ARM_GCC_484\Debug\ultrasonic.o
                0x00003680                HC_TRIG_ISR
 .text.start_ultrasonic
                0x000036b0       0x20 .\CortexM3\ARM_GCC_484\Debug\ultrasonic.o
                0x000036b0                start_ultrasonic
 .text.blob_comp
                0x000036d0       0x38 .\CortexM3\ARM_GCC_484\Debug\blob_stats.o
                0x000036d0                blob_comp
 .text.blob_detect
                0x00003708      0x1a4 .\CortexM3\ARM_GCC_484\Debug\blob_stats.o
                0x00003708                blob_detect
 .text.to_nearest_blob
                0x000038ac       0x70 .\CortexM3\ARM_GCC_484\Debug\blob_stats.o
                0x000038ac                to_nearest_blob
 .text.init_camera
                0x0000391c       0x80 .\CortexM3\ARM_GCC_484\Debug\my_camera_functions.o
                0x0000391c                init_camera
 .text.set_gain_exposure
                0x0000399c       0x58 .\CortexM3\ARM_GCC_484\Debug\my_camera_functions.o
                0x0000399c                set_gain_exposure
 .text.PixelColour
                0x000039f4       0x88 .\CortexM3\ARM_GCC_484\Debug\my_camera_functions.o
                0x000039f4                PixelColour
 .text.threshold_image
                0x00003a7c      0x1ac .\CortexM3\ARM_GCC_484\Debug\my_camera_functions.o
                0x00003a7c                threshold_image
 .text.capture_thresh_image
                0x00003c28       0x18 .\CortexM3\ARM_GCC_484\Debug\my_camera_functions.o
                0x00003c28                capture_thresh_image
 .text.IntDefaultHandler
                0x00003c40        0x4 .\CortexM3\ARM_GCC_484\Debug\Cm3Start.o
                0x00003c40                IntDefaultHandler
 .text._sbrk    0x00003c44       0x30 .\CortexM3\ARM_GCC_484\Debug\Cm3Start.o
                0x00003c44                _sbrk
 .text.Start_c  0x00003c74       0x4c .\CortexM3\ARM_GCC_484\Debug\Cm3Start.o
                0x00003c74                Start_c
 .text.initialize_psoc
                0x00003cc0       0x74 .\CortexM3\ARM_GCC_484\Debug\Cm3Start.o
                0x00003cc0                initialize_psoc
 .text.CyClockStartupError
                0x00003d34        0x4 .\CortexM3\ARM_GCC_484\Debug\ENG3091_MandM.a(cyfitter_cfg.o)
 .text.cfg_write_bytes32
                0x00003d38       0x34 .\CortexM3\ARM_GCC_484\Debug\ENG3091_MandM.a(cyfitter_cfg.o)
 .text.AnalogSetDefault
                0x00003d6c       0x28 .\CortexM3\ARM_GCC_484\Debug\ENG3091_MandM.a(cyfitter_cfg.o)
 .text.CYMEMZERO
                0x00003d94        0xc .\CortexM3\ARM_GCC_484\Debug\ENG3091_MandM.a(cyfitter_cfg.o)
 .text.CYCONFIGCPYCODE
                0x00003da0        0x8 .\CortexM3\ARM_GCC_484\Debug\ENG3091_MandM.a(cyfitter_cfg.o)
 .text.CYCONFIGCPY
                0x00003da8        0x8 .\CortexM3\ARM_GCC_484\Debug\ENG3091_MandM.a(cyfitter_cfg.o)
 .text.ClockSetup
                0x00003db0       0xf4 .\CortexM3\ARM_GCC_484\Debug\ENG3091_MandM.a(cyfitter_cfg.o)
 .text.cyfitter_cfg
                0x00003ea4      0x168 .\CortexM3\ARM_GCC_484\Debug\ENG3091_MandM.a(cyfitter_cfg.o)
                0x00003ea4                cyfitter_cfg
 .text.SDAT_A_Write
                0x0000400c       0x18 .\CortexM3\ARM_GCC_484\Debug\ENG3091_MandM.a(SDAT_A.o)
                0x0000400c                SDAT_A_Write
 .text.SDAT_A_Read
                0x00004024       0x10 .\CortexM3\ARM_GCC_484\Debug\ENG3091_MandM.a(SDAT_A.o)
                0x00004024                SDAT_A_Read
 .text.SCLK_A_Write
                0x00004034       0x18 .\CortexM3\ARM_GCC_484\Debug\ENG3091_MandM.a(SCLK_A.o)
                0x00004034                SCLK_A_Write
 .text.SCLK_A_Read
                0x0000404c       0x10 .\CortexM3\ARM_GCC_484\Debug\ENG3091_MandM.a(SCLK_A.o)
                0x0000404c                SCLK_A_Read
 .text.SCLK_A_ClearInterrupt
                0x0000405c       0x10 .\CortexM3\ARM_GCC_484\Debug\ENG3091_MandM.a(SCLK_A.o)
                0x0000405c                SCLK_A_ClearInterrupt
 .text.sclk_a_isr_SetVector
                0x0000406c        0xc .\CortexM3\ARM_GCC_484\Debug\ENG3091_MandM.a(sclk_a_isr.o)
                0x0000406c                sclk_a_isr_SetVector
 .text.sclk_a_isr_SetPriority
                0x00004078       0x10 .\CortexM3\ARM_GCC_484\Debug\ENG3091_MandM.a(sclk_a_isr.o)
                0x00004078                sclk_a_isr_SetPriority
 .text.sclk_a_isr_Enable
                0x00004088        0xc .\CortexM3\ARM_GCC_484\Debug\ENG3091_MandM.a(sclk_a_isr.o)
                0x00004088                sclk_a_isr_Enable
 .text.sclk_a_isr_Disable
                0x00004094        0xc .\CortexM3\ARM_GCC_484\Debug\ENG3091_MandM.a(sclk_a_isr.o)
                0x00004094                sclk_a_isr_Disable
 .text.sclk_a_isr_StartEx
                0x000040a0       0x1c .\CortexM3\ARM_GCC_484\Debug\ENG3091_MandM.a(sclk_a_isr.o)
                0x000040a0                sclk_a_isr_StartEx
 .text.sclk_a_isr_Stop
                0x000040bc       0x14 .\CortexM3\ARM_GCC_484\Debug\ENG3091_MandM.a(sclk_a_isr.o)
                0x000040bc                sclk_a_isr_Stop
 .text.SCLK_B_Write
                0x000040d0       0x18 .\CortexM3\ARM_GCC_484\Debug\ENG3091_MandM.a(SCLK_B.o)
                0x000040d0                SCLK_B_Write
 .text.SCLK_B_Read
                0x000040e8       0x10 .\CortexM3\ARM_GCC_484\Debug\ENG3091_MandM.a(SCLK_B.o)
                0x000040e8                SCLK_B_Read
 .text.SCLK_B_ClearInterrupt
                0x000040f8       0x10 .\CortexM3\ARM_GCC_484\Debug\ENG3091_MandM.a(SCLK_B.o)
                0x000040f8                SCLK_B_ClearInterrupt
 .text.SDAT_B_Write
                0x00004108       0x18 .\CortexM3\ARM_GCC_484\Debug\ENG3091_MandM.a(SDAT_B.o)
                0x00004108                SDAT_B_Write
 .text.SDAT_B_Read
                0x00004120       0x10 .\CortexM3\ARM_GCC_484\Debug\ENG3091_MandM.a(SDAT_B.o)
                0x00004120                SDAT_B_Read
 .text.sclk_b_isr_SetVector
                0x00004130        0xc .\CortexM3\ARM_GCC_484\Debug\ENG3091_MandM.a(sclk_b_isr.o)
                0x00004130                sclk_b_isr_SetVector
 .text.sclk_b_isr_SetPriority
                0x0000413c       0x10 .\CortexM3\ARM_GCC_484\Debug\ENG3091_MandM.a(sclk_b_isr.o)
                0x0000413c                sclk_b_isr_SetPriority
 .text.sclk_b_isr_Enable
                0x0000414c       0x10 .\CortexM3\ARM_GCC_484\Debug\ENG3091_MandM.a(sclk_b_isr.o)
                0x0000414c                sclk_b_isr_Enable
 .text.sclk_b_isr_Disable
                0x0000415c       0x10 .\CortexM3\ARM_GCC_484\Debug\ENG3091_MandM.a(sclk_b_isr.o)
                0x0000415c                sclk_b_isr_Disable
 .text.sclk_b_isr_StartEx
                0x0000416c       0x1c .\CortexM3\ARM_GCC_484\Debug\ENG3091_MandM.a(sclk_b_isr.o)
                0x0000416c                sclk_b_isr_StartEx
 .text.sclk_b_isr_Stop
                0x00004188       0x14 .\CortexM3\ARM_GCC_484\Debug\ENG3091_MandM.a(sclk_b_isr.o)
                0x00004188                sclk_b_isr_Stop
 .text.Timer_Enable
                0x0000419c       0x10 .\CortexM3\ARM_GCC_484\Debug\ENG3091_MandM.a(Timer.o)
                0x0000419c                Timer_Enable
 .text.Timer_SetInterruptMode
                0x000041ac        0xc .\CortexM3\ARM_GCC_484\Debug\ENG3091_MandM.a(Timer.o)
                0x000041ac                Timer_SetInterruptMode
 .text.Timer_ReadStatusRegister
                0x000041b8        0xc .\CortexM3\ARM_GCC_484\Debug\ENG3091_MandM.a(Timer.o)
                0x000041b8                Timer_ReadStatusRegister
 .text.Timer_WritePeriod
                0x000041c4       0x10 .\CortexM3\ARM_GCC_484\Debug\ENG3091_MandM.a(Timer.o)
                0x000041c4                Timer_WritePeriod
 .text.Timer_ReadCapture
                0x000041d4       0x10 .\CortexM3\ARM_GCC_484\Debug\ENG3091_MandM.a(Timer.o)
                0x000041d4                Timer_ReadCapture
 .text.Timer_WriteCounter
                0x000041e4       0x10 .\CortexM3\ARM_GCC_484\Debug\ENG3091_MandM.a(Timer.o)
                0x000041e4                Timer_WriteCounter
 .text.Timer_ReadCounter
                0x000041f4       0x18 .\CortexM3\ARM_GCC_484\Debug\ENG3091_MandM.a(Timer.o)
                0x000041f4                Timer_ReadCounter
 .text.Timer_ClearFIFO
                0x0000420c       0x14 .\CortexM3\ARM_GCC_484\Debug\ENG3091_MandM.a(Timer.o)
                0x0000420c                Timer_ClearFIFO
 .text.Timer_Init
                0x00004220       0x34 .\CortexM3\ARM_GCC_484\Debug\ENG3091_MandM.a(Timer.o)
                0x00004220                Timer_Init
 .text.Timer_Start
                0x00004254       0x1c .\CortexM3\ARM_GCC_484\Debug\ENG3091_MandM.a(Timer.o)
                0x00004254                Timer_Start
 .text.WHITE_Write
                0x00004270       0x18 .\CortexM3\ARM_GCC_484\Debug\ENG3091_MandM.a(WHITE.o)
                0x00004270                WHITE_Write
 .text.BLUE_Write
                0x00004288       0x18 .\CortexM3\ARM_GCC_484\Debug\ENG3091_MandM.a(BLUE.o)
                0x00004288                BLUE_Write
 .text.ORANGE_Write
                0x000042a0       0x18 .\CortexM3\ARM_GCC_484\Debug\ENG3091_MandM.a(ORANGE.o)
                0x000042a0                ORANGE_Write
 .text          0x000042b8       0x28 .\CortexM3\ARM_GCC_484\Debug\ENG3091_MandM.a(CyBootAsmGnu.o)
                0x000042b8                CyDelayCycles
                0x000042cc                CyEnterCriticalSection
                0x000042d4                CyExitCriticalSection
 .text.CyDmacConfigure
                0x000042e0       0x34 .\CortexM3\ARM_GCC_484\Debug\ENG3091_MandM.a(CyDmac.o)
                0x000042e0                CyDmacConfigure
 .text.CyDmaChEnable
                0x00004314       0x38 .\CortexM3\ARM_GCC_484\Debug\ENG3091_MandM.a(CyDmac.o)
                0x00004314                CyDmaChEnable
 .text.CyDmaClearPendingDrq
                0x0000434c       0x28 .\CortexM3\ARM_GCC_484\Debug\ENG3091_MandM.a(CyDmac.o)
                0x0000434c                CyDmaClearPendingDrq
 .text.CyDmaChPriority
                0x00004374       0x24 .\CortexM3\ARM_GCC_484\Debug\ENG3091_MandM.a(CyDmac.o)
                0x00004374                CyDmaChPriority
 .text.CyDmaChSetExtendedAddress
                0x00004398       0x34 .\CortexM3\ARM_GCC_484\Debug\ENG3091_MandM.a(CyDmac.o)
                0x00004398                CyDmaChSetExtendedAddress
 .text.CyDmaChSetInitialTd
                0x000043cc       0x18 .\CortexM3\ARM_GCC_484\Debug\ENG3091_MandM.a(CyDmac.o)
                0x000043cc                CyDmaChSetInitialTd
 .text.CyDmaChSetConfiguration
                0x000043e4       0x44 .\CortexM3\ARM_GCC_484\Debug\ENG3091_MandM.a(CyDmac.o)
                0x000043e4                CyDmaChSetConfiguration
 .text.CyDmaTdAllocate
                0x00004428       0x34 .\CortexM3\ARM_GCC_484\Debug\ENG3091_MandM.a(CyDmac.o)
                0x00004428                CyDmaTdAllocate
 .text.CyDmaTdSetConfiguration
                0x0000445c       0x28 .\CortexM3\ARM_GCC_484\Debug\ENG3091_MandM.a(CyDmac.o)
                0x0000445c                CyDmaTdSetConfiguration
 .text.CyDmaTdSetAddress
                0x00004484       0x1c .\CortexM3\ARM_GCC_484\Debug\ENG3091_MandM.a(CyDmac.o)
                0x00004484                CyDmaTdSetAddress
 .text.CyHalt   0x000044a0        0x4 .\CortexM3\ARM_GCC_484\Debug\ENG3091_MandM.a(CyLib.o)
                0x000044a0                CyHalt
 .text.CyDelay  0x000044a4       0x2c .\CortexM3\ARM_GCC_484\Debug\ENG3091_MandM.a(CyLib.o)
                0x000044a4                CyDelay
 .text.CyDelayUs
                0x000044d0       0x14 .\CortexM3\ARM_GCC_484\Debug\ENG3091_MandM.a(CyLib.o)
                0x000044d0                CyDelayUs
 .text.CyIntSetVector
                0x000044e4       0x28 .\CortexM3\ARM_GCC_484\Debug\ENG3091_MandM.a(CyLib.o)
                0x000044e4                CyIntSetVector
 .text.CyIntSetPriority
                0x0000450c       0x30 .\CortexM3\ARM_GCC_484\Debug\ENG3091_MandM.a(CyLib.o)
                0x0000450c                CyIntSetPriority
 .text.CySetReg24
                0x0000453c       0x14 .\CortexM3\ARM_GCC_484\Debug\ENG3091_MandM.a(cyutils.o)
                0x0000453c                CySetReg24
 .text.LCD_WrCntrlNib
                0x00004550       0x34 .\CortexM3\ARM_GCC_484\Debug\ENG3091_MandM.a(LCD.o)
 .text.LCD_WrDatNib
                0x00004584       0x3c .\CortexM3\ARM_GCC_484\Debug\ENG3091_MandM.a(LCD.o)
 .text.LCD_WriteData
                0x000045c0       0x20 .\CortexM3\ARM_GCC_484\Debug\ENG3091_MandM.a(LCD.o)
                0x000045c0                LCD_WriteData
 .text.LCD_PrintString
                0x000045e0       0x1c .\CortexM3\ARM_GCC_484\Debug\ENG3091_MandM.a(LCD.o)
                0x000045e0                LCD_PrintString
 .text.LCD_WriteControl
                0x000045fc       0x24 .\CortexM3\ARM_GCC_484\Debug\ENG3091_MandM.a(LCD.o)
                0x000045fc                LCD_WriteControl
 .text.LCD_Init
                0x00004620       0x6c .\CortexM3\ARM_GCC_484\Debug\ENG3091_MandM.a(LCD.o)
                0x00004620                LCD_Init
 .text.LCD_Enable
                0x0000468c       0x14 .\CortexM3\ARM_GCC_484\Debug\ENG3091_MandM.a(LCD.o)
                0x0000468c                LCD_Enable
 .text.LCD_Start
                0x000046a0       0x1c .\CortexM3\ARM_GCC_484\Debug\ENG3091_MandM.a(LCD.o)
                0x000046a0                LCD_Start
 .text.LCD_Position
                0x000046bc       0x3c .\CortexM3\ARM_GCC_484\Debug\ENG3091_MandM.a(LCD.o)
                0x000046bc                LCD_Position
 .text.but1_SetVector
                0x000046f8        0xc .\CortexM3\ARM_GCC_484\Debug\ENG3091_MandM.a(but1.o)
                0x000046f8                but1_SetVector
 .text.but1_SetPriority
                0x00004704       0x10 .\CortexM3\ARM_GCC_484\Debug\ENG3091_MandM.a(but1.o)
                0x00004704                but1_SetPriority
 .text.but1_Enable
                0x00004714       0x10 .\CortexM3\ARM_GCC_484\Debug\ENG3091_MandM.a(but1.o)
                0x00004714                but1_Enable
 .text.but1_Disable
                0x00004724       0x10 .\CortexM3\ARM_GCC_484\Debug\ENG3091_MandM.a(but1.o)
                0x00004724                but1_Disable
 .text.but1_StartEx
                0x00004734       0x1c .\CortexM3\ARM_GCC_484\Debug\ENG3091_MandM.a(but1.o)
                0x00004734                but1_StartEx
 .text.but1_ClearPending
                0x00004750       0x10 .\CortexM3\ARM_GCC_484\Debug\ENG3091_MandM.a(but1.o)
                0x00004750                but1_ClearPending
 .text.but0_SetVector
                0x00004760        0xc .\CortexM3\ARM_GCC_484\Debug\ENG3091_MandM.a(but0.o)
                0x00004760                but0_SetVector
 .text.but0_SetPriority
                0x0000476c       0x10 .\CortexM3\ARM_GCC_484\Debug\ENG3091_MandM.a(but0.o)
                0x0000476c                but0_SetPriority
 .text.but0_Enable
                0x0000477c        0xc .\CortexM3\ARM_GCC_484\Debug\ENG3091_MandM.a(but0.o)
                0x0000477c                but0_Enable
 .text.but0_Disable
                0x00004788        0xc .\CortexM3\ARM_GCC_484\Debug\ENG3091_MandM.a(but0.o)
                0x00004788                but0_Disable
 .text.but0_StartEx
                0x00004794       0x1c .\CortexM3\ARM_GCC_484\Debug\ENG3091_MandM.a(but0.o)
                0x00004794                but0_StartEx
 .text.but0_ClearPending
                0x000047b0        0xc .\CortexM3\ARM_GCC_484\Debug\ENG3091_MandM.a(but0.o)
                0x000047b0                but0_ClearPending
 .text.Button_PWM_Enable
                0x000047bc       0x28 .\CortexM3\ARM_GCC_484\Debug\ENG3091_MandM.a(Button_PWM.o)
                0x000047bc                Button_PWM_Enable
 .text.Button_PWM_WritePeriod
                0x000047e4        0xc .\CortexM3\ARM_GCC_484\Debug\ENG3091_MandM.a(Button_PWM.o)
                0x000047e4                Button_PWM_WritePeriod
 .text.Button_PWM_WriteCompare
                0x000047f0        0xc .\CortexM3\ARM_GCC_484\Debug\ENG3091_MandM.a(Button_PWM.o)
                0x000047f0                Button_PWM_WriteCompare
 .text.Button_PWM_SetInterruptMode
                0x000047fc        0xc .\CortexM3\ARM_GCC_484\Debug\ENG3091_MandM.a(Button_PWM.o)
                0x000047fc                Button_PWM_SetInterruptMode
 .text.Button_PWM_Init
                0x00004808       0x70 .\CortexM3\ARM_GCC_484\Debug\ENG3091_MandM.a(Button_PWM.o)
                0x00004808                Button_PWM_Init
 .text.Button_PWM_Start
                0x00004878       0x1c .\CortexM3\ARM_GCC_484\Debug\ENG3091_MandM.a(Button_PWM.o)
                0x00004878                Button_PWM_Start
 .text.MOTOR_R_Enable
                0x00004894       0x28 .\CortexM3\ARM_GCC_484\Debug\ENG3091_MandM.a(MOTOR_R.o)
                0x00004894                MOTOR_R_Enable
 .text.MOTOR_R_WritePeriod
                0x000048bc        0xc .\CortexM3\ARM_GCC_484\Debug\ENG3091_MandM.a(MOTOR_R.o)
                0x000048bc                MOTOR_R_WritePeriod
 .text.MOTOR_R_WriteCompare
                0x000048c8        0xc .\CortexM3\ARM_GCC_484\Debug\ENG3091_MandM.a(MOTOR_R.o)
                0x000048c8                MOTOR_R_WriteCompare
 .text.MOTOR_R_SetInterruptMode
                0x000048d4        0xc .\CortexM3\ARM_GCC_484\Debug\ENG3091_MandM.a(MOTOR_R.o)
                0x000048d4                MOTOR_R_SetInterruptMode
 .text.MOTOR_R_Init
                0x000048e0       0x70 .\CortexM3\ARM_GCC_484\Debug\ENG3091_MandM.a(MOTOR_R.o)
                0x000048e0                MOTOR_R_Init
 .text.MOTOR_R_Start
                0x00004950       0x1c .\CortexM3\ARM_GCC_484\Debug\ENG3091_MandM.a(MOTOR_R.o)
                0x00004950                MOTOR_R_Start
 .text.MOTOR_L_Enable
                0x0000496c       0x28 .\CortexM3\ARM_GCC_484\Debug\ENG3091_MandM.a(MOTOR_L.o)
                0x0000496c                MOTOR_L_Enable
 .text.MOTOR_L_WritePeriod
                0x00004994        0xc .\CortexM3\ARM_GCC_484\Debug\ENG3091_MandM.a(MOTOR_L.o)
                0x00004994                MOTOR_L_WritePeriod
 .text.MOTOR_L_WriteCompare
                0x000049a0        0xc .\CortexM3\ARM_GCC_484\Debug\ENG3091_MandM.a(MOTOR_L.o)
                0x000049a0                MOTOR_L_WriteCompare
 .text.MOTOR_L_SetInterruptMode
                0x000049ac        0xc .\CortexM3\ARM_GCC_484\Debug\ENG3091_MandM.a(MOTOR_L.o)
                0x000049ac                MOTOR_L_SetInterruptMode
 .text.MOTOR_L_Init
                0x000049b8       0x70 .\CortexM3\ARM_GCC_484\Debug\ENG3091_MandM.a(MOTOR_L.o)
                0x000049b8                MOTOR_L_Init
 .text.MOTOR_L_Start
                0x00004a28       0x1c .\CortexM3\ARM_GCC_484\Debug\ENG3091_MandM.a(MOTOR_L.o)
                0x00004a28                MOTOR_L_Start
 .text.MLIN1_Write
                0x00004a44       0x18 .\CortexM3\ARM_GCC_484\Debug\ENG3091_MandM.a(MLIN1.o)
                0x00004a44                MLIN1_Write
 .text.MLIN2_Write
                0x00004a5c       0x18 .\CortexM3\ARM_GCC_484\Debug\ENG3091_MandM.a(MLIN2.o)
                0x00004a5c                MLIN2_Write
 .text.MRIN1_Write
                0x00004a74       0x18 .\CortexM3\ARM_GCC_484\Debug\ENG3091_MandM.a(MRIN1.o)
                0x00004a74                MRIN1_Write
 .text.MRIN2_Write
                0x00004a8c       0x18 .\CortexM3\ARM_GCC_484\Debug\ENG3091_MandM.a(MRIN2.o)
                0x00004a8c                MRIN2_Write
 .text.Gripper_PWM_Enable
                0x00004aa4       0x28 .\CortexM3\ARM_GCC_484\Debug\ENG3091_MandM.a(Gripper_PWM.o)
                0x00004aa4                Gripper_PWM_Enable
 .text.Gripper_PWM_WritePeriod
                0x00004acc        0xc .\CortexM3\ARM_GCC_484\Debug\ENG3091_MandM.a(Gripper_PWM.o)
                0x00004acc                Gripper_PWM_WritePeriod
 .text.Gripper_PWM_WriteCompare
                0x00004ad8        0xc .\CortexM3\ARM_GCC_484\Debug\ENG3091_MandM.a(Gripper_PWM.o)
                0x00004ad8                Gripper_PWM_WriteCompare
 .text.Gripper_PWM_SetInterruptMode
                0x00004ae4        0xc .\CortexM3\ARM_GCC_484\Debug\ENG3091_MandM.a(Gripper_PWM.o)
                0x00004ae4                Gripper_PWM_SetInterruptMode
 .text.Gripper_PWM_Init
                0x00004af0       0x70 .\CortexM3\ARM_GCC_484\Debug\ENG3091_MandM.a(Gripper_PWM.o)
                0x00004af0                Gripper_PWM_Init
 .text.Gripper_PWM_Start
                0x00004b60       0x1c .\CortexM3\ARM_GCC_484\Debug\ENG3091_MandM.a(Gripper_PWM.o)
                0x00004b60                Gripper_PWM_Start
 .text.I2C_Init
                0x00004b7c       0x7c .\CortexM3\ARM_GCC_484\Debug\ENG3091_MandM.a(I2C.o)
                0x00004b7c                I2C_Init
 .text.I2C_Enable
                0x00004bf8       0x10 .\CortexM3\ARM_GCC_484\Debug\ENG3091_MandM.a(I2C.o)
                0x00004bf8                I2C_Enable
 .text.I2C_Start
                0x00004c08       0x28 .\CortexM3\ARM_GCC_484\Debug\ENG3091_MandM.a(I2C.o)
                0x00004c08                I2C_Start
 .text.I2C_ISR  0x00004c30      0x324 .\CortexM3\ARM_GCC_484\Debug\ENG3091_MandM.a(I2C_INT.o)
                0x00004c30                I2C_ISR
 .text.I2C_MasterSendStart
                0x00004f54       0x94 .\CortexM3\ARM_GCC_484\Debug\ENG3091_MandM.a(I2C_MASTER.o)
                0x00004f54                I2C_MasterSendStart
 .text.I2C_MasterSendStop
                0x00004fe8       0x50 .\CortexM3\ARM_GCC_484\Debug\ENG3091_MandM.a(I2C_MASTER.o)
                0x00004fe8                I2C_MasterSendStop
 .text.I2C_MasterWriteByte
                0x00005038       0x6c .\CortexM3\ARM_GCC_484\Debug\ENG3091_MandM.a(I2C_MASTER.o)
                0x00005038                I2C_MasterWriteByte
 .text.I2C_MasterReadByte
                0x000050a4       0x88 .\CortexM3\ARM_GCC_484\Debug\ENG3091_MandM.a(I2C_MASTER.o)
                0x000050a4                I2C_MasterReadByte
 .text.HC_PWM_Enable
                0x0000512c       0x10 .\CortexM3\ARM_GCC_484\Debug\ENG3091_MandM.a(HC_PWM.o)
                0x0000512c                HC_PWM_Enable
 .text.HC_PWM_WriteCounter
                0x0000513c        0xc .\CortexM3\ARM_GCC_484\Debug\ENG3091_MandM.a(HC_PWM.o)
                0x0000513c                HC_PWM_WriteCounter
 .text.HC_PWM_WritePeriod
                0x00005148        0xc .\CortexM3\ARM_GCC_484\Debug\ENG3091_MandM.a(HC_PWM.o)
                0x00005148                HC_PWM_WritePeriod
 .text.HC_PWM_WriteCompare1
                0x00005154        0xc .\CortexM3\ARM_GCC_484\Debug\ENG3091_MandM.a(HC_PWM.o)
                0x00005154                HC_PWM_WriteCompare1
 .text.HC_PWM_WriteCompare2
                0x00005160        0xc .\CortexM3\ARM_GCC_484\Debug\ENG3091_MandM.a(HC_PWM.o)
                0x00005160                HC_PWM_WriteCompare2
 .text.HC_PWM_SetInterruptMode
                0x0000516c        0xc .\CortexM3\ARM_GCC_484\Debug\ENG3091_MandM.a(HC_PWM.o)
                0x0000516c                HC_PWM_SetInterruptMode
 .text.HC_PWM_ReadStatusRegister
                0x00005178        0xc .\CortexM3\ARM_GCC_484\Debug\ENG3091_MandM.a(HC_PWM.o)
                0x00005178                HC_PWM_ReadStatusRegister
 .text.HC_PWM_ReadCapture
                0x00005184        0xc .\CortexM3\ARM_GCC_484\Debug\ENG3091_MandM.a(HC_PWM.o)
                0x00005184                HC_PWM_ReadCapture
 .text.HC_PWM_ClearFIFO
                0x00005190       0x14 .\CortexM3\ARM_GCC_484\Debug\ENG3091_MandM.a(HC_PWM.o)
                0x00005190                HC_PWM_ClearFIFO
 .text.HC_PWM_Init
                0x000051a4       0x68 .\CortexM3\ARM_GCC_484\Debug\ENG3091_MandM.a(HC_PWM.o)
                0x000051a4                HC_PWM_Init
 .text.HC_PWM_Start
                0x0000520c       0x1c .\CortexM3\ARM_GCC_484\Debug\ENG3091_MandM.a(HC_PWM.o)
                0x0000520c                HC_PWM_Start
 .text.HC_ISR_SetVector
                0x00005228        0xc .\CortexM3\ARM_GCC_484\Debug\ENG3091_MandM.a(HC_ISR.o)
                0x00005228                HC_ISR_SetVector
 .text.HC_ISR_SetPriority
                0x00005234       0x10 .\CortexM3\ARM_GCC_484\Debug\ENG3091_MandM.a(HC_ISR.o)
                0x00005234                HC_ISR_SetPriority
 .text.HC_ISR_Enable
                0x00005244        0xc .\CortexM3\ARM_GCC_484\Debug\ENG3091_MandM.a(HC_ISR.o)
                0x00005244                HC_ISR_Enable
 .text.HC_ISR_Disable
                0x00005250        0xc .\CortexM3\ARM_GCC_484\Debug\ENG3091_MandM.a(HC_ISR.o)
                0x00005250                HC_ISR_Disable
 .text.HC_ISR_StartEx
                0x0000525c       0x1c .\CortexM3\ARM_GCC_484\Debug\ENG3091_MandM.a(HC_ISR.o)
                0x0000525c                HC_ISR_StartEx
 .text.HC_ISR_ClearPending
                0x00005278        0xc .\CortexM3\ARM_GCC_484\Debug\ENG3091_MandM.a(HC_ISR.o)
                0x00005278                HC_ISR_ClearPending
 .text.HC_Timer_SetInterruptMode
                0x00005284        0xc .\CortexM3\ARM_GCC_484\Debug\ENG3091_MandM.a(HC_Timer.o)
                0x00005284                HC_Timer_SetInterruptMode
 .text.HC_Timer_ReadStatusRegister
                0x00005290        0xc .\CortexM3\ARM_GCC_484\Debug\ENG3091_MandM.a(HC_Timer.o)
                0x00005290                HC_Timer_ReadStatusRegister
 .text.HC_Timer_WritePeriod
                0x0000529c        0xc .\CortexM3\ARM_GCC_484\Debug\ENG3091_MandM.a(HC_Timer.o)
                0x0000529c                HC_Timer_WritePeriod
 .text.HC_Timer_ReadCapture
                0x000052a8        0xc .\CortexM3\ARM_GCC_484\Debug\ENG3091_MandM.a(HC_Timer.o)
                0x000052a8                HC_Timer_ReadCapture
 .text.HC_Timer_WriteCounter
                0x000052b4        0xc .\CortexM3\ARM_GCC_484\Debug\ENG3091_MandM.a(HC_Timer.o)
                0x000052b4                HC_Timer_WriteCounter
 .text.HC_Timer_ReadCounter
                0x000052c0       0x14 .\CortexM3\ARM_GCC_484\Debug\ENG3091_MandM.a(HC_Timer.o)
                0x000052c0                HC_Timer_ReadCounter
 .text.HC_Timer_ClearFIFO
                0x000052d4       0x14 .\CortexM3\ARM_GCC_484\Debug\ENG3091_MandM.a(HC_Timer.o)
                0x000052d4                HC_Timer_ClearFIFO
 .text.HC_Timer_Init
                0x000052e8       0x34 .\CortexM3\ARM_GCC_484\Debug\ENG3091_MandM.a(HC_Timer.o)
                0x000052e8                HC_Timer_Init
 .text.HC_Timer_Start
                0x0000531c       0x18 .\CortexM3\ARM_GCC_484\Debug\ENG3091_MandM.a(HC_Timer.o)
                0x0000531c                HC_Timer_Start
 .text.Arm_PWM_Enable
                0x00005334       0x10 .\CortexM3\ARM_GCC_484\Debug\ENG3091_MandM.a(Arm_PWM.o)
                0x00005334                Arm_PWM_Enable
 .text.Arm_PWM_WriteCounter
                0x00005344        0xc .\CortexM3\ARM_GCC_484\Debug\ENG3091_MandM.a(Arm_PWM.o)
                0x00005344                Arm_PWM_WriteCounter
 .text.Arm_PWM_WritePeriod
                0x00005350        0xc .\CortexM3\ARM_GCC_484\Debug\ENG3091_MandM.a(Arm_PWM.o)
                0x00005350                Arm_PWM_WritePeriod
 .text.Arm_PWM_WriteCompare
                0x0000535c        0xc .\CortexM3\ARM_GCC_484\Debug\ENG3091_MandM.a(Arm_PWM.o)
                0x0000535c                Arm_PWM_WriteCompare
 .text.Arm_PWM_SetInterruptMode
                0x00005368        0xc .\CortexM3\ARM_GCC_484\Debug\ENG3091_MandM.a(Arm_PWM.o)
                0x00005368                Arm_PWM_SetInterruptMode
 .text.Arm_PWM_ReadStatusRegister
                0x00005374        0xc .\CortexM3\ARM_GCC_484\Debug\ENG3091_MandM.a(Arm_PWM.o)
                0x00005374                Arm_PWM_ReadStatusRegister
 .text.Arm_PWM_ReadCapture
                0x00005380        0xc .\CortexM3\ARM_GCC_484\Debug\ENG3091_MandM.a(Arm_PWM.o)
                0x00005380                Arm_PWM_ReadCapture
 .text.Arm_PWM_ClearFIFO
                0x0000538c       0x14 .\CortexM3\ARM_GCC_484\Debug\ENG3091_MandM.a(Arm_PWM.o)
                0x0000538c                Arm_PWM_ClearFIFO
 .text.Arm_PWM_Init
                0x000053a0       0x60 .\CortexM3\ARM_GCC_484\Debug\ENG3091_MandM.a(Arm_PWM.o)
                0x000053a0                Arm_PWM_Init
 .text.Arm_PWM_Start
                0x00005400       0x1c .\CortexM3\ARM_GCC_484\Debug\ENG3091_MandM.a(Arm_PWM.o)
                0x00005400                Arm_PWM_Start
 .text.Compass_DRDY_ISR_SetVector
                0x0000541c        0xc .\CortexM3\ARM_GCC_484\Debug\ENG3091_MandM.a(Compass_DRDY_ISR.o)
                0x0000541c                Compass_DRDY_ISR_SetVector
 .text.Compass_DRDY_ISR_SetPriority
                0x00005428       0x10 .\CortexM3\ARM_GCC_484\Debug\ENG3091_MandM.a(Compass_DRDY_ISR.o)
                0x00005428                Compass_DRDY_ISR_SetPriority
 .text.Compass_DRDY_ISR_Enable
                0x00005438        0xc .\CortexM3\ARM_GCC_484\Debug\ENG3091_MandM.a(Compass_DRDY_ISR.o)
                0x00005438                Compass_DRDY_ISR_Enable
 .text.Compass_DRDY_ISR_Disable
                0x00005444        0xc .\CortexM3\ARM_GCC_484\Debug\ENG3091_MandM.a(Compass_DRDY_ISR.o)
                0x00005444                Compass_DRDY_ISR_Disable
 .text.Compass_DRDY_ISR_StartEx
                0x00005450       0x1c .\CortexM3\ARM_GCC_484\Debug\ENG3091_MandM.a(Compass_DRDY_ISR.o)
                0x00005450                Compass_DRDY_ISR_StartEx
 .text.Compass_DRDY_ISR_ClearPending
                0x0000546c        0xc .\CortexM3\ARM_GCC_484\Debug\ENG3091_MandM.a(Compass_DRDY_ISR.o)
                0x0000546c                Compass_DRDY_ISR_ClearPending
 .text.DMA_Start
                0x00005478       0x30 .\CortexM3\ARM_GCC_484\Debug\ENG3091_MandM.a(Camera.o)
 .text.Camera_WriteReg
                0x000054a8       0x28 .\CortexM3\ARM_GCC_484\Debug\ENG3091_MandM.a(Camera.o)
                0x000054a8                Camera_WriteReg
 .text.Camera_SyncFrame
                0x000054d0       0x14 .\CortexM3\ARM_GCC_484\Debug\ENG3091_MandM.a(Camera.o)
                0x000054d0                Camera_SyncFrame
 .text.Camera_Start
                0x000054e4       0xc4 .\CortexM3\ARM_GCC_484\Debug\ENG3091_MandM.a(Camera.o)
                0x000054e4                Camera_Start
 .text.Camera_GetFrame
                0x000055a8       0x1c .\CortexM3\ARM_GCC_484\Debug\ENG3091_MandM.a(Camera.o)
                0x000055a8                Camera_GetFrame
 .text.Camera_DMA_DmaInitialize
                0x000055c4       0x3c .\CortexM3\ARM_GCC_484\Debug\ENG3091_MandM.a(Camera_DMA_dma.o)
                0x000055c4                Camera_DMA_DmaInitialize
 .text.Camera_VSYNC_Read
                0x00005600       0x10 .\CortexM3\ARM_GCC_484\Debug\ENG3091_MandM.a(Camera_VSYNC.o)
                0x00005600                Camera_VSYNC_Read
 .text.Camera_SIOD_SetDriveMode
                0x00005610       0x18 .\CortexM3\ARM_GCC_484\Debug\ENG3091_MandM.a(Camera_SIOD.o)
                0x00005610                Camera_SIOD_SetDriveMode
 .text.Camera_SIOC_SetDriveMode
                0x00005628       0x18 .\CortexM3\ARM_GCC_484\Debug\ENG3091_MandM.a(Camera_SIOC.o)
                0x00005628                Camera_SIOC_SetDriveMode
 .text.Camera_I2C_Init
                0x00005640       0x68 .\CortexM3\ARM_GCC_484\Debug\ENG3091_MandM.a(Camera_I2C.o)
                0x00005640                Camera_I2C_Init
 .text.Camera_I2C_Enable
                0x000056a8       0x24 .\CortexM3\ARM_GCC_484\Debug\ENG3091_MandM.a(Camera_I2C.o)
                0x000056a8                Camera_I2C_Enable
 .text.Camera_I2C_Start
                0x000056cc       0x28 .\CortexM3\ARM_GCC_484\Debug\ENG3091_MandM.a(Camera_I2C.o)
                0x000056cc                Camera_I2C_Start
 .text.Camera_I2C_ISR
                0x000056f4      0x2c8 .\CortexM3\ARM_GCC_484\Debug\ENG3091_MandM.a(Camera_I2C_INT.o)
                0x000056f4                Camera_I2C_ISR
 .text.Camera_I2C_MasterSendStart
                0x000059bc       0x80 .\CortexM3\ARM_GCC_484\Debug\ENG3091_MandM.a(Camera_I2C_MASTER.o)
                0x000059bc                Camera_I2C_MasterSendStart
 .text.Camera_I2C_MasterSendStop
                0x00005a3c       0x38 .\CortexM3\ARM_GCC_484\Debug\ENG3091_MandM.a(Camera_I2C_MASTER.o)
                0x00005a3c                Camera_I2C_MasterSendStop
 .text.Camera_I2C_MasterWriteByte
                0x00005a74       0x58 .\CortexM3\ARM_GCC_484\Debug\ENG3091_MandM.a(Camera_I2C_MASTER.o)
                0x00005a74                Camera_I2C_MasterWriteByte
 .text.cos      0x00005acc       0x8c c:/program files (x86)/cypress/psoc creator/3.2/psoc creator/import/gnu/arm/4.8.4/bin/../lib/gcc/arm-none-eabi/4.8.4/../../../../arm-none-eabi/lib/armv7-m\libm.a(lib_a-s_cos.o)
                0x00005acc                cos
 .text.sin      0x00005b58       0x94 c:/program files (x86)/cypress/psoc creator/3.2/psoc creator/import/gnu/arm/4.8.4/bin/../lib/gcc/arm-none-eabi/4.8.4/../../../../arm-none-eabi/lib/armv7-m\libm.a(lib_a-s_sin.o)
                0x00005b58                sin
 .text.atan2    0x00005bec        0x4 c:/program files (x86)/cypress/psoc creator/3.2/psoc creator/import/gnu/arm/4.8.4/bin/../lib/gcc/arm-none-eabi/4.8.4/../../../../arm-none-eabi/lib/armv7-m\libm.a(lib_a-w_atan2.o)
                0x00005bec                atan2
 .text.__ieee754_atan2
                0x00005bf0      0x1f0 c:/program files (x86)/cypress/psoc creator/3.2/psoc creator/import/gnu/arm/4.8.4/bin/../lib/gcc/arm-none-eabi/4.8.4/../../../../arm-none-eabi/lib/armv7-m\libm.a(lib_a-e_atan2.o)
                0x00005bf0                __ieee754_atan2
 .text.__ieee754_rem_pio2
                0x00005de0      0x440 c:/program files (x86)/cypress/psoc creator/3.2/psoc creator/import/gnu/arm/4.8.4/bin/../lib/gcc/arm-none-eabi/4.8.4/../../../../arm-none-eabi/lib/armv7-m\libm.a(lib_a-e_rem_pio2.o)
                0x00005de0                __ieee754_rem_pio2
 .text.__kernel_cos
                0x00006220      0x248 c:/program files (x86)/cypress/psoc creator/3.2/psoc creator/import/gnu/arm/4.8.4/bin/../lib/gcc/arm-none-eabi/4.8.4/../../../../arm-none-eabi/lib/armv7-m\libm.a(lib_a-k_cos.o)
                0x00006220                __kernel_cos
 .text.__kernel_rem_pio2
                0x00006468      0x7bc c:/program files (x86)/cypress/psoc creator/3.2/psoc creator/import/gnu/arm/4.8.4/bin/../lib/gcc/arm-none-eabi/4.8.4/../../../../arm-none-eabi/lib/armv7-m\libm.a(lib_a-k_rem_pio2.o)
                0x00006468                __kernel_rem_pio2
 *fill*         0x00006c24        0x4 
 .text.__kernel_sin
                0x00006c28      0x170 c:/program files (x86)/cypress/psoc creator/3.2/psoc creator/import/gnu/arm/4.8.4/bin/../lib/gcc/arm-none-eabi/4.8.4/../../../../arm-none-eabi/lib/armv7-m\libm.a(lib_a-k_sin.o)
                0x00006c28                __kernel_sin
 .text.atan     0x00006d98      0x350 c:/program files (x86)/cypress/psoc creator/3.2/psoc creator/import/gnu/arm/4.8.4/bin/../lib/gcc/arm-none-eabi/4.8.4/../../../../arm-none-eabi/lib/armv7-m\libm.a(lib_a-s_atan.o)
                0x00006d98                atan
 .text.fabs     0x000070e8        0x8 c:/program files (x86)/cypress/psoc creator/3.2/psoc creator/import/gnu/arm/4.8.4/bin/../lib/gcc/arm-none-eabi/4.8.4/../../../../arm-none-eabi/lib/armv7-m\libm.a(lib_a-s_fabs.o)
                0x000070e8                fabs
 .text.floor    0x000070f0      0x120 c:/program files (x86)/cypress/psoc creator/3.2/psoc creator/import/gnu/arm/4.8.4/bin/../lib/gcc/arm-none-eabi/4.8.4/../../../../arm-none-eabi/lib/armv7-m\libm.a(lib_a-s_floor.o)
                0x000070f0                floor
 .text.scalbn   0x00007210      0x100 c:/program files (x86)/cypress/psoc creator/3.2/psoc creator/import/gnu/arm/4.8.4/bin/../lib/gcc/arm-none-eabi/4.8.4/../../../../arm-none-eabi/lib/armv7-m\libm.a(lib_a-s_scalbn.o)
                0x00007210                scalbn
 .text.copysign
                0x00007310       0x14 c:/program files (x86)/cypress/psoc creator/3.2/psoc creator/import/gnu/arm/4.8.4/bin/../lib/gcc/arm-none-eabi/4.8.4/../../../../arm-none-eabi/lib/armv7-m\libm.a(lib_a-s_copysign.o)
                0x00007310                copysign
 .text          0x00007324      0x370 c:/program files (x86)/cypress/psoc creator/3.2/psoc creator/import/gnu/arm/4.8.4/bin/../lib/gcc/arm-none-eabi/4.8.4/armv7-m\libgcc.a(_arm_addsubdf3.o)
                0x00007324                __aeabi_drsub
                0x0000732c                __aeabi_dsub
                0x0000732c                __subdf3
                0x00007330                __aeabi_dadd
                0x00007330                __adddf3
                0x000075a8                __floatunsidf
                0x000075a8                __aeabi_ui2d
                0x000075c8                __floatsidf
                0x000075c8                __aeabi_i2d
                0x000075ec                __aeabi_f2d
                0x000075ec                __extendsfdf2
                0x00007628                __floatundidf
                0x00007628                __aeabi_ul2d
                0x00007638                __floatdidf
                0x00007638                __aeabi_l2d
 .text          0x00007694      0x424 c:/program files (x86)/cypress/psoc creator/3.2/psoc creator/import/gnu/arm/4.8.4/bin/../lib/gcc/arm-none-eabi/4.8.4/armv7-m\libgcc.a(_arm_muldivdf3.o)
                0x00007694                __aeabi_dmul
                0x00007694                __muldf3
                0x000078e8                __divdf3
                0x000078e8                __aeabi_ddiv
 .text          0x00007ab8      0x110 c:/program files (x86)/cypress/psoc creator/3.2/psoc creator/import/gnu/arm/4.8.4/bin/../lib/gcc/arm-none-eabi/4.8.4/armv7-m\libgcc.a(_arm_cmpdf2.o)
                0x00007ab8                __gtdf2
                0x00007ab8                __gedf2
                0x00007ac0                __ltdf2
                0x00007ac0                __ledf2
                0x00007ac8                __nedf2
                0x00007ac8                __eqdf2
                0x00007ac8                __cmpdf2
                0x00007b44                __aeabi_cdrcmple
                0x00007b54                __aeabi_cdcmpeq
                0x00007b54                __aeabi_cdcmple
                0x00007b64                __aeabi_dcmpeq
                0x00007b78                __aeabi_dcmplt
                0x00007b8c                __aeabi_dcmple
                0x00007ba0                __aeabi_dcmpge
                0x00007bb4                __aeabi_dcmpgt
 .text          0x00007bc8       0x50 c:/program files (x86)/cypress/psoc creator/3.2/psoc creator/import/gnu/arm/4.8.4/bin/../lib/gcc/arm-none-eabi/4.8.4/armv7-m\libgcc.a(_arm_fixdfsi.o)
                0x00007bc8                __aeabi_d2iz
                0x00007bc8                __fixdfsi
 .text          0x00007c18       0x40 c:/program files (x86)/cypress/psoc creator/3.2/psoc creator/import/gnu/arm/4.8.4/bin/../lib/gcc/arm-none-eabi/4.8.4/armv7-m\libgcc.a(_arm_fixunsdfsi.o)
                0x00007c18                __aeabi_d2uiz
                0x00007c18                __fixunsdfsi
 .text.__errno  0x00007c58        0xc c:/program files (x86)/cypress/psoc creator/3.2/psoc creator/import/gnu/arm/4.8.4/bin/../lib/gcc/arm-none-eabi/4.8.4/../../../../arm-none-eabi/lib/armv7-m\libg_s.a(lib_a-errno.o)
                0x00007c58                __errno
 .text.__libc_init_array
                0x00007c64       0x4c c:/program files (x86)/cypress/psoc creator/3.2/psoc creator/import/gnu/arm/4.8.4/bin/../lib/gcc/arm-none-eabi/4.8.4/../../../../arm-none-eabi/lib/armv7-m\libg_s.a(lib_a-init.o)
                0x00007c64                __libc_init_array
 .text.memcpy   0x00007cb0       0x12 c:/program files (x86)/cypress/psoc creator/3.2/psoc creator/import/gnu/arm/4.8.4/bin/../lib/gcc/arm-none-eabi/4.8.4/../../../../arm-none-eabi/lib/armv7-m\libg_s.a(lib_a-memcpy-stub.o)
                0x00007cb0                memcpy
 .text.memset   0x00007cc2       0x10 c:/program files (x86)/cypress/psoc creator/3.2/psoc creator/import/gnu/arm/4.8.4/bin/../lib/gcc/arm-none-eabi/4.8.4/../../../../arm-none-eabi/lib/armv7-m\libg_s.a(lib_a-memset.o)
                0x00007cc2                memset
 .text.swapfunc
                0x00007cd2       0x30 c:/program files (x86)/cypress/psoc creator/3.2/psoc creator/import/gnu/arm/4.8.4/bin/../lib/gcc/arm-none-eabi/4.8.4/../../../../arm-none-eabi/lib/armv7-m\libg_s.a(lib_a-qsort.o)
 .text.med3     0x00007d02       0x44 c:/program files (x86)/cypress/psoc creator/3.2/psoc creator/import/gnu/arm/4.8.4/bin/../lib/gcc/arm-none-eabi/4.8.4/../../../../arm-none-eabi/lib/armv7-m\libg_s.a(lib_a-qsort.o)
 .text.qsort    0x00007d46      0x278 c:/program files (x86)/cypress/psoc creator/3.2/psoc creator/import/gnu/arm/4.8.4/bin/../lib/gcc/arm-none-eabi/4.8.4/../../../../arm-none-eabi/lib/armv7-m\libg_s.a(lib_a-qsort.o)
                0x00007d46                qsort
 *fill*         0x00007fbe        0x2 
 .text.sprintf  0x00007fc0       0x48 c:/program files (x86)/cypress/psoc creator/3.2/psoc creator/import/gnu/arm/4.8.4/bin/../lib/gcc/arm-none-eabi/4.8.4/../../../../arm-none-eabi/lib/armv7-m\libg_s.a(lib_a-sprintf.o)
                0x00007fc0                siprintf
                0x00007fc0                sprintf
 .text.__ssputs_r
                0x00008008       0xb8 c:/program files (x86)/cypress/psoc creator/3.2/psoc creator/import/gnu/arm/4.8.4/bin/../lib/gcc/arm-none-eabi/4.8.4/../../../../arm-none-eabi/lib/armv7-m\libg_s.a(lib_a-svfprintf.o)
                0x00008008                __ssputs_r
 .text._svfprintf_r
                0x000080c0      0x1d8 c:/program files (x86)/cypress/psoc creator/3.2/psoc creator/import/gnu/arm/4.8.4/bin/../lib/gcc/arm-none-eabi/4.8.4/../../../../arm-none-eabi/lib/armv7-m\libg_s.a(lib_a-svfprintf.o)
                0x000080c0                _svfiprintf_r
                0x000080c0                _svfprintf_r
 .text._printf_common
                0x00008298       0xe4 c:/program files (x86)/cypress/psoc creator/3.2/psoc creator/import/gnu/arm/4.8.4/bin/../lib/gcc/arm-none-eabi/4.8.4/../../../../arm-none-eabi/lib/armv7-m\libg_s.a(lib_a-vfprintf_i.o)
                0x00008298                _printf_common
 .text._printf_i
                0x0000837c      0x228 c:/program files (x86)/cypress/psoc creator/3.2/psoc creator/import/gnu/arm/4.8.4/bin/../lib/gcc/arm-none-eabi/4.8.4/../../../../arm-none-eabi/lib/armv7-m\libg_s.a(lib_a-vfprintf_i.o)
                0x0000837c                _printf_i
 .text.memchr   0x000085a4       0x1c c:/program files (x86)/cypress/psoc creator/3.2/psoc creator/import/gnu/arm/4.8.4/bin/../lib/gcc/arm-none-eabi/4.8.4/../../../../arm-none-eabi/lib/armv7-m\libg_s.a(lib_a-memchr-stub.o)
                0x000085a4                memchr
 .text.memmove  0x000085c0       0x36 c:/program files (x86)/cypress/psoc creator/3.2/psoc creator/import/gnu/arm/4.8.4/bin/../lib/gcc/arm-none-eabi/4.8.4/../../../../arm-none-eabi/lib/armv7-m\libg_s.a(lib_a-memmove.o)
                0x000085c0                memmove
 *fill*         0x000085f6        0x2 
 .text._free_r  0x000085f8       0x88 c:/program files (x86)/cypress/psoc creator/3.2/psoc creator/import/gnu/arm/4.8.4/bin/../lib/gcc/arm-none-eabi/4.8.4/../../../../arm-none-eabi/lib/armv7-m\libg_s.a(lib_a-nano-freer.o)
                0x000085f8                _free_r
 .text._malloc_r
                0x00008680       0xa8 c:/program files (x86)/cypress/psoc creator/3.2/psoc creator/import/gnu/arm/4.8.4/bin/../lib/gcc/arm-none-eabi/4.8.4/../../../../arm-none-eabi/lib/armv7-m\libg_s.a(lib_a-nano-mallocr.o)
                0x00008680                _malloc_r
 .text._realloc_r
                0x00008728       0x4c c:/program files (x86)/cypress/psoc creator/3.2/psoc creator/import/gnu/arm/4.8.4/bin/../lib/gcc/arm-none-eabi/4.8.4/../../../../arm-none-eabi/lib/armv7-m\libg_s.a(lib_a-nano-reallocr.o)
                0x00008728                _realloc_r
 .text._sbrk_r  0x00008774       0x20 c:/program files (x86)/cypress/psoc creator/3.2/psoc creator/import/gnu/arm/4.8.4/bin/../lib/gcc/arm-none-eabi/4.8.4/../../../../arm-none-eabi/lib/armv7-m\libg_s.a(lib_a-sbrkr.o)
                0x00008774                _sbrk_r
 .text.strlen   0x00008794       0x10 c:/program files (x86)/cypress/psoc creator/3.2/psoc creator/import/gnu/arm/4.8.4/bin/../lib/gcc/arm-none-eabi/4.8.4/../../../../arm-none-eabi/lib/armv7-m\libg_s.a(lib_a-strlen.o)
                0x00008794                strlen
 .text._malloc_usable_size_r
                0x000087a4       0x12 c:/program files (x86)/cypress/psoc creator/3.2/psoc creator/import/gnu/arm/4.8.4/bin/../lib/gcc/arm-none-eabi/4.8.4/../../../../arm-none-eabi/lib/armv7-m\libg_s.a(lib_a-nano-msizer.o)
                0x000087a4                _malloc_usable_size_r
 *(.plt)
 *(.gnu.warning)
 *(.glue_7t)
 .glue_7t       0x00000000        0x0 linker stubs
 *(.glue_7)
 .glue_7        0x00000000        0x0 linker stubs
 *(.vfp11_veneer)
 .vfp11_veneer  0x00000000        0x0 linker stubs
 *(.bootloader)
 *(.ARM.extab* .gnu.linkonce.armextab.*)
 *(.gcc_except_table)

.v4_bx          0x000087b8        0x0
 .v4_bx         0x00000000        0x0 linker stubs

.iplt           0x000087b8        0x0
 .iplt          0x00000000        0x0 c:/program files (x86)/cypress/psoc creator/3.2/psoc creator/import/gnu/arm/4.8.4/bin/../lib/gcc/arm-none-eabi/4.8.4/armv7-m/crtbegin.o

.eh_frame_hdr
 *(.eh_frame_hdr)

.eh_frame       0x000087b8        0x4
 *(.eh_frame)
 .eh_frame      0x000087b8        0x0 c:/program files (x86)/cypress/psoc creator/3.2/psoc creator/import/gnu/arm/4.8.4/bin/../lib/gcc/arm-none-eabi/4.8.4/armv7-m/crtbegin.o
 .eh_frame      0x000087b8        0x4 c:/program files (x86)/cypress/psoc creator/3.2/psoc creator/import/gnu/arm/4.8.4/bin/../lib/gcc/arm-none-eabi/4.8.4/armv7-m/crtend.o
                0x000087bc                PROVIDE (__exidx_start, .)

.ARM.exidx
 *(.ARM.exidx* .gnu.linkonce.armexidx.*)
                0x000087bc                __exidx_end = .

.rodata         0x000087c0     0x1100
 *(.rodata .rodata.* .gnu.linkonce.r.*)
 .rodata.str1.4
                0x000087c0       0x3d .\CortexM3\ARM_GCC_484\Debug\main.o
                                 0x40 (size before relaxing)
 *fill*         0x000087fd        0x3 
 .rodata.str1.4
                0x00008800       0x1d .\CortexM3\ARM_GCC_484\Debug\mice.o
                                 0x20 (size before relaxing)
 *fill*         0x0000881d        0x3 
 .rodata.str1.4
                0x00008820       0x30 .\CortexM3\ARM_GCC_484\Debug\my_camera_functions.o
 .rodata        0x00008850      0xd30 .\CortexM3\ARM_GCC_484\Debug\ENG3091_MandM.a(cyfitter_cfg.o)
 .rodata        0x00009580       0xb8 .\CortexM3\ARM_GCC_484\Debug\ENG3091_MandM.a(Camera_settings.o)
                0x00009580                Camera_qcif
                0x0000958c                Camera_cif
                0x00009598                Camera_qvga
                0x000095a4                Camera_vga
                0x000095b0                Camera_sxga
                0x000095bc                Camera_format
                0x000095cc                Camera_settings
 .rodata.npio2_hw
                0x00009638       0x80 c:/program files (x86)/cypress/psoc creator/3.2/psoc creator/import/gnu/arm/4.8.4/bin/../lib/gcc/arm-none-eabi/4.8.4/../../../../arm-none-eabi/lib/armv7-m\libm.a(lib_a-e_rem_pio2.o)
 .rodata.two_over_pi
                0x000096b8      0x108 c:/program files (x86)/cypress/psoc creator/3.2/psoc creator/import/gnu/arm/4.8.4/bin/../lib/gcc/arm-none-eabi/4.8.4/../../../../arm-none-eabi/lib/armv7-m\libm.a(lib_a-e_rem_pio2.o)
 .rodata.init_jk
                0x000097c0       0x10 c:/program files (x86)/cypress/psoc creator/3.2/psoc creator/import/gnu/arm/4.8.4/bin/../lib/gcc/arm-none-eabi/4.8.4/../../../../arm-none-eabi/lib/armv7-m\libm.a(lib_a-k_rem_pio2.o)
 .rodata.PIo2   0x000097d0       0x40 c:/program files (x86)/cypress/psoc creator/3.2/psoc creator/import/gnu/arm/4.8.4/bin/../lib/gcc/arm-none-eabi/4.8.4/../../../../arm-none-eabi/lib/armv7-m\libm.a(lib_a-k_rem_pio2.o)
 .rodata.atanlo
                0x00009810       0x20 c:/program files (x86)/cypress/psoc creator/3.2/psoc creator/import/gnu/arm/4.8.4/bin/../lib/gcc/arm-none-eabi/4.8.4/../../../../arm-none-eabi/lib/armv7-m\libm.a(lib_a-s_atan.o)
 .rodata.atanhi
                0x00009830       0x20 c:/program files (x86)/cypress/psoc creator/3.2/psoc creator/import/gnu/arm/4.8.4/bin/../lib/gcc/arm-none-eabi/4.8.4/../../../../arm-none-eabi/lib/armv7-m\libm.a(lib_a-s_atan.o)
 .rodata.str1.1
                0x00009850        0x2 c:/program files (x86)/cypress/psoc creator/3.2/psoc creator/import/gnu/arm/4.8.4/bin/../lib/gcc/arm-none-eabi/4.8.4/../../../../arm-none-eabi/lib/armv7-m\libg_s.a(lib_a-impure.o)
 .rodata.str1.1
                0x00009852       0x11 c:/program files (x86)/cypress/psoc creator/3.2/psoc creator/import/gnu/arm/4.8.4/bin/../lib/gcc/arm-none-eabi/4.8.4/../../../../arm-none-eabi/lib/armv7-m\libg_s.a(lib_a-svfprintf.o)
 .rodata.str1.1
                0x00009863       0x22 c:/program files (x86)/cypress/psoc creator/3.2/psoc creator/import/gnu/arm/4.8.4/bin/../lib/gcc/arm-none-eabi/4.8.4/../../../../arm-none-eabi/lib/armv7-m\libg_s.a(lib_a-vfprintf_i.o)
                0x00009888                . = ALIGN (0x4)
 *fill*         0x00009885        0x3 
 *(.init)
 .init          0x00009888        0x4 c:/program files (x86)/cypress/psoc creator/3.2/psoc creator/import/gnu/arm/4.8.4/bin/../lib/gcc/arm-none-eabi/4.8.4/armv7-m/crti.o
                0x00009888                _init
 .init          0x0000988c        0x8 c:/program files (x86)/cypress/psoc creator/3.2/psoc creator/import/gnu/arm/4.8.4/bin/../lib/gcc/arm-none-eabi/4.8.4/armv7-m/crtn.o
                0x00009894                . = ALIGN (0x4)
                0x00009894                __preinit_array_start = .
 *(.preinit_array)
                0x00009894                __preinit_array_end = .
                0x00009894                . = ALIGN (0x4)
                0x00009894                __init_array_start = .
 *(SORT(.init_array.*))
 *(.init_array)
 .init_array    0x00009894        0x4 c:/program files (x86)/cypress/psoc creator/3.2/psoc creator/import/gnu/arm/4.8.4/bin/../lib/gcc/arm-none-eabi/4.8.4/armv7-m/crtbegin.o
 .init_array    0x00009898        0x4 .\CortexM3\ARM_GCC_484\Debug\Cm3Start.o
                0x0000989c                __init_array_end = .
                0x0000989c                . = ALIGN (0x4)
 *(.fini)
 .fini          0x0000989c        0x4 c:/program files (x86)/cypress/psoc creator/3.2/psoc creator/import/gnu/arm/4.8.4/bin/../lib/gcc/arm-none-eabi/4.8.4/armv7-m/crti.o
                0x0000989c                _fini
 .fini          0x000098a0        0x8 c:/program files (x86)/cypress/psoc creator/3.2/psoc creator/import/gnu/arm/4.8.4/bin/../lib/gcc/arm-none-eabi/4.8.4/armv7-m/crtn.o
                0x000098a8                . = ALIGN (0x4)
                0x000098a8                __fini_array_start = .
 *(.fini_array)
 .fini_array    0x000098a8        0x4 c:/program files (x86)/cypress/psoc creator/3.2/psoc creator/import/gnu/arm/4.8.4/bin/../lib/gcc/arm-none-eabi/4.8.4/armv7-m/crtbegin.o
 *(SORT(.fini_array.*))
                0x000098ac                __fini_array_end = .
                0x000098ac                . = ALIGN (0x4)
 *crtbegin.o(.ctors)
 *(EXCLUDE_FILE(*crtend.o) .ctors)
 *(SORT(.ctors.*))
 *crtend.o(.ctors)
                0x000098ac                . = ALIGN (0x4)
 *crtbegin.o(.dtors)
 *(EXCLUDE_FILE(*crtend.o) .dtors)
 *(SORT(.dtors.*))
 *crtend.o(.dtors)
                0x000098ac                . = ALIGN (0x4)
                0x000098ac                __cy_regions = .
                0x000098ac        0x4 LONG 0x98c0 __cy_region_init_ram
                0x000098b0        0x4 LONG 0x1fff8108 __cy_region_start_data
                0x000098b4        0x4 LONG 0xa0 __cy_region_init_size_ram
                0x000098b8        0x4 LONG 0xe3b0 __cy_region_zero_size_ram
                0x000098bc                __cy_regions_end = .
                0x000098c0                . = ALIGN (0x8)
 *fill*         0x000098bc        0x4 
                0x000098c0                _etext = .

.ramvectors     0x1fff8000      0x100
                0x1fff8000                __cy_region_start_ram = .
 *(.ramvectors)
 .ramvectors    0x1fff8000      0x100 .\CortexM3\ARM_GCC_484\Debug\Cm3Start.o
                0x1fff8000                CyRamVectors

.noinit         0x1fff8100        0x5
 *(.noinit)
 .noinit        0x1fff8100        0x4 .\CortexM3\ARM_GCC_484\Debug\Cm3Start.o
 .noinit        0x1fff8104        0x1 .\CortexM3\ARM_GCC_484\Debug\ENG3091_MandM.a(CyLib.o)
                0x1fff8104                CyResetStatus

.data           0x1fff8108       0xa0 load address 0x000098c0
                0x1fff8108                __cy_region_start_data = .
 *(.jcr)
 .jcr           0x1fff8108        0x0 c:/program files (x86)/cypress/psoc creator/3.2/psoc creator/import/gnu/arm/4.8.4/bin/../lib/gcc/arm-none-eabi/4.8.4/armv7-m/crtbegin.o
 .jcr           0x1fff8108        0x4 c:/program files (x86)/cypress/psoc creator/3.2/psoc creator/import/gnu/arm/4.8.4/bin/../lib/gcc/arm-none-eabi/4.8.4/armv7-m/crtend.o
 *(.got.plt)
 *(.got)
 *(.shdata)
 *(.data .data.* .gnu.linkonce.d.*)
 .data          0x1fff810c        0xc .\CortexM3\ARM_GCC_484\Debug\arm.o
                0x1fff810c                arm_levels
                0x1fff8114                PWM_VAL
 .data          0x1fff8118        0x6 .\CortexM3\ARM_GCC_484\Debug\my_camera_functions.o
                0x1fff8118                RED_U
                0x1fff8119                RED_V
                0x1fff811a                GREEN_U
                0x1fff811b                GREEN_V
                0x1fff811c                BLUE_U
                0x1fff811d                BLUE_V
 *fill*         0x1fff811e        0x2 
 .data          0x1fff8120        0x4 .\CortexM3\ARM_GCC_484\Debug\Cm3Start.o
 .data          0x1fff8124        0x8 .\CortexM3\ARM_GCC_484\Debug\ENG3091_MandM.a(CyDmac.o)
 .data          0x1fff812c       0x10 .\CortexM3\ARM_GCC_484\Debug\ENG3091_MandM.a(CyLib.o)
                0x1fff812c                cydelay_32k_ms
                0x1fff8130                cydelay_freq_khz
                0x1fff8134                cydelay_freq_mhz
                0x1fff8138                cydelay_freq_hz
 .data          0x1fff813c        0x1 .\CortexM3\ARM_GCC_484\Debug\ENG3091_MandM.a(Camera_DMA_dma.o)
                0x1fff813c                Camera_DMA_DmaHandle
 *fill*         0x1fff813d        0x3 
 .data.impure_data
                0x1fff8140       0x60 c:/program files (x86)/cypress/psoc creator/3.2/psoc creator/import/gnu/arm/4.8.4/bin/../lib/gcc/arm-none-eabi/4.8.4/../../../../arm-none-eabi/lib/armv7-m\libg_s.a(lib_a-impure.o)
 .data._impure_ptr
                0x1fff81a0        0x4 c:/program files (x86)/cypress/psoc creator/3.2/psoc creator/import/gnu/arm/4.8.4/bin/../lib/gcc/arm-none-eabi/4.8.4/../../../../arm-none-eabi/lib/armv7-m\libg_s.a(lib_a-impure.o)
                0x1fff81a0                _impure_ptr
                0x1fff81a8                . = ALIGN (0x8)
 *fill*         0x1fff81a4        0x4 
 *(.ram)
                0x1fff81a8                _edata = .

.igot.plt       0x1fff81a8        0x0 load address 0x00009960
 .igot.plt      0x00000000        0x0 c:/program files (x86)/cypress/psoc creator/3.2/psoc creator/import/gnu/arm/4.8.4/bin/../lib/gcc/arm-none-eabi/4.8.4/armv7-m/crtbegin.o

.bss            0x1fff81a8     0xe3b0 load address 0x00009960
                0x1fff81a8                PROVIDE (__bss_start__, .)
 *(.shbss)
 *(.bss .bss.* .gnu.linkonce.b.*)
 .bss           0x1fff81a8       0x1c c:/program files (x86)/cypress/psoc creator/3.2/psoc creator/import/gnu/arm/4.8.4/bin/../lib/gcc/arm-none-eabi/4.8.4/armv7-m/crtbegin.o
 .bss           0x1fff81c4        0x1 .\CortexM3\ARM_GCC_484\Debug\ENG3091_MandM.a(Timer.o)
                0x1fff81c4                Timer_initVar
 .bss           0x1fff81c5        0x2 .\CortexM3\ARM_GCC_484\Debug\ENG3091_MandM.a(LCD.o)
                0x1fff81c5                LCD_enableState
                0x1fff81c6                LCD_initVar
 .bss           0x1fff81c7        0x1 .\CortexM3\ARM_GCC_484\Debug\ENG3091_MandM.a(Button_PWM.o)
                0x1fff81c7                Button_PWM_initVar
 .bss           0x1fff81c8        0x1 .\CortexM3\ARM_GCC_484\Debug\ENG3091_MandM.a(MOTOR_R.o)
                0x1fff81c8                MOTOR_R_initVar
 .bss           0x1fff81c9        0x1 .\CortexM3\ARM_GCC_484\Debug\ENG3091_MandM.a(MOTOR_L.o)
                0x1fff81c9                MOTOR_L_initVar
 .bss           0x1fff81ca        0x1 .\CortexM3\ARM_GCC_484\Debug\ENG3091_MandM.a(Gripper_PWM.o)
                0x1fff81ca                Gripper_PWM_initVar
 .bss           0x1fff81cb        0x1 .\CortexM3\ARM_GCC_484\Debug\ENG3091_MandM.a(I2C.o)
                0x1fff81cb                I2C_initVar
 .bss           0x1fff81cc        0x1 .\CortexM3\ARM_GCC_484\Debug\ENG3091_MandM.a(HC_PWM.o)
                0x1fff81cc                HC_PWM_initVar
 .bss           0x1fff81cd        0x1 .\CortexM3\ARM_GCC_484\Debug\ENG3091_MandM.a(HC_Timer.o)
                0x1fff81cd                HC_Timer_initVar
 .bss           0x1fff81ce        0x1 .\CortexM3\ARM_GCC_484\Debug\ENG3091_MandM.a(Arm_PWM.o)
                0x1fff81ce                Arm_PWM_initVar
 *fill*         0x1fff81cf        0x1 
 .bss           0x1fff81d0       0x14 .\CortexM3\ARM_GCC_484\Debug\ENG3091_MandM.a(Camera.o)
 .bss           0x1fff81e4        0x1 .\CortexM3\ARM_GCC_484\Debug\ENG3091_MandM.a(Camera_I2C.o)
                0x1fff81e4                Camera_I2C_initVar
 *fill*         0x1fff81e5        0x3 
 .bss.__malloc_sbrk_start
                0x1fff81e8        0x4 c:/program files (x86)/cypress/psoc creator/3.2/psoc creator/import/gnu/arm/4.8.4/bin/../lib/gcc/arm-none-eabi/4.8.4/../../../../arm-none-eabi/lib/armv7-m\libg_s.a(lib_a-nano-mallocr.o)
                0x1fff81e8                __malloc_sbrk_start
 .bss.__malloc_free_list
                0x1fff81ec        0x4 c:/program files (x86)/cypress/psoc creator/3.2/psoc creator/import/gnu/arm/4.8.4/bin/../lib/gcc/arm-none-eabi/4.8.4/../../../../arm-none-eabi/lib/armv7-m\libg_s.a(lib_a-nano-mallocr.o)
                0x1fff81ec                __malloc_free_list
 *(COMMON)
 COMMON         0x1fff81f0     0xc600 .\CortexM3\ARM_GCC_484\Debug\main.o
                0x1fff81f0                Camera_framebuffer
 COMMON         0x200047f0       0x17 .\CortexM3\ARM_GCC_484\Debug\mouse_a.o
                0x200047f0                loc_x_a
                0x200047f4                bit_count_a
                0x200047f5                bit_a
                0x200047f8                loc_y_a
                0x200047fc                mov_y_a
                0x200047fd                status_a
                0x20004800                time_prev_a
                0x20004804                state_a
                0x20004805                data_ready_a
                0x20004806                mov_x_a
 *fill*         0x20004807        0x1 
 COMMON         0x20004808       0x18 .\CortexM3\ARM_GCC_484\Debug\mouse_b.o
                0x20004808                bit_b
                0x20004809                bit_count_b
                0x2000480a                data_ready_b
                0x2000480b                mov_x_b
                0x2000480c                status_b
                0x20004810                loc_x_b
                0x20004814                mov_y_b
                0x20004815                state_b
                0x20004818                time_prev_b
                0x2000481c                loc_y_b
 COMMON         0x20004820       0x21 .\CortexM3\ARM_GCC_484\Debug\motor.o
                0x20004820                start_y
                0x20004824                currently_rotating
                0x20004828                desired_distance
                0x2000482c                motor_state
                0x20004830                start_x
                0x20004834                end_x
                0x20004838                desired_heading
                0x2000483c                end_y
                0x20004840                just_arrived
 *fill*         0x20004841        0x3 
 COMMON         0x20004844       0x10 .\CortexM3\ARM_GCC_484\Debug\navigation.o
                0x20004844                location
                0x20004850                delta_y_distance
 COMMON         0x20004854        0x2 .\CortexM3\ARM_GCC_484\Debug\buttons.o
                0x20004854                but0_b
                0x20004855                but1_b
 *fill*         0x20004856        0x2 
 COMMON         0x20004858     0x168e .\CortexM3\ARM_GCC_484\Debug\compass.o
                0x20004858                compass_z
                0x2000485a                original_compass_heading
                0x2000485c                compass_y
                0x20004860                CosDeg
                0x200053a0                SinDeg
                0x20005ee0                compass_ready
                0x20005ee2                compass_heading
                0x20005ee4                compass_x
 COMMON         0x20005ee6        0x2 .\CortexM3\ARM_GCC_484\Debug\ultrasonic.o
                0x20005ee6                ultra_distance
 COMMON         0x20005ee8      0x640 .\CortexM3\ARM_GCC_484\Debug\blob_stats.o
                0x20005ee8                blobs
 COMMON         0x20006528        0x1 .\CortexM3\ARM_GCC_484\Debug\ENG3091_MandM.a(I2C.o)
                0x20006528                I2C_state
 *fill*         0x20006529        0x3 
 COMMON         0x2000652c       0x10 .\CortexM3\ARM_GCC_484\Debug\ENG3091_MandM.a(I2C_MASTER.o)
                0x2000652c                I2C_mstrWrBufIndex
                0x2000652d                I2C_mstrWrBufSize
                0x2000652e                I2C_mstrStatus
                0x20006530                I2C_mstrRdBufPtr
                0x20006534                I2C_mstrControl
                0x20006535                I2C_mstrRdBufSize
                0x20006536                I2C_mstrRdBufIndex
                0x20006538                I2C_mstrWrBufPtr
 COMMON         0x2000653c        0x1 .\CortexM3\ARM_GCC_484\Debug\ENG3091_MandM.a(Camera_I2C.o)
                0x2000653c                Camera_I2C_state
 *fill*         0x2000653d        0x3 
 COMMON         0x20006540       0x11 .\CortexM3\ARM_GCC_484\Debug\ENG3091_MandM.a(Camera_I2C_MASTER.o)
                0x20006540                Camera_I2C_mstrWrBufSize
                0x20006541                Camera_I2C_mstrRdBufIndex
                0x20006542                Camera_I2C_mstrRdBufSize
                0x20006543                Camera_I2C_mstrControl
                0x20006544                Camera_I2C_mstrWrBufPtr
                0x20006548                Camera_I2C_mstrWrBufIndex
                0x2000654c                Camera_I2C_mstrRdBufPtr
                0x20006550                Camera_I2C_mstrStatus
 *fill*         0x20006551        0x3 
 COMMON         0x20006554        0x4 c:/program files (x86)/cypress/psoc creator/3.2/psoc creator/import/gnu/arm/4.8.4/bin/../lib/gcc/arm-none-eabi/4.8.4/../../../../arm-none-eabi/lib/armv7-m\libg_s.a(lib_a-reent.o)
                0x20006554                errno
                0x20006558                . = ALIGN (0x8)
 *(.ram.b)
                0x20006558                _end = .
                0x20006558                __end = .
                0x20006558                PROVIDE (end, .)
                0x20006558                PROVIDE (__bss_end__, .)
                0x000098c0                __cy_region_init_ram = LOADADDR (.data)
                0x000000a0                __cy_region_init_size_ram = (_edata - ADDR (.data))
                0x0000e3b0                __cy_region_zero_size_ram = (_end - _edata)

.heap           0x20006558       0x80 load address 0x00009960
                0x20006558                . = _end
                0x200065d8                . = (. + 0x80)
 *fill*         0x20006558       0x80 
                0x200065d8                __cy_heap_limit = .

.stack          0x20007800      0x800
                0x20007800                __cy_stack_limit = .
                0x20008000                . = (. + 0x800)
 *fill*         0x20007800      0x800 
                0x00000001                ASSERT ((__cy_stack_limit >= __cy_heap_limit), region RAM overflowed with stack)

.cyloadermeta   0xf0000000       0x40
 *(.cyloadermeta)
 .cyloadermeta  0xf0000000       0x40 .\CortexM3\ARM_GCC_484\Debug\cybootloader.o
                0xf0000000                cy_meta_loader

.cyloadablemeta
                0x0003ffc0       0x40
 *(.cyloadablemeta)
 .cyloadablemeta
                0x0003ffc0       0x40 .\CortexM3\ARM_GCC_484\Debug\cymetadata.o
                0x0003ffc0                cy_meta_loadable

.cyconfigecc
 *(.cyconfigecc)

.cycustnvl      0x90000000        0x4
 *(.cycustnvl)
 .cycustnvl     0x90000000        0x4 .\CortexM3\ARM_GCC_484\Debug\cybootloader.o
                0x90000000                cy_meta_custnvl

.cywolatch      0x90100000        0x4
 *(.cywolatch)
 .cywolatch     0x90100000        0x4 .\CortexM3\ARM_GCC_484\Debug\cybootloader.o
                0x90100000                cy_meta_wonvl

.cyeeprom       0x90200000        0x0
 *(.cyeeprom)
                0x00000001                ASSERT ((. <= ((0x90200000 + ee_offset) + ee_size)), .cyeeprom data will not fit in EEPROM)

.cyflashprotect
                0x90400000      0x100
 *(.cyflashprotect)
 .cyflashprotect
                0x90400000      0x100 .\CortexM3\ARM_GCC_484\Debug\cybootloader.o
                0x90400000                cy_meta_flashprotect

.cymeta         0x90500000        0xc
 *(.cymeta)
 .cymeta        0x90500000        0xc .\CortexM3\ARM_GCC_484\Debug\cybootloader.o
                0x90500000                cy_metadata

.rel.dyn        0x00040000        0x0 load address 0x9050000c
 .rel.iplt      0x00000000        0x0 c:/program files (x86)/cypress/psoc creator/3.2/psoc creator/import/gnu/arm/4.8.4/bin/../lib/gcc/arm-none-eabi/4.8.4/armv7-m/crtbegin.o

.stab
 *(.stab)

.stabstr
 *(.stabstr)

.debug
 *(.debug)

.line
 *(.line)

.debug_srcinfo
 *(.debug_srcinfo)

.debug_sfnames
 *(.debug_sfnames)

.debug_aranges  0x00000000     0x19b8
 *(.debug_aranges)
 .debug_aranges
                0x00000000       0x28 .\CortexM3\ARM_GCC_484\Debug\main.o
 .debug_aranges
                0x00000028       0x38 .\CortexM3\ARM_GCC_484\Debug\mouse_a.o
 .debug_aranges
                0x00000060       0x38 .\CortexM3\ARM_GCC_484\Debug\mouse_b.o
 .debug_aranges
                0x00000098       0x98 .\CortexM3\ARM_GCC_484\Debug\motor.o
 .debug_aranges
                0x00000130       0x40 .\CortexM3\ARM_GCC_484\Debug\navigation.o
 .debug_aranges
                0x00000170       0x28 .\CortexM3\ARM_GCC_484\Debug\arm.o
 .debug_aranges
                0x00000198       0x38 .\CortexM3\ARM_GCC_484\Debug\gripper.o
 .debug_aranges
                0x000001d0       0x28 .\CortexM3\ARM_GCC_484\Debug\mice.o
 .debug_aranges
                0x000001f8       0x30 .\CortexM3\ARM_GCC_484\Debug\buttons.o
 .debug_aranges
                0x00000228       0x38 .\CortexM3\ARM_GCC_484\Debug\compass.o
 .debug_aranges
                0x00000260       0x30 .\CortexM3\ARM_GCC_484\Debug\ultrasonic.o
 .debug_aranges
                0x00000290       0x38 .\CortexM3\ARM_GCC_484\Debug\blob_stats.o
 .debug_aranges
                0x000002c8       0x70 .\CortexM3\ARM_GCC_484\Debug\my_camera_functions.o
 .debug_aranges
                0x00000338       0x18 .\CortexM3\ARM_GCC_484\Debug\cybootloader.o
 .debug_aranges
                0x00000350       0x18 .\CortexM3\ARM_GCC_484\Debug\cymetadata.o
 .debug_aranges
                0x00000368       0x48 .\CortexM3\ARM_GCC_484\Debug\Cm3Start.o
 .debug_aranges
                0x000003b0       0x60 .\CortexM3\ARM_GCC_484\Debug\ENG3091_MandM.a(cyfitter_cfg.o)
 .debug_aranges
                0x00000410       0xb0 .\CortexM3\ARM_GCC_484\Debug\ENG3091_MandM.a(USB.o)
 .debug_aranges
                0x000004c0       0xb0 .\CortexM3\ARM_GCC_484\Debug\ENG3091_MandM.a(USB_cdc.o)
 .debug_aranges
                0x00000570       0x98 .\CortexM3\ARM_GCC_484\Debug\ENG3091_MandM.a(USB_drv.o)
 .debug_aranges
                0x00000608       0x40 .\CortexM3\ARM_GCC_484\Debug\ENG3091_MandM.a(USB_episr.o)
 .debug_aranges
                0x00000648       0x78 .\CortexM3\ARM_GCC_484\Debug\ENG3091_MandM.a(USB_std.o)
 .debug_aranges
                0x000006c0       0x20 .\CortexM3\ARM_GCC_484\Debug\ENG3091_MandM.a(USB_vnd.o)
 .debug_aranges
                0x000006e0       0x38 .\CortexM3\ARM_GCC_484\Debug\ENG3091_MandM.a(SDAT_A.o)
 .debug_aranges
                0x00000718       0x40 .\CortexM3\ARM_GCC_484\Debug\ENG3091_MandM.a(SCLK_A.o)
 .debug_aranges
                0x00000758       0x80 .\CortexM3\ARM_GCC_484\Debug\ENG3091_MandM.a(sclk_a_isr.o)
 .debug_aranges
                0x000007d8       0x40 .\CortexM3\ARM_GCC_484\Debug\ENG3091_MandM.a(SCLK_B.o)
 .debug_aranges
                0x00000818       0x38 .\CortexM3\ARM_GCC_484\Debug\ENG3091_MandM.a(SDAT_B.o)
 .debug_aranges
                0x00000850       0x80 .\CortexM3\ARM_GCC_484\Debug\ENG3091_MandM.a(sclk_b_isr.o)
 .debug_aranges
                0x000008d0       0x90 .\CortexM3\ARM_GCC_484\Debug\ENG3091_MandM.a(Timer.o)
 .debug_aranges
                0x00000960       0x38 .\CortexM3\ARM_GCC_484\Debug\ENG3091_MandM.a(WHITE.o)
 .debug_aranges
                0x00000998       0x38 .\CortexM3\ARM_GCC_484\Debug\ENG3091_MandM.a(BLUE.o)
 .debug_aranges
                0x000009d0       0x38 .\CortexM3\ARM_GCC_484\Debug\ENG3091_MandM.a(ORANGE.o)
 .debug_aranges
                0x00000a08       0x20 .\CortexM3\ARM_GCC_484\Debug\ENG3091_MandM.a(CyBootAsmGnu.o)
 .debug_aranges
                0x00000a28       0xd8 .\CortexM3\ARM_GCC_484\Debug\ENG3091_MandM.a(CyDmac.o)
 .debug_aranges
                0x00000b00      0x298 .\CortexM3\ARM_GCC_484\Debug\ENG3091_MandM.a(CyLib.o)
 .debug_aranges
                0x00000d98       0x98 .\CortexM3\ARM_GCC_484\Debug\ENG3091_MandM.a(cyPm.o)
 .debug_aranges
                0x00000e30       0x20 .\CortexM3\ARM_GCC_484\Debug\ENG3091_MandM.a(cyutils.o)
 .debug_aranges
                0x00000e50       0x90 .\CortexM3\ARM_GCC_484\Debug\ENG3091_MandM.a(LCD.o)
 .debug_aranges
                0x00000ee0       0x80 .\CortexM3\ARM_GCC_484\Debug\ENG3091_MandM.a(but1.o)
 .debug_aranges
                0x00000f60       0x80 .\CortexM3\ARM_GCC_484\Debug\ENG3091_MandM.a(but0.o)
 .debug_aranges
                0x00000fe0       0x78 .\CortexM3\ARM_GCC_484\Debug\ENG3091_MandM.a(Button_PWM.o)
 .debug_aranges
                0x00001058       0x78 .\CortexM3\ARM_GCC_484\Debug\ENG3091_MandM.a(MOTOR_R.o)
 .debug_aranges
                0x000010d0       0x78 .\CortexM3\ARM_GCC_484\Debug\ENG3091_MandM.a(MOTOR_L.o)
 .debug_aranges
                0x00001148       0x38 .\CortexM3\ARM_GCC_484\Debug\ENG3091_MandM.a(MLIN1.o)
 .debug_aranges
                0x00001180       0x38 .\CortexM3\ARM_GCC_484\Debug\ENG3091_MandM.a(MLIN2.o)
 .debug_aranges
                0x000011b8       0x38 .\CortexM3\ARM_GCC_484\Debug\ENG3091_MandM.a(MRIN1.o)
 .debug_aranges
                0x000011f0       0x38 .\CortexM3\ARM_GCC_484\Debug\ENG3091_MandM.a(MRIN2.o)
 .debug_aranges
                0x00001228       0x78 .\CortexM3\ARM_GCC_484\Debug\ENG3091_MandM.a(Gripper_PWM.o)
 .debug_aranges
                0x000012a0       0x38 .\CortexM3\ARM_GCC_484\Debug\ENG3091_MandM.a(I2C.o)
 .debug_aranges
                0x000012d8       0x20 .\CortexM3\ARM_GCC_484\Debug\ENG3091_MandM.a(I2C_INT.o)
 .debug_aranges
                0x000012f8       0x80 .\CortexM3\ARM_GCC_484\Debug\ENG3091_MandM.a(I2C_MASTER.o)
 .debug_aranges
                0x00001378       0xa8 .\CortexM3\ARM_GCC_484\Debug\ENG3091_MandM.a(HC_PWM.o)
 .debug_aranges
                0x00001420       0x80 .\CortexM3\ARM_GCC_484\Debug\ENG3091_MandM.a(HC_ISR.o)
 .debug_aranges
                0x000014a0       0x80 .\CortexM3\ARM_GCC_484\Debug\ENG3091_MandM.a(HC_Timer.o)
 .debug_aranges
                0x00001520       0x98 .\CortexM3\ARM_GCC_484\Debug\ENG3091_MandM.a(Arm_PWM.o)
 .debug_aranges
                0x000015b8       0x80 .\CortexM3\ARM_GCC_484\Debug\ENG3091_MandM.a(Compass_DRDY_ISR.o)
 .debug_aranges
                0x00001638       0x58 .\CortexM3\ARM_GCC_484\Debug\ENG3091_MandM.a(Camera.o)
 .debug_aranges
                0x00001690       0x28 .\CortexM3\ARM_GCC_484\Debug\ENG3091_MandM.a(Camera_DMA_dma.o)
 .debug_aranges
                0x000016b8       0x38 .\CortexM3\ARM_GCC_484\Debug\ENG3091_MandM.a(Camera_VSYNC.o)
 .debug_aranges
                0x000016f0       0x38 .\CortexM3\ARM_GCC_484\Debug\ENG3091_MandM.a(Camera_SIOD.o)
 .debug_aranges
                0x00001728       0x38 .\CortexM3\ARM_GCC_484\Debug\ENG3091_MandM.a(Camera_SIOC.o)
 .debug_aranges
                0x00001760       0x38 .\CortexM3\ARM_GCC_484\Debug\ENG3091_MandM.a(Camera_I2C.o)
 .debug_aranges
                0x00001798       0x20 .\CortexM3\ARM_GCC_484\Debug\ENG3091_MandM.a(Camera_I2C_INT.o)
 .debug_aranges
                0x000017b8       0x38 .\CortexM3\ARM_GCC_484\Debug\ENG3091_MandM.a(Camera_I2C_PM.o)
 .debug_aranges
                0x000017f0       0x80 .\CortexM3\ARM_GCC_484\Debug\ENG3091_MandM.a(Camera_I2C_MASTER.o)
 .debug_aranges
                0x00001870       0x20 .\CortexM3\ARM_GCC_484\Debug\ENG3091_MandM.a(USB_cls.o)
 .debug_aranges
                0x00001890       0x18 .\CortexM3\ARM_GCC_484\Debug\ENG3091_MandM.a(USB_descr.o)
 .debug_aranges
                0x000018a8       0x80 .\CortexM3\ARM_GCC_484\Debug\ENG3091_MandM.a(CyFlash.o)
 .debug_aranges
                0x00001928       0x78 .\CortexM3\ARM_GCC_484\Debug\ENG3091_MandM.a(CySpc.o)
 .debug_aranges
                0x000019a0       0x18 .\CortexM3\ARM_GCC_484\Debug\ENG3091_MandM.a(Camera_settings.o)

.debug_pubnames
 *(.debug_pubnames)

.debug_info     0x00000000     0xfb0b
 *(.debug_info .gnu.linkonce.wi.*)
 .debug_info    0x00000000      0x7ae .\CortexM3\ARM_GCC_484\Debug\main.o
 .debug_info    0x000007ae      0x537 .\CortexM3\ARM_GCC_484\Debug\mouse_a.o
 .debug_info    0x00000ce5      0x537 .\CortexM3\ARM_GCC_484\Debug\mouse_b.o
 .debug_info    0x0000121c      0x92d .\CortexM3\ARM_GCC_484\Debug\motor.o
 .debug_info    0x00001b49      0x25f .\CortexM3\ARM_GCC_484\Debug\navigation.o
 .debug_info    0x00001da8      0x1c2 .\CortexM3\ARM_GCC_484\Debug\arm.o
 .debug_info    0x00001f6a      0x1fd .\CortexM3\ARM_GCC_484\Debug\gripper.o
 .debug_info    0x00002167      0x2d3 .\CortexM3\ARM_GCC_484\Debug\mice.o
 .debug_info    0x0000243a      0x1db .\CortexM3\ARM_GCC_484\Debug\buttons.o
 .debug_info    0x00002615      0x4bb .\CortexM3\ARM_GCC_484\Debug\compass.o
 .debug_info    0x00002ad0      0x1f5 .\CortexM3\ARM_GCC_484\Debug\ultrasonic.o
 .debug_info    0x00002cc5      0x4ef .\CortexM3\ARM_GCC_484\Debug\blob_stats.o
 .debug_info    0x000031b4      0x843 .\CortexM3\ARM_GCC_484\Debug\my_camera_functions.o
 .debug_info    0x000039f7      0x164 .\CortexM3\ARM_GCC_484\Debug\cybootloader.o
 .debug_info    0x00003b5b       0xb1 .\CortexM3\ARM_GCC_484\Debug\cymetadata.o
 .debug_info    0x00003c0c      0x3af .\CortexM3\ARM_GCC_484\Debug\Cm3Start.o
 .debug_info    0x00003fbb      0x890 .\CortexM3\ARM_GCC_484\Debug\ENG3091_MandM.a(cyfitter_cfg.o)
 .debug_info    0x0000484b      0x821 .\CortexM3\ARM_GCC_484\Debug\ENG3091_MandM.a(USB.o)
 .debug_info    0x0000506c      0x70e .\CortexM3\ARM_GCC_484\Debug\ENG3091_MandM.a(USB_cdc.o)
 .debug_info    0x0000577a      0x612 .\CortexM3\ARM_GCC_484\Debug\ENG3091_MandM.a(USB_drv.o)
 .debug_info    0x00005d8c      0x1bb .\CortexM3\ARM_GCC_484\Debug\ENG3091_MandM.a(USB_episr.o)
 .debug_info    0x00005f47      0x948 .\CortexM3\ARM_GCC_484\Debug\ENG3091_MandM.a(USB_std.o)
 .debug_info    0x0000688f      0x18c .\CortexM3\ARM_GCC_484\Debug\ENG3091_MandM.a(USB_vnd.o)
 .debug_info    0x00006a1b      0x120 .\CortexM3\ARM_GCC_484\Debug\ENG3091_MandM.a(SDAT_A.o)
 .debug_info    0x00006b3b      0x135 .\CortexM3\ARM_GCC_484\Debug\ENG3091_MandM.a(SCLK_A.o)
 .debug_info    0x00006c70      0x2c7 .\CortexM3\ARM_GCC_484\Debug\ENG3091_MandM.a(sclk_a_isr.o)
 .debug_info    0x00006f37      0x135 .\CortexM3\ARM_GCC_484\Debug\ENG3091_MandM.a(SCLK_B.o)
 .debug_info    0x0000706c      0x120 .\CortexM3\ARM_GCC_484\Debug\ENG3091_MandM.a(SDAT_B.o)
 .debug_info    0x0000718c      0x2c7 .\CortexM3\ARM_GCC_484\Debug\ENG3091_MandM.a(sclk_b_isr.o)
 .debug_info    0x00007453      0x341 .\CortexM3\ARM_GCC_484\Debug\ENG3091_MandM.a(Timer.o)
 .debug_info    0x00007794      0x120 .\CortexM3\ARM_GCC_484\Debug\ENG3091_MandM.a(WHITE.o)
 .debug_info    0x000078b4      0x120 .\CortexM3\ARM_GCC_484\Debug\ENG3091_MandM.a(BLUE.o)
 .debug_info    0x000079d4      0x120 .\CortexM3\ARM_GCC_484\Debug\ENG3091_MandM.a(ORANGE.o)
 .debug_info    0x00007af4       0xa1 .\CortexM3\ARM_GCC_484\Debug\ENG3091_MandM.a(CyBootAsmGnu.o)
 .debug_info    0x00007b95      0x93f .\CortexM3\ARM_GCC_484\Debug\ENG3091_MandM.a(CyDmac.o)
 .debug_info    0x000084d4     0x1373 .\CortexM3\ARM_GCC_484\Debug\ENG3091_MandM.a(CyLib.o)
 .debug_info    0x00009847      0xa56 .\CortexM3\ARM_GCC_484\Debug\ENG3091_MandM.a(cyPm.o)
 .debug_info    0x0000a29d       0xec .\CortexM3\ARM_GCC_484\Debug\ENG3091_MandM.a(cyutils.o)
 .debug_info    0x0000a389      0x69e .\CortexM3\ARM_GCC_484\Debug\ENG3091_MandM.a(LCD.o)
 .debug_info    0x0000aa27      0x2c7 .\CortexM3\ARM_GCC_484\Debug\ENG3091_MandM.a(but1.o)
 .debug_info    0x0000acee      0x2c7 .\CortexM3\ARM_GCC_484\Debug\ENG3091_MandM.a(but0.o)
 .debug_info    0x0000afb5      0x275 .\CortexM3\ARM_GCC_484\Debug\ENG3091_MandM.a(Button_PWM.o)
 .debug_info    0x0000b22a      0x276 .\CortexM3\ARM_GCC_484\Debug\ENG3091_MandM.a(MOTOR_R.o)
 .debug_info    0x0000b4a0      0x276 .\CortexM3\ARM_GCC_484\Debug\ENG3091_MandM.a(MOTOR_L.o)
 .debug_info    0x0000b716      0x120 .\CortexM3\ARM_GCC_484\Debug\ENG3091_MandM.a(MLIN1.o)
 .debug_info    0x0000b836      0x120 .\CortexM3\ARM_GCC_484\Debug\ENG3091_MandM.a(MLIN2.o)
 .debug_info    0x0000b956      0x120 .\CortexM3\ARM_GCC_484\Debug\ENG3091_MandM.a(MRIN1.o)
 .debug_info    0x0000ba76      0x120 .\CortexM3\ARM_GCC_484\Debug\ENG3091_MandM.a(MRIN2.o)
 .debug_info    0x0000bb96      0x276 .\CortexM3\ARM_GCC_484\Debug\ENG3091_MandM.a(Gripper_PWM.o)
 .debug_info    0x0000be0c      0x206 .\CortexM3\ARM_GCC_484\Debug\ENG3091_MandM.a(I2C.o)
 .debug_info    0x0000c012      0x17d .\CortexM3\ARM_GCC_484\Debug\ENG3091_MandM.a(I2C_INT.o)
 .debug_info    0x0000c18f      0x3fe .\CortexM3\ARM_GCC_484\Debug\ENG3091_MandM.a(I2C_MASTER.o)
 .debug_info    0x0000c58d      0x39d .\CortexM3\ARM_GCC_484\Debug\ENG3091_MandM.a(HC_PWM.o)
 .debug_info    0x0000c92a      0x2c7 .\CortexM3\ARM_GCC_484\Debug\ENG3091_MandM.a(HC_ISR.o)
 .debug_info    0x0000cbf1      0x2a5 .\CortexM3\ARM_GCC_484\Debug\ENG3091_MandM.a(HC_Timer.o)
 .debug_info    0x0000ce96      0x34c .\CortexM3\ARM_GCC_484\Debug\ENG3091_MandM.a(Arm_PWM.o)
 .debug_info    0x0000d1e2      0x2c7 .\CortexM3\ARM_GCC_484\Debug\ENG3091_MandM.a(Compass_DRDY_ISR.o)
 .debug_info    0x0000d4a9      0x687 .\CortexM3\ARM_GCC_484\Debug\ENG3091_MandM.a(Camera.o)
 .debug_info    0x0000db30      0x1fb .\CortexM3\ARM_GCC_484\Debug\ENG3091_MandM.a(Camera_DMA_dma.o)
 .debug_info    0x0000dd2b      0x120 .\CortexM3\ARM_GCC_484\Debug\ENG3091_MandM.a(Camera_VSYNC.o)
 .debug_info    0x0000de4b      0x120 .\CortexM3\ARM_GCC_484\Debug\ENG3091_MandM.a(Camera_SIOD.o)
 .debug_info    0x0000df6b      0x120 .\CortexM3\ARM_GCC_484\Debug\ENG3091_MandM.a(Camera_SIOC.o)
 .debug_info    0x0000e08b      0x2d6 .\CortexM3\ARM_GCC_484\Debug\ENG3091_MandM.a(Camera_I2C.o)
 .debug_info    0x0000e361      0x17d .\CortexM3\ARM_GCC_484\Debug\ENG3091_MandM.a(Camera_I2C_INT.o)
 .debug_info    0x0000e4de      0x1fb .\CortexM3\ARM_GCC_484\Debug\ENG3091_MandM.a(Camera_I2C_PM.o)
 .debug_info    0x0000e6d9      0x3fe .\CortexM3\ARM_GCC_484\Debug\ENG3091_MandM.a(Camera_I2C_MASTER.o)
 .debug_info    0x0000ead7      0x1b1 .\CortexM3\ARM_GCC_484\Debug\ENG3091_MandM.a(USB_cls.o)
 .debug_info    0x0000ec88      0x2c9 .\CortexM3\ARM_GCC_484\Debug\ENG3091_MandM.a(USB_descr.o)
 .debug_info    0x0000ef51      0x5e4 .\CortexM3\ARM_GCC_484\Debug\ENG3091_MandM.a(CyFlash.o)
 .debug_info    0x0000f535      0x4da .\CortexM3\ARM_GCC_484\Debug\ENG3091_MandM.a(CySpc.o)
 .debug_info    0x0000fa0f       0xfc .\CortexM3\ARM_GCC_484\Debug\ENG3091_MandM.a(Camera_settings.o)

.debug_abbrev   0x00000000     0x558c
 *(.debug_abbrev)
 .debug_abbrev  0x00000000      0x21f .\CortexM3\ARM_GCC_484\Debug\main.o
 .debug_abbrev  0x0000021f      0x12d .\CortexM3\ARM_GCC_484\Debug\mouse_a.o
 .debug_abbrev  0x0000034c      0x12d .\CortexM3\ARM_GCC_484\Debug\mouse_b.o
 .debug_abbrev  0x00000479      0x287 .\CortexM3\ARM_GCC_484\Debug\motor.o
 .debug_abbrev  0x00000700      0x147 .\CortexM3\ARM_GCC_484\Debug\navigation.o
 .debug_abbrev  0x00000847      0x10d .\CortexM3\ARM_GCC_484\Debug\arm.o
 .debug_abbrev  0x00000954       0xf5 .\CortexM3\ARM_GCC_484\Debug\gripper.o
 .debug_abbrev  0x00000a49      0x121 .\CortexM3\ARM_GCC_484\Debug\mice.o
 .debug_abbrev  0x00000b6a      0x12c .\CortexM3\ARM_GCC_484\Debug\buttons.o
 .debug_abbrev  0x00000c96      0x1aa .\CortexM3\ARM_GCC_484\Debug\compass.o
 .debug_abbrev  0x00000e40      0x121 .\CortexM3\ARM_GCC_484\Debug\ultrasonic.o
 .debug_abbrev  0x00000f61      0x1cc .\CortexM3\ARM_GCC_484\Debug\blob_stats.o
 .debug_abbrev  0x0000112d      0x216 .\CortexM3\ARM_GCC_484\Debug\my_camera_functions.o
 .debug_abbrev  0x00001343       0x77 .\CortexM3\ARM_GCC_484\Debug\cybootloader.o
 .debug_abbrev  0x000013ba       0x5d .\CortexM3\ARM_GCC_484\Debug\cymetadata.o
 .debug_abbrev  0x00001417      0x20d .\CortexM3\ARM_GCC_484\Debug\Cm3Start.o
 .debug_abbrev  0x00001624      0x211 .\CortexM3\ARM_GCC_484\Debug\ENG3091_MandM.a(cyfitter_cfg.o)
 .debug_abbrev  0x00001835      0x22e .\CortexM3\ARM_GCC_484\Debug\ENG3091_MandM.a(USB.o)