Archive member included because of file (symbol)

.\CortexM3\ARM_GCC_484\Debug\ENG3091_MandM.a(cyfitter_cfg.o)
                              .\CortexM3\ARM_GCC_484\Debug\Cm3Start.o (cyfitter_cfg)
.\CortexM3\ARM_GCC_484\Debug\ENG3091_MandM.a(USB.o)
                              .\CortexM3\ARM_GCC_484\Debug\main.o (USB_GetConfiguration)
.\CortexM3\ARM_GCC_484\Debug\ENG3091_MandM.a(USB_cdc.o)
                              .\CortexM3\ARM_GCC_484\Debug\main.o (USB_PutString)
.\CortexM3\ARM_GCC_484\Debug\ENG3091_MandM.a(USB_drv.o)
                              .\CortexM3\ARM_GCC_484\Debug\ENG3091_MandM.a(USB.o) (USB_lastPacketSize)
.\CortexM3\ARM_GCC_484\Debug\ENG3091_MandM.a(USB_episr.o)
                              .\CortexM3\ARM_GCC_484\Debug\ENG3091_MandM.a(USB.o) (USB_EP_1_ISR)
.\CortexM3\ARM_GCC_484\Debug\ENG3091_MandM.a(USB_std.o)
                              .\CortexM3\ARM_GCC_484\Debug\ENG3091_MandM.a(USB_drv.o) (USB_HandleStandardRqst)
.\CortexM3\ARM_GCC_484\Debug\ENG3091_MandM.a(USB_vnd.o)
                              .\CortexM3\ARM_GCC_484\Debug\ENG3091_MandM.a(USB_drv.o) (USB_HandleVendorRqst)
.\CortexM3\ARM_GCC_484\Debug\ENG3091_MandM.a(SDAT_A.o)
                              .\CortexM3\ARM_GCC_484\Debug\mouse_a.o (SDAT_A_Write)
.\CortexM3\ARM_GCC_484\Debug\ENG3091_MandM.a(SCLK_A.o)
                              .\CortexM3\ARM_GCC_484\Debug\mouse_a.o (SCLK_A_Write)
.\CortexM3\ARM_GCC_484\Debug\ENG3091_MandM.a(sclk_a_isr.o)
                              .\CortexM3\ARM_GCC_484\Debug\mice.o (sclk_a_isr_SetPriority)
.\CortexM3\ARM_GCC_484\Debug\ENG3091_MandM.a(SCLK_B.o)
                              .\CortexM3\ARM_GCC_484\Debug\mouse_b.o (SCLK_B_Write)
.\CortexM3\ARM_GCC_484\Debug\ENG3091_MandM.a(SDAT_B.o)
                              .\CortexM3\ARM_GCC_484\Debug\mouse_b.o (SDAT_B_Write)
.\CortexM3\ARM_GCC_484\Debug\ENG3091_MandM.a(sclk_b_isr.o)
                              .\CortexM3\ARM_GCC_484\Debug\mice.o (sclk_b_isr_SetPriority)
.\CortexM3\ARM_GCC_484\Debug\ENG3091_MandM.a(Timer.o)
                              .\CortexM3\ARM_GCC_484\Debug\main.o (Timer_ReadCounter)
.\CortexM3\ARM_GCC_484\Debug\ENG3091_MandM.a(WHITE.o)
                              .\CortexM3\ARM_GCC_484\Debug\motor.o (WHITE_Write)
.\CortexM3\ARM_GCC_484\Debug\ENG3091_MandM.a(BLUE.o)
                              .\CortexM3\ARM_GCC_484\Debug\main.o (BLUE_Write)
.\CortexM3\ARM_GCC_484\Debug\ENG3091_MandM.a(ORANGE.o)
                              .\CortexM3\ARM_GCC_484\Debug\motor.o (ORANGE_Write)
.\CortexM3\ARM_GCC_484\Debug\ENG3091_MandM.a(CyBootAsmGnu.o)
                              .\CortexM3\ARM_GCC_484\Debug\ENG3091_MandM.a(cyfitter_cfg.o) (CyDelayCycles)
.\CortexM3\ARM_GCC_484\Debug\ENG3091_MandM.a(CyDmac.o)
                              .\CortexM3\ARM_GCC_484\Debug\Cm3Start.o (CyDmacConfigure)
.\CortexM3\ARM_GCC_484\Debug\ENG3091_MandM.a(CyLib.o)
                              .\CortexM3\ARM_GCC_484\Debug\Cm3Start.o (CyHalt)
.\CortexM3\ARM_GCC_484\Debug\ENG3091_MandM.a(cyPm.o)
                              .\CortexM3\ARM_GCC_484\Debug\ENG3091_MandM.a(CyLib.o) (CyPmReadStatus)
.\CortexM3\ARM_GCC_484\Debug\ENG3091_MandM.a(cyutils.o)
                              .\CortexM3\ARM_GCC_484\Debug\ENG3091_MandM.a(Timer.o) (CySetReg24)
.\CortexM3\ARM_GCC_484\Debug\ENG3091_MandM.a(LCD.o)
                              .\CortexM3\ARM_GCC_484\Debug\main.o (LCD_PrintString)
.\CortexM3\ARM_GCC_484\Debug\ENG3091_MandM.a(but1.o)
                              .\CortexM3\ARM_GCC_484\Debug\buttons.o (but1_StartEx)
.\CortexM3\ARM_GCC_484\Debug\ENG3091_MandM.a(but0.o)
                              .\CortexM3\ARM_GCC_484\Debug\buttons.o (but0_StartEx)
.\CortexM3\ARM_GCC_484\Debug\ENG3091_MandM.a(Button_PWM.o)
                              .\CortexM3\ARM_GCC_484\Debug\buttons.o (Button_PWM_Start)
.\CortexM3\ARM_GCC_484\Debug\ENG3091_MandM.a(MOTOR_R.o)
                              .\CortexM3\ARM_GCC_484\Debug\motor.o (MOTOR_R_WriteCompare)
.\CortexM3\ARM_GCC_484\Debug\ENG3091_MandM.a(MOTOR_L.o)
                              .\CortexM3\ARM_GCC_484\Debug\motor.o (MOTOR_L_WriteCompare)
.\CortexM3\ARM_GCC_484\Debug\ENG3091_MandM.a(MLIN1.o)
                              .\CortexM3\ARM_GCC_484\Debug\motor.o (MLIN1_Write)
.\CortexM3\ARM_GCC_484\Debug\ENG3091_MandM.a(MLIN2.o)
                              .\CortexM3\ARM_GCC_484\Debug\motor.o (MLIN2_Write)
.\CortexM3\ARM_GCC_484\Debug\ENG3091_MandM.a(MRIN1.o)
                              .\CortexM3\ARM_GCC_484\Debug\motor.o (MRIN1_Write)
.\CortexM3\ARM_GCC_484\Debug\ENG3091_MandM.a(MRIN2.o)
                              .\CortexM3\ARM_GCC_484\Debug\motor.o (MRIN2_Write)
.\CortexM3\ARM_GCC_484\Debug\ENG3091_MandM.a(Gripper_PWM.o)
                              .\CortexM3\ARM_GCC_484\Debug\gripper.o (Gripper_PWM_WriteCompare)
.\CortexM3\ARM_GCC_484\Debug\ENG3091_MandM.a(I2C.o)
                              .\CortexM3\ARM_GCC_484\Debug\compass.o (I2C_Start)
[...]
Memory Configuration

Name             Origin             Length             Attributes
rom              0x00000000         0x00040000         xr
ram              0x1fff8000         0x00010000         xrw
*default*        0x00000000         0xffffffff

Linker script and memory map

LOAD c:/program files (x86)/cypress/psoc creator/3.2/psoc creator/import/gnu/arm/4.8.4/bin/../lib/gcc/arm-none-eabi/4.8.4/armv7-m/crti.o
LOAD c:/program files (x86)/cypress/psoc creator/3.2/psoc creator/import/gnu/arm/4.8.4/bin/../lib/gcc/arm-none-eabi/4.8.4/armv7-m/crtbegin.o
LOAD c:/program files (x86)/cypress/psoc creator/3.2/psoc creator/import/gnu/arm/4.8.4/bin/../lib/gcc/arm-none-eabi/4.8.4/../../../../arm-none-eabi/lib/armv7-m/crt0.o
START GROUP
LOAD .\CortexM3\ARM_GCC_484\Debug\main.o
LOAD .\CortexM3\ARM_GCC_484\Debug\mouse_a.o
LOAD .\CortexM3\ARM_GCC_484\Debug\mouse_b.o
LOAD .\CortexM3\ARM_GCC_484\Debug\motor.o
LOAD .\CortexM3\ARM_GCC_484\Debug\navigation.o
LOAD .\CortexM3\ARM_GCC_484\Debug\arm.o
LOAD .\CortexM3\ARM_GCC_484\Debug\gripper.o
LOAD .\CortexM3\ARM_GCC_484\Debug\misc.o
LOAD .\CortexM3\ARM_GCC_484\Debug\mice.o
LOAD .\CortexM3\ARM_GCC_484\Debug\buttons.o
LOAD .\CortexM3\ARM_GCC_484\Debug\compass.o
LOAD .\CortexM3\ARM_GCC_484\Debug\ultrasonic.o
LOAD .\CortexM3\ARM_GCC_484\Debug\cybootloader.o
LOAD .\CortexM3\ARM_GCC_484\Debug\cymetadata.o
LOAD .\CortexM3\ARM_GCC_484\Debug\Cm3Start.o
LOAD .\CortexM3\ARM_GCC_484\Debug\ENG3091_MandM.a
LOAD C:\Program Files (x86)\Cypress\PSoC Creator\3.2\PSoC Creator\psoc\content\cycomponentlibrary\CyComponentLibrary.cylib\CortexM3\ARM_GCC_484\Debug\CyComponentLibrary.a
LOAD c:/program files (x86)/cypress/psoc creator/3.2/psoc creator/import/gnu/arm/4.8.4/bin/../lib/gcc/arm-none-eabi/4.8.4/../../../../arm-none-eabi/lib/armv7-m\libm.a
END GROUP
START GROUP
LOAD c:/program files (x86)/cypress/psoc creator/3.2/psoc creator/import/gnu/arm/4.8.4/bin/../lib/gcc/arm-none-eabi/4.8.4/armv7-m\libgcc.a
LOAD c:/program files (x86)/cypress/psoc creator/3.2/psoc creator/import/gnu/arm/4.8.4/bin/../lib/gcc/arm-none-eabi/4.8.4/../../../../arm-none-eabi/lib/armv7-m\libg_s.a
LOAD c:/program files (x86)/cypress/psoc creator/3.2/psoc creator/import/gnu/arm/4.8.4/bin/../lib/gcc/arm-none-eabi/4.8.4/../../../../arm-none-eabi/lib/armv7-m\libc_s.a
END GROUP
START GROUP
LOAD c:/program files (x86)/cypress/psoc creator/3.2/psoc creator/import/gnu/arm/4.8.4/bin/../lib/gcc/arm-none-eabi/4.8.4/armv7-m\libgcc.a
LOAD c:/program files (x86)/cypress/psoc creator/3.2/psoc creator/import/gnu/arm/4.8.4/bin/../lib/gcc/arm-none-eabi/4.8.4/../../../../arm-none-eabi/lib/armv7-m\libc_s.a
END GROUP
LOAD c:/program files (x86)/cypress/psoc creator/3.2/psoc creator/import/gnu/arm/4.8.4/bin/../lib/gcc/arm-none-eabi/4.8.4/armv7-m/crtend.o
LOAD c:/program files (x86)/cypress/psoc creator/3.2/psoc creator/import/gnu/arm/4.8.4/bin/../lib/gcc/arm-none-eabi/4.8.4/armv7-m/crtn.o
START GROUP
LOAD c:/program files (x86)/cypress/psoc creator/3.2/psoc creator/import/gnu/arm/4.8.4/bin/../lib/gcc/arm-none-eabi/4.8.4/armv7-m\libgcc.a
LOAD c:/program files (x86)/cypress/psoc creator/3.2/psoc creator/import/gnu/arm/4.8.4/bin/../lib/gcc/arm-none-eabi/4.8.4/../../../../arm-none-eabi/lib/armv7-m\libc.a
LOAD c:/program files (x86)/cypress/psoc creator/3.2/psoc creator/import/gnu/arm/4.8.4/bin/../lib/gcc/arm-none-eabi/4.8.4/../../../../arm-none-eabi/lib/armv7-m\libnosys.a
END GROUP
                0x00000000                CY_APPL_ORIGIN = 0x0
                0x00000100                CY_FLASH_ROW_SIZE = 0x100
                0x00000020                CY_ECC_ROW_SIZE = 0x20
                0x00000000                CY_EE_IN_BTLDR = 0x0
                0x00000001                CY_APPL_LOADABLE = 0x1
                0x00000800                CY_EE_SIZE = 0x800
                0x00000001                CY_APPL_NUM = 0x1
                0x00000001                CY_APPL_MAX = 0x1
                0x00000040                CY_METADATA_SIZE = 0x40
                0x1fff98d8                PROVIDE (__cy_heap_start, _end)
                0x00000001                PROVIDE (__cy_region_num, ((__cy_regions_end - __cy_regions) / 0x10))
                0x20008000                PROVIDE (__cy_stack, (ORIGIN (ram) + 0x10000))
                0x20007800                PROVIDE (__cy_heap_end, (__cy_stack - 0x800))

.cybootloader   0x00000000     0x2700
 *(.cybootloader)
 .cybootloader  0x00000000     0x2700 .\CortexM3\ARM_GCC_484\Debug\cybootloader.o
                0x00000000                cy_bootloader
                0x00002700                appl1_start = CY_APPL_ORIGIN?CY_APPL_ORIGIN:ALIGN (CY_FLASH_ROW_SIZE)
                0x00021300                appl2_start = (appl1_start + ALIGN ((((0x40000 - appl1_start) - (0x2 * CY_FLASH_ROW_SIZE)) / 0x2), CY_FLASH_ROW_SIZE))
                0x00002700                appl_start = (CY_APPL_NUM == 0x1)?appl1_start:appl2_start
                0x000004e0                ecc_offset = ((appl_start / CY_FLASH_ROW_SIZE) * CY_ECC_ROW_SIZE)
                0x00000000                ee_offset = (CY_APPL_LOADABLE && ! (CY_EE_IN_BTLDR))?((CY_EE_SIZE / CY_APPL_MAX) * (CY_APPL_NUM - 0x1)):0x0
                0x00000800                ee_size = (CY_APPL_LOADABLE && ! (CY_EE_IN_BTLDR))?(CY_EE_SIZE / CY_APPL_MAX):CY_EE_SIZE
                0x000004e0                PROVIDE (CY_ECC_OFFSET, ecc_offset)

.text           0x00002700     0x5002
 CREATE_OBJECT_SYMBOLS
                0x00002700                PROVIDE (__cy_interrupt_vector, RomVectors)
 *(.romvectors)
 .romvectors    0x00002700       0x10 .\CortexM3\ARM_GCC_484\Debug\Cm3Start.o
                0x00002700                RomVectors
                0x00000001                ASSERT ((. != __cy_interrupt_vector), No interrupt vector)
                0x00000001                ASSERT (CY_APPL_ORIGIN?(SIZEOF (.cybootloader) <= CY_APPL_ORIGIN):0x1, Wrong image location)
                0x00002710                PROVIDE (__cy_reset, Reset)
 *(.text.Reset)
 .text.Reset    0x00002710        0x8 .\CortexM3\ARM_GCC_484\Debug\Cm3Start.o
                0x00002710                Reset
                0x00000001                ASSERT ((. != __cy_reset), No reset code)
 *(.dma_init)
                0x00000001                ASSERT ((((appl_start + .) <= 0x10000) || 0x1), DMA Init must be within the first 64k of flash)
 *(.text .text.* .gnu.linkonce.t.*)
 .text          0x00002718       0x54 c:/program files (x86)/cypress/psoc creator/3.2/psoc creator/import/gnu/arm/4.8.4/bin/../lib/gcc/arm-none-eabi/4.8.4/armv7-m/crtbegin.o
 .text.main     0x0000276c      0x12c .\CortexM3\ARM_GCC_484\Debug\main.o
                0x0000276c                main
 .text.mouse_a_write
                0x00002898       0xb0 .\CortexM3\ARM_GCC_484\Debug\mouse_a.o
                0x00002898                mouse_a_write
 .text.mouse_a_init
                0x00002948       0x4c .\CortexM3\ARM_GCC_484\Debug\mouse_a.o
                0x00002948                mouse_a_init
 .text.reset_sclk_a_isr
                0x00002994       0x3c .\CortexM3\ARM_GCC_484\Debug\mouse_a.o
                0x00002994                reset_sclk_a_isr
 .text.MY_SCLK_A_ISR
                0x000029d0      0x224 .\CortexM3\ARM_GCC_484\Debug\mouse_a.o
                0x000029d0                MY_SCLK_A_ISR
 .text.mouse_b_write
                0x00002bf4       0xb0 .\CortexM3\ARM_GCC_484\Debug\mouse_b.o
                0x00002bf4                mouse_b_write
 .text.mouse_b_init
                0x00002ca4       0x4c .\CortexM3\ARM_GCC_484\Debug\mouse_b.o
                0x00002ca4                mouse_b_init
 .text.reset_sclk_b_isr
                0x00002cf0       0x3c .\CortexM3\ARM_GCC_484\Debug\mouse_b.o
                0x00002cf0                reset_sclk_b_isr
 .text.MY_SCLK_B_ISR
                0x00002d2c      0x224 .\CortexM3\ARM_GCC_484\Debug\mouse_b.o
                0x00002d2c                MY_SCLK_B_ISR
 .text.isRotating
                0x00002f50        0xc .\CortexM3\ARM_GCC_484\Debug\motor.o
                0x00002f50                isRotating
 .text.clip     0x00002f5c        0xc .\CortexM3\ARM_GCC_484\Debug\motor.o
                0x00002f5c                clip
 .text.setHeading
                0x00002f68        0xc .\CortexM3\ARM_GCC_484\Debug\motor.o
                0x00002f68                setHeading
 *fill*         0x00002f74        0x4 
 .text.goto_position
                0x00002f78       0x80 .\CortexM3\ARM_GCC_484\Debug\motor.o
                0x00002f78                goto_position
 .text.start_motors
                0x00002ff8       0x30 .\CortexM3\ARM_GCC_484\Debug\motor.o
                0x00002ff8                start_motors
 .text.setSpeed
                0x00003028       0x24 .\CortexM3\ARM_GCC_484\Debug\motor.o
                0x00003028                setSpeed
 .text.setCoast
                0x0000304c       0x2c .\CortexM3\ARM_GCC_484\Debug\motor.o
                0x0000304c                setCoast
 .text.setForward
                0x00003078       0x2c .\CortexM3\ARM_GCC_484\Debug\motor.o
                0x00003078                setForward
 .text.setReverse
                0x000030a4       0x2c .\CortexM3\ARM_GCC_484\Debug\motor.o
                0x000030a4                setReverse
 .text.rotate_left
                0x000030d0       0x1c .\CortexM3\ARM_GCC_484\Debug\motor.o
                0x000030d0                rotate_left
 .text.rotate_right
                0x000030ec       0x1c .\CortexM3\ARM_GCC_484\Debug\motor.o
                0x000030ec                rotate_right
 .text.control_motors
                0x00003108      0x148 .\CortexM3\ARM_GCC_484\Debug\motor.o
                0x00003108                control_motors
 .text.update_position
                0x00003250       0x98 .\CortexM3\ARM_GCC_484\Debug\navigation.o
                0x00003250                update_position
 .text.reset_navigation
                0x000032e8       0x48 .\CortexM3\ARM_GCC_484\Debug\navigation.o
                0x000032e8                reset_navigation
 .text.start_navigation
                0x00003330        0x8 .\CortexM3\ARM_GCC_484\Debug\navigation.o
                0x00003330                start_navigation
 .text.start_arm
                0x00003338       0x14 .\CortexM3\ARM_GCC_484\Debug\arm.o
                0x00003338                start_arm
 .text.start_gripper
                0x0000334c       0x10 .\CortexM3\ARM_GCC_484\Debug\gripper.o
                0x0000334c                start_gripper
 .text.start_mice
                0x0000335c       0x44 .\CortexM3\ARM_GCC_484\Debug\mice.o
                0x0000335c                start_mice
 .text.INC_ISR  0x000033a0       0x14 .\CortexM3\ARM_GCC_484\Debug\buttons.o
                0x000033a0                INC_ISR
 .text.DEC_ISR  0x000033b4       0x14 .\CortexM3\ARM_GCC_484\Debug\buttons.o
                0x000033b4                DEC_ISR
 .text.start_buttons
                0x000033c8       0x30 .\CortexM3\ARM_GCC_484\Debug\buttons.o
                0x000033c8                start_buttons
 .text.DRDY_INTERRUPT
                0x000033f8       0x14 .\CortexM3\ARM_GCC_484\Debug\compass.o
                0x000033f8                DRDY_INTERRUPT
 *fill*         0x0000340c        0x4 
 .text.calculate_circular_functions
                0x00003410       0x78 .\CortexM3\ARM_GCC_484\Debug\compass.o
                0x00003410                calculate_circular_functions
 .text.start_compass
                0x00003488       0x8c .\CortexM3\ARM_GCC_484\Debug\compass.o
                0x00003488                start_compass
 *fill*         0x00003514        0x4 
 .text.compass_read
                0x00003518       0xf0 .\CortexM3\ARM_GCC_484\Debug\compass.o
                0x00003518                compass_read
 .text.HC_TRIG_ISR
                0x00003608       0x30 .\CortexM3\ARM_GCC_484\Debug\ultrasonic.o
                0x00003608                HC_TRIG_ISR
 .text.start_ultrasonic
                0x00003638       0x20 .\CortexM3\ARM_GCC_484\Debug\ultrasonic.o
                0x00003638                start_ultrasonic
 .text.IntDefaultHandler
                0x00003658        0x4 .\CortexM3\ARM_GCC_484\Debug\Cm3Start.o
                0x00003658                IntDefaultHandler
 .text._sbrk    0x0000365c       0x30 .\CortexM3\ARM_GCC_484\Debug\Cm3Start.o
                0x0000365c                _sbrk
 .text.Start_c  0x0000368c       0x4c .\CortexM3\ARM_GCC_484\Debug\Cm3Start.o
                0x0000368c                Start_c
 .text.initialize_psoc
                0x000036d8       0x74 .\CortexM3\ARM_GCC_484\Debug\Cm3Start.o
                0x000036d8                initialize_psoc
 .text.CyClockStartupError
                0x0000374c        0x4 .\CortexM3\ARM_GCC_484\Debug\ENG3091_MandM.a(cyfitter_cfg.o)
 .text.cfg_write_bytes32
                0x00003750       0x34 .\CortexM3\ARM_GCC_484\Debug\ENG3091_MandM.a(cyfitter_cfg.o)
 .text.AnalogSetDefault
                0x00003784       0x28 .\CortexM3\ARM_GCC_484\Debug\ENG3091_MandM.a(cyfitter_cfg.o)
 .text.CYMEMZERO
                0x000037ac        0xc .\CortexM3\ARM_GCC_484\Debug\ENG3091_MandM.a(cyfitter_cfg.o)
 .text.CYCONFIGCPYCODE
                0x000037b8        0x8 .\CortexM3\ARM_GCC_484\Debug\ENG3091_MandM.a(cyfitter_cfg.o)
 .text.CYCONFIGCPY
                0x000037c0        0x8 .\CortexM3\ARM_GCC_484\Debug\ENG3091_MandM.a(cyfitter_cfg.o)
 .text.ClockSetup
                0x000037c8       0xf4 .\CortexM3\ARM_GCC_484\Debug\ENG3091_MandM.a(cyfitter_cfg.o)
 .text.cyfitter_cfg
                0x000038bc      0x168 .\CortexM3\ARM_GCC_484\Debug\ENG3091_MandM.a(cyfitter_cfg.o)
                0x000038bc                cyfitter_cfg
 .text.SDAT_A_Write
                0x00003a24       0x18 .\CortexM3\ARM_GCC_484\Debug\ENG3091_MandM.a(SDAT_A.o)
                0x00003a24                SDAT_A_Write
 .text.SDAT_A_Read
                0x00003a3c       0x10 .\CortexM3\ARM_GCC_484\Debug\ENG3091_MandM.a(SDAT_A.o)
                0x00003a3c                SDAT_A_Read
 .text.SCLK_A_Write
                0x00003a4c       0x18 .\CortexM3\ARM_GCC_484\Debug\ENG3091_MandM.a(SCLK_A.o)
                0x00003a4c                SCLK_A_Write
 .text.SCLK_A_Read
                0x00003a64       0x10 .\CortexM3\ARM_GCC_484\Debug\ENG3091_MandM.a(SCLK_A.o)
                0x00003a64                SCLK_A_Read
 .text.SCLK_A_ClearInterrupt
                0x00003a74       0x10 .\CortexM3\ARM_GCC_484\Debug\ENG3091_MandM.a(SCLK_A.o)
                0x00003a74                SCLK_A_ClearInterrupt
 .text.sclk_a_isr_SetVector
                0x00003a84        0xc .\CortexM3\ARM_GCC_484\Debug\ENG3091_MandM.a(sclk_a_isr.o)
                0x00003a84                sclk_a_isr_SetVector
 .text.sclk_a_isr_SetPriority
                0x00003a90       0x10 .\CortexM3\ARM_GCC_484\Debug\ENG3091_MandM.a(sclk_a_isr.o)
                0x00003a90                sclk_a_isr_SetPriority
 .text.sclk_a_isr_Enable
                0x00003aa0        0xc .\CortexM3\ARM_GCC_484\Debug\ENG3091_MandM.a(sclk_a_isr.o)
                0x00003aa0                sclk_a_isr_Enable
 .text.sclk_a_isr_Disable
                0x00003aac        0xc .\CortexM3\ARM_GCC_484\Debug\ENG3091_MandM.a(sclk_a_isr.o)
                0x00003aac                sclk_a_isr_Disable
 .text.sclk_a_isr_StartEx
                0x00003ab8       0x1c .\CortexM3\ARM_GCC_484\Debug\ENG3091_MandM.a(sclk_a_isr.o)
                0x00003ab8                sclk_a_isr_StartEx
 .text.sclk_a_isr_Stop
                0x00003ad4       0x14 .\CortexM3\ARM_GCC_484\Debug\ENG3091_MandM.a(sclk_a_isr.o)
                0x00003ad4                sclk_a_isr_Stop
 .text.SCLK_B_Write
                0x00003ae8       0x18 .\CortexM3\ARM_GCC_484\Debug\ENG3091_MandM.a(SCLK_B.o)
                0x00003ae8                SCLK_B_Write
 .text.SCLK_B_Read
                0x00003b00       0x10 .\CortexM3\ARM_GCC_484\Debug\ENG3091_MandM.a(SCLK_B.o)
                0x00003b00                SCLK_B_Read
 .text.SCLK_B_ClearInterrupt
                0x00003b10       0x10 .\CortexM3\ARM_GCC_484\Debug\ENG3091_MandM.a(SCLK_B.o)
                0x00003b10                SCLK_B_ClearInterrupt
 .text.SDAT_B_Write
                0x00003b20       0x18 .\CortexM3\ARM_GCC_484\Debug\ENG3091_MandM.a(SDAT_B.o)
                0x00003b20                SDAT_B_Write
 .text.SDAT_B_Read
                0x00003b38       0x10 .\CortexM3\ARM_GCC_484\Debug\ENG3091_MandM.a(SDAT_B.o)
                0x00003b38                SDAT_B_Read
 .text.sclk_b_isr_SetVector
                0x00003b48        0xc .\CortexM3\ARM_GCC_484\Debug\ENG3091_MandM.a(sclk_b_isr.o)
                0x00003b48                sclk_b_isr_SetVector
 .text.sclk_b_isr_SetPriority
                0x00003b54       0x10 .\CortexM3\ARM_GCC_484\Debug\ENG3091_MandM.a(sclk_b_isr.o)
                0x00003b54                sclk_b_isr_SetPriority
 .text.sclk_b_isr_Enable
                0x00003b64       0x10 .\CortexM3\ARM_GCC_484\Debug\ENG3091_MandM.a(sclk_b_isr.o)
                0x00003b64                sclk_b_isr_Enable
 .text.sclk_b_isr_Disable
                0x00003b74       0x10 .\CortexM3\ARM_GCC_484\Debug\ENG3091_MandM.a(sclk_b_isr.o)
                0x00003b74                sclk_b_isr_Disable
 .text.sclk_b_isr_StartEx
                0x00003b84       0x1c .\CortexM3\ARM_GCC_484\Debug\ENG3091_MandM.a(sclk_b_isr.o)
                0x00003b84                sclk_b_isr_StartEx
 .text.sclk_b_isr_Stop
                0x00003ba0       0x14 .\CortexM3\ARM_GCC_484\Debug\ENG3091_MandM.a(sclk_b_isr.o)
                0x00003ba0                sclk_b_isr_Stop
 .text.Timer_Enable
                0x00003bb4       0x10 .\CortexM3\ARM_GCC_484\Debug\ENG3091_MandM.a(Timer.o)
                0x00003bb4                Timer_Enable
 .text.Timer_SetInterruptMode
                0x00003bc4        0xc .\CortexM3\ARM_GCC_484\Debug\ENG3091_MandM.a(Timer.o)
                0x00003bc4                Timer_SetInterruptMode
 .text.Timer_ReadStatusRegister
                0x00003bd0        0xc .\CortexM3\ARM_GCC_484\Debug\ENG3091_MandM.a(Timer.o)
                0x00003bd0                Timer_ReadStatusRegister
 .text.Timer_WritePeriod
                0x00003bdc       0x10 .\CortexM3\ARM_GCC_484\Debug\ENG3091_MandM.a(Timer.o)
                0x00003bdc                Timer_WritePeriod
 .text.Timer_ReadCapture
                0x00003bec       0x10 .\CortexM3\ARM_GCC_484\Debug\ENG3091_MandM.a(Timer.o)
                0x00003bec                Timer_ReadCapture
 .text.Timer_WriteCounter
                0x00003bfc       0x10 .\CortexM3\ARM_GCC_484\Debug\ENG3091_MandM.a(Timer.o)
                0x00003bfc                Timer_WriteCounter
 .text.Timer_ReadCounter
                0x00003c0c       0x18 .\CortexM3\ARM_GCC_484\Debug\ENG3091_MandM.a(Timer.o)
                0x00003c0c                Timer_ReadCounter
 .text.Timer_ClearFIFO
                0x00003c24       0x14 .\CortexM3\ARM_GCC_484\Debug\ENG3091_MandM.a(Timer.o)
                0x00003c24                Timer_ClearFIFO
 .text.Timer_Init
                0x00003c38       0x34 .\CortexM3\ARM_GCC_484\Debug\ENG3091_MandM.a(Timer.o)
                0x00003c38                Timer_Init
 .text.Timer_Start
                0x00003c6c       0x1c .\CortexM3\ARM_GCC_484\Debug\ENG3091_MandM.a(Timer.o)
                0x00003c6c                Timer_Start
 .text.WHITE_Write
                0x00003c88       0x18 .\CortexM3\ARM_GCC_484\Debug\ENG3091_MandM.a(WHITE.o)
                0x00003c88                WHITE_Write
 .text.BLUE_Write
                0x00003ca0       0x18 .\CortexM3\ARM_GCC_484\Debug\ENG3091_MandM.a(BLUE.o)
                0x00003ca0                BLUE_Write
 .text.ORANGE_Write
                0x00003cb8       0x18 .\CortexM3\ARM_GCC_484\Debug\ENG3091_MandM.a(ORANGE.o)
                0x00003cb8                ORANGE_Write
 .text          0x00003cd0       0x28 .\CortexM3\ARM_GCC_484\Debug\ENG3091_MandM.a(CyBootAsmGnu.o)
                0x00003cd0                CyDelayCycles
                0x00003ce4                CyEnterCriticalSection
                0x00003cec                CyExitCriticalSection
 .text.CyDmacConfigure
                0x00003cf8       0x34 .\CortexM3\ARM_GCC_484\Debug\ENG3091_MandM.a(CyDmac.o)
                0x00003cf8                CyDmacConfigure
 .text.CyHalt   0x00003d2c        0x4 .\CortexM3\ARM_GCC_484\Debug\ENG3091_MandM.a(CyLib.o)
                0x00003d2c                CyHalt
 .text.CyDelay  0x00003d30       0x2c .\CortexM3\ARM_GCC_484\Debug\ENG3091_MandM.a(CyLib.o)
                0x00003d30                CyDelay
 .text.CyDelayUs
                0x00003d5c       0x14 .\CortexM3\ARM_GCC_484\Debug\ENG3091_MandM.a(CyLib.o)
                0x00003d5c                CyDelayUs
 .text.CyIntSetVector
                0x00003d70       0x28 .\CortexM3\ARM_GCC_484\Debug\ENG3091_MandM.a(CyLib.o)
                0x00003d70                CyIntSetVector
 .text.CyIntSetPriority
                0x00003d98       0x30 .\CortexM3\ARM_GCC_484\Debug\ENG3091_MandM.a(CyLib.o)
                0x00003d98                CyIntSetPriority
 .text.CySetReg24
                0x00003dc8       0x14 .\CortexM3\ARM_GCC_484\Debug\ENG3091_MandM.a(cyutils.o)
                0x00003dc8                CySetReg24
 .text.LCD_WrCntrlNib
                0x00003ddc       0x34 .\CortexM3\ARM_GCC_484\Debug\ENG3091_MandM.a(LCD.o)
 .text.LCD_WrDatNib
                0x00003e10       0x3c .\CortexM3\ARM_GCC_484\Debug\ENG3091_MandM.a(LCD.o)
 .text.LCD_WriteData
                0x00003e4c       0x20 .\CortexM3\ARM_GCC_484\Debug\ENG3091_MandM.a(LCD.o)
                0x00003e4c                LCD_WriteData
 .text.LCD_PrintString
                0x00003e6c       0x1c .\CortexM3\ARM_GCC_484\Debug\ENG3091_MandM.a(LCD.o)
                0x00003e6c                LCD_PrintString
 .text.LCD_WriteControl
                0x00003e88       0x24 .\CortexM3\ARM_GCC_484\Debug\ENG3091_MandM.a(LCD.o)
                0x00003e88                LCD_WriteControl
 .text.LCD_Init
                0x00003eac       0x6c .\CortexM3\ARM_GCC_484\Debug\ENG3091_MandM.a(LCD.o)
                0x00003eac                LCD_Init
 .text.LCD_Enable
                0x00003f18       0x14 .\CortexM3\ARM_GCC_484\Debug\ENG3091_MandM.a(LCD.o)
                0x00003f18                LCD_Enable
 .text.LCD_Start
                0x00003f2c       0x1c .\CortexM3\ARM_GCC_484\Debug\ENG3091_MandM.a(LCD.o)
                0x00003f2c                LCD_Start
 .text.LCD_Position
                0x00003f48       0x3c .\CortexM3\ARM_GCC_484\Debug\ENG3091_MandM.a(LCD.o)
                0x00003f48                LCD_Position
 .text.but1_SetVector
                0x00003f84        0xc .\CortexM3\ARM_GCC_484\Debug\ENG3091_MandM.a(but1.o)
                0x00003f84                but1_SetVector
 .text.but1_SetPriority
                0x00003f90       0x10 .\CortexM3\ARM_GCC_484\Debug\ENG3091_MandM.a(but1.o)
                0x00003f90                but1_SetPriority
 .text.but1_Enable
                0x00003fa0       0x10 .\CortexM3\ARM_GCC_484\Debug\ENG3091_MandM.a(but1.o)
                0x00003fa0                but1_Enable
 .text.but1_Disable
                0x00003fb0       0x10 .\CortexM3\ARM_GCC_484\Debug\ENG3091_MandM.a(but1.o)
                0x00003fb0                but1_Disable
 .text.but1_StartEx
                0x00003fc0       0x1c .\CortexM3\ARM_GCC_484\Debug\ENG3091_MandM.a(but1.o)
                0x00003fc0                but1_StartEx
 .text.but1_ClearPending
                0x00003fdc       0x10 .\CortexM3\ARM_GCC_484\Debug\ENG3091_MandM.a(but1.o)
                0x00003fdc                but1_ClearPending
 .text.but0_SetVector
                0x00003fec        0xc .\CortexM3\ARM_GCC_484\Debug\ENG3091_MandM.a(but0.o)
                0x00003fec                but0_SetVector
 .text.but0_SetPriority
                0x00003ff8       0x10 .\CortexM3\ARM_GCC_484\Debug\ENG3091_MandM.a(but0.o)
                0x00003ff8                but0_SetPriority
 .text.but0_Enable
                0x00004008        0xc .\CortexM3\ARM_GCC_484\Debug\ENG3091_MandM.a(but0.o)
                0x00004008                but0_Enable
 .text.but0_Disable
                0x00004014        0xc .\CortexM3\ARM_GCC_484\Debug\ENG3091_MandM.a(but0.o)
                0x00004014                but0_Disable
 .text.but0_StartEx
                0x00004020       0x1c .\CortexM3\ARM_GCC_484\Debug\ENG3091_MandM.a(but0.o)
                0x00004020                but0_StartEx
 .text.but0_ClearPending
                0x0000403c        0xc .\CortexM3\ARM_GCC_484\Debug\ENG3091_MandM.a(but0.o)
                0x0000403c                but0_ClearPending
 .text.Button_PWM_Enable
                0x00004048       0x28 .\CortexM3\ARM_GCC_484\Debug\ENG3091_MandM.a(Button_PWM.o)
                0x00004048                Button_PWM_Enable
 .text.Button_PWM_WritePeriod
                0x00004070        0xc .\CortexM3\ARM_GCC_484\Debug\ENG3091_MandM.a(Button_PWM.o)
                0x00004070                Button_PWM_WritePeriod
 .text.Button_PWM_WriteCompare
                0x0000407c        0xc .\CortexM3\ARM_GCC_484\Debug\ENG3091_MandM.a(Button_PWM.o)
                0x0000407c                Button_PWM_WriteCompare
 .text.Button_PWM_SetInterruptMode
                0x00004088        0xc .\CortexM3\ARM_GCC_484\Debug\ENG3091_MandM.a(Button_PWM.o)
                0x00004088                Button_PWM_SetInterruptMode
 .text.Button_PWM_Init
                0x00004094       0x70 .\CortexM3\ARM_GCC_484\Debug\ENG3091_MandM.a(Button_PWM.o)
                0x00004094                Button_PWM_Init
 .text.Button_PWM_Start
                0x00004104       0x1c .\CortexM3\ARM_GCC_484\Debug\ENG3091_MandM.a(Button_PWM.o)
                0x00004104                Button_PWM_Start
 .text.MOTOR_R_Enable
                0x00004120       0x28 .\CortexM3\ARM_GCC_484\Debug\ENG3091_MandM.a(MOTOR_R.o)
                0x00004120                MOTOR_R_Enable
 .text.MOTOR_R_WritePeriod
                0x00004148        0xc .\CortexM3\ARM_GCC_484\Debug\ENG3091_MandM.a(MOTOR_R.o)
                0x00004148                MOTOR_R_WritePeriod
 .text.MOTOR_R_WriteCompare
                0x00004154        0xc .\CortexM3\ARM_GCC_484\Debug\ENG3091_MandM.a(MOTOR_R.o)
                0x00004154                MOTOR_R_WriteCompare
 .text.MOTOR_R_SetInterruptMode
                0x00004160        0xc .\CortexM3\ARM_GCC_484\Debug\ENG3091_MandM.a(MOTOR_R.o)
                0x00004160                MOTOR_R_SetInterruptMode
 .text.MOTOR_R_Init
                0x0000416c       0x70 .\CortexM3\ARM_GCC_484\Debug\ENG3091_MandM.a(MOTOR_R.o)
                0x0000416c                MOTOR_R_Init
 .text.MOTOR_R_Start
                0x000041dc       0x1c .\CortexM3\ARM_GCC_484\Debug\ENG3091_MandM.a(MOTOR_R.o)
                0x000041dc                MOTOR_R_Start
 .text.MOTOR_L_Enable
                0x000041f8       0x28 .\CortexM3\ARM_GCC_484\Debug\ENG3091_MandM.a(MOTOR_L.o)
                0x000041f8                MOTOR_L_Enable
 .text.MOTOR_L_WritePeriod
                0x00004220        0xc .\CortexM3\ARM_GCC_484\Debug\ENG3091_MandM.a(MOTOR_L.o)
                0x00004220                MOTOR_L_WritePeriod
 .text.MOTOR_L_WriteCompare
                0x0000422c        0xc .\CortexM3\ARM_GCC_484\Debug\ENG3091_MandM.a(MOTOR_L.o)
                0x0000422c                MOTOR_L_WriteCompare
 .text.MOTOR_L_SetInterruptMode
                0x00004238        0xc .\CortexM3\ARM_GCC_484\Debug\ENG3091_MandM.a(MOTOR_L.o)
                0x00004238                MOTOR_L_SetInterruptMode
 .text.MOTOR_L_Init
                0x00004244       0x70 .\CortexM3\ARM_GCC_484\Debug\ENG3091_MandM.a(MOTOR_L.o)
                0x00004244                MOTOR_L_Init
 .text.MOTOR_L_Start
                0x000042b4       0x1c .\CortexM3\ARM_GCC_484\Debug\ENG3091_MandM.a(MOTOR_L.o)
                0x000042b4                MOTOR_L_Start
 .text.MLIN1_Write
                0x000042d0       0x18 .\CortexM3\ARM_GCC_484\Debug\ENG3091_MandM.a(MLIN1.o)
                0x000042d0                MLIN1_Write
 .text.MLIN2_Write
                0x000042e8       0x18 .\CortexM3\ARM_GCC_484\Debug\ENG3091_MandM.a(MLIN2.o)
                0x000042e8                MLIN2_Write
 .text.MRIN1_Write
                0x00004300       0x18 .\CortexM3\ARM_GCC_484\Debug\ENG3091_MandM.a(MRIN1.o)
                0x00004300                MRIN1_Write
 .text.MRIN2_Write
                0x00004318       0x18 .\CortexM3\ARM_GCC_484\Debug\ENG3091_MandM.a(MRIN2.o)
                0x00004318                MRIN2_Write
 .text.Gripper_PWM_Enable
                0x00004330       0x28 .\CortexM3\ARM_GCC_484\Debug\ENG3091_MandM.a(Gripper_PWM.o)
                0x00004330                Gripper_PWM_Enable
 .text.Gripper_PWM_WritePeriod
                0x00004358        0xc .\CortexM3\ARM_GCC_484\Debug\ENG3091_MandM.a(Gripper_PWM.o)
                0x00004358                Gripper_PWM_WritePeriod
 .text.Gripper_PWM_WriteCompare
                0x00004364        0xc .\CortexM3\ARM_GCC_484\Debug\ENG3091_MandM.a(Gripper_PWM.o)
                0x00004364                Gripper_PWM_WriteCompare
 .text.Gripper_PWM_SetInterruptMode
                0x00004370        0xc .\CortexM3\ARM_GCC_484\Debug\ENG3091_MandM.a(Gripper_PWM.o)
                0x00004370                Gripper_PWM_SetInterruptMode
 .text.Gripper_PWM_Init
                0x0000437c       0x70 .\CortexM3\ARM_GCC_484\Debug\ENG3091_MandM.a(Gripper_PWM.o)
                0x0000437c                Gripper_PWM_Init
 .text.Gripper_PWM_Start
                0x000043ec       0x1c .\CortexM3\ARM_GCC_484\Debug\ENG3091_MandM.a(Gripper_PWM.o)
                0x000043ec                Gripper_PWM_Start
 .text.I2C_Init
                0x00004408       0x7c .\CortexM3\ARM_GCC_484\Debug\ENG3091_MandM.a(I2C.o)
                0x00004408                I2C_Init
 .text.I2C_Enable
                0x00004484       0x10 .\CortexM3\ARM_GCC_484\Debug\ENG3091_MandM.a(I2C.o)
                0x00004484                I2C_Enable
 .text.I2C_Start
                0x00004494       0x28 .\CortexM3\ARM_GCC_484\Debug\ENG3091_MandM.a(I2C.o)
                0x00004494                I2C_Start
 .text.I2C_ISR  0x000044bc      0x324 .\CortexM3\ARM_GCC_484\Debug\ENG3091_MandM.a(I2C_INT.o)
                0x000044bc                I2C_ISR
 .text.I2C_MasterSendStart
                0x000047e0       0x94 .\CortexM3\ARM_GCC_484\Debug\ENG3091_MandM.a(I2C_MASTER.o)
                0x000047e0                I2C_MasterSendStart
 .text.I2C_MasterSendStop
                0x00004874       0x50 .\CortexM3\ARM_GCC_484\Debug\ENG3091_MandM.a(I2C_MASTER.o)
                0x00004874                I2C_MasterSendStop
 .text.I2C_MasterWriteByte
                0x000048c4       0x6c .\CortexM3\ARM_GCC_484\Debug\ENG3091_MandM.a(I2C_MASTER.o)
                0x000048c4                I2C_MasterWriteByte
 .text.I2C_MasterReadByte
                0x00004930       0x88 .\CortexM3\ARM_GCC_484\Debug\ENG3091_MandM.a(I2C_MASTER.o)
                0x00004930                I2C_MasterReadByte
 .text.HC_PWM_Enable
                0x000049b8       0x10 .\CortexM3\ARM_GCC_484\Debug\ENG3091_MandM.a(HC_PWM.o)
                0x000049b8                HC_PWM_Enable
 .text.HC_PWM_WriteCounter
                0x000049c8        0xc .\CortexM3\ARM_GCC_484\Debug\ENG3091_MandM.a(HC_PWM.o)
                0x000049c8                HC_PWM_WriteCounter
 .text.HC_PWM_WritePeriod
                0x000049d4        0xc .\CortexM3\ARM_GCC_484\Debug\ENG3091_MandM.a(HC_PWM.o)
                0x000049d4                HC_PWM_WritePeriod
 .text.HC_PWM_WriteCompare1
                0x000049e0        0xc .\CortexM3\ARM_GCC_484\Debug\ENG3091_MandM.a(HC_PWM.o)
                0x000049e0                HC_PWM_WriteCompare1
 .text.HC_PWM_WriteCompare2
                0x000049ec        0xc .\CortexM3\ARM_GCC_484\Debug\ENG3091_MandM.a(HC_PWM.o)
                0x000049ec                HC_PWM_WriteCompare2
 .text.HC_PWM_SetInterruptMode
                0x000049f8        0xc .\CortexM3\ARM_GCC_484\Debug\ENG3091_MandM.a(HC_PWM.o)
                0x000049f8                HC_PWM_SetInterruptMode
 .text.HC_PWM_ReadStatusRegister
                0x00004a04        0xc .\CortexM3\ARM_GCC_484\Debug\ENG3091_MandM.a(HC_PWM.o)
                0x00004a04                HC_PWM_ReadStatusRegister
 .text.HC_PWM_ReadCapture
                0x00004a10        0xc .\CortexM3\ARM_GCC_484\Debug\ENG3091_MandM.a(HC_PWM.o)
                0x00004a10                HC_PWM_ReadCapture
 .text.HC_PWM_ClearFIFO
                0x00004a1c       0x14 .\CortexM3\ARM_GCC_484\Debug\ENG3091_MandM.a(HC_PWM.o)
                0x00004a1c                HC_PWM_ClearFIFO
 .text.HC_PWM_Init
                0x00004a30       0x68 .\CortexM3\ARM_GCC_484\Debug\ENG3091_MandM.a(HC_PWM.o)
                0x00004a30                HC_PWM_Init
 .text.HC_PWM_Start
                0x00004a98       0x1c .\CortexM3\ARM_GCC_484\Debug\ENG3091_MandM.a(HC_PWM.o)
                0x00004a98                HC_PWM_Start
 .text.HC_ISR_SetVector
                0x00004ab4        0xc .\CortexM3\ARM_GCC_484\Debug\ENG3091_MandM.a(HC_ISR.o)
                0x00004ab4                HC_ISR_SetVector
 .text.HC_ISR_SetPriority
                0x00004ac0       0x10 .\CortexM3\ARM_GCC_484\Debug\ENG3091_MandM.a(HC_ISR.o)
                0x00004ac0                HC_ISR_SetPriority
 .text.HC_ISR_Enable
                0x00004ad0        0xc .\CortexM3\ARM_GCC_484\Debug\ENG3091_MandM.a(HC_ISR.o)
                0x00004ad0                HC_ISR_Enable
 .text.HC_ISR_Disable
                0x00004adc        0xc .\CortexM3\ARM_GCC_484\Debug\ENG3091_MandM.a(HC_ISR.o)
                0x00004adc                HC_ISR_Disable
 .text.HC_ISR_StartEx
                0x00004ae8       0x1c .\CortexM3\ARM_GCC_484\Debug\ENG3091_MandM.a(HC_ISR.o)
                0x00004ae8                HC_ISR_StartEx
 .text.HC_ISR_ClearPending
                0x00004b04        0xc .\CortexM3\ARM_GCC_484\Debug\ENG3091_MandM.a(HC_ISR.o)
                0x00004b04                HC_ISR_ClearPending
 .text.HC_Timer_SetInterruptMode
                0x00004b10        0xc .\CortexM3\ARM_GCC_484\Debug\ENG3091_MandM.a(HC_Timer.o)
                0x00004b10                HC_Timer_SetInterruptMode
 .text.HC_Timer_ReadStatusRegister
                0x00004b1c        0xc .\CortexM3\ARM_GCC_484\Debug\ENG3091_MandM.a(HC_Timer.o)
                0x00004b1c                HC_Timer_ReadStatusRegister
 .text.HC_Timer_WritePeriod
                0x00004b28        0xc .\CortexM3\ARM_GCC_484\Debug\ENG3091_MandM.a(HC_Timer.o)
                0x00004b28                HC_Timer_WritePeriod
 .text.HC_Timer_ReadCapture
                0x00004b34        0xc .\CortexM3\ARM_GCC_484\Debug\ENG3091_MandM.a(HC_Timer.o)
                0x00004b34                HC_Timer_ReadCapture
 .text.HC_Timer_WriteCounter
                0x00004b40        0xc .\CortexM3\ARM_GCC_484\Debug\ENG3091_MandM.a(HC_Timer.o)
                0x00004b40                HC_Timer_WriteCounter
 .text.HC_Timer_ReadCounter
                0x00004b4c       0x14 .\CortexM3\ARM_GCC_484\Debug\ENG3091_MandM.a(HC_Timer.o)
                0x00004b4c                HC_Timer_ReadCounter
 .text.HC_Timer_ClearFIFO
                0x00004b60       0x14 .\CortexM3\ARM_GCC_484\Debug\ENG3091_MandM.a(HC_Timer.o)
                0x00004b60                HC_Timer_ClearFIFO
 .text.HC_Timer_Init
                0x00004b74       0x34 .\CortexM3\ARM_GCC_484\Debug\ENG3091_MandM.a(HC_Timer.o)
                0x00004b74                HC_Timer_Init
 .text.HC_Timer_Start
                0x00004ba8       0x18 .\CortexM3\ARM_GCC_484\Debug\ENG3091_MandM.a(HC_Timer.o)
                0x00004ba8                HC_Timer_Start
 .text.Arm_PWM_Enable
                0x00004bc0       0x10 .\CortexM3\ARM_GCC_484\Debug\ENG3091_MandM.a(Arm_PWM.o)
                0x00004bc0                Arm_PWM_Enable
 .text.Arm_PWM_WriteCounter
                0x00004bd0        0xc .\CortexM3\ARM_GCC_484\Debug\ENG3091_MandM.a(Arm_PWM.o)
                0x00004bd0                Arm_PWM_WriteCounter
 .text.Arm_PWM_WritePeriod
                0x00004bdc        0xc .\CortexM3\ARM_GCC_484\Debug\ENG3091_MandM.a(Arm_PWM.o)
                0x00004bdc                Arm_PWM_WritePeriod
 .text.Arm_PWM_WriteCompare
                0x00004be8        0xc .\CortexM3\ARM_GCC_484\Debug\ENG3091_MandM.a(Arm_PWM.o)
                0x00004be8                Arm_PWM_WriteCompare
 .text.Arm_PWM_SetInterruptMode
                0x00004bf4        0xc .\CortexM3\ARM_GCC_484\Debug\ENG3091_MandM.a(Arm_PWM.o)
                0x00004bf4                Arm_PWM_SetInterruptMode
 .text.Arm_PWM_ReadStatusRegister
                0x00004c00        0xc .\CortexM3\ARM_GCC_484\Debug\ENG3091_MandM.a(Arm_PWM.o)
                0x00004c00                Arm_PWM_ReadStatusRegister
 .text.Arm_PWM_ReadCapture
                0x00004c0c        0xc .\CortexM3\ARM_GCC_484\Debug\ENG3091_MandM.a(Arm_PWM.o)
                0x00004c0c                Arm_PWM_ReadCapture
 .text.Arm_PWM_ClearFIFO
                0x00004c18       0x14 .\CortexM3\ARM_GCC_484\Debug\ENG3091_MandM.a(Arm_PWM.o)
                0x00004c18                Arm_PWM_ClearFIFO
 .text.Arm_PWM_Init
                0x00004c2c       0x5c .\CortexM3\ARM_GCC_484\Debug\ENG3091_MandM.a(Arm_PWM.o)
                0x00004c2c                Arm_PWM_Init
 .text.Arm_PWM_Start
                0x00004c88       0x1c .\CortexM3\ARM_GCC_484\Debug\ENG3091_MandM.a(Arm_PWM.o)
                0x00004c88                Arm_PWM_Start
 .text.Compass_DRDY_ISR_SetVector
                0x00004ca4        0xc .\CortexM3\ARM_GCC_484\Debug\ENG3091_MandM.a(Compass_DRDY_ISR.o)
                0x00004ca4                Compass_DRDY_ISR_SetVector
 .text.Compass_DRDY_ISR_SetPriority
                0x00004cb0       0x10 .\CortexM3\ARM_GCC_484\Debug\ENG3091_MandM.a(Compass_DRDY_ISR.o)
                0x00004cb0                Compass_DRDY_ISR_SetPriority
 .text.Compass_DRDY_ISR_Enable
                0x00004cc0        0xc .\CortexM3\ARM_GCC_484\Debug\ENG3091_MandM.a(Compass_DRDY_ISR.o)
                0x00004cc0                Compass_DRDY_ISR_Enable
 .text.Compass_DRDY_ISR_Disable
                0x00004ccc        0xc .\CortexM3\ARM_GCC_484\Debug\ENG3091_MandM.a(Compass_DRDY_ISR.o)
                0x00004ccc                Compass_DRDY_ISR_Disable
 .text.Compass_DRDY_ISR_StartEx
                0x00004cd8       0x1c .\CortexM3\ARM_GCC_484\Debug\ENG3091_MandM.a(Compass_DRDY_ISR.o)
                0x00004cd8                Compass_DRDY_ISR_StartEx
 .text.Compass_DRDY_ISR_ClearPending
                0x00004cf4        0xc .\CortexM3\ARM_GCC_484\Debug\ENG3091_MandM.a(Compass_DRDY_ISR.o)
                0x00004cf4                Compass_DRDY_ISR_ClearPending
 .text.cos      0x00004d00       0x8c c:/program files (x86)/cypress/psoc creator/3.2/psoc creator/import/gnu/arm/4.8.4/bin/../lib/gcc/arm-none-eabi/4.8.4/../../../../arm-none-eabi/lib/armv7-m\libm.a(lib_a-s_cos.o)
                0x00004d00                cos
 .text.sin      0x00004d8c       0x94 c:/program files (x86)/cypress/psoc creator/3.2/psoc creator/import/gnu/arm/4.8.4/bin/../lib/gcc/arm-none-eabi/4.8.4/../../../../arm-none-eabi/lib/armv7-m\libm.a(lib_a-s_sin.o)
                0x00004d8c                sin
 .text.atan2    0x00004e20        0x4 c:/program files (x86)/cypress/psoc creator/3.2/psoc creator/import/gnu/arm/4.8.4/bin/../lib/gcc/arm-none-eabi/4.8.4/../../../../arm-none-eabi/lib/armv7-m\libm.a(lib_a-w_atan2.o)
                0x00004e20                atan2
 *fill*         0x00004e24        0x4 
 .text.__ieee754_atan2
                0x00004e28      0x1f0 c:/program files (x86)/cypress/psoc creator/3.2/psoc creator/import/gnu/arm/4.8.4/bin/../lib/gcc/arm-none-eabi/4.8.4/../../../../arm-none-eabi/lib/armv7-m\libm.a(lib_a-e_atan2.o)
                0x00004e28                __ieee754_atan2
 .text.__ieee754_rem_pio2
                0x00005018      0x440 c:/program files (x86)/cypress/psoc creator/3.2/psoc creator/import/gnu/arm/4.8.4/bin/../lib/gcc/arm-none-eabi/4.8.4/../../../../arm-none-eabi/lib/armv7-m\libm.a(lib_a-e_rem_pio2.o)
                0x00005018                __ieee754_rem_pio2
 .text.__kernel_cos
                0x00005458      0x248 c:/program files (x86)/cypress/psoc creator/3.2/psoc creator/import/gnu/arm/4.8.4/bin/../lib/gcc/arm-none-eabi/4.8.4/../../../../arm-none-eabi/lib/armv7-m\libm.a(lib_a-k_cos.o)
                0x00005458                __kernel_cos
 .text.__kernel_rem_pio2
                0x000056a0      0x7bc c:/program files (x86)/cypress/psoc creator/3.2/psoc creator/import/gnu/arm/4.8.4/bin/../lib/gcc/arm-none-eabi/4.8.4/../../../../arm-none-eabi/lib/armv7-m\libm.a(lib_a-k_rem_pio2.o)
                0x000056a0                __kernel_rem_pio2
 *fill*         0x00005e5c        0x4 
 .text.__kernel_sin
                0x00005e60      0x170 c:/program files (x86)/cypress/psoc creator/3.2/psoc creator/import/gnu/arm/4.8.4/bin/../lib/gcc/arm-none-eabi/4.8.4/../../../../arm-none-eabi/lib/armv7-m\libm.a(lib_a-k_sin.o)
                0x00005e60                __kernel_sin
 .text.atan     0x00005fd0      0x350 c:/program files (x86)/cypress/psoc creator/3.2/psoc creator/import/gnu/arm/4.8.4/bin/../lib/gcc/arm-none-eabi/4.8.4/../../../../arm-none-eabi/lib/armv7-m\libm.a(lib_a-s_atan.o)
                0x00005fd0                atan
 .text.fabs     0x00006320        0x8 c:/program files (x86)/cypress/psoc creator/3.2/psoc creator/import/gnu/arm/4.8.4/bin/../lib/gcc/arm-none-eabi/4.8.4/../../../../arm-none-eabi/lib/armv7-m\libm.a(lib_a-s_fabs.o)
                0x00006320                fabs
 .text.floor    0x00006328      0x120 c:/program files (x86)/cypress/psoc creator/3.2/psoc creator/import/gnu/arm/4.8.4/bin/../lib/gcc/arm-none-eabi/4.8.4/../../../../arm-none-eabi/lib/armv7-m\libm.a(lib_a-s_floor.o)
                0x00006328                floor
 .text.scalbn   0x00006448      0x100 c:/program files (x86)/cypress/psoc creator/3.2/psoc creator/import/gnu/arm/4.8.4/bin/../lib/gcc/arm-none-eabi/4.8.4/../../../../arm-none-eabi/lib/armv7-m\libm.a(lib_a-s_scalbn.o)
                0x00006448                scalbn
 .text.copysign
                0x00006548       0x14 c:/program files (x86)/cypress/psoc creator/3.2/psoc creator/import/gnu/arm/4.8.4/bin/../lib/gcc/arm-none-eabi/4.8.4/../../../../arm-none-eabi/lib/armv7-m\libm.a(lib_a-s_copysign.o)
                0x00006548                copysign
 .text          0x0000655c      0x370 c:/program files (x86)/cypress/psoc creator/3.2/psoc creator/import/gnu/arm/4.8.4/bin/../lib/gcc/arm-none-eabi/4.8.4/armv7-m\libgcc.a(_arm_addsubdf3.o)
                0x0000655c                __aeabi_drsub
                0x00006564                __aeabi_dsub
                0x00006564                __subdf3
                0x00006568                __aeabi_dadd
                0x00006568                __adddf3
                0x000067e0                __floatunsidf
                0x000067e0                __aeabi_ui2d
                0x00006800                __floatsidf
                0x00006800                __aeabi_i2d
                0x00006824                __aeabi_f2d
                0x00006824                __extendsfdf2
                0x00006860                __floatundidf
                0x00006860                __aeabi_ul2d
                0x00006870                __floatdidf
                0x00006870                __aeabi_l2d
 .text          0x000068cc      0x424 c:/program files (x86)/cypress/psoc creator/3.2/psoc creator/import/gnu/arm/4.8.4/bin/../lib/gcc/arm-none-eabi/4.8.4/armv7-m\libgcc.a(_arm_muldivdf3.o)
                0x000068cc                __aeabi_dmul
                0x000068cc                __muldf3
                0x00006b20                __divdf3
                0x00006b20                __aeabi_ddiv
 .text          0x00006cf0      0x110 c:/program files (x86)/cypress/psoc creator/3.2/psoc creator/import/gnu/arm/4.8.4/bin/../lib/gcc/arm-none-eabi/4.8.4/armv7-m\libgcc.a(_arm_cmpdf2.o)
                0x00006cf0                __gtdf2
                0x00006cf0                __gedf2
                0x00006cf8                __ltdf2
                0x00006cf8                __ledf2
                0x00006d00                __nedf2
                0x00006d00                __eqdf2
                0x00006d00                __cmpdf2
                0x00006d7c                __aeabi_cdrcmple
                0x00006d8c                __aeabi_cdcmpeq
                0x00006d8c                __aeabi_cdcmple
                0x00006d9c                __aeabi_dcmpeq
                0x00006db0                __aeabi_dcmplt
                0x00006dc4                __aeabi_dcmple
                0x00006dd8                __aeabi_dcmpge
                0x00006dec                __aeabi_dcmpgt
 .text          0x00006e00       0x50 c:/program files (x86)/cypress/psoc creator/3.2/psoc creator/import/gnu/arm/4.8.4/bin/../lib/gcc/arm-none-eabi/4.8.4/armv7-m\libgcc.a(_arm_fixdfsi.o)
                0x00006e00                __aeabi_d2iz
                0x00006e00                __fixdfsi
 .text          0x00006e50       0x40 c:/program files (x86)/cypress/psoc creator/3.2/psoc creator/import/gnu/arm/4.8.4/bin/../lib/gcc/arm-none-eabi/4.8.4/armv7-m\libgcc.a(_arm_fixunsdfsi.o)
                0x00006e50                __aeabi_d2uiz
                0x00006e50                __fixunsdfsi
 .text.__errno  0x00006e90        0xc c:/program files (x86)/cypress/psoc creator/3.2/psoc creator/import/gnu/arm/4.8.4/bin/../lib/gcc/arm-none-eabi/4.8.4/../../../../arm-none-eabi/lib/armv7-m\libg_s.a(lib_a-errno.o)
                0x00006e90                __errno
 .text.__libc_init_array
                0x00006e9c       0x4c c:/program files (x86)/cypress/psoc creator/3.2/psoc creator/import/gnu/arm/4.8.4/bin/../lib/gcc/arm-none-eabi/4.8.4/../../../../arm-none-eabi/lib/armv7-m\libg_s.a(lib_a-init.o)
                0x00006e9c                __libc_init_array
 .text.memcpy   0x00006ee8       0x12 c:/program files (x86)/cypress/psoc creator/3.2/psoc creator/import/gnu/arm/4.8.4/bin/../lib/gcc/arm-none-eabi/4.8.4/../../../../arm-none-eabi/lib/armv7-m\libg_s.a(lib_a-memcpy-stub.o)
                0x00006ee8                memcpy
 .text.memset   0x00006efa       0x10 c:/program files (x86)/cypress/psoc creator/3.2/psoc creator/import/gnu/arm/4.8.4/bin/../lib/gcc/arm-none-eabi/4.8.4/../../../../arm-none-eabi/lib/armv7-m\libg_s.a(lib_a-memset.o)
                0x00006efa                memset
 *fill*         0x00006f0a        0x2 
 .text.sprintf  0x00006f0c       0x48 c:/program files (x86)/cypress/psoc creator/3.2/psoc creator/import/gnu/arm/4.8.4/bin/../lib/gcc/arm-none-eabi/4.8.4/../../../../arm-none-eabi/lib/armv7-m\libg_s.a(lib_a-sprintf.o)
                0x00006f0c                siprintf
                0x00006f0c                sprintf
 .text.__ssputs_r
                0x00006f54       0xb8 c:/program files (x86)/cypress/psoc creator/3.2/psoc creator/import/gnu/arm/4.8.4/bin/../lib/gcc/arm-none-eabi/4.8.4/../../../../arm-none-eabi/lib/armv7-m\libg_s.a(lib_a-svfprintf.o)
                0x00006f54                __ssputs_r
 .text._svfprintf_r
                0x0000700c      0x1d8 c:/program files (x86)/cypress/psoc creator/3.2/psoc creator/import/gnu/arm/4.8.4/bin/../lib/gcc/arm-none-eabi/4.8.4/../../../../arm-none-eabi/lib/armv7-m\libg_s.a(lib_a-svfprintf.o)
                0x0000700c                _svfiprintf_r
                0x0000700c                _svfprintf_r
 .text._printf_common
                0x000071e4       0xe4 c:/program files (x86)/cypress/psoc creator/3.2/psoc creator/import/gnu/arm/4.8.4/bin/../lib/gcc/arm-none-eabi/4.8.4/../../../../arm-none-eabi/lib/armv7-m\libg_s.a(lib_a-vfprintf_i.o)
                0x000071e4                _printf_common
 .text._printf_i
                0x000072c8      0x228 c:/program files (x86)/cypress/psoc creator/3.2/psoc creator/import/gnu/arm/4.8.4/bin/../lib/gcc/arm-none-eabi/4.8.4/../../../../arm-none-eabi/lib/armv7-m\libg_s.a(lib_a-vfprintf_i.o)
                0x000072c8                _printf_i
 .text.memchr   0x000074f0       0x1c c:/program files (x86)/cypress/psoc creator/3.2/psoc creator/import/gnu/arm/4.8.4/bin/../lib/gcc/arm-none-eabi/4.8.4/../../../../arm-none-eabi/lib/armv7-m\libg_s.a(lib_a-memchr-stub.o)
                0x000074f0                memchr
 .text.memmove  0x0000750c       0x36 c:/program files (x86)/cypress/psoc creator/3.2/psoc creator/import/gnu/arm/4.8.4/bin/../lib/gcc/arm-none-eabi/4.8.4/../../../../arm-none-eabi/lib/armv7-m\libg_s.a(lib_a-memmove.o)
                0x0000750c                memmove
 *fill*         0x00007542        0x2 
 .text._free_r  0x00007544       0x88 c:/program files (x86)/cypress/psoc creator/3.2/psoc creator/import/gnu/arm/4.8.4/bin/../lib/gcc/arm-none-eabi/4.8.4/../../../../arm-none-eabi/lib/armv7-m\libg_s.a(lib_a-nano-freer.o)
                0x00007544                _free_r
 .text._malloc_r
                0x000075cc       0xa8 c:/program files (x86)/cypress/psoc creator/3.2/psoc creator/import/gnu/arm/4.8.4/bin/../lib/gcc/arm-none-eabi/4.8.4/../../../../arm-none-eabi/lib/armv7-m\libg_s.a(lib_a-nano-mallocr.o)
                0x000075cc                _malloc_r
 .text._realloc_r
                0x00007674       0x4c c:/program files (x86)/cypress/psoc creator/3.2/psoc creator/import/gnu/arm/4.8.4/bin/../lib/gcc/arm-none-eabi/4.8.4/../../../../arm-none-eabi/lib/armv7-m\libg_s.a(lib_a-nano-reallocr.o)
                0x00007674                _realloc_r
 .text._sbrk_r  0x000076c0       0x20 c:/program files (x86)/cypress/psoc creator/3.2/psoc creator/import/gnu/arm/4.8.4/bin/../lib/gcc/arm-none-eabi/4.8.4/../../../../arm-none-eabi/lib/armv7-m\libg_s.a(lib_a-sbrkr.o)
                0x000076c0                _sbrk_r
 .text.strlen   0x000076e0       0x10 c:/program files (x86)/cypress/psoc creator/3.2/psoc creator/import/gnu/arm/4.8.4/bin/../lib/gcc/arm-none-eabi/4.8.4/../../../../arm-none-eabi/lib/armv7-m\libg_s.a(lib_a-strlen.o)
                0x000076e0                strlen
 .text._malloc_usable_size_r
                0x000076f0       0x12 c:/program files (x86)/cypress/psoc creator/3.2/psoc creator/import/gnu/arm/4.8.4/bin/../lib/gcc/arm-none-eabi/4.8.4/../../../../arm-none-eabi/lib/armv7-m\libg_s.a(lib_a-nano-msizer.o)
                0x000076f0                _malloc_usable_size_r
 *(.plt)
 *(.gnu.warning)
 *(.glue_7t)
 .glue_7t       0x00000000        0x0 linker stubs
 *(.glue_7)
 .glue_7        0x00000000        0x0 linker stubs
 *(.vfp11_veneer)
 .vfp11_veneer  0x00000000        0x0 linker stubs
 *(.bootloader)
 *(.ARM.extab* .gnu.linkonce.armextab.*)
 *(.gcc_except_table)

.v4_bx          0x00007704        0x0
 .v4_bx         0x00000000        0x0 linker stubs

.iplt           0x00007704        0x0
 .iplt          0x00000000        0x0 c:/program files (x86)/cypress/psoc creator/3.2/psoc creator/import/gnu/arm/4.8.4/bin/../lib/gcc/arm-none-eabi/4.8.4/armv7-m/crtbegin.o

.eh_frame_hdr
 *(.eh_frame_hdr)

.eh_frame       0x00007704        0x4
 *(.eh_frame)
 .eh_frame      0x00007704        0x0 c:/program files (x86)/cypress/psoc creator/3.2/psoc creator/import/gnu/arm/4.8.4/bin/../lib/gcc/arm-none-eabi/4.8.4/armv7-m/crtbegin.o
 .eh_frame      0x00007704        0x4 c:/program files (x86)/cypress/psoc creator/3.2/psoc creator/import/gnu/arm/4.8.4/bin/../lib/gcc/arm-none-eabi/4.8.4/armv7-m/crtend.o
                0x00007708                PROVIDE (__exidx_start, .)

.ARM.exidx
 *(.ARM.exidx* .gnu.linkonce.armexidx.*)
                0x00007708                __exidx_end = .

.rodata         0x00007708      0xfe0
 *(.rodata .rodata.* .gnu.linkonce.r.*)
 .rodata.str1.4
                0x00007708       0x24 .\CortexM3\ARM_GCC_484\Debug\main.o
 .rodata        0x0000772c      0xd34 .\CortexM3\ARM_GCC_484\Debug\ENG3091_MandM.a(cyfitter_cfg.o)
 .rodata.npio2_hw
                0x00008460       0x80 c:/program files (x86)/cypress/psoc creator/3.2/psoc creator/import/gnu/arm/4.8.4/bin/../lib/gcc/arm-none-eabi/4.8.4/../../../../arm-none-eabi/lib/armv7-m\libm.a(lib_a-e_rem_pio2.o)
 .rodata.two_over_pi
                0x000084e0      0x108 c:/program files (x86)/cypress/psoc creator/3.2/psoc creator/import/gnu/arm/4.8.4/bin/../lib/gcc/arm-none-eabi/4.8.4/../../../../arm-none-eabi/lib/armv7-m\libm.a(lib_a-e_rem_pio2.o)
 .rodata.init_jk
                0x000085e8       0x10 c:/program files (x86)/cypress/psoc creator/3.2/psoc creator/import/gnu/arm/4.8.4/bin/../lib/gcc/arm-none-eabi/4.8.4/../../../../arm-none-eabi/lib/armv7-m\libm.a(lib_a-k_rem_pio2.o)
 .rodata.PIo2   0x000085f8       0x40 c:/program files (x86)/cypress/psoc creator/3.2/psoc creator/import/gnu/arm/4.8.4/bin/../lib/gcc/arm-none-eabi/4.8.4/../../../../arm-none-eabi/lib/armv7-m\libm.a(lib_a-k_rem_pio2.o)
 .rodata.atanlo
                0x00008638       0x20 c:/program files (x86)/cypress/psoc creator/3.2/psoc creator/import/gnu/arm/4.8.4/bin/../lib/gcc/arm-none-eabi/4.8.4/../../../../arm-none-eabi/lib/armv7-m\libm.a(lib_a-s_atan.o)
 .rodata.atanhi
                0x00008658       0x20 c:/program files (x86)/cypress/psoc creator/3.2/psoc creator/import/gnu/arm/4.8.4/bin/../lib/gcc/arm-none-eabi/4.8.4/../../../../arm-none-eabi/lib/armv7-m\libm.a(lib_a-s_atan.o)
 .rodata.str1.1
                0x00008678        0x2 c:/program files (x86)/cypress/psoc creator/3.2/psoc creator/import/gnu/arm/4.8.4/bin/../lib/gcc/arm-none-eabi/4.8.4/../../../../arm-none-eabi/lib/armv7-m\libg_s.a(lib_a-impure.o)
 .rodata.str1.1
                0x0000867a       0x11 c:/program files (x86)/cypress/psoc creator/3.2/psoc creator/import/gnu/arm/4.8.4/bin/../lib/gcc/arm-none-eabi/4.8.4/../../../../arm-none-eabi/lib/armv7-m\libg_s.a(lib_a-svfprintf.o)
 .rodata.str1.1
                0x0000868b       0x22 c:/program files (x86)/cypress/psoc creator/3.2/psoc creator/import/gnu/arm/4.8.4/bin/../lib/gcc/arm-none-eabi/4.8.4/../../../../arm-none-eabi/lib/armv7-m\libg_s.a(lib_a-vfprintf_i.o)
                0x000086b0                . = ALIGN (0x4)
 *fill*         0x000086ad        0x3 
 *(.init)
 .init          0x000086b0        0x4 c:/program files (x86)/cypress/psoc creator/3.2/psoc creator/import/gnu/arm/4.8.4/bin/../lib/gcc/arm-none-eabi/4.8.4/armv7-m/crti.o
                0x000086b0                _init
 .init          0x000086b4        0x8 c:/program files (x86)/cypress/psoc creator/3.2/psoc creator/import/gnu/arm/4.8.4/bin/../lib/gcc/arm-none-eabi/4.8.4/armv7-m/crtn.o
                0x000086bc                . = ALIGN (0x4)
                0x000086bc                __preinit_array_start = .
 *(.preinit_array)
                0x000086bc                __preinit_array_end = .
                0x000086bc                . = ALIGN (0x4)
                0x000086bc                __init_array_start = .
 *(SORT(.init_array.*))
 *(.init_array)
 .init_array    0x000086bc        0x4 c:/program files (x86)/cypress/psoc creator/3.2/psoc creator/import/gnu/arm/4.8.4/bin/../lib/gcc/arm-none-eabi/4.8.4/armv7-m/crtbegin.o
 .init_array    0x000086c0        0x4 .\CortexM3\ARM_GCC_484\Debug\Cm3Start.o
                0x000086c4                __init_array_end = .
                0x000086c4                . = ALIGN (0x4)
 *(.fini)
 .fini          0x000086c4        0x4 c:/program files (x86)/cypress/psoc creator/3.2/psoc creator/import/gnu/arm/4.8.4/bin/../lib/gcc/arm-none-eabi/4.8.4/armv7-m/crti.o
                0x000086c4                _fini
 .fini          0x000086c8        0x8 c:/program files (x86)/cypress/psoc creator/3.2/psoc creator/import/gnu/arm/4.8.4/bin/../lib/gcc/arm-none-eabi/4.8.4/armv7-m/crtn.o
                0x000086d0                . = ALIGN (0x4)
                0x000086d0                __fini_array_start = .
 *(.fini_array)
 .fini_array    0x000086d0        0x4 c:/program files (x86)/cypress/psoc creator/3.2/psoc creator/import/gnu/arm/4.8.4/bin/../lib/gcc/arm-none-eabi/4.8.4/armv7-m/crtbegin.o
 *(SORT(.fini_array.*))
                0x000086d4                __fini_array_end = .
                0x000086d4                . = ALIGN (0x4)
 *crtbegin.o(.ctors)
 *(EXCLUDE_FILE(*crtend.o) .ctors)
 *(SORT(.ctors.*))
 *crtend.o(.ctors)
                0x000086d4                . = ALIGN (0x4)
 *crtbegin.o(.dtors)
 *(EXCLUDE_FILE(*crtend.o) .dtors)
 *(SORT(.dtors.*))
 *crtend.o(.dtors)
                0x000086d4                . = ALIGN (0x4)
                0x000086d4                __cy_regions = .
                0x000086d4        0x4 LONG 0x86e8 __cy_region_init_ram
                0x000086d8        0x4 LONG 0x1fff8108 __cy_region_start_data
                0x000086dc        0x4 LONG 0x90 __cy_region_init_size_ram
                0x000086e0        0x4 LONG 0x1740 __cy_region_zero_size_ram
                0x000086e4                __cy_regions_end = .
                0x000086e8                . = ALIGN (0x8)
 *fill*         0x000086e4        0x4 
                0x000086e8                _etext = .

.ramvectors     0x1fff8000      0x100
                0x1fff8000                __cy_region_start_ram = .
 *(.ramvectors)
 .ramvectors    0x1fff8000      0x100 .\CortexM3\ARM_GCC_484\Debug\Cm3Start.o
                0x1fff8000                CyRamVectors

.noinit         0x1fff8100        0x5
 *(.noinit)
 .noinit        0x1fff8100        0x4 .\CortexM3\ARM_GCC_484\Debug\Cm3Start.o
 .noinit        0x1fff8104        0x1 .\CortexM3\ARM_GCC_484\Debug\ENG3091_MandM.a(CyLib.o)
                0x1fff8104                CyResetStatus

.data           0x1fff8108       0x90 load address 0x000086e8
                0x1fff8108                __cy_region_start_data = .
 *(.jcr)
 .jcr           0x1fff8108        0x0 c:/program files (x86)/cypress/psoc creator/3.2/psoc creator/import/gnu/arm/4.8.4/bin/../lib/gcc/arm-none-eabi/4.8.4/armv7-m/crtbegin.o
 .jcr           0x1fff8108        0x4 c:/program files (x86)/cypress/psoc creator/3.2/psoc creator/import/gnu/arm/4.8.4/bin/../lib/gcc/arm-none-eabi/4.8.4/armv7-m/crtend.o
 *(.got.plt)
 *(.got)
 *(.shdata)
 *(.data .data.* .gnu.linkonce.d.*)
 .data          0x1fff810c        0xc .\CortexM3\ARM_GCC_484\Debug\arm.o
                0x1fff810c                arm_levels
                0x1fff8114                PWM_VAL
 .data          0x1fff8118        0x4 .\CortexM3\ARM_GCC_484\Debug\Cm3Start.o
 .data          0x1fff811c        0x8 .\CortexM3\ARM_GCC_484\Debug\ENG3091_MandM.a(CyDmac.o)
 .data          0x1fff8124       0x10 .\CortexM3\ARM_GCC_484\Debug\ENG3091_MandM.a(CyLib.o)
                0x1fff8124                cydelay_32k_ms
                0x1fff8128                cydelay_freq_khz
                0x1fff812c                cydelay_freq_mhz
                0x1fff8130                cydelay_freq_hz
 .data.impure_data
                0x1fff8134       0x60 c:/program files (x86)/cypress/psoc creator/3.2/psoc creator/import/gnu/arm/4.8.4/bin/../lib/gcc/arm-none-eabi/4.8.4/../../../../arm-none-eabi/lib/armv7-m\libg_s.a(lib_a-impure.o)
 .data._impure_ptr
                0x1fff8194        0x4 c:/program files (x86)/cypress/psoc creator/3.2/psoc creator/import/gnu/arm/4.8.4/bin/../lib/gcc/arm-none-eabi/4.8.4/../../../../arm-none-eabi/lib/armv7-m\libg_s.a(lib_a-impure.o)
                0x1fff8194                _impure_ptr
                0x1fff8198                . = ALIGN (0x8)
 *(.ram)
                0x1fff8198                _edata = .

.igot.plt       0x1fff8198        0x0 load address 0x00008778
 .igot.plt      0x00000000        0x0 c:/program files (x86)/cypress/psoc creator/3.2/psoc creator/import/gnu/arm/4.8.4/bin/../lib/gcc/arm-none-eabi/4.8.4/armv7-m/crtbegin.o

.bss            0x1fff8198     0x1740 load address 0x00008778
                0x1fff8198                PROVIDE (__bss_start__, .)
 *(.shbss)
 *(.bss .bss.* .gnu.linkonce.b.*)
 .bss           0x1fff8198       0x1c c:/program files (x86)/cypress/psoc creator/3.2/psoc creator/import/gnu/arm/4.8.4/bin/../lib/gcc/arm-none-eabi/4.8.4/armv7-m/crtbegin.o
 .bss           0x1fff81b4        0x1 .\CortexM3\ARM_GCC_484\Debug\ENG3091_MandM.a(Timer.o)
                0x1fff81b4                Timer_initVar
 .bss           0x1fff81b5        0x2 .\CortexM3\ARM_GCC_484\Debug\ENG3091_MandM.a(LCD.o)
                0x1fff81b5                LCD_enableState
                0x1fff81b6                LCD_initVar
 .bss           0x1fff81b7        0x1 .\CortexM3\ARM_GCC_484\Debug\ENG3091_MandM.a(Button_PWM.o)
                0x1fff81b7                Button_PWM_initVar
 .bss           0x1fff81b8        0x1 .\CortexM3\ARM_GCC_484\Debug\ENG3091_MandM.a(MOTOR_R.o)
                0x1fff81b8                MOTOR_R_initVar
 .bss           0x1fff81b9        0x1 .\CortexM3\ARM_GCC_484\Debug\ENG3091_MandM.a(MOTOR_L.o)
                0x1fff81b9                MOTOR_L_initVar
 .bss           0x1fff81ba        0x1 .\CortexM3\ARM_GCC_484\Debug\ENG3091_MandM.a(Gripper_PWM.o)
                0x1fff81ba                Gripper_PWM_initVar
 .bss           0x1fff81bb        0x1 .\CortexM3\ARM_GCC_484\Debug\ENG3091_MandM.a(I2C.o)
                0x1fff81bb                I2C_initVar
 .bss           0x1fff81bc        0x1 .\CortexM3\ARM_GCC_484\Debug\ENG3091_MandM.a(HC_PWM.o)
                0x1fff81bc                HC_PWM_initVar
 .bss           0x1fff81bd        0x1 .\CortexM3\ARM_GCC_484\Debug\ENG3091_MandM.a(HC_Timer.o)
                0x1fff81bd                HC_Timer_initVar
 .bss           0x1fff81be        0x1 .\CortexM3\ARM_GCC_484\Debug\ENG3091_MandM.a(Arm_PWM.o)
                0x1fff81be                Arm_PWM_initVar
 *fill*         0x1fff81bf        0x1 
 .bss.__malloc_sbrk_start
                0x1fff81c0        0x4 c:/program files (x86)/cypress/psoc creator/3.2/psoc creator/import/gnu/arm/4.8.4/bin/../lib/gcc/arm-none-eabi/4.8.4/../../../../arm-none-eabi/lib/armv7-m\libg_s.a(lib_a-nano-mallocr.o)
                0x1fff81c0                __malloc_sbrk_start
 .bss.__malloc_free_list
                0x1fff81c4        0x4 c:/program files (x86)/cypress/psoc creator/3.2/psoc creator/import/gnu/arm/4.8.4/bin/../lib/gcc/arm-none-eabi/4.8.4/../../../../arm-none-eabi/lib/armv7-m\libg_s.a(lib_a-nano-mallocr.o)
                0x1fff81c4                __malloc_free_list
 *(COMMON)
 COMMON         0x1fff81c8       0x17 .\CortexM3\ARM_GCC_484\Debug\mouse_a.o
                0x1fff81c8                loc_x_a
                0x1fff81cc                bit_count_a
                0x1fff81cd                bit_a
                0x1fff81d0                loc_y_a
                0x1fff81d4                mov_y_a
                0x1fff81d5                status_a
                0x1fff81d8                time_prev_a
                0x1fff81dc                state_a
                0x1fff81dd                data_ready_a
                0x1fff81de                mov_x_a
 *fill*         0x1fff81df        0x1 
 COMMON         0x1fff81e0       0x18 .\CortexM3\ARM_GCC_484\Debug\mouse_b.o
                0x1fff81e0                bit_b
                0x1fff81e1                bit_count_b
                0x1fff81e2                data_ready_b
                0x1fff81e3                mov_x_b
                0x1fff81e4                status_b
                0x1fff81e8                loc_x_b
                0x1fff81ec                mov_y_b
                0x1fff81ed                state_b
                0x1fff81f0                time_prev_b
                0x1fff81f4                loc_y_b
 COMMON         0x1fff81f8       0x21 .\CortexM3\ARM_GCC_484\Debug\motor.o
                0x1fff81f8                start_y
                0x1fff81fc                currently_rotating
                0x1fff8200                desired_distance
                0x1fff8204                motor_state
                0x1fff8208                start_x
                0x1fff820c                end_x
                0x1fff8210                desired_heading
                0x1fff8214                end_y
                0x1fff8218                just_arrived
 *fill*         0x1fff8219        0x3 
 COMMON         0x1fff821c       0x10 .\CortexM3\ARM_GCC_484\Debug\navigation.o
                0x1fff821c                location
                0x1fff8228                delta_y_distance
 COMMON         0x1fff822c        0x2 .\CortexM3\ARM_GCC_484\Debug\buttons.o
                0x1fff822c                but0_b
                0x1fff822d                but1_b
 *fill*         0x1fff822e        0x2 
 COMMON         0x1fff8230     0x168e .\CortexM3\ARM_GCC_484\Debug\compass.o
                0x1fff8230                compass_z
                0x1fff8232                original_compass_heading
                0x1fff8234                compass_y
                0x1fff8238                CosDeg
                0x1fff8d78                SinDeg
                0x1fff98b8                compass_ready
                0x1fff98ba                compass_heading
                0x1fff98bc                compass_x
 COMMON         0x1fff98be        0x2 .\CortexM3\ARM_GCC_484\Debug\ultrasonic.o
                0x1fff98be                ultra_distance
 COMMON         0x1fff98c0        0x1 .\CortexM3\ARM_GCC_484\Debug\ENG3091_MandM.a(I2C.o)
                0x1fff98c0                I2C_state
 *fill*         0x1fff98c1        0x3 
 COMMON         0x1fff98c4       0x10 .\CortexM3\ARM_GCC_484\Debug\ENG3091_MandM.a(I2C_MASTER.o)
                0x1fff98c4                I2C_mstrWrBufIndex
                0x1fff98c5                I2C_mstrWrBufSize
                0x1fff98c6                I2C_mstrStatus
                0x1fff98c8                I2C_mstrRdBufPtr
                0x1fff98cc                I2C_mstrControl
                0x1fff98cd                I2C_mstrRdBufSize
                0x1fff98ce                I2C_mstrRdBufIndex
                0x1fff98d0                I2C_mstrWrBufPtr
 COMMON         0x1fff98d4        0x4 c:/program files (x86)/cypress/psoc creator/3.2/psoc creator/import/gnu/arm/4.8.4/bin/../lib/gcc/arm-none-eabi/4.8.4/../../../../arm-none-eabi/lib/armv7-m\libg_s.a(lib_a-reent.o)
                0x1fff98d4                errno
                0x1fff98d8                . = ALIGN (0x8)
 *(.ram.b)
                0x1fff98d8                _end = .
                0x1fff98d8                __end = .
                0x1fff98d8                PROVIDE (end, .)
                0x1fff98d8                PROVIDE (__bss_end__, .)
                0x000086e8                __cy_region_init_ram = LOADADDR (.data)
                0x00000090                __cy_region_init_size_ram = (_edata - ADDR (.data))
                0x00001740                __cy_region_zero_size_ram = (_end - _edata)

.heap           0x1fff98d8       0x80 load address 0x00008778
                0x1fff98d8                . = _end
                0x1fff9958                . = (. + 0x80)
 *fill*         0x1fff98d8       0x80 
                0x1fff9958                __cy_heap_limit = .

.stack          0x20007800      0x800
                0x20007800                __cy_stack_limit = .
                0x20008000                . = (. + 0x800)
 *fill*         0x20007800      0x800 
                0x00000001                ASSERT ((__cy_stack_limit >= __cy_heap_limit), region RAM overflowed with stack)

.cyloadermeta   0xf0000000       0x40
 *(.cyloadermeta)
 .cyloadermeta  0xf0000000       0x40 .\CortexM3\ARM_GCC_484\Debug\cybootloader.o
                0xf0000000                cy_meta_loader

.cyloadablemeta
                0x0003ffc0       0x40
 *(.cyloadablemeta)
 .cyloadablemeta
                0x0003ffc0       0x40 .\CortexM3\ARM_GCC_484\Debug\cymetadata.o
                0x0003ffc0                cy_meta_loadable

.cyconfigecc
 *(.cyconfigecc)

.cycustnvl      0x90000000        0x4
 *(.cycustnvl)
 .cycustnvl     0x90000000        0x4 .\CortexM3\ARM_GCC_484\Debug\cybootloader.o
                0x90000000                cy_meta_custnvl

.cywolatch      0x90100000        0x4
 *(.cywolatch)
 .cywolatch     0x90100000        0x4 .\CortexM3\ARM_GCC_484\Debug\cybootloader.o
                0x90100000                cy_meta_wonvl

.cyeeprom       0x90200000        0x0
 *(.cyeeprom)
                0x00000001                ASSERT ((. <= ((0x90200000 + ee_offset) + ee_size)), .cyeeprom data will not fit in EEPROM)

.cyflashprotect
                0x90400000      0x100
 *(.cyflashprotect)
 .cyflashprotect
                0x90400000      0x100 .\CortexM3\ARM_GCC_484\Debug\cybootloader.o
                0x90400000                cy_meta_flashprotect

.cymeta         0x90500000        0xc
 *(.cymeta)
 .cymeta        0x90500000        0xc .\CortexM3\ARM_GCC_484\Debug\cybootloader.o
                0x90500000                cy_metadata

.rel.dyn        0x00040000        0x0 load address 0x9050000c
 .rel.iplt      0x00000000        0x0 c:/program files (x86)/cypress/psoc creator/3.2/psoc creator/import/gnu/arm/4.8.4/bin/../lib/gcc/arm-none-eabi/4.8.4/armv7-m/crtbegin.o

.stab
 *(.stab)

.stabstr
 *(.stabstr)

.debug
 *(.debug)

.line
 *(.line)

.debug_srcinfo
 *(.debug_srcinfo)

.debug_sfnames
 *(.debug_sfnames)

.debug_aranges  0x00000000     0x16b8
 *(.debug_aranges)
 .debug_aranges
                0x00000000       0x28 .\CortexM3\ARM_GCC_484\Debug\main.o
 .debug_aranges
                0x00000028       0x38 .\CortexM3\ARM_GCC_484\Debug\mouse_a.o
 .debug_aranges
                0x00000060       0x38 .\CortexM3\ARM_GCC_484\Debug\mouse_b.o
 .debug_aranges
                0x00000098       0x90 .\CortexM3\ARM_GCC_484\Debug\motor.o
 .debug_aranges
                0x00000128       0x40 .\CortexM3\ARM_GCC_484\Debug\navigation.o
 .debug_aranges
                0x00000168       0x28 .\CortexM3\ARM_GCC_484\Debug\arm.o
 .debug_aranges
                0x00000190       0x38 .\CortexM3\ARM_GCC_484\Debug\gripper.o
 .debug_aranges
                0x000001c8       0x28 .\CortexM3\ARM_GCC_484\Debug\mice.o
 .debug_aranges
                0x000001f0       0x30 .\CortexM3\ARM_GCC_484\Debug\buttons.o
 .debug_aranges
                0x00000220       0x38 .\CortexM3\ARM_GCC_484\Debug\compass.o
 .debug_aranges
                0x00000258       0x30 .\CortexM3\ARM_GCC_484\Debug\ultrasonic.o
 .debug_aranges
                0x00000288       0x18 .\CortexM3\ARM_GCC_484\Debug\cybootloader.o
 .debug_aranges
                0x000002a0       0x18 .\CortexM3\ARM_GCC_484\Debug\cymetadata.o
 .debug_aranges
                0x000002b8       0x48 .\CortexM3\ARM_GCC_484\Debug\Cm3Start.o
 .debug_aranges
                0x00000300       0x60 .\CortexM3\ARM_GCC_484\Debug\ENG3091_MandM.a(cyfitter_cfg.o)
 .debug_aranges
                0x00000360       0xb0 .\CortexM3\ARM_GCC_484\Debug\ENG3091_MandM.a(USB.o)
 .debug_aranges
                0x00000410       0xb0 .\CortexM3\ARM_GCC_484\Debug\ENG3091_MandM.a(USB_cdc.o)
 .debug_aranges
                0x000004c0       0x98 .\CortexM3\ARM_GCC_484\Debug\ENG3091_MandM.a(USB_drv.o)
 .debug_aranges
                0x00000558       0x40 .\CortexM3\ARM_GCC_484\Debug\ENG3091_MandM.a(USB_episr.o)
 .debug_aranges
                0x00000598       0x78 .\CortexM3\ARM_GCC_484\Debug\ENG3091_MandM.a(USB_std.o)
 .debug_aranges
                0x00000610       0x20 .\CortexM3\ARM_GCC_484\Debug\ENG3091_MandM.a(USB_vnd.o)
 .debug_aranges
                0x00000630       0x38 .\CortexM3\ARM_GCC_484\Debug\ENG3091_MandM.a(SDAT_A.o)
 .debug_aranges
                0x00000668       0x40 .\CortexM3\ARM_GCC_484\Debug\ENG3091_MandM.a(SCLK_A.o)
 .debug_aranges
                0x000006a8       0x80 .\CortexM3\ARM_GCC_484\Debug\ENG3091_MandM.a(sclk_a_isr.o)
 .debug_aranges
                0x00000728       0x40 .\CortexM3\ARM_GCC_484\Debug\ENG3091_MandM.a(SCLK_B.o)
 .debug_aranges
                0x00000768       0x38 .\CortexM3\ARM_GCC_484\Debug\ENG3091_MandM.a(SDAT_B.o)
 .debug_aranges
                0x000007a0       0x80 .\CortexM3\ARM_GCC_484\Debug\ENG3091_MandM.a(sclk_b_isr.o)
 .debug_aranges
                0x00000820       0x90 .\CortexM3\ARM_GCC_484\Debug\ENG3091_MandM.a(Timer.o)
 .debug_aranges
                0x000008b0       0x38 .\CortexM3\ARM_GCC_484\Debug\ENG3091_MandM.a(WHITE.o)
 .debug_aranges
                0x000008e8       0x38 .\CortexM3\ARM_GCC_484\Debug\ENG3091_MandM.a(BLUE.o)
 .debug_aranges
                0x00000920       0x38 .\CortexM3\ARM_GCC_484\Debug\ENG3091_MandM.a(ORANGE.o)
 .debug_aranges
                0x00000958       0x20 .\CortexM3\ARM_GCC_484\Debug\ENG3091_MandM.a(CyBootAsmGnu.o)
 .debug_aranges
                0x00000978       0xd8 .\CortexM3\ARM_GCC_484\Debug\ENG3091_MandM.a(CyDmac.o)
 .debug_aranges
                0x00000a50      0x298 .\CortexM3\ARM_GCC_484\Debug\ENG3091_MandM.a(CyLib.o)
 .debug_aranges
                0x00000ce8       0x98 .\CortexM3\ARM_GCC_484\Debug\ENG3091_MandM.a(cyPm.o)
 .debug_aranges
                0x00000d80       0x20 .\CortexM3\ARM_GCC_484\Debug\ENG3091_MandM.a(cyutils.o)
 .debug_aranges
                0x00000da0       0x90 .\CortexM3\ARM_GCC_484\Debug\ENG3091_MandM.a(LCD.o)
 .debug_aranges
                0x00000e30       0x80 .\CortexM3\ARM_GCC_484\Debug\ENG3091_MandM.a(but1.o)
 .debug_aranges
                0x00000eb0       0x80 .\CortexM3\ARM_GCC_484\Debug\ENG3091_MandM.a(but0.o)
 .debug_aranges
                0x00000f30       0x78 .\CortexM3\ARM_GCC_484\Debug\ENG3091_MandM.a(Button_PWM.o)
 .debug_aranges
                0x00000fa8       0x78 .\CortexM3\ARM_GCC_484\Debug\ENG3091_MandM.a(MOTOR_R.o)
 .debug_aranges
                0x00001020       0x78 .\CortexM3\ARM_GCC_484\Debug\ENG3091_MandM.a(MOTOR_L.o)
 .debug_aranges
                0x00001098       0x38 .\CortexM3\ARM_GCC_484\Debug\ENG3091_MandM.a(MLIN1.o)
 .debug_aranges
                0x000010d0       0x38 .\CortexM3\ARM_GCC_484\Debug\ENG3091_MandM.a(MLIN2.o)
 .debug_aranges
                0x00001108       0x38 .\CortexM3\ARM_GCC_484\Debug\ENG3091_MandM.a(MRIN1.o)
 .debug_aranges
                0x00001140       0x38 .\CortexM3\ARM_GCC_484\Debug\ENG3091_MandM.a(MRIN2.o)
 .debug_aranges
                0x00001178       0x78 .\CortexM3\ARM_GCC_484\Debug\ENG3091_MandM.a(Gripper_PWM.o)
 .debug_aranges
                0x000011f0       0x38 .\CortexM3\ARM_GCC_484\Debug\ENG3091_MandM.a(I2C.o)
 .debug_aranges
                0x00001228       0x20 .\CortexM3\ARM_GCC_484\Debug\ENG3091_MandM.a(I2C_INT.o)
 .debug_aranges
                0x00001248       0x80 .\CortexM3\ARM_GCC_484\Debug\ENG3091_MandM.a(I2C_MASTER.o)
 .debug_aranges
                0x000012c8       0xa8 .\CortexM3\ARM_GCC_484\Debug\ENG3091_MandM.a(HC_PWM.o)
 .debug_aranges
                0x00001370       0x80 .\CortexM3\ARM_GCC_484\Debug\ENG3091_MandM.a(HC_ISR.o)
 .debug_aranges
                0x000013f0       0x80 .\CortexM3\ARM_GCC_484\Debug\ENG3091_MandM.a(HC_Timer.o)
 .debug_aranges
                0x00001470       0x98 .\CortexM3\ARM_GCC_484\Debug\ENG3091_MandM.a(Arm_PWM.o)
 .debug_aranges
                0x00001508       0x80 .\CortexM3\ARM_GCC_484\Debug\ENG3091_MandM.a(Compass_DRDY_ISR.o)
 .debug_aranges
                0x00001588       0x20 .\CortexM3\ARM_GCC_484\Debug\ENG3091_MandM.a(USB_cls.o)
 .debug_aranges
                0x000015a8       0x18 .\CortexM3\ARM_GCC_484\Debug\ENG3091_MandM.a(USB_descr.o)
 .debug_aranges
                0x000015c0       0x80 .\CortexM3\ARM_GCC_484\Debug\ENG3091_MandM.a(CyFlash.o)
 .debug_aranges
                0x00001640       0x78 .\CortexM3\ARM_GCC_484\Debug\ENG3091_MandM.a(CySpc.o)

.debug_pubnames
 *(.debug_pubnames)

.debug_info     0x00000000     0xd349
 *(.debug_info .gnu.linkonce.wi.*)
 .debug_info    0x00000000      0x5db .\CortexM3\ARM_GCC_484\Debug\main.o
 .debug_info    0x000005db      0x537 .\CortexM3\ARM_GCC_484\Debug\mouse_a.o
 .debug_info    0x00000b12      0x537 .\CortexM3\ARM_GCC_484\Debug\mouse_b.o
 .debug_info    0x00001049      0x87e .\CortexM3\ARM_GCC_484\Debug\motor.o
 .debug_info    0x000018c7      0x25f .\CortexM3\ARM_GCC_484\Debug\navigation.o
 .debug_info    0x00001b26      0x1b8 .\CortexM3\ARM_GCC_484\Debug\arm.o
 .debug_info    0x00001cde      0x1fd .\CortexM3\ARM_GCC_484\Debug\gripper.o
 .debug_info    0x00001edb      0x238 .\CortexM3\ARM_GCC_484\Debug\mice.o
 .debug_info    0x00002113      0x1db .\CortexM3\ARM_GCC_484\Debug\buttons.o
 .debug_info    0x000022ee      0x4bb .\CortexM3\ARM_GCC_484\Debug\compass.o
 .debug_info    0x000027a9      0x1f5 .\CortexM3\ARM_GCC_484\Debug\ultrasonic.o
 .debug_info    0x0000299e      0x164 .\CortexM3\ARM_GCC_484\Debug\cybootloader.o
 .debug_info    0x00002b02       0xb1 .\CortexM3\ARM_GCC_484\Debug\cymetadata.o
 .debug_info    0x00002bb3      0x3af .\CortexM3\ARM_GCC_484\Debug\Cm3Start.o
 .debug_info    0x00002f62      0x852 .\CortexM3\ARM_GCC_484\Debug\ENG3091_MandM.a(cyfitter_cfg.o)
 .debug_info    0x000037b4      0x821 .\CortexM3\ARM_GCC_484\Debug\ENG3091_MandM.a(USB.o)
 .debug_info    0x00003fd5      0x70e .\CortexM3\ARM_GCC_484\Debug\ENG3091_MandM.a(USB_cdc.o)
 .debug_info    0x000046e3      0x612 .\CortexM3\ARM_GCC_484\Debug\ENG3091_MandM.a(USB_drv.o)
 .debug_info    0x00004cf5      0x1bb .\CortexM3\ARM_GCC_484\Debug\ENG3091_MandM.a(USB_episr.o)
 .debug_info    0x00004eb0      0x948 .\CortexM3\ARM_GCC_484\Debug\ENG3091_MandM.a(USB_std.o)
 .debug_info    0x000057f8      0x18c .\CortexM3\ARM_GCC_484\Debug\ENG3091_MandM.a(USB_vnd.o)
 .debug_info    0x00005984      0x120 .\CortexM3\ARM_GCC_484\Debug\ENG3091_MandM.a(SDAT_A.o)
 .debug_info    0x00005aa4      0x135 .\CortexM3\ARM_GCC_484\Debug\ENG3091_MandM.a(SCLK_A.o)
 .debug_info    0x00005bd9      0x2c7 .\CortexM3\ARM_GCC_484\Debug\ENG3091_MandM.a(sclk_a_isr.o)
 .debug_info    0x00005ea0      0x135 .\CortexM3\ARM_GCC_484\Debug\ENG3091_MandM.a(SCLK_B.o)
 .debug_info    0x00005fd5      0x120 .\CortexM3\ARM_GCC_484\Debug\ENG3091_MandM.a(SDAT_B.o)
 .debug_info    0x000060f5      0x2c7 .\CortexM3\ARM_GCC_484\Debug\ENG3091_MandM.a(sclk_b_isr.o)
 .debug_info    0x000063bc      0x341 .\CortexM3\ARM_GCC_484\Debug\ENG3091_MandM.a(Timer.o)
 .debug_info    0x000066fd      0x120 .\CortexM3\ARM_GCC_484\Debug\ENG3091_MandM.a(WHITE.o)
 .debug_info    0x0000681d      0x120 .\CortexM3\ARM_GCC_484\Debug\ENG3091_MandM.a(BLUE.o)
 .debug_info    0x0000693d      0x120 .\CortexM3\ARM_GCC_484\Debug\ENG3091_MandM.a(ORANGE.o)
 .debug_info    0x00006a5d       0xa1 .\CortexM3\ARM_GCC_484\Debug\ENG3091_MandM.a(CyBootAsmGnu.o)
 .debug_info    0x00006afe      0x93f .\CortexM3\ARM_GCC_484\Debug\ENG3091_MandM.a(CyDmac.o)
 .debug_info    0x0000743d     0x1373 .\CortexM3\ARM_GCC_484\Debug\ENG3091_MandM.a(CyLib.o)
 .debug_info    0x000087b0      0xa56 .\CortexM3\ARM_GCC_484\Debug\ENG3091_MandM.a(cyPm.o)
 .debug_info    0x00009206       0xec .\CortexM3\ARM_GCC_484\Debug\ENG3091_MandM.a(cyutils.o)
 .debug_info    0x000092f2      0x69e .\CortexM3\ARM_GCC_484\Debug\ENG3091_MandM.a(LCD.o)
 .debug_info    0x00009990      0x2c7 .\CortexM3\ARM_GCC_484\Debug\ENG3091_MandM.a(but1.o)
 .debug_info    0x00009c57      0x2c7 .\CortexM3\ARM_GCC_484\Debug\ENG3091_MandM.a(but0.o)
 .debug_info    0x00009f1e      0x275 .\CortexM3\ARM_GCC_484\Debug\ENG3091_MandM.a(Button_PWM.o)
 .debug_info    0x0000a193      0x276 .\CortexM3\ARM_GCC_484\Debug\ENG3091_MandM.a(MOTOR_R.o)
 .debug_info    0x0000a409      0x276 .\CortexM3\ARM_GCC_484\Debug\ENG3091_MandM.a(MOTOR_L.o)
 .debug_info    0x0000a67f      0x120 .\CortexM3\ARM_GCC_484\Debug\ENG3091_MandM.a(MLIN1.o)
 .debug_info    0x0000a79f      0x120 .\CortexM3\ARM_GCC_484\Debug\ENG3091_MandM.a(MLIN2.o)
 .debug_info    0x0000a8bf      0x120 .\CortexM3\ARM_GCC_484\Debug\ENG3091_MandM.a(MRIN1.o)
 .debug_info    0x0000a9df      0x120 .\CortexM3\ARM_GCC_484\Debug\ENG3091_MandM.a(MRIN2.o)
 .debug_info    0x0000aaff      0x277 .\CortexM3\ARM_GCC_484\Debug\ENG3091_MandM.a(Gripper_PWM.o)
 .debug_info    0x0000ad76      0x206 .\CortexM3\ARM_GCC_484\Debug\ENG3091_MandM.a(I2C.o)
 .debug_info    0x0000af7c      0x17d .\CortexM3\ARM_GCC_484\Debug\ENG3091_MandM.a(I2C_INT.o)
 .debug_info    0x0000b0f9      0x3fe .\CortexM3\ARM_GCC_484\Debug\ENG3091_MandM.a(I2C_MASTER.o)
 .debug_info    0x0000b4f7      0x39d .\CortexM3\ARM_GCC_484\Debug\ENG3091_MandM.a(HC_PWM.o)
 .debug_info    0x0000b894      0x2c7 .\CortexM3\ARM_GCC_484\Debug\ENG3091_MandM.a(HC_ISR.o)
 .debug_info    0x0000bb5b      0x2a5 .\CortexM3\ARM_GCC_484\Debug\ENG3091_MandM.a(HC_Timer.o)
 .debug_info    0x0000be00      0x34a .\CortexM3\ARM_GCC_484\Debug\ENG3091_MandM.a(Arm_PWM.o)
 .debug_info    0x0000c14a      0x2c7 .\CortexM3\ARM_GCC_484\Debug\ENG3091_MandM.a(Compass_DRDY_ISR.o)
 .debug_info    0x0000c411      0x1b1 .\CortexM3\ARM_GCC_484\Debug\ENG3091_MandM.a(USB_cls.o)
 .debug_info    0x0000c5c2      0x2c9 .\CortexM3\ARM_GCC_484\Debug\ENG3091_MandM.a(USB_descr.o)
 .debug_info    0x0000c88b      0x5e4 .\CortexM3\ARM_GCC_484\Debug\ENG3091_MandM.a(CyFlash.o)
 .debug_info    0x0000ce6f      0x4da .\CortexM3\ARM_GCC_484\Debug\ENG3091_MandM.a(CySpc.o)

.debug_abbrev   0x00000000     0x4762
 *(.debug_abbrev)
 .debug_abbrev  0x00000000      0x1d1 .\CortexM3\ARM_GCC_484\Debug\main.o
 .debug_abbrev  0x000001d1      0x12d .\CortexM3\ARM_GCC_484\Debug\mouse_a.o
 .debug_abbrev  0x000002fe      0x12d .\CortexM3\ARM_GCC_484\Debug\mouse_b.o
 .debug_abbrev  0x0000042b      0x24d .\CortexM3\ARM_GCC_484\Debug\motor.o
 .debug_abbrev  0x00000678      0x147 .\CortexM3\ARM_GCC_484\Debug\navigation.o
 .debug_abbrev  0x000007bf       0xf4 .\CortexM3\ARM_GCC_484\Debug\arm.o
 .debug_abbrev  0x000008b3       0xf5 .\CortexM3\ARM_GCC_484\Debug\gripper.o
 .debug_abbrev  0x000009a8      0x11a .\CortexM3\ARM_GCC_484\Debug\mice.o
 .debug_abbrev  0x00000ac2      0x12c .\CortexM3\ARM_GCC_484\Debug\buttons.o
 .debug_abbrev  0x00000bee      0x1aa .\CortexM3\ARM_GCC_484\Debug\compass.o
 .debug_abbrev  0x00000d98      0x121 .\CortexM3\ARM_GCC_484\Debug\ultrasonic.o
 .debug_abbrev  0x00000eb9       0x77 .\CortexM3\ARM_GCC_484\Debug\cybootloader.o
 .debug_abbrev  0x00000f30       0x5d .\CortexM3\ARM_GCC_484\Debug\cymetadata.o
 .debug_abbrev  0x00000f8d      0x20d .\CortexM3\ARM_GCC_484\Debug\Cm3Start.o
 .debug_abbrev  0x0000119a      0x211 .\CortexM3\ARM_GCC_484\Debug\ENG3091_MandM.a(cyfitter_cfg.o)
 .debug_abbrev  0x000013ab      0x22e .\CortexM3\ARM_GCC_484\Debug\ENG3091_MandM.a(USB.o)
 .debug_abbrev  0x000015d9      0x23a .\CortexM3\ARM_GCC_484\Debug\ENG3091_MandM.a(USB_cdc.o)
 .debug_abbrev  0x00001813      0x18b .\CortexM3\ARM_GCC_484\Debug\ENG3091_MandM.a(USB_drv.o)
 .debug_abbrev  0x0000199e       0xf0 .\CortexM3\ARM_GCC_484\Debug\ENG3091_MandM.a(USB_episr.o)
 .debug_abbrev  0x00001a8e      0x1cb .\CortexM3\ARM_GCC_484\Debug\ENG3091_MandM.a(USB_std.o)
 .debug_abbrev  0x00001c59       0xe3 .\CortexM3\ARM_GCC_484\Debug\ENG3091_MandM.a(USB_vnd.o)
 .debug_abbrev  0x00001d3c       0x9d .\CortexM3\ARM_GCC_484\Debug\ENG3091_MandM.a(SDAT_A.o)
 .debug_abbrev  0x00001dd9       0x9d .\CortexM3\ARM_GCC_484\Debug\ENG3091_MandM.a(SCLK_A.o)
 .debug_abbrev  0x00001e76      0x157 .\CortexM3\ARM_GCC_484\Debug\ENG3091_MandM.a(sclk_a_isr.o)
 .debug_abbrev  0x00001fcd       0x9d .\CortexM3\ARM_GCC_484\Debug\ENG3091_MandM.a(SCLK_B.o)
 .debug_abbrev  0x0000206a       0x9d .\CortexM3\ARM_GCC_484\Debug\ENG3091_MandM.a(SDAT_B.o)
 .debug_abbrev  0x00002107      0x157 .\CortexM3\ARM_GCC_484\Debug\ENG3091_MandM.a(sclk_b_isr.o)
 .debug_abbrev  0x0000225e      0x17d .\CortexM3\ARM_GCC_484\Debug\ENG3091_MandM.a(Timer.o)
 .debug_abbrev  0x000023db       0x9d .\CortexM3\ARM_GCC_484\Debug\ENG3091_MandM.a(WHITE.o)
 .debug_abbrev  0x00002478       0x9d .\CortexM3\ARM_GCC_484\Debug\ENG3091_MandM.a(BLUE.o)
 .debug_abbrev  0x00002515       0x9d .\CortexM3\ARM_GCC_484\Debug\ENG3091_MandM.a(ORANGE.o)
 .debug_abbrev  0x000025b2       0x14 .\CortexM3\ARM_GCC_484\Debug\ENG3091_MandM.a(CyBootAsmGnu.o)
 .debug_abbrev  0x000025c6      0x1cc .\CortexM3\ARM_GCC_484\Debug\ENG3091_MandM.a(CyDmac.o)
 .debug_abbrev  0x00002792      0x296 .\CortexM3\ARM_GCC_484\Debug\ENG3091_MandM.a(CyLib.o)
 .debug_abbrev  0x00002a28      0x1fa .\CortexM3\ARM_GCC_484\Debug\ENG3091_MandM.a(cyPm.o)
 .debug_abbrev  0x00002c22       0x8e .\CortexM3\ARM_GCC_484\Debug\ENG3091_MandM.a(cyutils.o)
 .debug_abbrev  0x00002cb0      0x17e .\CortexM3\ARM_GCC_484\Debug\ENG3091_MandM.a(LCD.o)
 .debug_abbrev  0x00002e2e      0x157 .\CortexM3\ARM_GCC_484\Debug\ENG3091_MandM.a(but1.o)
 .debug_abbrev  0x00002f85      0x157 .\CortexM3\ARM_GCC_484\Debug\ENG3091_MandM.a(but0.o)
 .debug_abbrev  0x000030dc      0x13a .\CortexM3\ARM_GCC_484\Debug\ENG3091_MandM.a(Button_PWM.o)
 .debug_abbrev  0x00003216      0x13a .\CortexM3\ARM_GCC_484\Debug\ENG3091_MandM.a(MOTOR_R.o)
 .debug_abbrev  0x00003350      0x13a .\CortexM3\ARM_GCC_484\Debug\ENG3091_MandM.a(MOTOR_L.o)
 .debug_abbrev  0x0000348a       0x9d .\CortexM3\ARM_GCC_484\Debug\ENG3091_MandM.a(MLIN1.o)
 .debug_abbrev  0x00003527       0x9d .\CortexM3\ARM_GCC_484\Debug\ENG3091_MandM.a(MLIN2.o)
 .debug_abbrev  0x000035c4       0x9d .\CortexM3\ARM_GCC_484\Debug\ENG3091_MandM.a(MRIN1.o)
 .debug_abbrev  0x00003661       0x9d .\CortexM3\ARM_GCC_484\Debug\ENG3091_MandM.a(MRIN2.o)
 .debug_abbrev  0x000036fe      0x13a .\CortexM3\ARM_GCC_484\Debug\ENG3091_MandM.a(Gripper_PWM.o)
 .debug_abbrev  0x00003838      0x12d .\CortexM3\ARM_GCC_484\Debug\ENG3091_MandM.a(I2C.o)
 .debug_abbrev  0x00003965       0xca .\CortexM3\ARM_GCC_484\Debug\ENG3091_MandM.a(I2C_INT.o)
 .debug_abbrev  0x00003a2f      0x149 .\CortexM3\ARM_GCC_484\Debug\ENG3091_MandM.a(I2C_MASTER.o)
 .debug_abbrev  0x00003b78      0x15a .\CortexM3\ARM_GCC_484\Debug\ENG3091_MandM.a(HC_PWM.o)
 .debug_abbrev  0x00003cd2      0x157 .\CortexM3\ARM_GCC_484\Debug\ENG3091_MandM.a(HC_ISR.o)
 .debug_abbrev  0x00003e29      0x152 .\CortexM3\ARM_GCC_484\Debug\ENG3091_MandM.a(HC_Timer.o)
 .debug_abbrev  0x00003f7b      0x15a .\CortexM3\ARM_GCC_484\Debug\ENG3091_MandM.a(Arm_PWM.o)
 .debug_abbrev  0x000040d5      0x157 .\CortexM3\ARM_GCC_484\Debug\ENG3091_MandM.a(Compass_DRDY_ISR.o)
 .debug_abbrev  0x0000422c       0xe3 .\CortexM3\ARM_GCC_484\Debug\ENG3091_MandM.a(USB_cls.o)
 .debug_abbrev  0x0000430f       0xa7 .\CortexM3\ARM_GCC_484\Debug\ENG3091_MandM.a(USB_descr.o)
 .debug_abbrev  0x000043b6      0x1de .\CortexM3\ARM_GCC_484\Debug\ENG3091_MandM.a(CyFlash.o)
 .debug_abbrev  0x00004594      0x1ce .\CortexM3\ARM_GCC_484\Debug\ENG3091_MandM.a(CySpc.o)

.debug_line     0x00000000     0x5ba1
 *(.debug_line)
 .debug_line    0x00000000      0x306 .\CortexM3\ARM_GCC_484\Debug\main.o
 .debug_line    0x00000306      0x251 .\CortexM3\ARM_GCC_484\Debug\mouse_a.o
 .debug_line    0x00000557      0x251 .\CortexM3\ARM_GCC_484\Debug\mouse_b.o
 .debug_line    0x000007a8      0x329 .\CortexM3\ARM_GCC_484\Debug\motor.o
 .debug_line    0x00000ad1      0x1eb .\CortexM3\ARM_GCC_484\Debug\navigation.o
 .debug_line    0x00000cbc      0x18e .\CortexM3\ARM_GCC_484\Debug\arm.o
 .debug_line    0x00000e4a      0x1c4 .\CortexM3\ARM_GCC_484\Debug\gripper.o
 .debug_line    0x0000100e        0x0 .\CortexM3\ARM_GCC_484\Debug\misc.o
 .debug_line    0x0000100e      0x1e3 .\CortexM3\ARM_GCC_484\Debug\mice.o
 .debug_line    0x000011f1      0x1be .\CortexM3\ARM_GCC_484\Debug\buttons.o
 .debug_line    0x000013af      0x210 .\CortexM3\ARM_GCC_484\Debug\compass.o
 .debug_line    0x000015bf      0x1c3 .\CortexM3\ARM_GCC_484\Debug\ultrasonic.o
 .debug_line    0x00001782       0x55 .\CortexM3\ARM_GCC_484\Debug\cybootloader.o
 .debug_line    0x000017d7       0x53 .\CortexM3\ARM_GCC_484\Debug\cymetadata.o
 .debug_line    0x0000182a      0x242 .\CortexM3\ARM_GCC_484\Debug\Cm3Start.o
 .debug_line    0x00001a6c      0x21f .\CortexM3\ARM_GCC_484\Debug\ENG3091_MandM.a(cyfitter_cfg.o)
 .debug_line    0x00001c8b      0x287 .\CortexM3\ARM_GCC_484\Debug\ENG3091_MandM.a(USB.o)
 .debug_line    0x00001f12      0x21b .\CortexM3\ARM_GCC_484\Debug\ENG3091_MandM.a(USB_cdc.o)
 .debug_line    0x0000212d      0x21c .\CortexM3\ARM_GCC_484\Debug\ENG3091_MandM.a(USB_drv.o)
 .debug_line    0x00002349       0xce .\CortexM3\ARM_GCC_484\Debug\ENG3091_MandM.a(USB_episr.o)
 .debug_line    0x00002417      0x3b9 .\CortexM3\ARM_GCC_484\Debug\ENG3091_MandM.a(USB_std.o)
 .debug_line    0x000027d0       0x81 .\CortexM3\ARM_GCC_484\Debug\ENG3091_MandM.a(USB_vnd.o)
 .debug_line    0x00002851       0x95 .\CortexM3\ARM_GCC_484\Debug\ENG3091_MandM.a(SDAT_A.o)
 .debug_line    0x000028e6       0xa7 .\CortexM3\ARM_GCC_484\Debug\ENG3091_MandM.a(SCLK_A.o)
 .debug_line    0x0000298d      0x150 .\CortexM3\ARM_GCC_484\Debug\ENG3091_MandM.a(sclk_a_isr.o)
 .debug_line    0x00002add       0xa7 .\CortexM3\ARM_GCC_484\Debug\ENG3091_MandM.a(SCLK_B.o)
 .debug_line    0x00002b84       0x95 .\CortexM3\ARM_GCC_484\Debug\ENG3091_MandM.a(SDAT_B.o)
 .debug_line    0x00002c19      0x150 .\CortexM3\ARM_GCC_484\Debug\ENG3091_MandM.a(sclk_b_isr.o)
 .debug_line    0x00002d69      0x176 .\CortexM3\ARM_GCC_484\Debug\ENG3091_MandM.a(Timer.o)
 .debug_line    0x00002edf       0x94 .\CortexM3\ARM_GCC_484\Debug\ENG3091_MandM.a(WHITE.o)
 .debug_line    0x00002f73       0x93 .\CortexM3\ARM_GCC_484\Debug\ENG3091_MandM.a(BLUE.o)
 .debug_line    0x00003006       0x95 .\CortexM3\ARM_GCC_484\Debug\ENG3091_MandM.a(ORANGE.o)
 .debug_line    0x0000309b       0x68 .\CortexM3\ARM_GCC_484\Debug\ENG3091_MandM.a(CyBootAsmGnu.o)
 .debug_line    0x00003103      0x2de .\CortexM3\ARM_GCC_484\Debug\ENG3091_MandM.a(CyDmac.o)
 .debug_line    0x000033e1      0x818 .\CortexM3\ARM_GCC_484\Debug\ENG3091_MandM.a(CyLib.o)
 .debug_line    0x00003bf9      0x366 .\CortexM3\ARM_GCC_484\Debug\ENG3091_MandM.a(cyPm.o)
 .debug_line    0x00003f5f       0x62 .\CortexM3\ARM_GCC_484\Debug\ENG3091_MandM.a(cyutils.o)
 .debug_line    0x00003fc1      0x1a4 .\CortexM3\ARM_GCC_484\Debug\ENG3091_MandM.a(LCD.o)
 .debug_line    0x00004165      0x14a .\CortexM3\ARM_GCC_484\Debug\ENG3091_MandM.a(but1.o)
 .debug_line    0x000042af      0x14a .\CortexM3\ARM_GCC_484\Debug\ENG3091_MandM.a(but0.o)
 .debug_line    0x000043f9      0x13a .\CortexM3\ARM_GCC_484\Debug\ENG3091_MandM.a(Button_PWM.o)
 .debug_line    0x00004533      0x137 .\CortexM3\ARM_GCC_484\Debug\ENG3091_MandM.a(MOTOR_R.o)
 .debug_line    0x0000466a      0x137 .\CortexM3\ARM_GCC_484\Debug\ENG3091_MandM.a(MOTOR_L.o)
 .debug_line    0x000047a1       0x94 .\CortexM3\ARM_GCC_484\Debug\ENG3091_MandM.a(MLIN1.o)
 .debug_line    0x00004835       0x94 .\CortexM3\ARM_GCC_484\Debug\ENG3091_MandM.a(MLIN2.o)
 .debug_line    0x000048c9       0x94 .\CortexM3\ARM_GCC_484\Debug\ENG3091_MandM.a(MRIN1.o)
 .debug_line    0x0000495d       0x94 .\CortexM3\ARM_GCC_484\Debug\ENG3091_MandM.a(MRIN2.o)
 .debug_line    0x000049f1      0x13b .\CortexM3\ARM_GCC_484\Debug\ENG3091_MandM.a(Gripper_PWM.o)
 .debug_line    0x00004b2c       0xcb .\CortexM3\ARM_GCC_484\Debug\ENG3091_MandM.a(I2C.o)
 .debug_line    0x00004bf7      0x118 .\CortexM3\ARM_GCC_484\Debug\ENG3091_MandM.a(I2C_INT.o)
 .debug_line    0x00004d0f      0x22d .\CortexM3\ARM_GCC_484\Debug\ENG3091_MandM.a(I2C_MASTER.o)
 .debug_line    0x00004f3c      0x1b3 .\CortexM3\ARM_GCC_484\Debug\ENG3091_MandM.a(HC_PWM.o)
 .debug_line    0x000050ef      0x14c .\CortexM3\ARM_GCC_484\Debug\ENG3091_MandM.a(HC_ISR.o)
 .debug_line    0x0000523b      0x151 .\CortexM3\ARM_GCC_484\Debug\ENG3091_MandM.a(HC_Timer.o)
 .debug_line    0x0000538c      0x190 .\CortexM3\ARM_GCC_484\Debug\ENG3091_MandM.a(Arm_PWM.o)
 .debug_line    0x0000551c      0x156 .\CortexM3\ARM_GCC_484\Debug\ENG3091_MandM.a(Compass_DRDY_ISR.o)
 .debug_line    0x00005672       0x8a .\CortexM3\ARM_GCC_484\Debug\ENG3091_MandM.a(USB_cls.o)
 .debug_line    0x000056fc       0x5b .\CortexM3\ARM_GCC_484\Debug\ENG3091_MandM.a(USB_descr.o)
 .debug_line    0x00005757      0x228 .\CortexM3\ARM_GCC_484\Debug\ENG3091_MandM.a(CyFlash.o)
 .debug_line    0x0000597f      0x222 .\CortexM3\ARM_GCC_484\Debug\ENG3091_MandM.a(CySpc.o)

.debug_frame    0x00000000     0x38a4
 *(.debug_frame)
 .debug_frame   0x00000000       0x60 .\CortexM3\ARM_GCC_484\Debug\main.o
 .debug_frame   0x00000060       0x8c .\CortexM3\ARM_GCC_484\Debug\mouse_a.o
 .debug_frame   0x000000ec       0x8c .\CortexM3\ARM_GCC_484\Debug\mouse_b.o
 .debug_frame   0x00000178      0x18c .\CortexM3\ARM_GCC_484\Debug\motor.o
 .debug_frame   0x00000304       0x90 .\CortexM3\ARM_GCC_484\Debug\navigation.o
 .debug_frame   0x00000394       0x48 .\CortexM3\ARM_GCC_484\Debug\arm.o
 .debug_frame   0x000003dc       0x80 .\CortexM3\ARM_GCC_484\Debug\gripper.o
 .debug_frame   0x0000045c       0x48 .\CortexM3\ARM_GCC_484\Debug\mice.o
 .debug_frame   0x000004a4       0x64 .\CortexM3\ARM_GCC_484\Debug\buttons.o
 .debug_frame   0x00000508       0xa8 .\CortexM3\ARM_GCC_484\Debug\compass.o
 .debug_frame   0x000005b0       0x64 .\CortexM3\ARM_GCC_484\Debug\ultrasonic.o
 .debug_frame   0x00000614       0xac .\CortexM3\ARM_GCC_484\Debug\Cm3Start.o
 .debug_frame   0x000006c0       0xfc .\CortexM3\ARM_GCC_484\Debug\ENG3091_MandM.a(cyfitter_cfg.o)
 .debug_frame   0x000007bc      0x1a4 .\CortexM3\ARM_GCC_484\Debug\ENG3091_MandM.a(USB.o)
 .debug_frame   0x00000960      0x1cc .\CortexM3\ARM_GCC_484\Debug\ENG3091_MandM.a(USB_cdc.o)
 .debug_frame   0x00000b2c      0x190 .\CortexM3\ARM_GCC_484\Debug\ENG3091_MandM.a(USB_drv.o)
 .debug_frame   0x00000cbc       0x6c .\CortexM3\ARM_GCC_484\Debug\ENG3091_MandM.a(USB_episr.o)
 .debug_frame   0x00000d28      0x18c .\CortexM3\ARM_GCC_484\Debug\ENG3091_MandM.a(USB_std.o)
 .debug_frame   0x00000eb4       0x2c .\CortexM3\ARM_GCC_484\Debug\ENG3091_MandM.a(USB_vnd.o)
 .debug_frame   0x00000ee0       0x50 .\CortexM3\ARM_GCC_484\Debug\ENG3091_MandM.a(SDAT_A.o)
 .debug_frame   0x00000f30       0x60 .\CortexM3\ARM_GCC_484\Debug\ENG3091_MandM.a(SCLK_A.o)
 .debug_frame   0x00000f90      0x104 .\CortexM3\ARM_GCC_484\Debug\ENG3091_MandM.a(sclk_a_isr.o)
 .debug_frame   0x00001094       0x60 .\CortexM3\ARM_GCC_484\Debug\ENG3091_MandM.a(SCLK_B.o)
 .debug_frame   0x000010f4       0x50 .\CortexM3\ARM_GCC_484\Debug\ENG3091_MandM.a(SDAT_B.o)
 .debug_frame   0x00001144      0x104 .\CortexM3\ARM_GCC_484\Debug\ENG3091_MandM.a(sclk_b_isr.o)
 .debug_frame   0x00001248      0x13c .\CortexM3\ARM_GCC_484\Debug\ENG3091_MandM.a(Timer.o)
 .debug_frame   0x00001384       0x50 .\CortexM3\ARM_GCC_484\Debug\ENG3091_MandM.a(WHITE.o)
 .debug_frame   0x000013d4       0x50 .\CortexM3\ARM_GCC_484\Debug\ENG3091_MandM.a(BLUE.o)
 .debug_frame   0x00001424       0x50 .\CortexM3\ARM_GCC_484\Debug\ENG3091_MandM.a(ORANGE.o)
 .debug_frame   0x00001474      0x1d0 .\CortexM3\ARM_GCC_484\Debug\ENG3091_MandM.a(CyDmac.o)
 .debug_frame   0x00001644      0x730 .\CortexM3\ARM_GCC_484\Debug\ENG3091_MandM.a(CyLib.o)
 .debug_frame   0x00001d74      0x1fc .\CortexM3\ARM_GCC_484\Debug\ENG3091_MandM.a(cyPm.o)
 .debug_frame   0x00001f70       0x20 .\CortexM3\ARM_GCC_484\Debug\ENG3091_MandM.a(cyutils.o)
 .debug_frame   0x00001f90      0x1c0 .\CortexM3\ARM_GCC_484\Debug\ENG3091_MandM.a(LCD.o)
 .debug_frame   0x00002150      0x104 .\CortexM3\ARM_GCC_484\Debug\ENG3091_MandM.a(but1.o)
 .debug_frame   0x00002254      0x104 .\CortexM3\ARM_GCC_484\Debug\ENG3091_MandM.a(but0.o)