Archive member included because of file (symbol)

.\CortexM3\ARM_GCC_484\Debug\ENG3091_MandM.a(cyfitter_cfg.o)
                              .\CortexM3\ARM_GCC_484\Debug\Cm3Start.o (cyfitter_cfg)
.\CortexM3\ARM_GCC_484\Debug\ENG3091_MandM.a(USB.o)
                              .\CortexM3\ARM_GCC_484\Debug\main.o (USB_GetConfiguration)
.\CortexM3\ARM_GCC_484\Debug\ENG3091_MandM.a(USB_cdc.o)
                              .\CortexM3\ARM_GCC_484\Debug\main.o (USB_PutString)
.\CortexM3\ARM_GCC_484\Debug\ENG3091_MandM.a(USB_drv.o)
                              .\CortexM3\ARM_GCC_484\Debug\ENG3091_MandM.a(USB.o) (USB_lastPacketSize)
.\CortexM3\ARM_GCC_484\Debug\ENG3091_MandM.a(USB_episr.o)
                              .\CortexM3\ARM_GCC_484\Debug\ENG3091_MandM.a(USB.o) (USB_EP_1_ISR)
.\CortexM3\ARM_GCC_484\Debug\ENG3091_MandM.a(USB_std.o)
                              .\CortexM3\ARM_GCC_484\Debug\ENG3091_MandM.a(USB_drv.o) (USB_HandleStandardRqst)
.\CortexM3\ARM_GCC_484\Debug\ENG3091_MandM.a(USB_vnd.o)
                              .\CortexM3\ARM_GCC_484\Debug\ENG3091_MandM.a(USB_drv.o) (USB_HandleVendorRqst)
.\CortexM3\ARM_GCC_484\Debug\ENG3091_MandM.a(SDAT_A.o)
                              .\CortexM3\ARM_GCC_484\Debug\mouse_a.o (SDAT_A_Write)
.\CortexM3\ARM_GCC_484\Debug\ENG3091_MandM.a(SCLK_A.o)
                              .\CortexM3\ARM_GCC_484\Debug\mouse_a.o (SCLK_A_Write)
.\CortexM3\ARM_GCC_484\Debug\ENG3091_MandM.a(sclk_a_isr.o)
                              .\CortexM3\ARM_GCC_484\Debug\main.o (sclk_a_isr_SetPriority)
.\CortexM3\ARM_GCC_484\Debug\ENG3091_MandM.a(SCLK_B.o)
                              .\CortexM3\ARM_GCC_484\Debug\mouse_b.o (SCLK_B_Write)
.\CortexM3\ARM_GCC_484\Debug\ENG3091_MandM.a(SDAT_B.o)
                              .\CortexM3\ARM_GCC_484\Debug\mouse_b.o (SDAT_B_Write)
.\CortexM3\ARM_GCC_484\Debug\ENG3091_MandM.a(sclk_b_isr.o)
                              .\CortexM3\ARM_GCC_484\Debug\main.o (sclk_b_isr_SetPriority)
.\CortexM3\ARM_GCC_484\Debug\ENG3091_MandM.a(Timer.o)
                              .\CortexM3\ARM_GCC_484\Debug\main.o (Timer_ReadCounter)
.\CortexM3\ARM_GCC_484\Debug\ENG3091_MandM.a(CyBootAsmGnu.o)
                              .\CortexM3\ARM_GCC_484\Debug\ENG3091_MandM.a(cyfitter_cfg.o) (CyDelayCycles)
.\CortexM3\ARM_GCC_484\Debug\ENG3091_MandM.a(CyDmac.o)
                              .\CortexM3\ARM_GCC_484\Debug\Cm3Start.o (CyDmacConfigure)
.\CortexM3\ARM_GCC_484\Debug\ENG3091_MandM.a(CyLib.o)
                              .\CortexM3\ARM_GCC_484\Debug\Cm3Start.o (CyHalt)
.\CortexM3\ARM_GCC_484\Debug\ENG3091_MandM.a(cyPm.o)
                              .\CortexM3\ARM_GCC_484\Debug\ENG3091_MandM.a(CyLib.o) (CyPmReadStatus)
.\CortexM3\ARM_GCC_484\Debug\ENG3091_MandM.a(cyutils.o)
                              .\CortexM3\ARM_GCC_484\Debug\ENG3091_MandM.a(Timer.o) (CySetReg24)
.\CortexM3\ARM_GCC_484\Debug\ENG3091_MandM.a(LCD.o)
                              .\CortexM3\ARM_GCC_484\Debug\main.o (LCD_PrintString)
.\CortexM3\ARM_GCC_484\Debug\ENG3091_MandM.a(but1.o)
                              .\CortexM3\ARM_GCC_484\Debug\main.o (but1_StartEx)
.\CortexM3\ARM_GCC_484\Debug\ENG3091_MandM.a(but0.o)
                              .\CortexM3\ARM_GCC_484\Debug\main.o (but0_StartEx)
.\CortexM3\ARM_GCC_484\Debug\ENG3091_MandM.a(Button_PWM.o)
                              .\CortexM3\ARM_GCC_484\Debug\main.o (Button_PWM_Start)
.\CortexM3\ARM_GCC_484\Debug\ENG3091_MandM.a(ISR_CHECKP.o)
                              .\CortexM3\ARM_GCC_484\Debug\navigation.o (ISR_CHECKP_Write)
.\CortexM3\ARM_GCC_484\Debug\ENG3091_MandM.a(MOTOR_R.o)
                              .\CortexM3\ARM_GCC_484\Debug\motor.o (MOTOR_R_WriteCompare)
.\CortexM3\ARM_GCC_484\Debug\ENG3091_MandM.a(MOTOR_L.o)
                              .\CortexM3\ARM_GCC_484\Debug\motor.o (MOTOR_L_WriteCompare)
.\CortexM3\ARM_GCC_484\Debug\ENG3091_MandM.a(MLIN1.o)
                              .\CortexM3\ARM_GCC_484\Debug\motor.o (MLIN1_Write)
.\CortexM3\ARM_GCC_484\Debug\ENG3091_MandM.a(MLIN2.o)
                              .\CortexM3\ARM_GCC_484\Debug\motor.o (MLIN2_Write)
.\CortexM3\ARM_GCC_484\Debug\ENG3091_MandM.a(MRIN1.o)
                              .\CortexM3\ARM_GCC_484\Debug\motor.o (MRIN1_Write)
.\CortexM3\ARM_GCC_484\Debug\ENG3091_MandM.a(MRIN2.o)
                              .\CortexM3\ARM_GCC_484\Debug\motor.o (MRIN2_Write)
.\CortexM3\ARM_GCC_484\Debug\ENG3091_MandM.a(USB_cls.o)
                              .\CortexM3\ARM_GCC_484\Debug\ENG3091_MandM.a(USB_drv.o) (USB_DispatchClassRqst)
.\CortexM3\ARM_GCC_484\Debug\ENG3091_MandM.a(USB_descr.o)
                              .\CortexM3\ARM_GCC_484\Debug\ENG3091_MandM.a(USB_std.o) (USB_idSerialNumberStringDescriptor)
.\CortexM3\ARM_GCC_484\Debug\ENG3091_MandM.a(CyFlash.o)
                              .\CortexM3\ARM_GCC_484\Debug\ENG3091_MandM.a(cyPm.o) (CyFlash_SetWaitCycles)
.\CortexM3\ARM_GCC_484\Debug\ENG3091_MandM.a(CySpc.o)
[...]
Memory Configuration

Name             Origin             Length             Attributes
rom              0x00000000         0x00040000         xr
ram              0x1fff8000         0x00010000         xrw
*default*        0x00000000         0xffffffff

Linker script and memory map

LOAD c:/program files (x86)/cypress/psoc creator/3.2/psoc creator/import/gnu/arm/4.8.4/bin/../lib/gcc/arm-none-eabi/4.8.4/armv7-m/crti.o
LOAD c:/program files (x86)/cypress/psoc creator/3.2/psoc creator/import/gnu/arm/4.8.4/bin/../lib/gcc/arm-none-eabi/4.8.4/armv7-m/crtbegin.o
LOAD c:/program files (x86)/cypress/psoc creator/3.2/psoc creator/import/gnu/arm/4.8.4/bin/../lib/gcc/arm-none-eabi/4.8.4/../../../../arm-none-eabi/lib/armv7-m/crt0.o
START GROUP
LOAD .\CortexM3\ARM_GCC_484\Debug\main.o
LOAD .\CortexM3\ARM_GCC_484\Debug\mouse_a.o
LOAD .\CortexM3\ARM_GCC_484\Debug\mouse_b.o
LOAD .\CortexM3\ARM_GCC_484\Debug\motor.o
LOAD .\CortexM3\ARM_GCC_484\Debug\navigation.o
LOAD .\CortexM3\ARM_GCC_484\Debug\arm.o
LOAD .\CortexM3\ARM_GCC_484\Debug\gripper.o
LOAD .\CortexM3\ARM_GCC_484\Debug\misc.o
LOAD .\CortexM3\ARM_GCC_484\Debug\cybootloader.o
LOAD .\CortexM3\ARM_GCC_484\Debug\cymetadata.o
LOAD .\CortexM3\ARM_GCC_484\Debug\Cm3Start.o
LOAD .\CortexM3\ARM_GCC_484\Debug\ENG3091_MandM.a
LOAD C:\Program Files (x86)\Cypress\PSoC Creator\3.2\PSoC Creator\psoc\content\cycomponentlibrary\CyComponentLibrary.cylib\CortexM3\ARM_GCC_484\Debug\CyComponentLibrary.a
LOAD c:/program files (x86)/cypress/psoc creator/3.2/psoc creator/import/gnu/arm/4.8.4/bin/../lib/gcc/arm-none-eabi/4.8.4/../../../../arm-none-eabi/lib/armv7-m\libm.a
END GROUP
START GROUP
LOAD c:/program files (x86)/cypress/psoc creator/3.2/psoc creator/import/gnu/arm/4.8.4/bin/../lib/gcc/arm-none-eabi/4.8.4/armv7-m\libgcc.a
LOAD c:/program files (x86)/cypress/psoc creator/3.2/psoc creator/import/gnu/arm/4.8.4/bin/../lib/gcc/arm-none-eabi/4.8.4/../../../../arm-none-eabi/lib/armv7-m\libg_s.a
LOAD c:/program files (x86)/cypress/psoc creator/3.2/psoc creator/import/gnu/arm/4.8.4/bin/../lib/gcc/arm-none-eabi/4.8.4/../../../../arm-none-eabi/lib/armv7-m\libc_s.a
END GROUP
START GROUP
LOAD c:/program files (x86)/cypress/psoc creator/3.2/psoc creator/import/gnu/arm/4.8.4/bin/../lib/gcc/arm-none-eabi/4.8.4/armv7-m\libgcc.a
LOAD c:/program files (x86)/cypress/psoc creator/3.2/psoc creator/import/gnu/arm/4.8.4/bin/../lib/gcc/arm-none-eabi/4.8.4/../../../../arm-none-eabi/lib/armv7-m\libc_s.a
END GROUP
LOAD c:/program files (x86)/cypress/psoc creator/3.2/psoc creator/import/gnu/arm/4.8.4/bin/../lib/gcc/arm-none-eabi/4.8.4/armv7-m/crtend.o
LOAD c:/program files (x86)/cypress/psoc creator/3.2/psoc creator/import/gnu/arm/4.8.4/bin/../lib/gcc/arm-none-eabi/4.8.4/armv7-m/crtn.o
START GROUP
LOAD c:/program files (x86)/cypress/psoc creator/3.2/psoc creator/import/gnu/arm/4.8.4/bin/../lib/gcc/arm-none-eabi/4.8.4/armv7-m\libgcc.a
LOAD c:/program files (x86)/cypress/psoc creator/3.2/psoc creator/import/gnu/arm/4.8.4/bin/../lib/gcc/arm-none-eabi/4.8.4/../../../../arm-none-eabi/lib/armv7-m\libc.a
LOAD c:/program files (x86)/cypress/psoc creator/3.2/psoc creator/import/gnu/arm/4.8.4/bin/../lib/gcc/arm-none-eabi/4.8.4/../../../../arm-none-eabi/lib/armv7-m\libnosys.a
END GROUP
                0x00000000                CY_APPL_ORIGIN = 0x0
                0x00000100                CY_FLASH_ROW_SIZE = 0x100
                0x00000020                CY_ECC_ROW_SIZE = 0x20
                0x00000000                CY_EE_IN_BTLDR = 0x0
                0x00000001                CY_APPL_LOADABLE = 0x1
                0x00000800                CY_EE_SIZE = 0x800
                0x00000001                CY_APPL_NUM = 0x1
                0x00000001                CY_APPL_MAX = 0x1
                0x00000040                CY_METADATA_SIZE = 0x40
                0x20004810                PROVIDE (__cy_heap_start, _end)
                0x00000001                PROVIDE (__cy_region_num, ((__cy_regions_end - __cy_regions) / 0x10))
                0x20008000                PROVIDE (__cy_stack, (ORIGIN (ram) + 0x10000))
                0x20007800                PROVIDE (__cy_heap_end, (__cy_stack - 0x800))

.cybootloader   0x00000000     0x2700
 *(.cybootloader)
 .cybootloader  0x00000000     0x2700 .\CortexM3\ARM_GCC_484\Debug\cybootloader.o
                0x00000000                cy_bootloader
                0x00002700                appl1_start = CY_APPL_ORIGIN?CY_APPL_ORIGIN:ALIGN (CY_FLASH_ROW_SIZE)
                0x00021300                appl2_start = (appl1_start + ALIGN ((((0x40000 - appl1_start) - (0x2 * CY_FLASH_ROW_SIZE)) / 0x2), CY_FLASH_ROW_SIZE))
                0x00002700                appl_start = (CY_APPL_NUM == 0x1)?appl1_start:appl2_start
                0x000004e0                ecc_offset = ((appl_start / CY_FLASH_ROW_SIZE) * CY_ECC_ROW_SIZE)
                0x00000000                ee_offset = (CY_APPL_LOADABLE && ! (CY_EE_IN_BTLDR))?((CY_EE_SIZE / CY_APPL_MAX) * (CY_APPL_NUM - 0x1)):0x0
                0x00000800                ee_size = (CY_APPL_LOADABLE && ! (CY_EE_IN_BTLDR))?(CY_EE_SIZE / CY_APPL_MAX):CY_EE_SIZE
                0x000004e0                PROVIDE (CY_ECC_OFFSET, ecc_offset)

.text           0x00002700     0x1dba
 CREATE_OBJECT_SYMBOLS
                0x00002700                PROVIDE (__cy_interrupt_vector, RomVectors)
 *(.romvectors)
 .romvectors    0x00002700       0x10 .\CortexM3\ARM_GCC_484\Debug\Cm3Start.o
                0x00002700                RomVectors
                0x00000001                ASSERT ((. != __cy_interrupt_vector), No interrupt vector)
                0x00000001                ASSERT (CY_APPL_ORIGIN?(SIZEOF (.cybootloader) <= CY_APPL_ORIGIN):0x1, Wrong image location)
                0x00002710                PROVIDE (__cy_reset, Reset)
 *(.text.Reset)
 .text.Reset    0x00002710        0x8 .\CortexM3\ARM_GCC_484\Debug\Cm3Start.o
                0x00002710                Reset
                0x00000001                ASSERT ((. != __cy_reset), No reset code)
 *(.dma_init)
                0x00000001                ASSERT ((((appl_start + .) <= 0x10000) || 0x1), DMA Init must be within the first 64k of flash)
 *(.text .text.* .gnu.linkonce.t.*)
 .text          0x00002718       0x54 c:/program files (x86)/cypress/psoc creator/3.2/psoc creator/import/gnu/arm/4.8.4/bin/../lib/gcc/arm-none-eabi/4.8.4/armv7-m/crtbegin.o
 .text.INC_ISR  0x0000276c       0x14 .\CortexM3\ARM_GCC_484\Debug\main.o
                0x0000276c                INC_ISR
 .text.DEC_ISR  0x00002780       0x14 .\CortexM3\ARM_GCC_484\Debug\main.o
                0x00002780                DEC_ISR
 .text.init_buttons
                0x00002794       0x30 .\CortexM3\ARM_GCC_484\Debug\main.o
                0x00002794                init_buttons
 .text.init_mice
                0x000027c4       0x48 .\CortexM3\ARM_GCC_484\Debug\main.o
                0x000027c4                init_mice
 .text.main     0x0000280c       0xcc .\CortexM3\ARM_GCC_484\Debug\main.o
                0x0000280c                main
 .text.mouse_a_write
                0x000028d8       0xb0 .\CortexM3\ARM_GCC_484\Debug\mouse_a.o
                0x000028d8                mouse_a_write
 .text.mouse_a_init
                0x00002988       0x48 .\CortexM3\ARM_GCC_484\Debug\mouse_a.o
                0x00002988                mouse_a_init
 .text.reset_sclk_a_isr
                0x000029d0       0x3c .\CortexM3\ARM_GCC_484\Debug\mouse_a.o
                0x000029d0                reset_sclk_a_isr
 .text.MY_SCLK_A_ISR
                0x00002a0c      0x224 .\CortexM3\ARM_GCC_484\Debug\mouse_a.o
                0x00002a0c                MY_SCLK_A_ISR
 .text.mouse_b_write
                0x00002c30       0xb0 .\CortexM3\ARM_GCC_484\Debug\mouse_b.o
                0x00002c30                mouse_b_write
 .text.mouse_b_init
                0x00002ce0       0x48 .\CortexM3\ARM_GCC_484\Debug\mouse_b.o
                0x00002ce0                mouse_b_init
 .text.reset_sclk_b_isr
                0x00002d28       0x3c .\CortexM3\ARM_GCC_484\Debug\mouse_b.o
                0x00002d28                reset_sclk_b_isr
 .text.MY_SCLK_B_ISR
                0x00002d64      0x224 .\CortexM3\ARM_GCC_484\Debug\mouse_b.o
                0x00002d64                MY_SCLK_B_ISR
 .text.init_motors
                0x00002f88       0x30 .\CortexM3\ARM_GCC_484\Debug\motor.o
                0x00002f88                init_motors
 .text.setCoast
                0x00002fb8       0x2c .\CortexM3\ARM_GCC_484\Debug\motor.o
                0x00002fb8                setCoast
 .text.reset_navigation
                0x00002fe4       0x4c .\CortexM3\ARM_GCC_484\Debug\navigation.o
                0x00002fe4                reset_navigation
 .text.init_navigation
                0x00003030        0x8 .\CortexM3\ARM_GCC_484\Debug\navigation.o
                0x00003030                init_navigation
 .text.IntDefaultHandler
                0x00003038        0x4 .\CortexM3\ARM_GCC_484\Debug\Cm3Start.o
                0x00003038                IntDefaultHandler
 .text._sbrk    0x0000303c       0x30 .\CortexM3\ARM_GCC_484\Debug\Cm3Start.o
                0x0000303c                _sbrk
 .text.Start_c  0x0000306c       0x4c .\CortexM3\ARM_GCC_484\Debug\Cm3Start.o
                0x0000306c                Start_c
 .text.initialize_psoc
                0x000030b8       0x74 .\CortexM3\ARM_GCC_484\Debug\Cm3Start.o
                0x000030b8                initialize_psoc
 .text.CyClockStartupError
                0x0000312c        0x4 .\CortexM3\ARM_GCC_484\Debug\ENG3091_MandM.a(cyfitter_cfg.o)
 .text.cfg_write_bytes32
                0x00003130       0x34 .\CortexM3\ARM_GCC_484\Debug\ENG3091_MandM.a(cyfitter_cfg.o)
 .text.AnalogSetDefault
                0x00003164       0x28 .\CortexM3\ARM_GCC_484\Debug\ENG3091_MandM.a(cyfitter_cfg.o)
 .text.CYMEMZERO
                0x0000318c        0xc .\CortexM3\ARM_GCC_484\Debug\ENG3091_MandM.a(cyfitter_cfg.o)
 .text.CYCONFIGCPYCODE
                0x00003198        0x8 .\CortexM3\ARM_GCC_484\Debug\ENG3091_MandM.a(cyfitter_cfg.o)
 .text.CYCONFIGCPY
                0x000031a0        0x8 .\CortexM3\ARM_GCC_484\Debug\ENG3091_MandM.a(cyfitter_cfg.o)
 .text.ClockSetup
                0x000031a8      0x104 .\CortexM3\ARM_GCC_484\Debug\ENG3091_MandM.a(cyfitter_cfg.o)
 .text.cyfitter_cfg
                0x000032ac      0x13c .\CortexM3\ARM_GCC_484\Debug\ENG3091_MandM.a(cyfitter_cfg.o)
                0x000032ac                cyfitter_cfg
 .text.SDAT_A_Write
                0x000033e8       0x18 .\CortexM3\ARM_GCC_484\Debug\ENG3091_MandM.a(SDAT_A.o)
                0x000033e8                SDAT_A_Write
 .text.SDAT_A_Read
                0x00003400       0x10 .\CortexM3\ARM_GCC_484\Debug\ENG3091_MandM.a(SDAT_A.o)
                0x00003400                SDAT_A_Read
 .text.SCLK_A_Write
                0x00003410       0x18 .\CortexM3\ARM_GCC_484\Debug\ENG3091_MandM.a(SCLK_A.o)
                0x00003410                SCLK_A_Write
 .text.SCLK_A_Read
                0x00003428       0x10 .\CortexM3\ARM_GCC_484\Debug\ENG3091_MandM.a(SCLK_A.o)
                0x00003428                SCLK_A_Read
 .text.SCLK_A_ClearInterrupt
                0x00003438       0x10 .\CortexM3\ARM_GCC_484\Debug\ENG3091_MandM.a(SCLK_A.o)
                0x00003438                SCLK_A_ClearInterrupt
 .text.sclk_a_isr_SetVector
                0x00003448        0xc .\CortexM3\ARM_GCC_484\Debug\ENG3091_MandM.a(sclk_a_isr.o)
                0x00003448                sclk_a_isr_SetVector
 .text.sclk_a_isr_SetPriority
                0x00003454       0x10 .\CortexM3\ARM_GCC_484\Debug\ENG3091_MandM.a(sclk_a_isr.o)
                0x00003454                sclk_a_isr_SetPriority
 .text.sclk_a_isr_Enable
                0x00003464        0xc .\CortexM3\ARM_GCC_484\Debug\ENG3091_MandM.a(sclk_a_isr.o)
                0x00003464                sclk_a_isr_Enable
 .text.sclk_a_isr_Disable
                0x00003470        0xc .\CortexM3\ARM_GCC_484\Debug\ENG3091_MandM.a(sclk_a_isr.o)
                0x00003470                sclk_a_isr_Disable
 .text.sclk_a_isr_StartEx
                0x0000347c       0x1c .\CortexM3\ARM_GCC_484\Debug\ENG3091_MandM.a(sclk_a_isr.o)
                0x0000347c                sclk_a_isr_StartEx
 .text.sclk_a_isr_Stop
                0x00003498       0x14 .\CortexM3\ARM_GCC_484\Debug\ENG3091_MandM.a(sclk_a_isr.o)
                0x00003498                sclk_a_isr_Stop
 .text.SCLK_B_Write
                0x000034ac       0x18 .\CortexM3\ARM_GCC_484\Debug\ENG3091_MandM.a(SCLK_B.o)
                0x000034ac                SCLK_B_Write
 .text.SCLK_B_Read
                0x000034c4       0x10 .\CortexM3\ARM_GCC_484\Debug\ENG3091_MandM.a(SCLK_B.o)
                0x000034c4                SCLK_B_Read
 .text.SCLK_B_ClearInterrupt
                0x000034d4       0x10 .\CortexM3\ARM_GCC_484\Debug\ENG3091_MandM.a(SCLK_B.o)
                0x000034d4                SCLK_B_ClearInterrupt
 .text.SDAT_B_Write
                0x000034e4       0x18 .\CortexM3\ARM_GCC_484\Debug\ENG3091_MandM.a(SDAT_B.o)
                0x000034e4                SDAT_B_Write
 .text.SDAT_B_Read
                0x000034fc       0x10 .\CortexM3\ARM_GCC_484\Debug\ENG3091_MandM.a(SDAT_B.o)
                0x000034fc                SDAT_B_Read
 .text.sclk_b_isr_SetVector
                0x0000350c        0xc .\CortexM3\ARM_GCC_484\Debug\ENG3091_MandM.a(sclk_b_isr.o)
                0x0000350c                sclk_b_isr_SetVector
 .text.sclk_b_isr_SetPriority
                0x00003518       0x10 .\CortexM3\ARM_GCC_484\Debug\ENG3091_MandM.a(sclk_b_isr.o)
                0x00003518                sclk_b_isr_SetPriority
 .text.sclk_b_isr_Enable
                0x00003528       0x10 .\CortexM3\ARM_GCC_484\Debug\ENG3091_MandM.a(sclk_b_isr.o)
                0x00003528                sclk_b_isr_Enable
 .text.sclk_b_isr_Disable
                0x00003538       0x10 .\CortexM3\ARM_GCC_484\Debug\ENG3091_MandM.a(sclk_b_isr.o)
                0x00003538                sclk_b_isr_Disable
 .text.sclk_b_isr_StartEx
                0x00003548       0x1c .\CortexM3\ARM_GCC_484\Debug\ENG3091_MandM.a(sclk_b_isr.o)
                0x00003548                sclk_b_isr_StartEx
 .text.sclk_b_isr_Stop
                0x00003564       0x14 .\CortexM3\ARM_GCC_484\Debug\ENG3091_MandM.a(sclk_b_isr.o)
                0x00003564                sclk_b_isr_Stop
 .text.Timer_Enable
                0x00003578       0x10 .\CortexM3\ARM_GCC_484\Debug\ENG3091_MandM.a(Timer.o)
                0x00003578                Timer_Enable
 .text.Timer_SetInterruptMode
                0x00003588        0xc .\CortexM3\ARM_GCC_484\Debug\ENG3091_MandM.a(Timer.o)
                0x00003588                Timer_SetInterruptMode
 .text.Timer_ReadStatusRegister
                0x00003594        0xc .\CortexM3\ARM_GCC_484\Debug\ENG3091_MandM.a(Timer.o)
                0x00003594                Timer_ReadStatusRegister
 .text.Timer_WritePeriod
                0x000035a0       0x10 .\CortexM3\ARM_GCC_484\Debug\ENG3091_MandM.a(Timer.o)
                0x000035a0                Timer_WritePeriod
 .text.Timer_ReadCapture
                0x000035b0       0x10 .\CortexM3\ARM_GCC_484\Debug\ENG3091_MandM.a(Timer.o)
                0x000035b0                Timer_ReadCapture
 .text.Timer_WriteCounter
                0x000035c0       0x10 .\CortexM3\ARM_GCC_484\Debug\ENG3091_MandM.a(Timer.o)
                0x000035c0                Timer_WriteCounter
 .text.Timer_ReadCounter
                0x000035d0       0x18 .\CortexM3\ARM_GCC_484\Debug\ENG3091_MandM.a(Timer.o)
                0x000035d0                Timer_ReadCounter
 .text.Timer_ClearFIFO
                0x000035e8       0x14 .\CortexM3\ARM_GCC_484\Debug\ENG3091_MandM.a(Timer.o)
                0x000035e8                Timer_ClearFIFO
 .text.Timer_Init
                0x000035fc       0x34 .\CortexM3\ARM_GCC_484\Debug\ENG3091_MandM.a(Timer.o)
                0x000035fc                Timer_Init
 .text.Timer_Start
                0x00003630       0x1c .\CortexM3\ARM_GCC_484\Debug\ENG3091_MandM.a(Timer.o)
                0x00003630                Timer_Start
 *fill*         0x0000364c        0x4 
 .text          0x00003650       0x28 .\CortexM3\ARM_GCC_484\Debug\ENG3091_MandM.a(CyBootAsmGnu.o)
                0x00003650                CyDelayCycles
                0x00003664                CyEnterCriticalSection
                0x0000366c                CyExitCriticalSection
 .text.CyDmacConfigure
                0x00003678       0x34 .\CortexM3\ARM_GCC_484\Debug\ENG3091_MandM.a(CyDmac.o)
                0x00003678                CyDmacConfigure
 .text.CyDelay  0x000036ac       0x2c .\CortexM3\ARM_GCC_484\Debug\ENG3091_MandM.a(CyLib.o)
                0x000036ac                CyDelay
 .text.CyDelayUs
                0x000036d8       0x14 .\CortexM3\ARM_GCC_484\Debug\ENG3091_MandM.a(CyLib.o)
                0x000036d8                CyDelayUs
 .text.CySetReg24
                0x000036ec       0x14 .\CortexM3\ARM_GCC_484\Debug\ENG3091_MandM.a(cyutils.o)
                0x000036ec                CySetReg24
 .text.LCD_WrCntrlNib
                0x00003700       0x34 .\CortexM3\ARM_GCC_484\Debug\ENG3091_MandM.a(LCD.o)
 .text.LCD_WrDatNib
                0x00003734       0x3c .\CortexM3\ARM_GCC_484\Debug\ENG3091_MandM.a(LCD.o)
 .text.LCD_WriteData
                0x00003770       0x20 .\CortexM3\ARM_GCC_484\Debug\ENG3091_MandM.a(LCD.o)
                0x00003770                LCD_WriteData
 .text.LCD_PrintString
                0x00003790       0x1c .\CortexM3\ARM_GCC_484\Debug\ENG3091_MandM.a(LCD.o)
                0x00003790                LCD_PrintString
 .text.LCD_WriteControl
                0x000037ac       0x24 .\CortexM3\ARM_GCC_484\Debug\ENG3091_MandM.a(LCD.o)
                0x000037ac                LCD_WriteControl
 .text.LCD_Init
                0x000037d0       0x6c .\CortexM3\ARM_GCC_484\Debug\ENG3091_MandM.a(LCD.o)
                0x000037d0                LCD_Init
 .text.LCD_Enable
                0x0000383c       0x14 .\CortexM3\ARM_GCC_484\Debug\ENG3091_MandM.a(LCD.o)
                0x0000383c                LCD_Enable
 .text.LCD_Start
                0x00003850       0x1c .\CortexM3\ARM_GCC_484\Debug\ENG3091_MandM.a(LCD.o)
                0x00003850                LCD_Start
 .text.LCD_Position
                0x0000386c       0x3c .\CortexM3\ARM_GCC_484\Debug\ENG3091_MandM.a(LCD.o)
                0x0000386c                LCD_Position
 .text.but1_SetVector
                0x000038a8        0xc .\CortexM3\ARM_GCC_484\Debug\ENG3091_MandM.a(but1.o)
                0x000038a8                but1_SetVector
 .text.but1_SetPriority
                0x000038b4       0x10 .\CortexM3\ARM_GCC_484\Debug\ENG3091_MandM.a(but1.o)
                0x000038b4                but1_SetPriority
 .text.but1_Enable
                0x000038c4        0xc .\CortexM3\ARM_GCC_484\Debug\ENG3091_MandM.a(but1.o)
                0x000038c4                but1_Enable
 .text.but1_Disable
                0x000038d0        0xc .\CortexM3\ARM_GCC_484\Debug\ENG3091_MandM.a(but1.o)
                0x000038d0                but1_Disable
 .text.but1_StartEx
                0x000038dc       0x1c .\CortexM3\ARM_GCC_484\Debug\ENG3091_MandM.a(but1.o)
                0x000038dc                but1_StartEx
 .text.but1_ClearPending
                0x000038f8        0xc .\CortexM3\ARM_GCC_484\Debug\ENG3091_MandM.a(but1.o)
                0x000038f8                but1_ClearPending
 .text.but0_SetVector
                0x00003904        0xc .\CortexM3\ARM_GCC_484\Debug\ENG3091_MandM.a(but0.o)
                0x00003904                but0_SetVector
 .text.but0_SetPriority
                0x00003910       0x10 .\CortexM3\ARM_GCC_484\Debug\ENG3091_MandM.a(but0.o)
                0x00003910                but0_SetPriority
 .text.but0_Enable
                0x00003920        0xc .\CortexM3\ARM_GCC_484\Debug\ENG3091_MandM.a(but0.o)
                0x00003920                but0_Enable
 .text.but0_Disable
                0x0000392c        0xc .\CortexM3\ARM_GCC_484\Debug\ENG3091_MandM.a(but0.o)
                0x0000392c                but0_Disable
 .text.but0_StartEx
                0x00003938       0x1c .\CortexM3\ARM_GCC_484\Debug\ENG3091_MandM.a(but0.o)
                0x00003938                but0_StartEx
 .text.but0_ClearPending
                0x00003954        0xc .\CortexM3\ARM_GCC_484\Debug\ENG3091_MandM.a(but0.o)
                0x00003954                but0_ClearPending
 .text.Button_PWM_Enable
                0x00003960       0x28 .\CortexM3\ARM_GCC_484\Debug\ENG3091_MandM.a(Button_PWM.o)
                0x00003960                Button_PWM_Enable
 .text.Button_PWM_WritePeriod
                0x00003988        0xc .\CortexM3\ARM_GCC_484\Debug\ENG3091_MandM.a(Button_PWM.o)
                0x00003988                Button_PWM_WritePeriod
 .text.Button_PWM_WriteCompare
                0x00003994        0xc .\CortexM3\ARM_GCC_484\Debug\ENG3091_MandM.a(Button_PWM.o)
                0x00003994                Button_PWM_WriteCompare
 .text.Button_PWM_SetInterruptMode
                0x000039a0        0xc .\CortexM3\ARM_GCC_484\Debug\ENG3091_MandM.a(Button_PWM.o)
                0x000039a0                Button_PWM_SetInterruptMode
 .text.Button_PWM_Init
                0x000039ac       0x70 .\CortexM3\ARM_GCC_484\Debug\ENG3091_MandM.a(Button_PWM.o)
                0x000039ac                Button_PWM_Init
 .text.Button_PWM_Start
                0x00003a1c       0x1c .\CortexM3\ARM_GCC_484\Debug\ENG3091_MandM.a(Button_PWM.o)
                0x00003a1c                Button_PWM_Start
 .text.MOTOR_R_Enable
                0x00003a38       0x28 .\CortexM3\ARM_GCC_484\Debug\ENG3091_MandM.a(MOTOR_R.o)
                0x00003a38                MOTOR_R_Enable
 .text.MOTOR_R_WritePeriod
                0x00003a60        0xc .\CortexM3\ARM_GCC_484\Debug\ENG3091_MandM.a(MOTOR_R.o)
                0x00003a60                MOTOR_R_WritePeriod
 .text.MOTOR_R_WriteCompare
                0x00003a6c        0xc .\CortexM3\ARM_GCC_484\Debug\ENG3091_MandM.a(MOTOR_R.o)
                0x00003a6c                MOTOR_R_WriteCompare
 .text.MOTOR_R_SetInterruptMode
                0x00003a78        0xc .\CortexM3\ARM_GCC_484\Debug\ENG3091_MandM.a(MOTOR_R.o)
                0x00003a78                MOTOR_R_SetInterruptMode
 .text.MOTOR_R_Init
                0x00003a84       0x70 .\CortexM3\ARM_GCC_484\Debug\ENG3091_MandM.a(MOTOR_R.o)
                0x00003a84                MOTOR_R_Init
 .text.MOTOR_R_Start
                0x00003af4       0x1c .\CortexM3\ARM_GCC_484\Debug\ENG3091_MandM.a(MOTOR_R.o)
                0x00003af4                MOTOR_R_Start
 .text.MOTOR_L_Enable
                0x00003b10       0x28 .\CortexM3\ARM_GCC_484\Debug\ENG3091_MandM.a(MOTOR_L.o)
                0x00003b10                MOTOR_L_Enable
 .text.MOTOR_L_WritePeriod
                0x00003b38        0xc .\CortexM3\ARM_GCC_484\Debug\ENG3091_MandM.a(MOTOR_L.o)
                0x00003b38                MOTOR_L_WritePeriod
 .text.MOTOR_L_WriteCompare
                0x00003b44        0xc .\CortexM3\ARM_GCC_484\Debug\ENG3091_MandM.a(MOTOR_L.o)
                0x00003b44                MOTOR_L_WriteCompare
 .text.MOTOR_L_SetInterruptMode
                0x00003b50        0xc .\CortexM3\ARM_GCC_484\Debug\ENG3091_MandM.a(MOTOR_L.o)
                0x00003b50                MOTOR_L_SetInterruptMode
 .text.MOTOR_L_Init
                0x00003b5c       0x70 .\CortexM3\ARM_GCC_484\Debug\ENG3091_MandM.a(MOTOR_L.o)
                0x00003b5c                MOTOR_L_Init
 .text.MOTOR_L_Start
                0x00003bcc       0x1c .\CortexM3\ARM_GCC_484\Debug\ENG3091_MandM.a(MOTOR_L.o)
                0x00003bcc                MOTOR_L_Start
 .text.MLIN1_Write
                0x00003be8       0x18 .\CortexM3\ARM_GCC_484\Debug\ENG3091_MandM.a(MLIN1.o)
                0x00003be8                MLIN1_Write
 .text.MLIN2_Write
                0x00003c00       0x18 .\CortexM3\ARM_GCC_484\Debug\ENG3091_MandM.a(MLIN2.o)
                0x00003c00                MLIN2_Write
 .text.MRIN1_Write
                0x00003c18       0x18 .\CortexM3\ARM_GCC_484\Debug\ENG3091_MandM.a(MRIN1.o)
                0x00003c18                MRIN1_Write
 .text.MRIN2_Write
                0x00003c30       0x18 .\CortexM3\ARM_GCC_484\Debug\ENG3091_MandM.a(MRIN2.o)
                0x00003c30                MRIN2_Write
 .text.__errno  0x00003c48        0xc c:/program files (x86)/cypress/psoc creator/3.2/psoc creator/import/gnu/arm/4.8.4/bin/../lib/gcc/arm-none-eabi/4.8.4/../../../../arm-none-eabi/lib/armv7-m\libg_s.a(lib_a-errno.o)
                0x00003c48                __errno
 .text.__libc_init_array
                0x00003c54       0x4c c:/program files (x86)/cypress/psoc creator/3.2/psoc creator/import/gnu/arm/4.8.4/bin/../lib/gcc/arm-none-eabi/4.8.4/../../../../arm-none-eabi/lib/armv7-m\libg_s.a(lib_a-init.o)
                0x00003c54                __libc_init_array
 .text.memcpy   0x00003ca0       0x12 c:/program files (x86)/cypress/psoc creator/3.2/psoc creator/import/gnu/arm/4.8.4/bin/../lib/gcc/arm-none-eabi/4.8.4/../../../../arm-none-eabi/lib/armv7-m\libg_s.a(lib_a-memcpy-stub.o)
                0x00003ca0                memcpy
 .text.memset   0x00003cb2       0x10 c:/program files (x86)/cypress/psoc creator/3.2/psoc creator/import/gnu/arm/4.8.4/bin/../lib/gcc/arm-none-eabi/4.8.4/../../../../arm-none-eabi/lib/armv7-m\libg_s.a(lib_a-memset.o)
                0x00003cb2                memset
 *fill*         0x00003cc2        0x2 
 .text.sprintf  0x00003cc4       0x48 c:/program files (x86)/cypress/psoc creator/3.2/psoc creator/import/gnu/arm/4.8.4/bin/../lib/gcc/arm-none-eabi/4.8.4/../../../../arm-none-eabi/lib/armv7-m\libg_s.a(lib_a-sprintf.o)
                0x00003cc4                siprintf
                0x00003cc4                sprintf
 .text.__ssputs_r
                0x00003d0c       0xb8 c:/program files (x86)/cypress/psoc creator/3.2/psoc creator/import/gnu/arm/4.8.4/bin/../lib/gcc/arm-none-eabi/4.8.4/../../../../arm-none-eabi/lib/armv7-m\libg_s.a(lib_a-svfprintf.o)
                0x00003d0c                __ssputs_r
 .text._svfprintf_r
                0x00003dc4      0x1d8 c:/program files (x86)/cypress/psoc creator/3.2/psoc creator/import/gnu/arm/4.8.4/bin/../lib/gcc/arm-none-eabi/4.8.4/../../../../arm-none-eabi/lib/armv7-m\libg_s.a(lib_a-svfprintf.o)
                0x00003dc4                _svfiprintf_r
                0x00003dc4                _svfprintf_r
 .text._printf_common
                0x00003f9c       0xe4 c:/program files (x86)/cypress/psoc creator/3.2/psoc creator/import/gnu/arm/4.8.4/bin/../lib/gcc/arm-none-eabi/4.8.4/../../../../arm-none-eabi/lib/armv7-m\libg_s.a(lib_a-vfprintf_i.o)
                0x00003f9c                _printf_common
 .text._printf_i
                0x00004080      0x228 c:/program files (x86)/cypress/psoc creator/3.2/psoc creator/import/gnu/arm/4.8.4/bin/../lib/gcc/arm-none-eabi/4.8.4/../../../../arm-none-eabi/lib/armv7-m\libg_s.a(lib_a-vfprintf_i.o)
                0x00004080                _printf_i
 .text.memchr   0x000042a8       0x1c c:/program files (x86)/cypress/psoc creator/3.2/psoc creator/import/gnu/arm/4.8.4/bin/../lib/gcc/arm-none-eabi/4.8.4/../../../../arm-none-eabi/lib/armv7-m\libg_s.a(lib_a-memchr-stub.o)
                0x000042a8                memchr
 .text.memmove  0x000042c4       0x36 c:/program files (x86)/cypress/psoc creator/3.2/psoc creator/import/gnu/arm/4.8.4/bin/../lib/gcc/arm-none-eabi/4.8.4/../../../../arm-none-eabi/lib/armv7-m\libg_s.a(lib_a-memmove.o)
                0x000042c4                memmove
 *fill*         0x000042fa        0x2 
 .text._free_r  0x000042fc       0x88 c:/program files (x86)/cypress/psoc creator/3.2/psoc creator/import/gnu/arm/4.8.4/bin/../lib/gcc/arm-none-eabi/4.8.4/../../../../arm-none-eabi/lib/armv7-m\libg_s.a(lib_a-nano-freer.o)
                0x000042fc                _free_r
 .text._malloc_r
                0x00004384       0xa8 c:/program files (x86)/cypress/psoc creator/3.2/psoc creator/import/gnu/arm/4.8.4/bin/../lib/gcc/arm-none-eabi/4.8.4/../../../../arm-none-eabi/lib/armv7-m\libg_s.a(lib_a-nano-mallocr.o)
                0x00004384                _malloc_r
 .text._realloc_r
                0x0000442c       0x4c c:/program files (x86)/cypress/psoc creator/3.2/psoc creator/import/gnu/arm/4.8.4/bin/../lib/gcc/arm-none-eabi/4.8.4/../../../../arm-none-eabi/lib/armv7-m\libg_s.a(lib_a-nano-reallocr.o)
                0x0000442c                _realloc_r
 .text._sbrk_r  0x00004478       0x20 c:/program files (x86)/cypress/psoc creator/3.2/psoc creator/import/gnu/arm/4.8.4/bin/../lib/gcc/arm-none-eabi/4.8.4/../../../../arm-none-eabi/lib/armv7-m\libg_s.a(lib_a-sbrkr.o)
                0x00004478                _sbrk_r
 .text.strlen   0x00004498       0x10 c:/program files (x86)/cypress/psoc creator/3.2/psoc creator/import/gnu/arm/4.8.4/bin/../lib/gcc/arm-none-eabi/4.8.4/../../../../arm-none-eabi/lib/armv7-m\libg_s.a(lib_a-strlen.o)
                0x00004498                strlen
 .text._malloc_usable_size_r
                0x000044a8       0x12 c:/program files (x86)/cypress/psoc creator/3.2/psoc creator/import/gnu/arm/4.8.4/bin/../lib/gcc/arm-none-eabi/4.8.4/../../../../arm-none-eabi/lib/armv7-m\libg_s.a(lib_a-nano-msizer.o)
                0x000044a8                _malloc_usable_size_r
 *(.plt)
 *(.gnu.warning)
 *(.glue_7t)
 .glue_7t       0x00000000        0x0 linker stubs
 *(.glue_7)
 .glue_7        0x00000000        0x0 linker stubs
 *(.vfp11_veneer)
 .vfp11_veneer  0x00000000        0x0 linker stubs
 *(.bootloader)
 *(.ARM.extab* .gnu.linkonce.armextab.*)
 *(.gcc_except_table)

.v4_bx          0x000044bc        0x0
 .v4_bx         0x00000000        0x0 linker stubs

.iplt           0x000044bc        0x0
 .iplt          0x00000000        0x0 c:/program files (x86)/cypress/psoc creator/3.2/psoc creator/import/gnu/arm/4.8.4/bin/../lib/gcc/arm-none-eabi/4.8.4/armv7-m/crtbegin.o

.eh_frame_hdr
 *(.eh_frame_hdr)

.eh_frame       0x000044bc        0x4
 *(.eh_frame)
 .eh_frame      0x000044bc        0x0 c:/program files (x86)/cypress/psoc creator/3.2/psoc creator/import/gnu/arm/4.8.4/bin/../lib/gcc/arm-none-eabi/4.8.4/armv7-m/crtbegin.o
 .eh_frame      0x000044bc        0x4 c:/program files (x86)/cypress/psoc creator/3.2/psoc creator/import/gnu/arm/4.8.4/bin/../lib/gcc/arm-none-eabi/4.8.4/armv7-m/crtend.o
                0x000044c0                PROVIDE (__exidx_start, .)

.ARM.exidx
 *(.ARM.exidx* .gnu.linkonce.armexidx.*)
                0x000044c0                __exidx_end = .

.rodata         0x000044c0      0x510
 *(.rodata .rodata.* .gnu.linkonce.r.*)
 .rodata.str1.4
                0x000044c0       0x20 .\CortexM3\ARM_GCC_484\Debug\main.o
 .rodata        0x000044e0      0x480 .\CortexM3\ARM_GCC_484\Debug\ENG3091_MandM.a(cyfitter_cfg.o)
 .rodata.str1.1
                0x00004960        0x2 c:/program files (x86)/cypress/psoc creator/3.2/psoc creator/import/gnu/arm/4.8.4/bin/../lib/gcc/arm-none-eabi/4.8.4/../../../../arm-none-eabi/lib/armv7-m\libg_s.a(lib_a-impure.o)
 .rodata.str1.1
                0x00004962       0x11 c:/program files (x86)/cypress/psoc creator/3.2/psoc creator/import/gnu/arm/4.8.4/bin/../lib/gcc/arm-none-eabi/4.8.4/../../../../arm-none-eabi/lib/armv7-m\libg_s.a(lib_a-svfprintf.o)
 .rodata.str1.1
                0x00004973       0x22 c:/program files (x86)/cypress/psoc creator/3.2/psoc creator/import/gnu/arm/4.8.4/bin/../lib/gcc/arm-none-eabi/4.8.4/../../../../arm-none-eabi/lib/armv7-m\libg_s.a(lib_a-vfprintf_i.o)
                0x00004998                . = ALIGN (0x4)
 *fill*         0x00004995        0x3 
 *(.init)
 .init          0x00004998        0x4 c:/program files (x86)/cypress/psoc creator/3.2/psoc creator/import/gnu/arm/4.8.4/bin/../lib/gcc/arm-none-eabi/4.8.4/armv7-m/crti.o
                0x00004998                _init
 .init          0x0000499c        0x8 c:/program files (x86)/cypress/psoc creator/3.2/psoc creator/import/gnu/arm/4.8.4/bin/../lib/gcc/arm-none-eabi/4.8.4/armv7-m/crtn.o
                0x000049a4                . = ALIGN (0x4)
                0x000049a4                __preinit_array_start = .
 *(.preinit_array)
                0x000049a4                __preinit_array_end = .
                0x000049a4                . = ALIGN (0x4)
                0x000049a4                __init_array_start = .
 *(SORT(.init_array.*))
 *(.init_array)
 .init_array    0x000049a4        0x4 c:/program files (x86)/cypress/psoc creator/3.2/psoc creator/import/gnu/arm/4.8.4/bin/../lib/gcc/arm-none-eabi/4.8.4/armv7-m/crtbegin.o
 .init_array    0x000049a8        0x4 .\CortexM3\ARM_GCC_484\Debug\Cm3Start.o
                0x000049ac                __init_array_end = .
                0x000049ac                . = ALIGN (0x4)
 *(.fini)
 .fini          0x000049ac        0x4 c:/program files (x86)/cypress/psoc creator/3.2/psoc creator/import/gnu/arm/4.8.4/bin/../lib/gcc/arm-none-eabi/4.8.4/armv7-m/crti.o
                0x000049ac                _fini
 .fini          0x000049b0        0x8 c:/program files (x86)/cypress/psoc creator/3.2/psoc creator/import/gnu/arm/4.8.4/bin/../lib/gcc/arm-none-eabi/4.8.4/armv7-m/crtn.o
                0x000049b8                . = ALIGN (0x4)
                0x000049b8                __fini_array_start = .
 *(.fini_array)
 .fini_array    0x000049b8        0x4 c:/program files (x86)/cypress/psoc creator/3.2/psoc creator/import/gnu/arm/4.8.4/bin/../lib/gcc/arm-none-eabi/4.8.4/armv7-m/crtbegin.o
 *(SORT(.fini_array.*))
                0x000049bc                __fini_array_end = .
                0x000049bc                . = ALIGN (0x4)
 *crtbegin.o(.ctors)
 *(EXCLUDE_FILE(*crtend.o) .ctors)
 *(SORT(.ctors.*))
 *crtend.o(.ctors)
                0x000049bc                . = ALIGN (0x4)
 *crtbegin.o(.dtors)
 *(EXCLUDE_FILE(*crtend.o) .dtors)
 *(SORT(.dtors.*))
 *crtend.o(.dtors)
                0x000049bc                . = ALIGN (0x4)
                0x000049bc                __cy_regions = .
                0x000049bc        0x4 LONG 0x49d0 __cy_region_init_ram
                0x000049c0        0x4 LONG 0x1fff8108 __cy_region_start_data
                0x000049c4        0x4 LONG 0x88 __cy_region_init_size_ram
                0x000049c8        0x4 LONG 0xc680 __cy_region_zero_size_ram
                0x000049cc                __cy_regions_end = .
                0x000049d0                . = ALIGN (0x8)
 *fill*         0x000049cc        0x4 
                0x000049d0                _etext = .

.ramvectors     0x1fff8000      0x100
                0x1fff8000                __cy_region_start_ram = .
 *(.ramvectors)
 .ramvectors    0x1fff8000      0x100 .\CortexM3\ARM_GCC_484\Debug\Cm3Start.o
                0x1fff8000                CyRamVectors

.noinit         0x1fff8100        0x5
 *(.noinit)
 .noinit        0x1fff8100        0x4 .\CortexM3\ARM_GCC_484\Debug\Cm3Start.o
 .noinit        0x1fff8104        0x1 .\CortexM3\ARM_GCC_484\Debug\ENG3091_MandM.a(CyLib.o)
                0x1fff8104                CyResetStatus

.data           0x1fff8108       0x88 load address 0x000049d0
                0x1fff8108                __cy_region_start_data = .
 *(.jcr)
 .jcr           0x1fff8108        0x0 c:/program files (x86)/cypress/psoc creator/3.2/psoc creator/import/gnu/arm/4.8.4/bin/../lib/gcc/arm-none-eabi/4.8.4/armv7-m/crtbegin.o
 .jcr           0x1fff8108        0x4 c:/program files (x86)/cypress/psoc creator/3.2/psoc creator/import/gnu/arm/4.8.4/bin/../lib/gcc/arm-none-eabi/4.8.4/armv7-m/crtend.o
 *(.got.plt)
 *(.got)
 *(.shdata)
 *(.data .data.* .gnu.linkonce.d.*)
 .data          0x1fff810c        0x4 .\CortexM3\ARM_GCC_484\Debug\Cm3Start.o
 .data          0x1fff8110        0x8 .\CortexM3\ARM_GCC_484\Debug\ENG3091_MandM.a(CyDmac.o)
 .data          0x1fff8118       0x10 .\CortexM3\ARM_GCC_484\Debug\ENG3091_MandM.a(CyLib.o)
                0x1fff8118                cydelay_32k_ms
                0x1fff811c                cydelay_freq_khz
                0x1fff8120                cydelay_freq_mhz
                0x1fff8124                cydelay_freq_hz
 .data.impure_data
                0x1fff8128       0x60 c:/program files (x86)/cypress/psoc creator/3.2/psoc creator/import/gnu/arm/4.8.4/bin/../lib/gcc/arm-none-eabi/4.8.4/../../../../arm-none-eabi/lib/armv7-m\libg_s.a(lib_a-impure.o)
 .data._impure_ptr
                0x1fff8188        0x4 c:/program files (x86)/cypress/psoc creator/3.2/psoc creator/import/gnu/arm/4.8.4/bin/../lib/gcc/arm-none-eabi/4.8.4/../../../../arm-none-eabi/lib/armv7-m\libg_s.a(lib_a-impure.o)
                0x1fff8188                _impure_ptr
                0x1fff8190                . = ALIGN (0x8)
 *fill*         0x1fff818c        0x4 
 *(.ram)
                0x1fff8190                _edata = .

.igot.plt       0x1fff8190        0x0 load address 0x00004a58
 .igot.plt      0x00000000        0x0 c:/program files (x86)/cypress/psoc creator/3.2/psoc creator/import/gnu/arm/4.8.4/bin/../lib/gcc/arm-none-eabi/4.8.4/armv7-m/crtbegin.o

.bss            0x1fff8190     0xc680 load address 0x00004a58
                0x1fff8190                PROVIDE (__bss_start__, .)
 *(.shbss)
 *(.bss .bss.* .gnu.linkonce.b.*)
 .bss           0x1fff8190       0x1c c:/program files (x86)/cypress/psoc creator/3.2/psoc creator/import/gnu/arm/4.8.4/bin/../lib/gcc/arm-none-eabi/4.8.4/armv7-m/crtbegin.o
 .bss           0x1fff81ac        0x1 .\CortexM3\ARM_GCC_484\Debug\ENG3091_MandM.a(Timer.o)
                0x1fff81ac                Timer_initVar
 .bss           0x1fff81ad        0x2 .\CortexM3\ARM_GCC_484\Debug\ENG3091_MandM.a(LCD.o)
                0x1fff81ad                LCD_enableState
                0x1fff81ae                LCD_initVar
 .bss           0x1fff81af        0x1 .\CortexM3\ARM_GCC_484\Debug\ENG3091_MandM.a(Button_PWM.o)
                0x1fff81af                Button_PWM_initVar
 .bss           0x1fff81b0        0x1 .\CortexM3\ARM_GCC_484\Debug\ENG3091_MandM.a(MOTOR_R.o)
                0x1fff81b0                MOTOR_R_initVar
 .bss           0x1fff81b1        0x1 .\CortexM3\ARM_GCC_484\Debug\ENG3091_MandM.a(MOTOR_L.o)
                0x1fff81b1                MOTOR_L_initVar
 *fill*         0x1fff81b2        0x2 
 .bss.__malloc_sbrk_start
                0x1fff81b4        0x4 c:/program files (x86)/cypress/psoc creator/3.2/psoc creator/import/gnu/arm/4.8.4/bin/../lib/gcc/arm-none-eabi/4.8.4/../../../../arm-none-eabi/lib/armv7-m\libg_s.a(lib_a-nano-mallocr.o)
                0x1fff81b4                __malloc_sbrk_start
 .bss.__malloc_free_list
                0x1fff81b8        0x4 c:/program files (x86)/cypress/psoc creator/3.2/psoc creator/import/gnu/arm/4.8.4/bin/../lib/gcc/arm-none-eabi/4.8.4/../../../../arm-none-eabi/lib/armv7-m\libg_s.a(lib_a-nano-mallocr.o)
                0x1fff81b8                __malloc_free_list
 *(COMMON)
 COMMON         0x1fff81bc     0xc602 .\CortexM3\ARM_GCC_484\Debug\main.o
                0x1fff81bc                OV9650_1_framebuffer
                0x200047bc                dec
                0x200047bd                inc
 *fill*         0x200047be        0x2 
 COMMON         0x200047c0       0x17 .\CortexM3\ARM_GCC_484\Debug\mouse_a.o
                0x200047c0                loc_x_a
                0x200047c4                bit_count_a
                0x200047c5                bit_a
                0x200047c8                loc_y_a
                0x200047cc                mov_y_a
                0x200047cd                status_a
                0x200047d0                time_prev_a
                0x200047d4                state_a
                0x200047d5                data_ready_a
                0x200047d6                mov_x_a
 *fill*         0x200047d7        0x1 
 COMMON         0x200047d8       0x18 .\CortexM3\ARM_GCC_484\Debug\mouse_b.o
                0x200047d8                bit_b
                0x200047d9                bit_count_b
                0x200047da                data_ready_b
                0x200047db                mov_x_b
                0x200047dc                status_b
                0x200047e0                loc_x_b
                0x200047e4                mov_y_b
                0x200047e5                state_b
                0x200047e8                time_prev_b
                0x200047ec                loc_y_b
 COMMON         0x200047f0       0x18 .\CortexM3\ARM_GCC_484\Debug\navigation.o
                0x200047f0                location
 COMMON         0x20004808        0x4 c:/program files (x86)/cypress/psoc creator/3.2/psoc creator/import/gnu/arm/4.8.4/bin/../lib/gcc/arm-none-eabi/4.8.4/../../../../arm-none-eabi/lib/armv7-m\libg_s.a(lib_a-reent.o)
                0x20004808                errno
                0x20004810                . = ALIGN (0x8)
 *fill*         0x2000480c        0x4 
 *(.ram.b)
                0x20004810                _end = .
                0x20004810                __end = .
                0x20004810                PROVIDE (end, .)
                0x20004810                PROVIDE (__bss_end__, .)
                0x000049d0                __cy_region_init_ram = LOADADDR (.data)
                0x00000088                __cy_region_init_size_ram = (_edata - ADDR (.data))
                0x0000c680                __cy_region_zero_size_ram = (_end - _edata)

.heap           0x20004810       0x80 load address 0x00004a58
                0x20004810                . = _end
                0x20004890                . = (. + 0x80)
 *fill*         0x20004810       0x80 
                0x20004890                __cy_heap_limit = .

.stack          0x20007800      0x800
                0x20007800                __cy_stack_limit = .
                0x20008000                . = (. + 0x800)
 *fill*         0x20007800      0x800 
                0x00000001                ASSERT ((__cy_stack_limit >= __cy_heap_limit), region RAM overflowed with stack)

.cyloadermeta   0xf0000000       0x40
 *(.cyloadermeta)
 .cyloadermeta  0xf0000000       0x40 .\CortexM3\ARM_GCC_484\Debug\cybootloader.o
                0xf0000000                cy_meta_loader

.cyloadablemeta
                0x0003ffc0       0x40
 *(.cyloadablemeta)
 .cyloadablemeta
                0x0003ffc0       0x40 .\CortexM3\ARM_GCC_484\Debug\cymetadata.o
                0x0003ffc0                cy_meta_loadable

.cyconfigecc
 *(.cyconfigecc)

.cycustnvl      0x90000000        0x4
 *(.cycustnvl)
 .cycustnvl     0x90000000        0x4 .\CortexM3\ARM_GCC_484\Debug\cybootloader.o
                0x90000000                cy_meta_custnvl

.cywolatch      0x90100000        0x4
 *(.cywolatch)
 .cywolatch     0x90100000        0x4 .\CortexM3\ARM_GCC_484\Debug\cybootloader.o
                0x90100000                cy_meta_wonvl

.cyeeprom       0x90200000        0x0
 *(.cyeeprom)
                0x00000001                ASSERT ((. <= ((0x90200000 + ee_offset) + ee_size)), .cyeeprom data will not fit in EEPROM)

.cyflashprotect
                0x90400000      0x100
 *(.cyflashprotect)
 .cyflashprotect
                0x90400000      0x100 .\CortexM3\ARM_GCC_484\Debug\cybootloader.o
                0x90400000                cy_meta_flashprotect

.cymeta         0x90500000        0xc
 *(.cymeta)
 .cymeta        0x90500000        0xc .\CortexM3\ARM_GCC_484\Debug\cybootloader.o
                0x90500000                cy_metadata

.rel.dyn        0x00040000        0x0 load address 0x9050000c
 .rel.iplt      0x00000000        0x0 c:/program files (x86)/cypress/psoc creator/3.2/psoc creator/import/gnu/arm/4.8.4/bin/../lib/gcc/arm-none-eabi/4.8.4/armv7-m/crtbegin.o

.stab
 *(.stab)

.stabstr
 *(.stabstr)

.debug
 *(.debug)

.line
 *(.line)

.debug_srcinfo
 *(.debug_srcinfo)

.debug_sfnames
 *(.debug_sfnames)

.debug_aranges  0x00000000     0x1108
 *(.debug_aranges)
 .debug_aranges
                0x00000000       0x50 .\CortexM3\ARM_GCC_484\Debug\main.o
 .debug_aranges
                0x00000050       0x38 .\CortexM3\ARM_GCC_484\Debug\mouse_a.o
 .debug_aranges
                0x00000088       0x38 .\CortexM3\ARM_GCC_484\Debug\mouse_b.o
 .debug_aranges
                0x000000c0       0x58 .\CortexM3\ARM_GCC_484\Debug\motor.o
 .debug_aranges
                0x00000118       0x40 .\CortexM3\ARM_GCC_484\Debug\navigation.o
 .debug_aranges
                0x00000158       0x18 .\CortexM3\ARM_GCC_484\Debug\cybootloader.o
 .debug_aranges
                0x00000170       0x18 .\CortexM3\ARM_GCC_484\Debug\cymetadata.o
 .debug_aranges
                0x00000188       0x48 .\CortexM3\ARM_GCC_484\Debug\Cm3Start.o
 .debug_aranges
                0x000001d0       0x60 .\CortexM3\ARM_GCC_484\Debug\ENG3091_MandM.a(cyfitter_cfg.o)
 .debug_aranges
                0x00000230       0xb0 .\CortexM3\ARM_GCC_484\Debug\ENG3091_MandM.a(USB.o)
 .debug_aranges
                0x000002e0       0xb0 .\CortexM3\ARM_GCC_484\Debug\ENG3091_MandM.a(USB_cdc.o)
 .debug_aranges
                0x00000390       0x98 .\CortexM3\ARM_GCC_484\Debug\ENG3091_MandM.a(USB_drv.o)
 .debug_aranges
                0x00000428       0x40 .\CortexM3\ARM_GCC_484\Debug\ENG3091_MandM.a(USB_episr.o)
 .debug_aranges
                0x00000468       0x78 .\CortexM3\ARM_GCC_484\Debug\ENG3091_MandM.a(USB_std.o)
 .debug_aranges
                0x000004e0       0x20 .\CortexM3\ARM_GCC_484\Debug\ENG3091_MandM.a(USB_vnd.o)
 .debug_aranges
                0x00000500       0x38 .\CortexM3\ARM_GCC_484\Debug\ENG3091_MandM.a(SDAT_A.o)
 .debug_aranges
                0x00000538       0x40 .\CortexM3\ARM_GCC_484\Debug\ENG3091_MandM.a(SCLK_A.o)
 .debug_aranges
                0x00000578       0x80 .\CortexM3\ARM_GCC_484\Debug\ENG3091_MandM.a(sclk_a_isr.o)
 .debug_aranges
                0x000005f8       0x40 .\CortexM3\ARM_GCC_484\Debug\ENG3091_MandM.a(SCLK_B.o)
 .debug_aranges
                0x00000638       0x38 .\CortexM3\ARM_GCC_484\Debug\ENG3091_MandM.a(SDAT_B.o)
 .debug_aranges
                0x00000670       0x80 .\CortexM3\ARM_GCC_484\Debug\ENG3091_MandM.a(sclk_b_isr.o)
 .debug_aranges
                0x000006f0       0x90 .\CortexM3\ARM_GCC_484\Debug\ENG3091_MandM.a(Timer.o)
 .debug_aranges
                0x00000780       0x20 .\CortexM3\ARM_GCC_484\Debug\ENG3091_MandM.a(CyBootAsmGnu.o)
 .debug_aranges
                0x000007a0       0xd8 .\CortexM3\ARM_GCC_484\Debug\ENG3091_MandM.a(CyDmac.o)
 .debug_aranges
                0x00000878      0x298 .\CortexM3\ARM_GCC_484\Debug\ENG3091_MandM.a(CyLib.o)
 .debug_aranges
                0x00000b10       0x98 .\CortexM3\ARM_GCC_484\Debug\ENG3091_MandM.a(cyPm.o)
 .debug_aranges
                0x00000ba8       0x20 .\CortexM3\ARM_GCC_484\Debug\ENG3091_MandM.a(cyutils.o)
 .debug_aranges
                0x00000bc8       0x90 .\CortexM3\ARM_GCC_484\Debug\ENG3091_MandM.a(LCD.o)
 .debug_aranges
                0x00000c58       0x80 .\CortexM3\ARM_GCC_484\Debug\ENG3091_MandM.a(but1.o)
 .debug_aranges
                0x00000cd8       0x80 .\CortexM3\ARM_GCC_484\Debug\ENG3091_MandM.a(but0.o)
 .debug_aranges
                0x00000d58       0x78 .\CortexM3\ARM_GCC_484\Debug\ENG3091_MandM.a(Button_PWM.o)
 .debug_aranges
                0x00000dd0       0x38 .\CortexM3\ARM_GCC_484\Debug\ENG3091_MandM.a(ISR_CHECKP.o)
 .debug_aranges
                0x00000e08       0x78 .\CortexM3\ARM_GCC_484\Debug\ENG3091_MandM.a(MOTOR_R.o)
 .debug_aranges
                0x00000e80       0x78 .\CortexM3\ARM_GCC_484\Debug\ENG3091_MandM.a(MOTOR_L.o)
 .debug_aranges
                0x00000ef8       0x38 .\CortexM3\ARM_GCC_484\Debug\ENG3091_MandM.a(MLIN1.o)
 .debug_aranges
                0x00000f30       0x38 .\CortexM3\ARM_GCC_484\Debug\ENG3091_MandM.a(MLIN2.o)
 .debug_aranges
                0x00000f68       0x38 .\CortexM3\ARM_GCC_484\Debug\ENG3091_MandM.a(MRIN1.o)
 .debug_aranges
                0x00000fa0       0x38 .\CortexM3\ARM_GCC_484\Debug\ENG3091_MandM.a(MRIN2.o)
 .debug_aranges
                0x00000fd8       0x20 .\CortexM3\ARM_GCC_484\Debug\ENG3091_MandM.a(USB_cls.o)
 .debug_aranges
                0x00000ff8       0x18 .\CortexM3\ARM_GCC_484\Debug\ENG3091_MandM.a(USB_descr.o)
 .debug_aranges
                0x00001010       0x80 .\CortexM3\ARM_GCC_484\Debug\ENG3091_MandM.a(CyFlash.o)
 .debug_aranges
                0x00001090       0x78 .\CortexM3\ARM_GCC_484\Debug\ENG3091_MandM.a(CySpc.o)

.debug_pubnames
 *(.debug_pubnames)

.debug_info     0x00000000     0xa944
 *(.debug_info .gnu.linkonce.wi.*)
 .debug_info    0x00000000      0x700 .\CortexM3\ARM_GCC_484\Debug\main.o
 .debug_info    0x00000700      0x537 .\CortexM3\ARM_GCC_484\Debug\mouse_a.o
 .debug_info    0x00000c37      0x537 .\CortexM3\ARM_GCC_484\Debug\mouse_b.o
 .debug_info    0x0000116e      0x43b .\CortexM3\ARM_GCC_484\Debug\motor.o
 .debug_info    0x000015a9      0x5c7 .\CortexM3\ARM_GCC_484\Debug\navigation.o
 .debug_info    0x00001b70      0x164 .\CortexM3\ARM_GCC_484\Debug\cybootloader.o
 .debug_info    0x00001cd4       0xb1 .\CortexM3\ARM_GCC_484\Debug\cymetadata.o
 .debug_info    0x00001d85      0x3af .\CortexM3\ARM_GCC_484\Debug\Cm3Start.o
 .debug_info    0x00002134      0x7c7 .\CortexM3\ARM_GCC_484\Debug\ENG3091_MandM.a(cyfitter_cfg.o)
 .debug_info    0x000028fb      0x827 .\CortexM3\ARM_GCC_484\Debug\ENG3091_MandM.a(USB.o)
 .debug_info    0x00003122      0x70e .\CortexM3\ARM_GCC_484\Debug\ENG3091_MandM.a(USB_cdc.o)
 .debug_info    0x00003830      0x612 .\CortexM3\ARM_GCC_484\Debug\ENG3091_MandM.a(USB_drv.o)
 .debug_info    0x00003e42      0x1bb .\CortexM3\ARM_GCC_484\Debug\ENG3091_MandM.a(USB_episr.o)
 .debug_info    0x00003ffd      0x948 .\CortexM3\ARM_GCC_484\Debug\ENG3091_MandM.a(USB_std.o)
 .debug_info    0x00004945      0x18c .\CortexM3\ARM_GCC_484\Debug\ENG3091_MandM.a(USB_vnd.o)
 .debug_info    0x00004ad1      0x120 .\CortexM3\ARM_GCC_484\Debug\ENG3091_MandM.a(SDAT_A.o)
 .debug_info    0x00004bf1      0x135 .\CortexM3\ARM_GCC_484\Debug\ENG3091_MandM.a(SCLK_A.o)
 .debug_info    0x00004d26      0x2c7 .\CortexM3\ARM_GCC_484\Debug\ENG3091_MandM.a(sclk_a_isr.o)
 .debug_info    0x00004fed      0x135 .\CortexM3\ARM_GCC_484\Debug\ENG3091_MandM.a(SCLK_B.o)
 .debug_info    0x00005122      0x120 .\CortexM3\ARM_GCC_484\Debug\ENG3091_MandM.a(SDAT_B.o)
 .debug_info    0x00005242      0x2c7 .\CortexM3\ARM_GCC_484\Debug\ENG3091_MandM.a(sclk_b_isr.o)
 .debug_info    0x00005509      0x341 .\CortexM3\ARM_GCC_484\Debug\ENG3091_MandM.a(Timer.o)
 .debug_info    0x0000584a       0xa1 .\CortexM3\ARM_GCC_484\Debug\ENG3091_MandM.a(CyBootAsmGnu.o)
 .debug_info    0x000058eb      0x93f .\CortexM3\ARM_GCC_484\Debug\ENG3091_MandM.a(CyDmac.o)
 .debug_info    0x0000622a     0x1373 .\CortexM3\ARM_GCC_484\Debug\ENG3091_MandM.a(CyLib.o)
 .debug_info    0x0000759d      0xa56 .\CortexM3\ARM_GCC_484\Debug\ENG3091_MandM.a(cyPm.o)
 .debug_info    0x00007ff3       0xec .\CortexM3\ARM_GCC_484\Debug\ENG3091_MandM.a(cyutils.o)
 .debug_info    0x000080df      0x69e .\CortexM3\ARM_GCC_484\Debug\ENG3091_MandM.a(LCD.o)
 .debug_info    0x0000877d      0x2c7 .\CortexM3\ARM_GCC_484\Debug\ENG3091_MandM.a(but1.o)
 .debug_info    0x00008a44      0x2c7 .\CortexM3\ARM_GCC_484\Debug\ENG3091_MandM.a(but0.o)
 .debug_info    0x00008d0b      0x275 .\CortexM3\ARM_GCC_484\Debug\ENG3091_MandM.a(Button_PWM.o)
 .debug_info    0x00008f80      0x120 .\CortexM3\ARM_GCC_484\Debug\ENG3091_MandM.a(ISR_CHECKP.o)
 .debug_info    0x000090a0      0x276 .\CortexM3\ARM_GCC_484\Debug\ENG3091_MandM.a(MOTOR_R.o)
 .debug_info    0x00009316      0x276 .\CortexM3\ARM_GCC_484\Debug\ENG3091_MandM.a(MOTOR_L.o)
 .debug_info    0x0000958c      0x120 .\CortexM3\ARM_GCC_484\Debug\ENG3091_MandM.a(MLIN1.o)
 .debug_info    0x000096ac      0x120 .\CortexM3\ARM_GCC_484\Debug\ENG3091_MandM.a(MLIN2.o)
 .debug_info    0x000097cc      0x120 .\CortexM3\ARM_GCC_484\Debug\ENG3091_MandM.a(MRIN1.o)
 .debug_info    0x000098ec      0x120 .\CortexM3\ARM_GCC_484\Debug\ENG3091_MandM.a(MRIN2.o)
 .debug_info    0x00009a0c      0x1b1 .\CortexM3\ARM_GCC_484\Debug\ENG3091_MandM.a(USB_cls.o)
 .debug_info    0x00009bbd      0x2c9 .\CortexM3\ARM_GCC_484\Debug\ENG3091_MandM.a(USB_descr.o)
 .debug_info    0x00009e86      0x5e4 .\CortexM3\ARM_GCC_484\Debug\ENG3091_MandM.a(CyFlash.o)
 .debug_info    0x0000a46a      0x4da .\CortexM3\ARM_GCC_484\Debug\ENG3091_MandM.a(CySpc.o)

.debug_abbrev   0x00000000     0x33cf
 *(.debug_abbrev)
 .debug_abbrev  0x00000000      0x21f .\CortexM3\ARM_GCC_484\Debug\main.o
 .debug_abbrev  0x0000021f      0x12d .\CortexM3\ARM_GCC_484\Debug\mouse_a.o
 .debug_abbrev  0x0000034c      0x12d .\CortexM3\ARM_GCC_484\Debug\mouse_b.o
 .debug_abbrev  0x00000479      0x12d .\CortexM3\ARM_GCC_484\Debug\motor.o
 .debug_abbrev  0x000005a6      0x1e8 .\CortexM3\ARM_GCC_484\Debug\navigation.o
 .debug_abbrev  0x0000078e       0x77 .\CortexM3\ARM_GCC_484\Debug\cybootloader.o
 .debug_abbrev  0x00000805       0x5d .\CortexM3\ARM_GCC_484\Debug\cymetadata.o
 .debug_abbrev  0x00000862      0x20d .\CortexM3\ARM_GCC_484\Debug\Cm3Start.o
 .debug_abbrev  0x00000a6f      0x211 .\CortexM3\ARM_GCC_484\Debug\ENG3091_MandM.a(cyfitter_cfg.o)
 .debug_abbrev  0x00000c80      0x22e .\CortexM3\ARM_GCC_484\Debug\ENG3091_MandM.a(USB.o)
 .debug_abbrev  0x00000eae      0x23a .\CortexM3\ARM_GCC_484\Debug\ENG3091_MandM.a(USB_cdc.o)
 .debug_abbrev  0x000010e8      0x18b .\CortexM3\ARM_GCC_484\Debug\ENG3091_MandM.a(USB_drv.o)
 .debug_abbrev  0x00001273       0xf0 .\CortexM3\ARM_GCC_484\Debug\ENG3091_MandM.a(USB_episr.o)
 .debug_abbrev  0x00001363      0x1cb .\CortexM3\ARM_GCC_484\Debug\ENG3091_MandM.a(USB_std.o)
 .debug_abbrev  0x0000152e       0xe3 .\CortexM3\ARM_GCC_484\Debug\ENG3091_MandM.a(USB_vnd.o)
 .debug_abbrev  0x00001611       0x9d .\CortexM3\ARM_GCC_484\Debug\ENG3091_MandM.a(SDAT_A.o)
 .debug_abbrev  0x000016ae       0x9d .\CortexM3\ARM_GCC_484\Debug\ENG3091_MandM.a(SCLK_A.o)
 .debug_abbrev  0x0000174b      0x157 .\CortexM3\ARM_GCC_484\Debug\ENG3091_MandM.a(sclk_a_isr.o)
 .debug_abbrev  0x000018a2       0x9d .\CortexM3\ARM_GCC_484\Debug\ENG3091_MandM.a(SCLK_B.o)
 .debug_abbrev  0x0000193f       0x9d .\CortexM3\ARM_GCC_484\Debug\ENG3091_MandM.a(SDAT_B.o)
 .debug_abbrev  0x000019dc      0x157 .\CortexM3\ARM_GCC_484\Debug\ENG3091_MandM.a(sclk_b_isr.o)
 .debug_abbrev  0x00001b33      0x17d .\CortexM3\ARM_GCC_484\Debug\ENG3091_MandM.a(Timer.o)
 .debug_abbrev  0x00001cb0       0x14 .\CortexM3\ARM_GCC_484\Debug\ENG3091_MandM.a(CyBootAsmGnu.o)
 .debug_abbrev  0x00001cc4      0x1cc .\CortexM3\ARM_GCC_484\Debug\ENG3091_MandM.a(CyDmac.o)
 .debug_abbrev  0x00001e90      0x296 .\CortexM3\ARM_GCC_484\Debug\ENG3091_MandM.a(CyLib.o)
 .debug_abbrev  0x00002126      0x1fa .\CortexM3\ARM_GCC_484\Debug\ENG3091_MandM.a(cyPm.o)
 .debug_abbrev  0x00002320       0x8e .\CortexM3\ARM_GCC_484\Debug\ENG3091_MandM.a(cyutils.o)
 .debug_abbrev  0x000023ae      0x17e .\CortexM3\ARM_GCC_484\Debug\ENG3091_MandM.a(LCD.o)
 .debug_abbrev  0x0000252c      0x157 .\CortexM3\ARM_GCC_484\Debug\ENG3091_MandM.a(but1.o)
 .debug_abbrev  0x00002683      0x157 .\CortexM3\ARM_GCC_484\Debug\ENG3091_MandM.a(but0.o)
 .debug_abbrev  0x000027da      0x13a .\CortexM3\ARM_GCC_484\Debug\ENG3091_MandM.a(Button_PWM.o)
 .debug_abbrev  0x00002914       0x9d .\CortexM3\ARM_GCC_484\Debug\ENG3091_MandM.a(ISR_CHECKP.o)
 .debug_abbrev  0x000029b1      0x13a .\CortexM3\ARM_GCC_484\Debug\ENG3091_MandM.a(MOTOR_R.o)
 .debug_abbrev  0x00002aeb      0x13a .\CortexM3\ARM_GCC_484\Debug\ENG3091_MandM.a(MOTOR_L.o)
 .debug_abbrev  0x00002c25       0x9d .\CortexM3\ARM_GCC_484\Debug\ENG3091_MandM.a(MLIN1.o)
 .debug_abbrev  0x00002cc2       0x9d .\CortexM3\ARM_GCC_484\Debug\ENG3091_MandM.a(MLIN2.o)
 .debug_abbrev  0x00002d5f       0x9d .\CortexM3\ARM_GCC_484\Debug\ENG3091_MandM.a(MRIN1.o)
 .debug_abbrev  0x00002dfc       0x9d .\CortexM3\ARM_GCC_484\Debug\ENG3091_MandM.a(MRIN2.o)
 .debug_abbrev  0x00002e99       0xe3 .\CortexM3\ARM_GCC_484\Debug\ENG3091_MandM.a(USB_cls.o)
 .debug_abbrev  0x00002f7c       0xa7 .\CortexM3\ARM_GCC_484\Debug\ENG3091_MandM.a(USB_descr.o)
 .debug_abbrev  0x00003023      0x1de .\CortexM3\ARM_GCC_484\Debug\ENG3091_MandM.a(CyFlash.o)
 .debug_abbrev  0x00003201      0x1ce .\CortexM3\ARM_GCC_484\Debug\ENG3091_MandM.a(CySpc.o)

.debug_line     0x00000000     0x4332
 *(.debug_line)
 .debug_line    0x00000000      0x380 .\CortexM3\ARM_GCC_484\Debug\main.o
 .debug_line    0x00000380      0x24f .\CortexM3\ARM_GCC_484\Debug\mouse_a.o
 .debug_line    0x000005cf      0x24f .\CortexM3\ARM_GCC_484\Debug\mouse_b.o
 .debug_line    0x0000081e      0x245 .\CortexM3\ARM_GCC_484\Debug\motor.o
 .debug_line    0x00000a63      0x255 .\CortexM3\ARM_GCC_484\Debug\navigation.o
 .debug_line    0x00000cb8        0x0 .\CortexM3\ARM_GCC_484\Debug\arm.o
 .debug_line    0x00000cb8        0x0 .\CortexM3\ARM_GCC_484\Debug\gripper.o
 .debug_line    0x00000cb8        0x0 .\CortexM3\ARM_GCC_484\Debug\misc.o
 .debug_line    0x00000cb8       0x55 .\CortexM3\ARM_GCC_484\Debug\cybootloader.o
 .debug_line    0x00000d0d       0x53 .\CortexM3\ARM_GCC_484\Debug\cymetadata.o
 .debug_line    0x00000d60      0x242 .\CortexM3\ARM_GCC_484\Debug\Cm3Start.o
 .debug_line    0x00000fa2      0x21e .\CortexM3\ARM_GCC_484\Debug\ENG3091_MandM.a(cyfitter_cfg.o)
 .debug_line    0x000011c0      0x287 .\CortexM3\ARM_GCC_484\Debug\ENG3091_MandM.a(USB.o)
 .debug_line    0x00001447      0x21b .\CortexM3\ARM_GCC_484\Debug\ENG3091_MandM.a(USB_cdc.o)
 .debug_line    0x00001662      0x21c .\CortexM3\ARM_GCC_484\Debug\ENG3091_MandM.a(USB_drv.o)
 .debug_line    0x0000187e       0xce .\CortexM3\ARM_GCC_484\Debug\ENG3091_MandM.a(USB_episr.o)
 .debug_line    0x0000194c      0x3b9 .\CortexM3\ARM_GCC_484\Debug\ENG3091_MandM.a(USB_std.o)
 .debug_line    0x00001d05       0x81 .\CortexM3\ARM_GCC_484\Debug\ENG3091_MandM.a(USB_vnd.o)
 .debug_line    0x00001d86       0x95 .\CortexM3\ARM_GCC_484\Debug\ENG3091_MandM.a(SDAT_A.o)
 .debug_line    0x00001e1b       0xa7 .\CortexM3\ARM_GCC_484\Debug\ENG3091_MandM.a(SCLK_A.o)
 .debug_line    0x00001ec2      0x150 .\CortexM3\ARM_GCC_484\Debug\ENG3091_MandM.a(sclk_a_isr.o)
 .debug_line    0x00002012       0xa7 .\CortexM3\ARM_GCC_484\Debug\ENG3091_MandM.a(SCLK_B.o)
 .debug_line    0x000020b9       0x95 .\CortexM3\ARM_GCC_484\Debug\ENG3091_MandM.a(SDAT_B.o)
 .debug_line    0x0000214e      0x150 .\CortexM3\ARM_GCC_484\Debug\ENG3091_MandM.a(sclk_b_isr.o)
 .debug_line    0x0000229e      0x176 .\CortexM3\ARM_GCC_484\Debug\ENG3091_MandM.a(Timer.o)
 .debug_line    0x00002414       0x68 .\CortexM3\ARM_GCC_484\Debug\ENG3091_MandM.a(CyBootAsmGnu.o)
 .debug_line    0x0000247c      0x2de .\CortexM3\ARM_GCC_484\Debug\ENG3091_MandM.a(CyDmac.o)
 .debug_line    0x0000275a      0x818 .\CortexM3\ARM_GCC_484\Debug\ENG3091_MandM.a(CyLib.o)
 .debug_line    0x00002f72      0x366 .\CortexM3\ARM_GCC_484\Debug\ENG3091_MandM.a(cyPm.o)
 .debug_line    0x000032d8       0x62 .\CortexM3\ARM_GCC_484\Debug\ENG3091_MandM.a(cyutils.o)
 .debug_line    0x0000333a      0x1a4 .\CortexM3\ARM_GCC_484\Debug\ENG3091_MandM.a(LCD.o)
 .debug_line    0x000034de      0x14a .\CortexM3\ARM_GCC_484\Debug\ENG3091_MandM.a(but1.o)
 .debug_line    0x00003628      0x14a .\CortexM3\ARM_GCC_484\Debug\ENG3091_MandM.a(but0.o)
 .debug_line    0x00003772      0x13a .\CortexM3\ARM_GCC_484\Debug\ENG3091_MandM.a(Button_PWM.o)
 .debug_line    0x000038ac       0x99 .\CortexM3\ARM_GCC_484\Debug\ENG3091_MandM.a(ISR_CHECKP.o)
 .debug_line    0x00003945      0x137 .\CortexM3\ARM_GCC_484\Debug\ENG3091_MandM.a(MOTOR_R.o)
 .debug_line    0x00003a7c      0x137 .\CortexM3\ARM_GCC_484\Debug\ENG3091_MandM.a(MOTOR_L.o)
 .debug_line    0x00003bb3       0x94 .\CortexM3\ARM_GCC_484\Debug\ENG3091_MandM.a(MLIN1.o)
 .debug_line    0x00003c47       0x94 .\CortexM3\ARM_GCC_484\Debug\ENG3091_MandM.a(MLIN2.o)
 .debug_line    0x00003cdb       0x94 .\CortexM3\ARM_GCC_484\Debug\ENG3091_MandM.a(MRIN1.o)
 .debug_line    0x00003d6f       0x94 .\CortexM3\ARM_GCC_484\Debug\ENG3091_MandM.a(MRIN2.o)
 .debug_line    0x00003e03       0x8a .\CortexM3\ARM_GCC_484\Debug\ENG3091_MandM.a(USB_cls.o)
 .debug_line    0x00003e8d       0x5b .\CortexM3\ARM_GCC_484\Debug\ENG3091_MandM.a(USB_descr.o)
 .debug_line    0x00003ee8      0x228 .\CortexM3\ARM_GCC_484\Debug\ENG3091_MandM.a(CyFlash.o)
 .debug_line    0x00004110      0x222 .\CortexM3\ARM_GCC_484\Debug\ENG3091_MandM.a(CySpc.o)

.debug_frame    0x00000000     0x2e40
 *(.debug_frame)
 .debug_frame   0x00000000       0xec .\CortexM3\ARM_GCC_484\Debug\main.o
 .debug_frame   0x000000ec       0x8c .\CortexM3\ARM_GCC_484\Debug\mouse_a.o
 .debug_frame   0x00000178       0x8c .\CortexM3\ARM_GCC_484\Debug\mouse_b.o
 .debug_frame   0x00000204       0xe8 .\CortexM3\ARM_GCC_484\Debug\motor.o
 .debug_frame   0x000002ec       0xbc .\CortexM3\ARM_GCC_484\Debug\navigation.o
 .debug_frame   0x000003a8       0xac .\CortexM3\ARM_GCC_484\Debug\Cm3Start.o
 .debug_frame   0x00000454       0xfc .\CortexM3\ARM_GCC_484\Debug\ENG3091_MandM.a(cyfitter_cfg.o)
 .debug_frame   0x00000550      0x1a4 .\CortexM3\ARM_GCC_484\Debug\ENG3091_MandM.a(USB.o)
 .debug_frame   0x000006f4      0x1cc .\CortexM3\ARM_GCC_484\Debug\ENG3091_MandM.a(USB_cdc.o)
 .debug_frame   0x000008c0      0x190 .\CortexM3\ARM_GCC_484\Debug\ENG3091_MandM.a(USB_drv.o)
 .debug_frame   0x00000a50       0x6c .\CortexM3\ARM_GCC_484\Debug\ENG3091_MandM.a(USB_episr.o)
 .debug_frame   0x00000abc      0x18c .\CortexM3\ARM_GCC_484\Debug\ENG3091_MandM.a(USB_std.o)
 .debug_frame   0x00000c48       0x2c .\CortexM3\ARM_GCC_484\Debug\ENG3091_MandM.a(USB_vnd.o)
 .debug_frame   0x00000c74       0x50 .\CortexM3\ARM_GCC_484\Debug\ENG3091_MandM.a(SDAT_A.o)
 .debug_frame   0x00000cc4       0x60 .\CortexM3\ARM_GCC_484\Debug\ENG3091_MandM.a(SCLK_A.o)
 .debug_frame   0x00000d24      0x104 .\CortexM3\ARM_GCC_484\Debug\ENG3091_MandM.a(sclk_a_isr.o)
 .debug_frame   0x00000e28       0x60 .\CortexM3\ARM_GCC_484\Debug\ENG3091_MandM.a(SCLK_B.o)
 .debug_frame   0x00000e88       0x50 .\CortexM3\ARM_GCC_484\Debug\ENG3091_MandM.a(SDAT_B.o)
 .debug_frame   0x00000ed8      0x104 .\CortexM3\ARM_GCC_484\Debug\ENG3091_MandM.a(sclk_b_isr.o)
 .debug_frame   0x00000fdc      0x13c .\CortexM3\ARM_GCC_484\Debug\ENG3091_MandM.a(Timer.o)
 .debug_frame   0x00001118      0x1d0 .\CortexM3\ARM_GCC_484\Debug\ENG3091_MandM.a(CyDmac.o)
 .debug_frame   0x000012e8      0x730 .\CortexM3\ARM_GCC_484\Debug\ENG3091_MandM.a(CyLib.o)
 .debug_frame   0x00001a18      0x1fc .\CortexM3\ARM_GCC_484\Debug\ENG3091_MandM.a(cyPm.o)
 .debug_frame   0x00001c14       0x20 .\CortexM3\ARM_GCC_484\Debug\ENG3091_MandM.a(cyutils.o)
 .debug_frame   0x00001c34      0x1c0 .\CortexM3\ARM_GCC_484\Debug\ENG3091_MandM.a(LCD.o)
 .debug_frame   0x00001df4      0x104 .\CortexM3\ARM_GCC_484\Debug\ENG3091_MandM.a(but1.o)
 .debug_frame   0x00001ef8      0x104 .\CortexM3\ARM_GCC_484\Debug\ENG3091_MandM.a(but0.o)
 .debug_frame   0x00001ffc       0xe8 .\CortexM3\ARM_GCC_484\Debug\ENG3091_MandM.a(Button_PWM.o)
 .debug_frame   0x000020e4       0x50 .\CortexM3\ARM_GCC_484\Debug\ENG3091_MandM.a(ISR_CHECKP.o)
 .debug_frame   0x00002134       0xe8 .\CortexM3\ARM_GCC_484\Debug\ENG3091_MandM.a(MOTOR_R.o)
 .debug_frame   0x0000221c       0xe8 .\CortexM3\ARM_GCC_484\Debug\ENG3091_MandM.a(MOTOR_L.o)
 .debug_frame   0x00002304       0x50 .\CortexM3\ARM_GCC_484\Debug\ENG3091_MandM.a(MLIN1.o)
 .debug_frame   0x00002354       0x50 .\CortexM3\ARM_GCC_484\Debug\ENG3091_MandM.a(MLIN2.o)
 .debug_frame   0x000023a4       0x50 .\CortexM3\ARM_GCC_484\Debug\ENG3091_MandM.a(MRIN1.o)
 .debug_frame   0x000023f4       0x50 .\CortexM3\ARM_GCC_484\Debug\ENG3091_MandM.a(MRIN2.o)
 .debug_frame   0x00002444       0x2c .\CortexM3\ARM_GCC_484\Debug\ENG3091_MandM.a(USB_cls.o)
 .debug_frame   0x00002470      0x17c .\CortexM3\ARM_GCC_484\Debug\ENG3091_MandM.a(CyFlash.o)
 .debug_frame   0x000025ec      0x144 .\CortexM3\ARM_GCC_484\Debug\ENG3091_MandM.a(CySpc.o)
 .debug_frame   0x00002730       0x30 c:/program files (x86)/cypress/psoc creator/3.2/psoc creator/import/gnu/arm/4.8.4/bin/../lib/gcc/arm-none-eabi/4.8.4/../../../../arm-none-eabi/lib/armv7-m\libm.a(lib_a-s_cos.o)
 .debug_frame   0x00002760       0x30 c:/program files (x86)/cypress/psoc creator/3.2/psoc creator/import/gnu/arm/4.8.4/bin/../lib/gcc/arm-none-eabi/4.8.4/../../../../arm-none-eabi/lib/armv7-m\libm.a(lib_a-s_sin.o)
 .debug_frame   0x00002790       0x20 c:/program files (x86)/cypress/psoc creator/3.2/psoc creator/import/gnu/arm/4.8.4/bin/../lib/gcc/arm-none-eabi/4.8.4/../../../../arm-none-eabi/lib/armv7-m\libm.a(lib_a-w_atan2.o)
 .debug_frame   0x000027b0       0x38 c:/program files (x86)/cypress/psoc creator/3.2/psoc creator/import/gnu/arm/4.8.4/bin/../lib/gcc/arm-none-eabi/4.8.4/../../../../arm-none-eabi/lib/armv7-m\libm.a(lib_a-w_sqrt.o)
 .debug_frame   0x000027e8       0x38 c:/program files (x86)/cypress/psoc creator/3.2/psoc creator/import/gnu/arm/4.8.4/bin/../lib/gcc/arm-none-eabi/4.8.4/../../../../arm-none-eabi/lib/armv7-m\libm.a(lib_a-e_atan2.o)
 .debug_frame   0x00002820       0x38 c:/program files (x86)/cypress/psoc creator/3.2/psoc creator/import/gnu/arm/4.8.4/bin/../lib/gcc/arm-none-eabi/4.8.4/../../../../arm-none-eabi/lib/armv7-m\libm.a(lib_a-e_rem_pio2.o)
 .debug_frame   0x00002858       0x34 c:/program files (x86)/cypress/psoc creator/3.2/psoc creator/import/gnu/arm/4.8.4/bin/../lib/gcc/arm-none-eabi/4.8.4/../../../../arm-none-eabi/lib/armv7-m\libm.a(lib_a-e_sqrt.o)
 .debug_frame   0x0000288c       0x38 c:/program files (x86)/cypress/psoc creator/3.2/psoc creator/import/gnu/arm/4.8.4/bin/../lib/gcc/arm-none-eabi/4.8.4/../../../../arm-none-eabi/lib/armv7-m\libm.a(lib_a-k_cos.o)
 .debug_frame   0x000028c4       0x3c c:/program files (x86)/cypress/psoc creator/3.2/psoc creator/import/gnu/arm/4.8.4/bin/../lib/gcc/arm-none-eabi/4.8.4/../../../../arm-none-eabi/lib/armv7-m\libm.a(lib_a-k_rem_pio2.o)
 .debug_frame   0x00002900       0x38 c:/program files (x86)/cypress/psoc creator/3.2/psoc creator/import/gnu/arm/4.8.4/bin/../lib/gcc/arm-none-eabi/4.8.4/../../../../arm-none-eabi/lib/armv7-m\libm.a(lib_a-k_sin.o)
 .debug_frame   0x00002938       0x38 c:/program files (x86)/cypress/psoc creator/3.2/psoc creator/import/gnu/arm/4.8.4/bin/../lib/gcc/arm-none-eabi/4.8.4/../../../../arm-none-eabi/lib/armv7-m\libm.a(lib_a-s_atan.o)
 .debug_frame   0x00002970       0x20 c:/program files (x86)/cypress/psoc creator/3.2/psoc creator/import/gnu/arm/4.8.4/bin/../lib/gcc/arm-none-eabi/4.8.4/../../../../arm-none-eabi/lib/armv7-m\libm.a(lib_a-s_fabs.o)
 .debug_frame   0x00002990       0x38 c:/program files (x86)/cypress/psoc creator/3.2/psoc creator/import/gnu/arm/4.8.4/bin/../lib/gcc/arm-none-eabi/4.8.4/../../../../arm-none-eabi/lib/armv7-m\libm.a(lib_a-s_floor.o)
 .debug_frame   0x000029c8       0x28 c:/program files (x86)/cypress/psoc creator/3.2/psoc creator/import/gnu/arm/4.8.4/bin/../lib/gcc/arm-none-eabi/4.8.4/../../../../arm-none-eabi/lib/armv7-m\libm.a(lib_a-s_fpclassify.o)
 .debug_frame   0x000029f0       0x20 c:/program files (x86)/cypress/psoc creator/3.2/psoc creator/import/gnu/arm/4.8.4/bin/../lib/gcc/arm-none-eabi/4.8.4/../../../../arm-none-eabi/lib/armv7-m\libm.a(lib_a-s_matherr.o)
 .debug_frame   0x00002a10       0x30 c:/program files (x86)/cypress/psoc creator/3.2/psoc creator/import/gnu/arm/4.8.4/bin/../lib/gcc/arm-none-eabi/4.8.4/../../../../arm-none-eabi/lib/armv7-m\libm.a(lib_a-s_scalbn.o)
 .debug_frame   0x00002a40       0x28 c:/program files (x86)/cypress/psoc creator/3.2/psoc creator/import/gnu/arm/4.8.4/bin/../lib/gcc/arm-none-eabi/4.8.4/../../../../arm-none-eabi/lib/armv7-m\libm.a(lib_a-s_copysign.o)
 .debug_frame   0x00002a68       0x20 c:/program files (x86)/cypress/psoc creator/3.2/psoc creator/import/gnu/arm/4.8.4/bin/../lib/gcc/arm-none-eabi/4.8.4/../../../../arm-none-eabi/lib/armv7-m\libg_s.a(lib_a-errno.o)
 .debug_frame   0x00002a88       0x28 c:/program files (x86)/cypress/psoc creator/3.2/psoc creator/import/gnu/arm/4.8.4/bin/../lib/gcc/arm-none-eabi/4.8.4/../../../../arm-none-eabi/lib/armv7-m\libg_s.a(lib_a-exit.o)
 .debug_frame   0x00002ab0       0x2c c:/program files (x86)/cypress/psoc creator/3.2/psoc creator/import/gnu/arm/4.8.4/bin/../lib/gcc/arm-none-eabi/4.8.4/../../../../arm-none-eabi/lib/armv7-m\libg_s.a(lib_a-init.o)
 .debug_frame   0x00002adc       0x28 c:/program files (x86)/cypress/psoc creator/3.2/psoc creator/import/gnu/arm/4.8.4/bin/../lib/gcc/arm-none-eabi/4.8.4/../../../../arm-none-eabi/lib/armv7-m\libg_s.a(lib_a-memcpy-stub.o)
 .debug_frame   0x00002b04       0x20 c:/program files (x86)/cypress/psoc creator/3.2/psoc creator/import/gnu/arm/4.8.4/bin/../lib/gcc/arm-none-eabi/4.8.4/../../../../arm-none-eabi/lib/armv7-m\libg_s.a(lib_a-memset.o)
 .debug_frame   0x00002b24       0x58 c:/program files (x86)/cypress/psoc creator/3.2/psoc creator/import/gnu/arm/4.8.4/bin/../lib/gcc/arm-none-eabi/4.8.4/../../../../arm-none-eabi/lib/armv7-m\libg_s.a(lib_a-sprintf.o)
 .debug_frame   0x00002b7c       0x88 c:/program files (x86)/cypress/psoc creator/3.2/psoc creator/import/gnu/arm/4.8.4/bin/../lib/gcc/arm-none-eabi/4.8.4/../../../../arm-none-eabi/lib/armv7-m\libg_s.a(lib_a-svfprintf.o)
 .debug_frame   0x00002c04       0x60 c:/program files (x86)/cypress/psoc creator/3.2/psoc creator/import/gnu/arm/4.8.4/bin/../lib/gcc/arm-none-eabi/4.8.4/../../../../arm-none-eabi/lib/armv7-m\libg_s.a(lib_a-vfprintf_i.o)
 .debug_frame   0x00002c64       0x4c c:/program files (x86)/cypress/psoc creator/3.2/psoc creator/import/gnu/arm/4.8.4/bin/../lib/gcc/arm-none-eabi/4.8.4/../../../../arm-none-eabi/lib/armv7-m\libg_s.a(lib_a-vsnprintf.o)
 .debug_frame   0x00002cb0       0x28 c:/program files (x86)/cypress/psoc creator/3.2/psoc creator/import/gnu/arm/4.8.4/bin/../lib/gcc/arm-none-eabi/4.8.4/../../../../arm-none-eabi/lib/armv7-m\libg_s.a(lib_a-memchr-stub.o)
 .debug_frame   0x00002cd8       0x2c c:/program files (x86)/cypress/psoc creator/3.2/psoc creator/import/gnu/arm/4.8.4/bin/../lib/gcc/arm-none-eabi/4.8.4/../../../../arm-none-eabi/lib/armv7-m\libg_s.a(lib_a-memmove.o)
 .debug_frame   0x00002d04       0x2c c:/program files (x86)/cypress/psoc creator/3.2/psoc creator/import/gnu/arm/4.8.4/bin/../lib/gcc/arm-none-eabi/4.8.4/../../../../arm-none-eabi/lib/armv7-m\libg_s.a(lib_a-nano-freer.o)
 .debug_frame   0x00002d30       0x2c c:/program files (x86)/cypress/psoc creator/3.2/psoc creator/import/gnu/arm/4.8.4/bin/../lib/gcc/arm-none-eabi/4.8.4/../../../../arm-none-eabi/lib/armv7-m\libg_s.a(lib_a-nano-mallocr.o)
 .debug_frame   0x00002d5c       0x30 c:/program files (x86)/cypress/psoc creator/3.2/psoc creator/import/gnu/arm/4.8.4/bin/../lib/gcc/arm-none-eabi/4.8.4/../../../../arm-none-eabi/lib/armv7-m\libg_s.a(lib_a-nano-reallocr.o)
 .debug_frame   0x00002d8c       0x2c c:/program files (x86)/cypress/psoc creator/3.2/psoc creator/import/gnu/arm/4.8.4/bin/../lib/gcc/arm-none-eabi/4.8.4/../../../../arm-none-eabi/lib/armv7-m\libg_s.a(lib_a-sbrkr.o)
 .debug_frame   0x00002db8       0x20 c:/program files (x86)/cypress/psoc creator/3.2/psoc creator/import/gnu/arm/4.8.4/bin/../lib/gcc/arm-none-eabi/4.8.4/../../../../arm-none-eabi/lib/armv7-m\libg_s.a(lib_a-strlen.o)
 .debug_frame   0x00002dd8       0x20 c:/program files (x86)/cypress/psoc creator/3.2/psoc creator/import/gnu/arm/4.8.4/bin/../lib/gcc/arm-none-eabi/4.8.4/../../../../arm-none-eabi/lib/armv7-m\libg_s.a(lib_a-nano-msizer.o)
 .debug_frame   0x00002df8       0x48 c:/program files (x86)/cypress/psoc creator/3.2/psoc creator/import/gnu/arm/4.8.4/bin/../lib/gcc/arm-none-eabi/4.8.4/../../../../arm-none-eabi/lib/armv7-m\libg_s.a(lib_a-reent.o)

.debug_str      0x00000000     0x3375
 *(.debug_str)
 .debug_str     0x00000000      0x426 .\CortexM3\ARM_GCC_484\Debug\main.o
                                0x488 (size before relaxing)
 .debug_str     0x00000426       0xbe .\CortexM3\ARM_GCC_484\Debug\mouse_a.o
                                0x2d4 (size before relaxing)
 .debug_str     0x000004e4       0xa6 .\CortexM3\ARM_GCC_484\Debug\mouse_b.o
                                0x2d4 (size before relaxing)
 .debug_str     0x0000058a       0xdb .\CortexM3\ARM_GCC_484\Debug\motor.o
                                0x2a8 (size before relaxing)
 .debug_str     0x00000665       0x7b .\CortexM3\ARM_GCC_484\Debug\navigation.o
                                0x2a4 (size before relaxing)
 .debug_str     0x000006e0        0x0 .\CortexM3\ARM_GCC_484\Debug\arm.o
 .debug_str     0x000006e0        0x0 .\CortexM3\ARM_GCC_484\Debug\gripper.o
 .debug_str     0x000006e0        0x0 .\CortexM3\ARM_GCC_484\Debug\misc.o
 .debug_str     0x000006e0       0x84 .\CortexM3\ARM_GCC_484\Debug\cybootloader.o
                                0x1f6 (size before relaxing)
 .debug_str     0x00000764       0x37 .\CortexM3\ARM_GCC_484\Debug\cymetadata.o
                                0x1a9 (size before relaxing)
 .debug_str     0x0000079b      0x15c .\CortexM3\ARM_GCC_484\Debug\Cm3Start.o
                                0x30d (size before relaxing)
 .debug_str     0x000008f7      0x230 .\CortexM3\ARM_GCC_484\Debug\ENG3091_MandM.a(cyfitter_cfg.o)
                                0x3f2 (size before relaxing)
 .debug_str     0x00000b27      0x2f2 .\CortexM3\ARM_GCC_484\Debug\ENG3091_MandM.a(USB.o)
                                0x4d5 (size before relaxing)
 .debug_str     0x00000e19      0x26b .\CortexM3\ARM_GCC_484\Debug\ENG3091_MandM.a(USB_cdc.o)
                                0x4eb (size before relaxing)
 .debug_str     0x00001084      0x22b .\CortexM3\ARM_GCC_484\Debug\ENG3091_MandM.a(USB_drv.o)
                                0x57a (size before relaxing)
 .debug_str     0x000012af       0x6a .\CortexM3\ARM_GCC_484\Debug\ENG3091_MandM.a(USB_episr.o)
                                0x267 (size before relaxing)
 .debug_str     0x00001319      0x256 .\CortexM3\ARM_GCC_484\Debug\ENG3091_MandM.a(USB_std.o)
                                0x609 (size before relaxing)
 .debug_str     0x0000156f       0x40 .\CortexM3\ARM_GCC_484\Debug\ENG3091_MandM.a(USB_vnd.o)
                                0x24c (size before relaxing)
 .debug_str     0x000015af       0x54 .\CortexM3\ARM_GCC_484\Debug\ENG3091_MandM.a(SDAT_A.o)
                                0x1e6 (size before relaxing)
 .debug_str     0x00001603       0x49 .\CortexM3\ARM_GCC_484\Debug\ENG3091_MandM.a(SCLK_A.o)
                                0x1fc (size before relaxing)
 .debug_str     0x0000164c      0x10c .\CortexM3\ARM_GCC_484\Debug\ENG3091_MandM.a(sclk_a_isr.o)
                                0x2df (size before relaxing)
 .debug_str     0x00001758       0x49 .\CortexM3\ARM_GCC_484\Debug\ENG3091_MandM.a(SCLK_B.o)
                                0x1fc (size before relaxing)
 .debug_str     0x000017a1       0x49 .\CortexM3\ARM_GCC_484\Debug\ENG3091_MandM.a(SDAT_B.o)
                                0x1e6 (size before relaxing)
 .debug_str     0x000017ea       0xf4 .\CortexM3\ARM_GCC_484\Debug\ENG3091_MandM.a(sclk_b_isr.o)
                                0x2df (size before relaxing)
 .debug_str     0x000018de      0x16a .\CortexM3\ARM_GCC_484\Debug\ENG3091_MandM.a(Timer.o)
                                0x339 (size before relaxing)
 .debug_str     0x00001a48      0x33b .\CortexM3\ARM_GCC_484\Debug\ENG3091_MandM.a(CyDmac.o)
                                0x53d (size before relaxing)
 .debug_str     0x00001d83      0x79d .\CortexM3\ARM_GCC_484\Debug\ENG3091_MandM.a(CyLib.o)
                                0xa22 (size before relaxing)
 .debug_str     0x00002520      0x35b .\CortexM3\ARM_GCC_484\Debug\ENG3091_MandM.a(cyPm.o)
                                0x71a (size before relaxing)
 .debug_str     0x0000287b       0x2b .\CortexM3\ARM_GCC_484\Debug\ENG3091_MandM.a(cyutils.o)
                                0x1b1 (size before relaxing)
 .debug_str     0x000028a6      0x113 .\CortexM3\ARM_GCC_484\Debug\ENG3091_MandM.a(LCD.o)
                                0x304 (size before relaxing)
 .debug_str     0x000029b9       0xbb .\CortexM3\ARM_GCC_484\Debug\ENG3091_MandM.a(but1.o)
                                0x28b (size before relaxing)
 .debug_str     0x00002a74       0xbb .\CortexM3\ARM_GCC_484\Debug\ENG3091_MandM.a(but0.o)
                                0x28b (size before relaxing)
 .debug_str     0x00002b2f      0x14d .\CortexM3\ARM_GCC_484\Debug\ENG3091_MandM.a(Button_PWM.o)
                                0x306 (size before relaxing)
 .debug_str     0x00002c7c       0x65 .\CortexM3\ARM_GCC_484\Debug\ENG3091_MandM.a(ISR_CHECKP.o)
                                0x1fa (size before relaxing)
 .debug_str     0x00002ce1      0x104 .\CortexM3\ARM_GCC_484\Debug\ENG3091_MandM.a(MOTOR_R.o)
                                0x2dc (size before relaxing)
 .debug_str     0x00002de5      0x104 .\CortexM3\ARM_GCC_484\Debug\ENG3091_MandM.a(MOTOR_L.o)
                                0x2dc (size before relaxing)
 .debug_str     0x00002ee9       0x51 .\CortexM3\ARM_GCC_484\Debug\ENG3091_MandM.a(MLIN1.o)
                                0x1e1 (size before relaxing)
 .debug_str     0x00002f3a       0x51 .\CortexM3\ARM_GCC_484\Debug\ENG3091_MandM.a(MLIN2.o)
                                0x1e1 (size before relaxing)
 .debug_str     0x00002f8b       0x51 .\CortexM3\ARM_GCC_484\Debug\ENG3091_MandM.a(MRIN1.o)
                                0x1e1 (size before relaxing)
 .debug_str     0x00002fdc       0x51 .\CortexM3\ARM_GCC_484\Debug\ENG3091_MandM.a(MRIN2.o)
                                0x1e1 (size before relaxing)
 .debug_str     0x0000302d       0x23 .\CortexM3\ARM_GCC_484\Debug\ENG3091_MandM.a(USB_cls.o)
                                0x26d (size before relaxing)
 .debug_str     0x00003050       0xea .\CortexM3\ARM_GCC_484\Debug\ENG3091_MandM.a(USB_descr.o)
                                0x349 (size before relaxing)
 .debug_str     0x0000313a      0x18d .\CortexM3\ARM_GCC_484\Debug\ENG3091_MandM.a(CyFlash.o)
                                0x38a (size before relaxing)
 .debug_str     0x000032c7       0xae .\CortexM3\ARM_GCC_484\Debug\ENG3091_MandM.a(CySpc.o)
                                0x316 (size before relaxing)

.debug_loc      0x00000000     0x450a
 *(.debug_loc)
 .debug_loc     0x00000000       0x34 .\CortexM3\ARM_GCC_484\Debug\main.o
 .debug_loc     0x00000034       0x76 .\CortexM3\ARM_GCC_484\Debug\mouse_a.o
 .debug_loc     0x000000aa       0x76 .\CortexM3\ARM_GCC_484\Debug\mouse_b.o
 .debug_loc     0x00000120       0xa5 .\CortexM3\ARM_GCC_484\Debug\motor.o
 .debug_loc     0x000001c5      0x316 .\CortexM3\ARM_GCC_484\Debug\navigation.o
 .debug_loc     0x000004db      0x14f .\CortexM3\ARM_GCC_484\Debug\Cm3Start.o
 .debug_loc     0x0000062a      0x306 .\CortexM3\ARM_GCC_484\Debug\ENG3091_MandM.a(cyfitter_cfg.o)
 .debug_loc     0x00000930      0x46d .\CortexM3\ARM_GCC_484\Debug\ENG3091_MandM.a(USB.o)
 .debug_loc     0x00000d9d      0x2cf .\CortexM3\ARM_GCC_484\Debug\ENG3091_MandM.a(USB_cdc.o)
 .debug_loc     0x0000106c      0x198 .\CortexM3\ARM_GCC_484\Debug\ENG3091_MandM.a(USB_drv.o)
 .debug_loc     0x00001204      0x973 .\CortexM3\ARM_GCC_484\Debug\ENG3091_MandM.a(USB_std.o)
 .debug_loc     0x00001b77       0x36 .\CortexM3\ARM_GCC_484\Debug\ENG3091_MandM.a(USB_vnd.o)
 .debug_loc     0x00001bad       0x55 .\CortexM3\ARM_GCC_484\Debug\ENG3091_MandM.a(SDAT_A.o)
 .debug_loc     0x00001c02       0x55 .\CortexM3\ARM_GCC_484\Debug\ENG3091_MandM.a(SCLK_A.o)
 .debug_loc     0x00001c57       0x56 .\CortexM3\ARM_GCC_484\Debug\ENG3091_MandM.a(sclk_a_isr.o)
 .debug_loc     0x00001cad       0x55 .\CortexM3\ARM_GCC_484\Debug\ENG3091_MandM.a(SCLK_B.o)
 .debug_loc     0x00001d02       0x55 .\CortexM3\ARM_GCC_484\Debug\ENG3091_MandM.a(SDAT_B.o)
 .debug_loc     0x00001d57       0x56 .\CortexM3\ARM_GCC_484\Debug\ENG3091_MandM.a(sclk_b_isr.o)
 .debug_loc     0x00001dad       0x6b .\CortexM3\ARM_GCC_484\Debug\ENG3091_MandM.a(Timer.o)
 .debug_loc     0x00001e18      0xb6b .\CortexM3\ARM_GCC_484\Debug\ENG3091_MandM.a(CyDmac.o)
 .debug_loc     0x00002983      0xa53 .\CortexM3\ARM_GCC_484\Debug\ENG3091_MandM.a(CyLib.o)
 .debug_loc     0x000033d6      0x22a .\CortexM3\ARM_GCC_484\Debug\ENG3091_MandM.a(cyPm.o)
 .debug_loc     0x00003600       0x21 .\CortexM3\ARM_GCC_484\Debug\ENG3091_MandM.a(cyutils.o)
 .debug_loc     0x00003621      0x36b .\CortexM3\ARM_GCC_484\Debug\ENG3091_MandM.a(LCD.o)
 .debug_loc     0x0000398c       0x56 .\CortexM3\ARM_GCC_484\Debug\ENG3091_MandM.a(but1.o)
 .debug_loc     0x000039e2       0x56 .\CortexM3\ARM_GCC_484\Debug\ENG3091_MandM.a(but0.o)
 .debug_loc     0x00003a38       0x13 .\CortexM3\ARM_GCC_484\Debug\ENG3091_MandM.a(Button_PWM.o)
 .debug_loc     0x00003a4b       0x55 .\CortexM3\ARM_GCC_484\Debug\ENG3091_MandM.a(ISR_CHECKP.o)
 .debug_loc     0x00003aa0       0x13 .\CortexM3\ARM_GCC_484\Debug\ENG3091_MandM.a(MOTOR_R.o)
 .debug_loc     0x00003ab3       0x13 .\CortexM3\ARM_GCC_484\Debug\ENG3091_MandM.a(MOTOR_L.o)
 .debug_loc     0x00003ac6       0x55 .\CortexM3\ARM_GCC_484\Debug\ENG3091_MandM.a(MLIN1.o)
 .debug_loc     0x00003b1b       0x55 .\CortexM3\ARM_GCC_484\Debug\ENG3091_MandM.a(MLIN2.o)
 .debug_loc     0x00003b70       0x55 .\CortexM3\ARM_GCC_484\Debug\ENG3091_MandM.a(MRIN1.o)
 .debug_loc     0x00003bc5       0x55 .\CortexM3\ARM_GCC_484\Debug\ENG3091_MandM.a(MRIN2.o)
 .debug_loc     0x00003c1a       0x83 .\CortexM3\ARM_GCC_484\Debug\ENG3091_MandM.a(USB_cls.o)
 .debug_loc     0x00003c9d      0x2f7 .\CortexM3\ARM_GCC_484\Debug\ENG3091_MandM.a(CyFlash.o)
 .debug_loc     0x00003f94      0x576 .\CortexM3\ARM_GCC_484\Debug\ENG3091_MandM.a(CySpc.o)

.debug_macinfo
 *(.debug_macinfo)

.debug_ranges   0x00000000      0xe70
 *(.debug_ranges)
 .debug_ranges  0x00000000       0x40 .\CortexM3\ARM_GCC_484\Debug\main.o
 .debug_ranges  0x00000040       0x28 .\CortexM3\ARM_GCC_484\Debug\mouse_a.o
 .debug_ranges  0x00000068       0x28 .\CortexM3\ARM_GCC_484\Debug\mouse_b.o
 .debug_ranges  0x00000090       0x48 .\CortexM3\ARM_GCC_484\Debug\motor.o
 .debug_ranges  0x000000d8       0x30 .\CortexM3\ARM_GCC_484\Debug\navigation.o
 .debug_ranges  0x00000108       0x50 .\CortexM3\ARM_GCC_484\Debug\Cm3Start.o
 .debug_ranges  0x00000158       0x68 .\CortexM3\ARM_GCC_484\Debug\ENG3091_MandM.a(cyfitter_cfg.o)
 .debug_ranges  0x000001c0       0xa0 .\CortexM3\ARM_GCC_484\Debug\ENG3091_MandM.a(USB.o)
 .debug_ranges  0x00000260       0xa0 .\CortexM3\ARM_GCC_484\Debug\ENG3091_MandM.a(USB_cdc.o)
 .debug_ranges  0x00000300       0x88 .\CortexM3\ARM_GCC_484\Debug\ENG3091_MandM.a(USB_drv.o)
 .debug_ranges  0x00000388       0x30 .\CortexM3\ARM_GCC_484\Debug\ENG3091_MandM.a(USB_episr.o)
 .debug_ranges  0x000003b8       0x68 .\CortexM3\ARM_GCC_484\Debug\ENG3091_MandM.a(USB_std.o)
 .debug_ranges  0x00000420       0x10 .\CortexM3\ARM_GCC_484\Debug\ENG3091_MandM.a(USB_vnd.o)
 .debug_ranges  0x00000430       0x28 .\CortexM3\ARM_GCC_484\Debug\ENG3091_MandM.a(SDAT_A.o)
 .debug_ranges  0x00000458       0x30 .\CortexM3\ARM_GCC_484\Debug\ENG3091_MandM.a(SCLK_A.o)
 .debug_ranges  0x00000488       0x70 .\CortexM3\ARM_GCC_484\Debug\ENG3091_MandM.a(sclk_a_isr.o)
 .debug_ranges  0x000004f8       0x30 .\CortexM3\ARM_GCC_484\Debug\ENG3091_MandM.a(SCLK_B.o)
 .debug_ranges  0x00000528       0x28 .\CortexM3\ARM_GCC_484\Debug\ENG3091_MandM.a(SDAT_B.o)
 .debug_ranges  0x00000550       0x70 .\CortexM3\ARM_GCC_484\Debug\ENG3091_MandM.a(sclk_b_isr.o)
 .debug_ranges  0x000005c0       0x80 .\CortexM3\ARM_GCC_484\Debug\ENG3091_MandM.a(Timer.o)
 .debug_ranges  0x00000640       0xc8 .\CortexM3\ARM_GCC_484\Debug\ENG3091_MandM.a(CyDmac.o)
 .debug_ranges  0x00000708      0x288 .\CortexM3\ARM_GCC_484\Debug\ENG3091_MandM.a(CyLib.o)
 .debug_ranges  0x00000990       0x88 .\CortexM3\ARM_GCC_484\Debug\ENG3091_MandM.a(cyPm.o)
 .debug_ranges  0x00000a18       0x10 .\CortexM3\ARM_GCC_484\Debug\ENG3091_MandM.a(cyutils.o)
 .debug_ranges  0x00000a28       0x80 .\CortexM3\ARM_GCC_484\Debug\ENG3091_MandM.a(LCD.o)
 .debug_ranges  0x00000aa8       0x70 .\CortexM3\ARM_GCC_484\Debug\ENG3091_MandM.a(but1.o)
 .debug_ranges  0x00000b18       0x70 .\CortexM3\ARM_GCC_484\Debug\ENG3091_MandM.a(but0.o)
 .debug_ranges  0x00000b88       0x68 .\CortexM3\ARM_GCC_484\Debug\ENG3091_MandM.a(Button_PWM.o)
 .debug_ranges  0x00000bf0       0x28 .\CortexM3\ARM_GCC_484\Debug\ENG3091_MandM.a(ISR_CHECKP.o)
 .debug_ranges  0x00000c18       0x68 .\CortexM3\ARM_GCC_484\Debug\ENG3091_MandM.a(MOTOR_R.o)
 .debug_ranges  0x00000c80       0x68 .\CortexM3\ARM_GCC_484\Debug\ENG3091_MandM.a(MOTOR_L.o)
 .debug_ranges  0x00000ce8       0x28 .\CortexM3\ARM_GCC_484\Debug\ENG3091_MandM.a(MLIN1.o)
 .debug_ranges  0x00000d10       0x28 .\CortexM3\ARM_GCC_484\Debug\ENG3091_MandM.a(MLIN2.o)
 .debug_ranges  0x00000d38       0x28 .\CortexM3\ARM_GCC_484\Debug\ENG3091_MandM.a(MRIN1.o)
 .debug_ranges  0x00000d60       0x28 .\CortexM3\ARM_GCC_484\Debug\ENG3091_MandM.a(MRIN2.o)
 .debug_ranges  0x00000d88       0x10 .\CortexM3\ARM_GCC_484\Debug\ENG3091_MandM.a(USB_cls.o)
 .debug_ranges  0x00000d98       0x70 .\CortexM3\ARM_GCC_484\Debug\ENG3091_MandM.a(CyFlash.o)
 .debug_ranges  0x00000e08       0x68 .\CortexM3\ARM_GCC_484\Debug\ENG3091_MandM.a(CySpc.o)

.comment        0x00000000       0x70
 .comment       0x00000000       0x70 .\CortexM3\ARM_GCC_484\Debug\main.o
                                 0x71 (size before relaxing)
 .comment       0x00000000       0x71 .\CortexM3\ARM_GCC_484\Debug\mouse_a.o
 .comment       0x00000000       0x71 .\CortexM3\ARM_GCC_484\Debug\mouse_b.o
 .comment       0x00000000       0x71 .\CortexM3\ARM_GCC_484\Debug\motor.o
 .comment       0x00000000       0x71 .\CortexM3\ARM_GCC_484\Debug\navigation.o
 .comment       0x00000000       0x71 .\CortexM3\ARM_GCC_484\Debug\arm.o
 .comment       0x00000000       0x71 .\CortexM3\ARM_GCC_484\Debug\gripper.o
 .comment       0x00000000       0x71 .\CortexM3\ARM_GCC_484\Debug\misc.o
 .comment       0x00000000       0x71 .\CortexM3\ARM_GCC_484\Debug\cybootloader.o
 .comment       0x00000000       0x71 .\CortexM3\ARM_GCC_484\Debug\cymetadata.o
 .comment       0x00000000       0x71 .\CortexM3\ARM_GCC_484\Debug\Cm3Start.o
 .comment       0x00000000       0x71 .\CortexM3\ARM_GCC_484\Debug\ENG3091_MandM.a(cyfitter_cfg.o)
 .comment       0x00000000       0x71 .\CortexM3\ARM_GCC_484\Debug\ENG3091_MandM.a(USB.o)
 .comment       0x00000000       0x71 .\CortexM3\ARM_GCC_484\Debug\ENG3091_MandM.a(USB_cdc.o)
 .comment       0x00000000       0x71 .\CortexM3\ARM_GCC_484\Debug\ENG3091_MandM.a(USB_drv.o)
 .comment       0x00000000       0x71 .\CortexM3\ARM_GCC_484\Debug\ENG3091_MandM.a(USB_episr.o)
 .comment       0x00000000       0x71 .\CortexM3\ARM_GCC_484\Debug\ENG3091_MandM.a(USB_std.o)
 .comment       0x00000000       0x71 .\CortexM3\ARM_GCC_484\Debug\ENG3091_MandM.a(USB_vnd.o)
 .comment       0x00000000       0x71 .\CortexM3\ARM_GCC_484\Debug\ENG3091_MandM.a(SDAT_A.o)
 .comment       0x00000000       0x71 .\CortexM3\ARM_GCC_484\Debug\ENG3091_MandM.a(SCLK_A.o)
 .comment       0x00000000       0x71 .\CortexM3\ARM_GCC_484\Debug\ENG3091_MandM.a(sclk_a_isr.o)
 .comment       0x00000000       0x71 .\CortexM3\ARM_GCC_484\Debug\ENG3091_MandM.a(SCLK_B.o)
 .comment       0x00000000       0x71 .\CortexM3\ARM_GCC_484\Debug\ENG3091_MandM.a(SDAT_B.o)
 .comment       0x00000000       0x71 .\CortexM3\ARM_GCC_484\Debug\ENG3091_MandM.a(sclk_b_isr.o)
 .comment       0x00000000       0x71 .\CortexM3\ARM_GCC_484\Debug\ENG3091_MandM.a(Timer.o)
 .comment       0x00000000       0x71 .\CortexM3\ARM_GCC_484\Debug\ENG3091_MandM.a(CyDmac.o)
 .comment       0x00000000       0x71 .\CortexM3\ARM_GCC_484\Debug\ENG3091_MandM.a(CyLib.o)
 .comment       0x00000000       0x71 .\CortexM3\ARM_GCC_484\Debug\ENG3091_MandM.a(cyPm.o)
 .comment       0x00000000       0x71 .\CortexM3\ARM_GCC_484\Debug\ENG3091_MandM.a(cyutils.o)
 .comment       0x00000000       0x71 .\CortexM3\ARM_GCC_484\Debug\ENG3091_MandM.a(LCD.o)
 .comment       0x00000000       0x71 .\CortexM3\ARM_GCC_484\Debug\ENG3091_MandM.a(but1.o)
 .comment       0x00000000       0x71 .\CortexM3\ARM_GCC_484\Debug\ENG3091_MandM.a(but0.o)
 .comment       0x00000000       0x71 .\CortexM3\ARM_GCC_484\Debug\ENG3091_MandM.a(Button_PWM.o)
 .comment       0x00000000       0x71 .\CortexM3\ARM_GCC_484\Debug\ENG3091_MandM.a(ISR_CHECKP.o)
 .comment       0x00000000       0x71 .\CortexM3\ARM_GCC_484\Debug\ENG3091_MandM.a(MOTOR_R.o)
 .comment       0x00000000       0x71 .\CortexM3\ARM_GCC_484\Debug\ENG3091_MandM.a(MOTOR_L.o)
 .comment       0x00000000       0x71 .\CortexM3\ARM_GCC_484\Debug\ENG3091_MandM.a(MLIN1.o)
 .comment       0x00000000       0x71 .\CortexM3\ARM_GCC_484\Debug\ENG3091_MandM.a(MLIN2.o)
 .comment       0x00000000       0x71 .\CortexM3\ARM_GCC_484\Debug\ENG3091_MandM.a(MRIN1.o)
 .comment       0x00000000       0x71 .\CortexM3\ARM_GCC_484\Debug\ENG3091_MandM.a(MRIN2.o)
 .comment       0x00000000       0x71 .\CortexM3\ARM_GCC_484\Debug\ENG3091_MandM.a(USB_cls.o)
 .comment       0x00000000       0x71 .\CortexM3\ARM_GCC_484\Debug\ENG3091_MandM.a(USB_descr.o)
 .comment       0x00000000       0x71 .\CortexM3\ARM_GCC_484\Debug\ENG3091_MandM.a(CyFlash.o)
 .comment       0x00000000       0x71 .\CortexM3\ARM_GCC_484\Debug\ENG3091_MandM.a(CySpc.o)

.debug_weaknames
 *(.debug_weaknames)

.debug_funcnames
 *(.debug_funcnames)

.debug_typenames
 *(.debug_typenames)

.debug_varnames
 *(.debug_varnames)

.note.gnu.arm.ident
 *(.note.gnu.arm.ident)

.ARM.attributes
                0x00000000       0x29
 *(.ARM.attributes)
 .ARM.attributes
                0x00000000       0x1d c:/program files (x86)/cypress/psoc creator/3.2/psoc creator/import/gnu/arm/4.8.4/bin/../lib/gcc/arm-none-eabi/4.8.4/armv7-m/crti.o
 .ARM.attributes
                0x0000001d       0x2d c:/program files (x86)/cypress/psoc creator/3.2/psoc creator/import/gnu/arm/4.8.4/bin/../lib/gcc/arm-none-eabi/4.8.4/armv7-m/crtbegin.o
 .ARM.attributes
                0x0000004a       0x1b c:/program files (x86)/cypress/psoc creator/3.2/psoc creator/import/gnu/arm/4.8.4/bin/../lib/gcc/arm-none-eabi/4.8.4/../../../../arm-none-eabi/lib/armv7-m/crt0.o
 .ARM.attributes
                0x00000065       0x33 .\CortexM3\ARM_GCC_484\Debug\main.o
 .ARM.attributes
                0x00000098       0x33 .\CortexM3\ARM_GCC_484\Debug\mouse_a.o
 .ARM.attributes
                0x000000cb       0x33 .\CortexM3\ARM_GCC_484\Debug\mouse_b.o
 .ARM.attributes
                0x000000fe       0x33 .\CortexM3\ARM_GCC_484\Debug\motor.o
 .ARM.attributes
                0x00000131       0x33 .\CortexM3\ARM_GCC_484\Debug\navigation.o
 .ARM.attributes
                0x00000164       0x33 .\CortexM3\ARM_GCC_484\Debug\arm.o
 .ARM.attributes
                0x00000197       0x33 .\CortexM3\ARM_GCC_484\Debug\gripper.o
 .ARM.attributes
                0x000001ca       0x33 .\CortexM3\ARM_GCC_484\Debug\misc.o
 .ARM.attributes
                0x000001fd       0x33 .\CortexM3\ARM_GCC_484\Debug\cybootloader.o
 .ARM.attributes
                0x00000230       0x33 .\CortexM3\ARM_GCC_484\Debug\cymetadata.o
 .ARM.attributes
                0x00000263       0x33 .\CortexM3\ARM_GCC_484\Debug\Cm3Start.o
 .ARM.attributes
                0x00000296       0x33 .\CortexM3\ARM_GCC_484\Debug\ENG3091_MandM.a(cyfitter_cfg.o)
 .ARM.attributes
                0x000002c9       0x33 .\CortexM3\ARM_GCC_484\Debug\ENG3091_MandM.a(USB.o)
 .ARM.attributes
                0x000002fc       0x33 .\CortexM3\ARM_GCC_484\Debug\ENG3091_MandM.a(USB_cdc.o)
 .ARM.attributes
                0x0000032f       0x33 .\CortexM3\ARM_GCC_484\Debug\ENG3091_MandM.a(USB_drv.o)
 .ARM.attributes
                0x00000362       0x33 .\CortexM3\ARM_GCC_484\Debug\ENG3091_MandM.a(USB_episr.o)
 .ARM.attributes
                0x00000395       0x33 .\CortexM3\ARM_GCC_484\Debug\ENG3091_MandM.a(USB_std.o)
 .ARM.attributes
                0x000003c8       0x33 .\CortexM3\ARM_GCC_484\Debug\ENG3091_MandM.a(USB_vnd.o)
 .ARM.attributes
                0x000003fb       0x33 .\CortexM3\ARM_GCC_484\Debug\ENG3091_MandM.a(SDAT_A.o)
 .ARM.attributes
                0x0000042e       0x33 .\CortexM3\ARM_GCC_484\Debug\ENG3091_MandM.a(SCLK_A.o)
 .ARM.attributes
                0x00000461       0x33 .\CortexM3\ARM_GCC_484\Debug\ENG3091_MandM.a(sclk_a_isr.o)
 .ARM.attributes
                0x00000494       0x33 .\CortexM3\ARM_GCC_484\Debug\ENG3091_MandM.a(SCLK_B.o)
 .ARM.attributes
                0x000004c7       0x33 .\CortexM3\ARM_GCC_484\Debug\ENG3091_MandM.a(SDAT_B.o)
 .ARM.attributes
                0x000004fa       0x33 .\CortexM3\ARM_GCC_484\Debug\ENG3091_MandM.a(sclk_b_isr.o)
 .ARM.attributes
                0x0000052d       0x33 .\CortexM3\ARM_GCC_484\Debug\ENG3091_MandM.a(Timer.o)
 .ARM.attributes
                0x00000560       0x21 .\CortexM3\ARM_GCC_484\Debug\ENG3091_MandM.a(CyBootAsmGnu.o)
 .ARM.attributes
                0x00000581       0x33 .\CortexM3\ARM_GCC_484\Debug\ENG3091_MandM.a(CyDmac.o)
 .ARM.attributes
                0x000005b4       0x33 .\CortexM3\ARM_GCC_484\Debug\ENG3091_MandM.a(CyLib.o)
 .ARM.attributes
                0x000005e7       0x33 .\CortexM3\ARM_GCC_484\Debug\ENG3091_MandM.a(cyPm.o)
 .ARM.attributes
                0x0000061a       0x33 .\CortexM3\ARM_GCC_484\Debug\ENG3091_MandM.a(cyutils.o)
 .ARM.attributes
                0x0000064d       0x33 .\CortexM3\ARM_GCC_484\Debug\ENG3091_MandM.a(LCD.o)
 .ARM.attributes
                0x00000680       0x33 .\CortexM3\ARM_GCC_484\Debug\ENG3091_MandM.a(but1.o)
 .ARM.attributes
                0x000006b3       0x33 .\CortexM3\ARM_GCC_484\Debug\ENG3091_MandM.a(but0.o)
 .ARM.attributes
                0x000006e6       0x33 .\CortexM3\ARM_GCC_484\Debug\ENG3091_MandM.a(Button_PWM.o)
 .ARM.attributes
                0x00000719       0x33 .\CortexM3\ARM_GCC_484\Debug\ENG3091_MandM.a(ISR_CHECKP.o)
 .ARM.attributes
                0x0000074c       0x33 .\CortexM3\ARM_GCC_484\Debug\ENG3091_MandM.a(MOTOR_R.o)
 .ARM.attributes
                0x0000077f       0x33 .\CortexM3\ARM_GCC_484\Debug\ENG3091_MandM.a(MOTOR_L.o)
 .ARM.attributes
                0x000007b2       0x33 .\CortexM3\ARM_GCC_484\Debug\ENG3091_MandM.a(MLIN1.o)
 .ARM.attributes
                0x000007e5       0x33 .\CortexM3\ARM_GCC_484\Debug\ENG3091_MandM.a(MLIN2.o)
 .ARM.attributes
                0x00000818       0x33 .\CortexM3\ARM_GCC_484\Debug\ENG3091_MandM.a(MRIN1.o)
 .ARM.attributes
                0x0000084b       0x33 .\CortexM3\ARM_GCC_484\Debug\ENG3091_MandM.a(MRIN2.o)
 .ARM.attributes
                0x0000087e       0x33 .\CortexM3\ARM_GCC_484\Debug\ENG3091_MandM.a(USB_cls.o)
 .ARM.attributes
                0x000008b1       0x33 .\CortexM3\ARM_GCC_484\Debug\ENG3091_MandM.a(USB_descr.o)
 .ARM.attributes
                0x000008e4       0x33 .\CortexM3\ARM_GCC_484\Debug\ENG3091_MandM.a(CyFlash.o)
 .ARM.attributes
                0x00000917       0x33 .\CortexM3\ARM_GCC_484\Debug\ENG3091_MandM.a(CySpc.o)
 .ARM.attributes
                0x0000094a       0x2d c:/program files (x86)/cypress/psoc creator/3.2/psoc creator/import/gnu/arm/4.8.4/bin/../lib/gcc/arm-none-eabi/4.8.4/../../../../arm-none-eabi/lib/armv7-m\libm.a(lib_a-s_cos.o)
 .ARM.attributes