Archive member included because of file (symbol)

.\CortexM3\ARM_GCC_484\Debug\ENG3091_MandM.a(cyfitter_cfg.o)
                              .\CortexM3\ARM_GCC_484\Debug\Cm3Start.o (cyfitter_cfg)
.\CortexM3\ARM_GCC_484\Debug\ENG3091_MandM.a(USB.o)
                              .\CortexM3\ARM_GCC_484\Debug\main.o (USB_Start)
.\CortexM3\ARM_GCC_484\Debug\ENG3091_MandM.a(USB_cdc.o)
                              .\CortexM3\ARM_GCC_484\Debug\main.o (USB_PutString)
.\CortexM3\ARM_GCC_484\Debug\ENG3091_MandM.a(USB_drv.o)
                              .\CortexM3\ARM_GCC_484\Debug\ENG3091_MandM.a(USB.o) (USB_lastPacketSize)
.\CortexM3\ARM_GCC_484\Debug\ENG3091_MandM.a(USB_episr.o)
                              .\CortexM3\ARM_GCC_484\Debug\ENG3091_MandM.a(USB.o) (USB_EP_1_ISR)
.\CortexM3\ARM_GCC_484\Debug\ENG3091_MandM.a(USB_std.o)
                              .\CortexM3\ARM_GCC_484\Debug\ENG3091_MandM.a(USB_drv.o) (USB_HandleStandardRqst)
.\CortexM3\ARM_GCC_484\Debug\ENG3091_MandM.a(USB_vnd.o)
                              .\CortexM3\ARM_GCC_484\Debug\ENG3091_MandM.a(USB_drv.o) (USB_HandleVendorRqst)
.\CortexM3\ARM_GCC_484\Debug\ENG3091_MandM.a(SDAT_A.o)
                              .\CortexM3\ARM_GCC_484\Debug\mouse_a.o (SDAT_A_Write)
.\CortexM3\ARM_GCC_484\Debug\ENG3091_MandM.a(SCLK_A.o)
                              .\CortexM3\ARM_GCC_484\Debug\mouse_a.o (SCLK_A_Write)
.\CortexM3\ARM_GCC_484\Debug\ENG3091_MandM.a(sclk_a_isr.o)
                              .\CortexM3\ARM_GCC_484\Debug\mice.o (sclk_a_isr_SetPriority)
.\CortexM3\ARM_GCC_484\Debug\ENG3091_MandM.a(SCLK_B.o)
                              .\CortexM3\ARM_GCC_484\Debug\mouse_b.o (SCLK_B_Write)
.\CortexM3\ARM_GCC_484\Debug\ENG3091_MandM.a(SDAT_B.o)
                              .\CortexM3\ARM_GCC_484\Debug\mouse_b.o (SDAT_B_Write)
.\CortexM3\ARM_GCC_484\Debug\ENG3091_MandM.a(sclk_b_isr.o)
                              .\CortexM3\ARM_GCC_484\Debug\mice.o (sclk_b_isr_SetPriority)
.\CortexM3\ARM_GCC_484\Debug\ENG3091_MandM.a(Timer.o)
                              .\CortexM3\ARM_GCC_484\Debug\main.o (Timer_ReadCounter)
.\CortexM3\ARM_GCC_484\Debug\ENG3091_MandM.a(RED.o)
                              .\CortexM3\ARM_GCC_484\Debug\main.o (RED_Write)
.\CortexM3\ARM_GCC_484\Debug\ENG3091_MandM.a(BLUE.o)
                              .\CortexM3\ARM_GCC_484\Debug\main.o (BLUE_Write)
.\CortexM3\ARM_GCC_484\Debug\ENG3091_MandM.a(CyBootAsmGnu.o)
                              .\CortexM3\ARM_GCC_484\Debug\ENG3091_MandM.a(cyfitter_cfg.o) (CyDelayCycles)
.\CortexM3\ARM_GCC_484\Debug\ENG3091_MandM.a(CyDmac.o)
                              .\CortexM3\ARM_GCC_484\Debug\Cm3Start.o (CyDmacConfigure)
.\CortexM3\ARM_GCC_484\Debug\ENG3091_MandM.a(CyLib.o)
                              .\CortexM3\ARM_GCC_484\Debug\Cm3Start.o (CyHalt)
.\CortexM3\ARM_GCC_484\Debug\ENG3091_MandM.a(cyPm.o)
                              .\CortexM3\ARM_GCC_484\Debug\ENG3091_MandM.a(CyLib.o) (CyPmReadStatus)
.\CortexM3\ARM_GCC_484\Debug\ENG3091_MandM.a(cyutils.o)
                              .\CortexM3\ARM_GCC_484\Debug\ENG3091_MandM.a(Timer.o) (CySetReg24)
.\CortexM3\ARM_GCC_484\Debug\ENG3091_MandM.a(LCD.o)
                              .\CortexM3\ARM_GCC_484\Debug\main.o (LCD_PrintString)
.\CortexM3\ARM_GCC_484\Debug\ENG3091_MandM.a(but1.o)
                              .\CortexM3\ARM_GCC_484\Debug\buttons.o (but1_StartEx)
.\CortexM3\ARM_GCC_484\Debug\ENG3091_MandM.a(but0.o)
                              .\CortexM3\ARM_GCC_484\Debug\buttons.o (but0_StartEx)
.\CortexM3\ARM_GCC_484\Debug\ENG3091_MandM.a(Button_PWM.o)
                              .\CortexM3\ARM_GCC_484\Debug\buttons.o (Button_PWM_Start)
.\CortexM3\ARM_GCC_484\Debug\ENG3091_MandM.a(ISR_CHECKP.o)
                              .\CortexM3\ARM_GCC_484\Debug\navigation.o (ISR_CHECKP_Write)
.\CortexM3\ARM_GCC_484\Debug\ENG3091_MandM.a(MOTOR_R.o)
                              .\CortexM3\ARM_GCC_484\Debug\motor.o (MOTOR_R_WriteCompare)
.\CortexM3\ARM_GCC_484\Debug\ENG3091_MandM.a(MOTOR_L.o)
                              .\CortexM3\ARM_GCC_484\Debug\motor.o (MOTOR_L_WriteCompare)
.\CortexM3\ARM_GCC_484\Debug\ENG3091_MandM.a(MLIN1.o)
                              .\CortexM3\ARM_GCC_484\Debug\motor.o (MLIN1_Write)
.\CortexM3\ARM_GCC_484\Debug\ENG3091_MandM.a(MLIN2.o)
                              .\CortexM3\ARM_GCC_484\Debug\motor.o (MLIN2_Write)
.\CortexM3\ARM_GCC_484\Debug\ENG3091_MandM.a(MRIN1.o)
                              .\CortexM3\ARM_GCC_484\Debug\motor.o (MRIN1_Write)
.\CortexM3\ARM_GCC_484\Debug\ENG3091_MandM.a(MRIN2.o)
                              .\CortexM3\ARM_GCC_484\Debug\motor.o (MRIN2_Write)
.\CortexM3\ARM_GCC_484\Debug\ENG3091_MandM.a(Gripper_PWM.o)
                              .\CortexM3\ARM_GCC_484\Debug\gripper.o (Gripper_PWM_WriteCompare)
.\CortexM3\ARM_GCC_484\Debug\ENG3091_MandM.a(I2C.o)
                              .\CortexM3\ARM_GCC_484\Debug\compass.o (I2C_Start)
[...]
Memory Configuration

Name             Origin             Length             Attributes
rom              0x00000000         0x00040000         xr
ram              0x1fff8000         0x00010000         xrw
*default*        0x00000000         0xffffffff

Linker script and memory map

LOAD c:/program files (x86)/cypress/psoc creator/3.2/psoc creator/import/gnu/arm/4.8.4/bin/../lib/gcc/arm-none-eabi/4.8.4/armv7-m/crti.o
LOAD c:/program files (x86)/cypress/psoc creator/3.2/psoc creator/import/gnu/arm/4.8.4/bin/../lib/gcc/arm-none-eabi/4.8.4/armv7-m/crtbegin.o
LOAD c:/program files (x86)/cypress/psoc creator/3.2/psoc creator/import/gnu/arm/4.8.4/bin/../lib/gcc/arm-none-eabi/4.8.4/../../../../arm-none-eabi/lib/armv7-m/crt0.o
START GROUP
LOAD .\CortexM3\ARM_GCC_484\Debug\main.o
LOAD .\CortexM3\ARM_GCC_484\Debug\mouse_a.o
LOAD .\CortexM3\ARM_GCC_484\Debug\mouse_b.o
LOAD .\CortexM3\ARM_GCC_484\Debug\motor.o
LOAD .\CortexM3\ARM_GCC_484\Debug\navigation.o
LOAD .\CortexM3\ARM_GCC_484\Debug\arm.o
LOAD .\CortexM3\ARM_GCC_484\Debug\gripper.o
LOAD .\CortexM3\ARM_GCC_484\Debug\misc.o
LOAD .\CortexM3\ARM_GCC_484\Debug\mice.o
LOAD .\CortexM3\ARM_GCC_484\Debug\buttons.o
LOAD .\CortexM3\ARM_GCC_484\Debug\compass.o
LOAD .\CortexM3\ARM_GCC_484\Debug\ultrasonic.o
LOAD .\CortexM3\ARM_GCC_484\Debug\cybootloader.o
LOAD .\CortexM3\ARM_GCC_484\Debug\cymetadata.o
LOAD .\CortexM3\ARM_GCC_484\Debug\Cm3Start.o
LOAD .\CortexM3\ARM_GCC_484\Debug\ENG3091_MandM.a
LOAD C:\Program Files (x86)\Cypress\PSoC Creator\3.2\PSoC Creator\psoc\content\cycomponentlibrary\CyComponentLibrary.cylib\CortexM3\ARM_GCC_484\Debug\CyComponentLibrary.a
LOAD c:/program files (x86)/cypress/psoc creator/3.2/psoc creator/import/gnu/arm/4.8.4/bin/../lib/gcc/arm-none-eabi/4.8.4/../../../../arm-none-eabi/lib/armv7-m\libm.a
END GROUP
START GROUP
LOAD c:/program files (x86)/cypress/psoc creator/3.2/psoc creator/import/gnu/arm/4.8.4/bin/../lib/gcc/arm-none-eabi/4.8.4/armv7-m\libgcc.a
LOAD c:/program files (x86)/cypress/psoc creator/3.2/psoc creator/import/gnu/arm/4.8.4/bin/../lib/gcc/arm-none-eabi/4.8.4/../../../../arm-none-eabi/lib/armv7-m\libg_s.a
LOAD c:/program files (x86)/cypress/psoc creator/3.2/psoc creator/import/gnu/arm/4.8.4/bin/../lib/gcc/arm-none-eabi/4.8.4/../../../../arm-none-eabi/lib/armv7-m\libc_s.a
END GROUP
START GROUP
LOAD c:/program files (x86)/cypress/psoc creator/3.2/psoc creator/import/gnu/arm/4.8.4/bin/../lib/gcc/arm-none-eabi/4.8.4/armv7-m\libgcc.a
LOAD c:/program files (x86)/cypress/psoc creator/3.2/psoc creator/import/gnu/arm/4.8.4/bin/../lib/gcc/arm-none-eabi/4.8.4/../../../../arm-none-eabi/lib/armv7-m\libc_s.a
END GROUP
LOAD c:/program files (x86)/cypress/psoc creator/3.2/psoc creator/import/gnu/arm/4.8.4/bin/../lib/gcc/arm-none-eabi/4.8.4/armv7-m/crtend.o
LOAD c:/program files (x86)/cypress/psoc creator/3.2/psoc creator/import/gnu/arm/4.8.4/bin/../lib/gcc/arm-none-eabi/4.8.4/armv7-m/crtn.o
START GROUP
LOAD c:/program files (x86)/cypress/psoc creator/3.2/psoc creator/import/gnu/arm/4.8.4/bin/../lib/gcc/arm-none-eabi/4.8.4/armv7-m\libgcc.a
LOAD c:/program files (x86)/cypress/psoc creator/3.2/psoc creator/import/gnu/arm/4.8.4/bin/../lib/gcc/arm-none-eabi/4.8.4/../../../../arm-none-eabi/lib/armv7-m\libc.a
LOAD c:/program files (x86)/cypress/psoc creator/3.2/psoc creator/import/gnu/arm/4.8.4/bin/../lib/gcc/arm-none-eabi/4.8.4/../../../../arm-none-eabi/lib/armv7-m\libnosys.a
END GROUP
                0x00000000                CY_APPL_ORIGIN = 0x0
                0x00000100                CY_FLASH_ROW_SIZE = 0x100
                0x00000020                CY_ECC_ROW_SIZE = 0x20
                0x00000000                CY_EE_IN_BTLDR = 0x0
                0x00000001                CY_APPL_LOADABLE = 0x1
                0x00000800                CY_EE_SIZE = 0x800
                0x00000001                CY_APPL_NUM = 0x1
                0x00000001                CY_APPL_MAX = 0x1
                0x00000040                CY_METADATA_SIZE = 0x40
                0x1fff82c0                PROVIDE (__cy_heap_start, _end)
                0x00000001                PROVIDE (__cy_region_num, ((__cy_regions_end - __cy_regions) / 0x10))
                0x20008000                PROVIDE (__cy_stack, (ORIGIN (ram) + 0x10000))
                0x20007800                PROVIDE (__cy_heap_end, (__cy_stack - 0x800))

.cybootloader   0x00000000     0x2700
 *(.cybootloader)
 .cybootloader  0x00000000     0x2700 .\CortexM3\ARM_GCC_484\Debug\cybootloader.o
                0x00000000                cy_bootloader
                0x00002700                appl1_start = CY_APPL_ORIGIN?CY_APPL_ORIGIN:ALIGN (CY_FLASH_ROW_SIZE)
                0x00021300                appl2_start = (appl1_start + ALIGN ((((0x40000 - appl1_start) - (0x2 * CY_FLASH_ROW_SIZE)) / 0x2), CY_FLASH_ROW_SIZE))
                0x00002700                appl_start = (CY_APPL_NUM == 0x1)?appl1_start:appl2_start
                0x000004e0                ecc_offset = ((appl_start / CY_FLASH_ROW_SIZE) * CY_ECC_ROW_SIZE)
                0x00000000                ee_offset = (CY_APPL_LOADABLE && ! (CY_EE_IN_BTLDR))?((CY_EE_SIZE / CY_APPL_MAX) * (CY_APPL_NUM - 0x1)):0x0
                0x00000800                ee_size = (CY_APPL_LOADABLE && ! (CY_EE_IN_BTLDR))?(CY_EE_SIZE / CY_APPL_MAX):CY_EE_SIZE
                0x000004e0                PROVIDE (CY_ECC_OFFSET, ecc_offset)

.text           0x00002700     0x3e1a
 CREATE_OBJECT_SYMBOLS
                0x00002700                PROVIDE (__cy_interrupt_vector, RomVectors)
 *(.romvectors)
 .romvectors    0x00002700       0x10 .\CortexM3\ARM_GCC_484\Debug\Cm3Start.o
                0x00002700                RomVectors
                0x00000001                ASSERT ((. != __cy_interrupt_vector), No interrupt vector)
                0x00000001                ASSERT (CY_APPL_ORIGIN?(SIZEOF (.cybootloader) <= CY_APPL_ORIGIN):0x1, Wrong image location)
                0x00002710                PROVIDE (__cy_reset, Reset)
 *(.text.Reset)
 .text.Reset    0x00002710        0x8 .\CortexM3\ARM_GCC_484\Debug\Cm3Start.o
                0x00002710                Reset
                0x00000001                ASSERT ((. != __cy_reset), No reset code)
 *(.dma_init)
                0x00000001                ASSERT ((((appl_start + .) <= 0x10000) || 0x1), DMA Init must be within the first 64k of flash)
 *(.text .text.* .gnu.linkonce.t.*)
 .text          0x00002718       0x54 c:/program files (x86)/cypress/psoc creator/3.2/psoc creator/import/gnu/arm/4.8.4/bin/../lib/gcc/arm-none-eabi/4.8.4/armv7-m/crtbegin.o
 .text.print    0x0000276c       0x34 .\CortexM3\ARM_GCC_484\Debug\main.o
                0x0000276c                print
 .text.main     0x000027a0      0x170 .\CortexM3\ARM_GCC_484\Debug\main.o
                0x000027a0                main
 .text.INC_ISR  0x00002910       0x14 .\CortexM3\ARM_GCC_484\Debug\buttons.o
                0x00002910                INC_ISR
 .text.DEC_ISR  0x00002924       0x14 .\CortexM3\ARM_GCC_484\Debug\buttons.o
                0x00002924                DEC_ISR
 .text.start_buttons
                0x00002938       0x30 .\CortexM3\ARM_GCC_484\Debug\buttons.o
                0x00002938                start_buttons
 .text.DRDY_INTERRUPT
                0x00002968       0x14 .\CortexM3\ARM_GCC_484\Debug\compass.o
                0x00002968                DRDY_INTERRUPT
 .text.start_compass
                0x0000297c       0x8c .\CortexM3\ARM_GCC_484\Debug\compass.o
                0x0000297c                start_compass
 .text.compass_read
                0x00002a08       0xac .\CortexM3\ARM_GCC_484\Debug\compass.o
                0x00002a08                compass_read
 .text.IntDefaultHandler
                0x00002ab4        0x4 .\CortexM3\ARM_GCC_484\Debug\Cm3Start.o
                0x00002ab4                IntDefaultHandler
 .text._sbrk    0x00002ab8       0x30 .\CortexM3\ARM_GCC_484\Debug\Cm3Start.o
                0x00002ab8                _sbrk
 .text.Start_c  0x00002ae8       0x4c .\CortexM3\ARM_GCC_484\Debug\Cm3Start.o
                0x00002ae8                Start_c
 .text.initialize_psoc
                0x00002b34       0x74 .\CortexM3\ARM_GCC_484\Debug\Cm3Start.o
                0x00002b34                initialize_psoc
 .text.CyClockStartupError
                0x00002ba8        0x4 .\CortexM3\ARM_GCC_484\Debug\ENG3091_MandM.a(cyfitter_cfg.o)
 .text.cfg_write_bytes32
                0x00002bac       0x34 .\CortexM3\ARM_GCC_484\Debug\ENG3091_MandM.a(cyfitter_cfg.o)
 .text.AnalogSetDefault
                0x00002be0       0x28 .\CortexM3\ARM_GCC_484\Debug\ENG3091_MandM.a(cyfitter_cfg.o)
 .text.CYMEMZERO
                0x00002c08        0xc .\CortexM3\ARM_GCC_484\Debug\ENG3091_MandM.a(cyfitter_cfg.o)
 .text.CYCONFIGCPYCODE
                0x00002c14        0x8 .\CortexM3\ARM_GCC_484\Debug\ENG3091_MandM.a(cyfitter_cfg.o)
 .text.CYCONFIGCPY
                0x00002c1c        0x8 .\CortexM3\ARM_GCC_484\Debug\ENG3091_MandM.a(cyfitter_cfg.o)
 .text.ClockSetup
                0x00002c24       0xf4 .\CortexM3\ARM_GCC_484\Debug\ENG3091_MandM.a(cyfitter_cfg.o)
 .text.cyfitter_cfg
                0x00002d18      0x168 .\CortexM3\ARM_GCC_484\Debug\ENG3091_MandM.a(cyfitter_cfg.o)
                0x00002d18                cyfitter_cfg
 .text.USB_Init
                0x00002e80      0x128 .\CortexM3\ARM_GCC_484\Debug\ENG3091_MandM.a(USB.o)
                0x00002e80                USB_Init
 .text.USB_InitComponent
                0x00002fa8       0xa8 .\CortexM3\ARM_GCC_484\Debug\ENG3091_MandM.a(USB.o)
                0x00002fa8                USB_InitComponent
 .text.USB_Start
                0x00003050       0x24 .\CortexM3\ARM_GCC_484\Debug\ENG3091_MandM.a(USB.o)
                0x00003050                USB_Start
 .text.USB_ReInitComponent
                0x00003074       0x4c .\CortexM3\ARM_GCC_484\Debug\ENG3091_MandM.a(USB.o)
                0x00003074                USB_ReInitComponent
 .text.USB_GetConfiguration
                0x000030c0        0xc .\CortexM3\ARM_GCC_484\Debug\ENG3091_MandM.a(USB.o)
                0x000030c0                USB_GetConfiguration
 .text.USB_LoadInEP
                0x000030cc       0x90 .\CortexM3\ARM_GCC_484\Debug\ENG3091_MandM.a(USB.o)
                0x000030cc                USB_LoadInEP
 .text.USB_StrLen
                0x0000315c       0x14 .\CortexM3\ARM_GCC_484\Debug\ENG3091_MandM.a(USB_cdc.o)
 .text.USB_DispatchCDCClassRqst
                0x00003170       0x9c .\CortexM3\ARM_GCC_484\Debug\ENG3091_MandM.a(USB_cdc.o)
                0x00003170                USB_DispatchCDCClassRqst
 .text.USB_PutString
                0x0000320c       0x94 .\CortexM3\ARM_GCC_484\Debug\ENG3091_MandM.a(USB_cdc.o)
                0x0000320c                USB_PutString
 .text.USB_CDCIsReady
                0x000032a0       0x1c .\CortexM3\ARM_GCC_484\Debug\ENG3091_MandM.a(USB_cdc.o)
                0x000032a0                USB_CDCIsReady
 .text.USB_LoadEP0
                0x000032bc       0x94 .\CortexM3\ARM_GCC_484\Debug\ENG3091_MandM.a(USB_drv.o)
                0x000032bc                USB_LoadEP0
 .text.USB_InitZeroLengthControlTransfer
                0x00003350       0x34 .\CortexM3\ARM_GCC_484\Debug\ENG3091_MandM.a(USB_drv.o)
                0x00003350                USB_InitZeroLengthControlTransfer
 .text.USB_ControlReadDataStage
                0x00003384        0x8 .\CortexM3\ARM_GCC_484\Debug\ENG3091_MandM.a(USB_drv.o)
                0x00003384                USB_ControlReadDataStage
 .text.USB_ControlWriteDataStage
                0x0000338c       0x80 .\CortexM3\ARM_GCC_484\Debug\ENG3091_MandM.a(USB_drv.o)
                0x0000338c                USB_ControlWriteDataStage
 .text.USB_InitNoDataControlTransfer
                0x0000340c       0x2c .\CortexM3\ARM_GCC_484\Debug\ENG3091_MandM.a(USB_drv.o)
                0x0000340c                USB_InitNoDataControlTransfer
 .text.USB_UpdateStatusBlock
                0x00003438       0x24 .\CortexM3\ARM_GCC_484\Debug\ENG3091_MandM.a(USB_drv.o)
                0x00003438                USB_UpdateStatusBlock
 .text.USB_HandleSetup
                0x0000345c       0x5c .\CortexM3\ARM_GCC_484\Debug\ENG3091_MandM.a(USB_drv.o)
                0x0000345c                USB_HandleSetup
 .text.USB_ControlReadStatusStage
                0x000034b8       0x34 .\CortexM3\ARM_GCC_484\Debug\ENG3091_MandM.a(USB_drv.o)
                0x000034b8                USB_ControlReadStatusStage
 .text.USB_HandleOUT
                0x000034ec       0x38 .\CortexM3\ARM_GCC_484\Debug\ENG3091_MandM.a(USB_drv.o)
                0x000034ec                USB_HandleOUT
 .text.USB_ControlWriteStatusStage
                0x00003524       0x20 .\CortexM3\ARM_GCC_484\Debug\ENG3091_MandM.a(USB_drv.o)
                0x00003524                USB_ControlWriteStatusStage
 .text.USB_NoDataControlStatusStage
                0x00003544       0x40 .\CortexM3\ARM_GCC_484\Debug\ENG3091_MandM.a(USB_drv.o)
                0x00003544                USB_NoDataControlStatusStage
 .text.USB_HandleIN
                0x00003584       0x2c .\CortexM3\ARM_GCC_484\Debug\ENG3091_MandM.a(USB_drv.o)
                0x00003584                USB_HandleIN
 .text.USB_EP_0_ISR
                0x000035b0       0xb0 .\CortexM3\ARM_GCC_484\Debug\ENG3091_MandM.a(USB_drv.o)
                0x000035b0                USB_EP_0_ISR
 .text.USB_InitializeStatusBlock
                0x00003660       0x24 .\CortexM3\ARM_GCC_484\Debug\ENG3091_MandM.a(USB_drv.o)
                0x00003660                USB_InitializeStatusBlock
 .text.USB_InitControlRead
                0x00003684       0x54 .\CortexM3\ARM_GCC_484\Debug\ENG3091_MandM.a(USB_drv.o)
                0x00003684                USB_InitControlRead
 .text.USB_InitControlWrite
                0x000036d8       0x4c .\CortexM3\ARM_GCC_484\Debug\ENG3091_MandM.a(USB_drv.o)
                0x000036d8                USB_InitControlWrite
 .text.USB_EP_1_ISR
                0x00003724       0x38 .\CortexM3\ARM_GCC_484\Debug\ENG3091_MandM.a(USB_episr.o)
                0x00003724                USB_EP_1_ISR
 .text.USB_EP_2_ISR
                0x0000375c       0x38 .\CortexM3\ARM_GCC_484\Debug\ENG3091_MandM.a(USB_episr.o)
                0x0000375c                USB_EP_2_ISR
 .text.USB_EP_3_ISR
                0x00003794       0x40 .\CortexM3\ARM_GCC_484\Debug\ENG3091_MandM.a(USB_episr.o)
                0x00003794                USB_EP_3_ISR
 .text.USB_SOF_ISR
                0x000037d4        0x4 .\CortexM3\ARM_GCC_484\Debug\ENG3091_MandM.a(USB_episr.o)
                0x000037d4                USB_SOF_ISR
 .text.USB_BUS_RESET_ISR
                0x000037d8        0x8 .\CortexM3\ARM_GCC_484\Debug\ENG3091_MandM.a(USB_episr.o)
                0x000037d8                USB_BUS_RESET_ISR
 .text.USB_ReadDieID
                0x000037e0       0x5c .\CortexM3\ARM_GCC_484\Debug\ENG3091_MandM.a(USB_std.o)
                0x000037e0                USB_ReadDieID
 .text.USB_ConfigReg
                0x0000383c       0xe8 .\CortexM3\ARM_GCC_484\Debug\ENG3091_MandM.a(USB_std.o)
                0x0000383c                USB_ConfigReg
 .text.USB_GetConfigTablePtr
                0x00003924       0x2c .\CortexM3\ARM_GCC_484\Debug\ENG3091_MandM.a(USB_std.o)
                0x00003924                USB_GetConfigTablePtr
 .text.USB_ConfigAltChanged
                0x00003950      0x1a0 .\CortexM3\ARM_GCC_484\Debug\ENG3091_MandM.a(USB_std.o)
                0x00003950                USB_ConfigAltChanged
 .text.USB_GetDeviceTablePtr
                0x00003af0       0x18 .\CortexM3\ARM_GCC_484\Debug\ENG3091_MandM.a(USB_std.o)
                0x00003af0                USB_GetDeviceTablePtr
 .text.USB_GetInterfaceClassTablePtr
                0x00003b08       0x24 .\CortexM3\ARM_GCC_484\Debug\ENG3091_MandM.a(USB_std.o)
                0x00003b08                USB_GetInterfaceClassTablePtr
 .text.USB_Config
                0x00003b2c      0x1dc .\CortexM3\ARM_GCC_484\Debug\ENG3091_MandM.a(USB_std.o)
                0x00003b2c                USB_Config
 .text.USB_SetEndpointHalt
                0x00003d08       0x60 .\CortexM3\ARM_GCC_484\Debug\ENG3091_MandM.a(USB_std.o)
                0x00003d08                USB_SetEndpointHalt
 .text.USB_ClearEndpointHalt
                0x00003d68       0xa4 .\CortexM3\ARM_GCC_484\Debug\ENG3091_MandM.a(USB_std.o)
                0x00003d68                USB_ClearEndpointHalt
 .text.USB_ValidateAlternateSetting
                0x00003e0c       0x54 .\CortexM3\ARM_GCC_484\Debug\ENG3091_MandM.a(USB_std.o)
                0x00003e0c                USB_ValidateAlternateSetting
 .text.USB_HandleStandardRqst
                0x00003e60      0x394 .\CortexM3\ARM_GCC_484\Debug\ENG3091_MandM.a(USB_std.o)
                0x00003e60                USB_HandleStandardRqst
 .text.USB_HandleVendorRqst
                0x000041f4       0x40 .\CortexM3\ARM_GCC_484\Debug\ENG3091_MandM.a(USB_vnd.o)
                0x000041f4                USB_HandleVendorRqst
 .text.Timer_Enable
                0x00004234       0x10 .\CortexM3\ARM_GCC_484\Debug\ENG3091_MandM.a(Timer.o)
                0x00004234                Timer_Enable
 .text.Timer_SetInterruptMode
                0x00004244        0xc .\CortexM3\ARM_GCC_484\Debug\ENG3091_MandM.a(Timer.o)
                0x00004244                Timer_SetInterruptMode
 .text.Timer_ReadStatusRegister
                0x00004250        0xc .\CortexM3\ARM_GCC_484\Debug\ENG3091_MandM.a(Timer.o)
                0x00004250                Timer_ReadStatusRegister
 .text.Timer_WritePeriod
                0x0000425c       0x10 .\CortexM3\ARM_GCC_484\Debug\ENG3091_MandM.a(Timer.o)
                0x0000425c                Timer_WritePeriod
 .text.Timer_ReadCapture
                0x0000426c       0x10 .\CortexM3\ARM_GCC_484\Debug\ENG3091_MandM.a(Timer.o)
                0x0000426c                Timer_ReadCapture
 .text.Timer_WriteCounter
                0x0000427c       0x10 .\CortexM3\ARM_GCC_484\Debug\ENG3091_MandM.a(Timer.o)
                0x0000427c                Timer_WriteCounter
 .text.Timer_ReadCounter
                0x0000428c       0x18 .\CortexM3\ARM_GCC_484\Debug\ENG3091_MandM.a(Timer.o)
                0x0000428c                Timer_ReadCounter
 .text.Timer_ClearFIFO
                0x000042a4       0x14 .\CortexM3\ARM_GCC_484\Debug\ENG3091_MandM.a(Timer.o)
                0x000042a4                Timer_ClearFIFO
 .text.Timer_Init
                0x000042b8       0x34 .\CortexM3\ARM_GCC_484\Debug\ENG3091_MandM.a(Timer.o)
                0x000042b8                Timer_Init
 .text.Timer_Start
                0x000042ec       0x1c .\CortexM3\ARM_GCC_484\Debug\ENG3091_MandM.a(Timer.o)
                0x000042ec                Timer_Start
 .text.RED_Write
                0x00004308       0x18 .\CortexM3\ARM_GCC_484\Debug\ENG3091_MandM.a(RED.o)
                0x00004308                RED_Write
 .text.BLUE_Write
                0x00004320       0x18 .\CortexM3\ARM_GCC_484\Debug\ENG3091_MandM.a(BLUE.o)
                0x00004320                BLUE_Write
 .text          0x00004338       0x28 .\CortexM3\ARM_GCC_484\Debug\ENG3091_MandM.a(CyBootAsmGnu.o)
                0x00004338                CyDelayCycles
                0x0000434c                CyEnterCriticalSection
                0x00004354                CyExitCriticalSection
 .text.CyDmacConfigure
                0x00004360       0x34 .\CortexM3\ARM_GCC_484\Debug\ENG3091_MandM.a(CyDmac.o)
                0x00004360                CyDmacConfigure
 .text.CyHalt   0x00004394        0x4 .\CortexM3\ARM_GCC_484\Debug\ENG3091_MandM.a(CyLib.o)
                0x00004394                CyHalt
 .text.CyDelay  0x00004398       0x2c .\CortexM3\ARM_GCC_484\Debug\ENG3091_MandM.a(CyLib.o)
                0x00004398                CyDelay
 .text.CyDelayUs
                0x000043c4       0x14 .\CortexM3\ARM_GCC_484\Debug\ENG3091_MandM.a(CyLib.o)
                0x000043c4                CyDelayUs
 .text.CyIntSetVector
                0x000043d8       0x28 .\CortexM3\ARM_GCC_484\Debug\ENG3091_MandM.a(CyLib.o)
                0x000043d8                CyIntSetVector
 .text.CyIntSetPriority
                0x00004400       0x30 .\CortexM3\ARM_GCC_484\Debug\ENG3091_MandM.a(CyLib.o)
                0x00004400                CyIntSetPriority
 .text.CySetReg24
                0x00004430       0x14 .\CortexM3\ARM_GCC_484\Debug\ENG3091_MandM.a(cyutils.o)
                0x00004430                CySetReg24
 .text.LCD_WrCntrlNib
                0x00004444       0x34 .\CortexM3\ARM_GCC_484\Debug\ENG3091_MandM.a(LCD.o)
 .text.LCD_WrDatNib
                0x00004478       0x3c .\CortexM3\ARM_GCC_484\Debug\ENG3091_MandM.a(LCD.o)
 .text.LCD_WriteData
                0x000044b4       0x20 .\CortexM3\ARM_GCC_484\Debug\ENG3091_MandM.a(LCD.o)
                0x000044b4                LCD_WriteData
 .text.LCD_PrintString
                0x000044d4       0x1c .\CortexM3\ARM_GCC_484\Debug\ENG3091_MandM.a(LCD.o)
                0x000044d4                LCD_PrintString
 .text.LCD_WriteControl
                0x000044f0       0x24 .\CortexM3\ARM_GCC_484\Debug\ENG3091_MandM.a(LCD.o)
                0x000044f0                LCD_WriteControl
 .text.LCD_Init
                0x00004514       0x6c .\CortexM3\ARM_GCC_484\Debug\ENG3091_MandM.a(LCD.o)
                0x00004514                LCD_Init
 .text.LCD_Enable
                0x00004580       0x14 .\CortexM3\ARM_GCC_484\Debug\ENG3091_MandM.a(LCD.o)
                0x00004580                LCD_Enable
 .text.LCD_Start
                0x00004594       0x1c .\CortexM3\ARM_GCC_484\Debug\ENG3091_MandM.a(LCD.o)
                0x00004594                LCD_Start
 .text.LCD_Position
                0x000045b0       0x3c .\CortexM3\ARM_GCC_484\Debug\ENG3091_MandM.a(LCD.o)
                0x000045b0                LCD_Position
 .text.but1_SetVector
                0x000045ec        0xc .\CortexM3\ARM_GCC_484\Debug\ENG3091_MandM.a(but1.o)
                0x000045ec                but1_SetVector
 .text.but1_SetPriority
                0x000045f8       0x10 .\CortexM3\ARM_GCC_484\Debug\ENG3091_MandM.a(but1.o)
                0x000045f8                but1_SetPriority
 .text.but1_Enable
                0x00004608       0x10 .\CortexM3\ARM_GCC_484\Debug\ENG3091_MandM.a(but1.o)
                0x00004608                but1_Enable
 .text.but1_Disable
                0x00004618       0x10 .\CortexM3\ARM_GCC_484\Debug\ENG3091_MandM.a(but1.o)
                0x00004618                but1_Disable
 .text.but1_StartEx
                0x00004628       0x1c .\CortexM3\ARM_GCC_484\Debug\ENG3091_MandM.a(but1.o)
                0x00004628                but1_StartEx
 .text.but1_ClearPending
                0x00004644       0x10 .\CortexM3\ARM_GCC_484\Debug\ENG3091_MandM.a(but1.o)
                0x00004644                but1_ClearPending
 .text.but0_SetVector
                0x00004654        0xc .\CortexM3\ARM_GCC_484\Debug\ENG3091_MandM.a(but0.o)
                0x00004654                but0_SetVector
 .text.but0_SetPriority
                0x00004660       0x10 .\CortexM3\ARM_GCC_484\Debug\ENG3091_MandM.a(but0.o)
                0x00004660                but0_SetPriority
 .text.but0_Enable
                0x00004670        0xc .\CortexM3\ARM_GCC_484\Debug\ENG3091_MandM.a(but0.o)
                0x00004670                but0_Enable
 .text.but0_Disable
                0x0000467c        0xc .\CortexM3\ARM_GCC_484\Debug\ENG3091_MandM.a(but0.o)
                0x0000467c                but0_Disable
 .text.but0_StartEx
                0x00004688       0x1c .\CortexM3\ARM_GCC_484\Debug\ENG3091_MandM.a(but0.o)
                0x00004688                but0_StartEx
 .text.but0_ClearPending
                0x000046a4        0xc .\CortexM3\ARM_GCC_484\Debug\ENG3091_MandM.a(but0.o)
                0x000046a4                but0_ClearPending
 .text.Button_PWM_Enable
                0x000046b0       0x28 .\CortexM3\ARM_GCC_484\Debug\ENG3091_MandM.a(Button_PWM.o)
                0x000046b0                Button_PWM_Enable
 .text.Button_PWM_WritePeriod
                0x000046d8        0xc .\CortexM3\ARM_GCC_484\Debug\ENG3091_MandM.a(Button_PWM.o)
                0x000046d8                Button_PWM_WritePeriod
 .text.Button_PWM_WriteCompare
                0x000046e4        0xc .\CortexM3\ARM_GCC_484\Debug\ENG3091_MandM.a(Button_PWM.o)
                0x000046e4                Button_PWM_WriteCompare
 .text.Button_PWM_SetInterruptMode
                0x000046f0        0xc .\CortexM3\ARM_GCC_484\Debug\ENG3091_MandM.a(Button_PWM.o)
                0x000046f0                Button_PWM_SetInterruptMode
 .text.Button_PWM_Init
                0x000046fc       0x70 .\CortexM3\ARM_GCC_484\Debug\ENG3091_MandM.a(Button_PWM.o)
                0x000046fc                Button_PWM_Init
 .text.Button_PWM_Start
                0x0000476c       0x1c .\CortexM3\ARM_GCC_484\Debug\ENG3091_MandM.a(Button_PWM.o)
                0x0000476c                Button_PWM_Start
 .text.I2C_Init
                0x00004788       0x7c .\CortexM3\ARM_GCC_484\Debug\ENG3091_MandM.a(I2C.o)
                0x00004788                I2C_Init
 .text.I2C_Enable
                0x00004804       0x10 .\CortexM3\ARM_GCC_484\Debug\ENG3091_MandM.a(I2C.o)
                0x00004804                I2C_Enable
 .text.I2C_Start
                0x00004814       0x28 .\CortexM3\ARM_GCC_484\Debug\ENG3091_MandM.a(I2C.o)
                0x00004814                I2C_Start
 .text.I2C_ISR  0x0000483c      0x324 .\CortexM3\ARM_GCC_484\Debug\ENG3091_MandM.a(I2C_INT.o)
                0x0000483c                I2C_ISR
 .text.I2C_MasterSendStart
                0x00004b60       0x94 .\CortexM3\ARM_GCC_484\Debug\ENG3091_MandM.a(I2C_MASTER.o)
                0x00004b60                I2C_MasterSendStart
 .text.I2C_MasterSendStop
                0x00004bf4       0x50 .\CortexM3\ARM_GCC_484\Debug\ENG3091_MandM.a(I2C_MASTER.o)
                0x00004bf4                I2C_MasterSendStop
 .text.I2C_MasterWriteByte
                0x00004c44       0x6c .\CortexM3\ARM_GCC_484\Debug\ENG3091_MandM.a(I2C_MASTER.o)
                0x00004c44                I2C_MasterWriteByte
 .text.I2C_MasterReadByte
                0x00004cb0       0x88 .\CortexM3\ARM_GCC_484\Debug\ENG3091_MandM.a(I2C_MASTER.o)
                0x00004cb0                I2C_MasterReadByte
 .text.Compass_DRDY_ISR_SetVector
                0x00004d38        0xc .\CortexM3\ARM_GCC_484\Debug\ENG3091_MandM.a(Compass_DRDY_ISR.o)
                0x00004d38                Compass_DRDY_ISR_SetVector
 .text.Compass_DRDY_ISR_SetPriority
                0x00004d44       0x10 .\CortexM3\ARM_GCC_484\Debug\ENG3091_MandM.a(Compass_DRDY_ISR.o)
                0x00004d44                Compass_DRDY_ISR_SetPriority
 .text.Compass_DRDY_ISR_Enable
                0x00004d54        0xc .\CortexM3\ARM_GCC_484\Debug\ENG3091_MandM.a(Compass_DRDY_ISR.o)
                0x00004d54                Compass_DRDY_ISR_Enable
 .text.Compass_DRDY_ISR_Disable
                0x00004d60        0xc .\CortexM3\ARM_GCC_484\Debug\ENG3091_MandM.a(Compass_DRDY_ISR.o)
                0x00004d60                Compass_DRDY_ISR_Disable
 .text.Compass_DRDY_ISR_StartEx
                0x00004d6c       0x1c .\CortexM3\ARM_GCC_484\Debug\ENG3091_MandM.a(Compass_DRDY_ISR.o)
                0x00004d6c                Compass_DRDY_ISR_StartEx
 .text.Compass_DRDY_ISR_ClearPending
                0x00004d88        0xc .\CortexM3\ARM_GCC_484\Debug\ENG3091_MandM.a(Compass_DRDY_ISR.o)
                0x00004d88                Compass_DRDY_ISR_ClearPending
 .text.USB_DispatchClassRqst
                0x00004d94       0x5c .\CortexM3\ARM_GCC_484\Debug\ENG3091_MandM.a(USB_cls.o)
                0x00004d94                USB_DispatchClassRqst
 .text.atan2    0x00004df0        0x4 c:/program files (x86)/cypress/psoc creator/3.2/psoc creator/import/gnu/arm/4.8.4/bin/../lib/gcc/arm-none-eabi/4.8.4/../../../../arm-none-eabi/lib/armv7-m\libm.a(lib_a-w_atan2.o)
                0x00004df0                atan2
 *fill*         0x00004df4        0x4 
 .text.__ieee754_atan2
                0x00004df8      0x1f0 c:/program files (x86)/cypress/psoc creator/3.2/psoc creator/import/gnu/arm/4.8.4/bin/../lib/gcc/arm-none-eabi/4.8.4/../../../../arm-none-eabi/lib/armv7-m\libm.a(lib_a-e_atan2.o)
                0x00004df8                __ieee754_atan2
 .text.atan     0x00004fe8      0x350 c:/program files (x86)/cypress/psoc creator/3.2/psoc creator/import/gnu/arm/4.8.4/bin/../lib/gcc/arm-none-eabi/4.8.4/../../../../arm-none-eabi/lib/armv7-m\libm.a(lib_a-s_atan.o)
                0x00004fe8                atan
 .text.fabs     0x00005338        0x8 c:/program files (x86)/cypress/psoc creator/3.2/psoc creator/import/gnu/arm/4.8.4/bin/../lib/gcc/arm-none-eabi/4.8.4/../../../../arm-none-eabi/lib/armv7-m\libm.a(lib_a-s_fabs.o)
                0x00005338                fabs
 .text          0x00005340      0x370 c:/program files (x86)/cypress/psoc creator/3.2/psoc creator/import/gnu/arm/4.8.4/bin/../lib/gcc/arm-none-eabi/4.8.4/armv7-m\libgcc.a(_arm_addsubdf3.o)
                0x00005340                __aeabi_drsub
                0x00005348                __aeabi_dsub
                0x00005348                __subdf3
                0x0000534c                __aeabi_dadd
                0x0000534c                __adddf3
                0x000055c4                __floatunsidf
                0x000055c4                __aeabi_ui2d
                0x000055e4                __floatsidf
                0x000055e4                __aeabi_i2d
                0x00005608                __aeabi_f2d
                0x00005608                __extendsfdf2
                0x00005644                __floatundidf
                0x00005644                __aeabi_ul2d
                0x00005654                __floatdidf
                0x00005654                __aeabi_l2d
 .text          0x000056b0      0x424 c:/program files (x86)/cypress/psoc creator/3.2/psoc creator/import/gnu/arm/4.8.4/bin/../lib/gcc/arm-none-eabi/4.8.4/armv7-m\libgcc.a(_arm_muldivdf3.o)
                0x000056b0                __aeabi_dmul
                0x000056b0                __muldf3
                0x00005904                __divdf3
                0x00005904                __aeabi_ddiv
 .text          0x00005ad4      0x110 c:/program files (x86)/cypress/psoc creator/3.2/psoc creator/import/gnu/arm/4.8.4/bin/../lib/gcc/arm-none-eabi/4.8.4/armv7-m\libgcc.a(_arm_cmpdf2.o)
                0x00005ad4                __gtdf2
                0x00005ad4                __gedf2
                0x00005adc                __ltdf2
                0x00005adc                __ledf2
                0x00005ae4                __nedf2
                0x00005ae4                __eqdf2
                0x00005ae4                __cmpdf2
                0x00005b60                __aeabi_cdrcmple
                0x00005b70                __aeabi_cdcmpeq
                0x00005b70                __aeabi_cdcmple
                0x00005b80                __aeabi_dcmpeq
                0x00005b94                __aeabi_dcmplt
                0x00005ba8                __aeabi_dcmple
                0x00005bbc                __aeabi_dcmpge
                0x00005bd0                __aeabi_dcmpgt
 .text          0x00005be4       0x50 c:/program files (x86)/cypress/psoc creator/3.2/psoc creator/import/gnu/arm/4.8.4/bin/../lib/gcc/arm-none-eabi/4.8.4/armv7-m\libgcc.a(_arm_fixdfsi.o)
                0x00005be4                __aeabi_d2iz
                0x00005be4                __fixdfsi
 .text.__errno  0x00005c34        0xc c:/program files (x86)/cypress/psoc creator/3.2/psoc creator/import/gnu/arm/4.8.4/bin/../lib/gcc/arm-none-eabi/4.8.4/../../../../arm-none-eabi/lib/armv7-m\libg_s.a(lib_a-errno.o)
                0x00005c34                __errno
 .text.__libc_init_array
                0x00005c40       0x4c c:/program files (x86)/cypress/psoc creator/3.2/psoc creator/import/gnu/arm/4.8.4/bin/../lib/gcc/arm-none-eabi/4.8.4/../../../../arm-none-eabi/lib/armv7-m\libg_s.a(lib_a-init.o)
                0x00005c40                __libc_init_array
 .text.memcpy   0x00005c8c       0x12 c:/program files (x86)/cypress/psoc creator/3.2/psoc creator/import/gnu/arm/4.8.4/bin/../lib/gcc/arm-none-eabi/4.8.4/../../../../arm-none-eabi/lib/armv7-m\libg_s.a(lib_a-memcpy-stub.o)
                0x00005c8c                memcpy
 .text.memset   0x00005c9e       0x10 c:/program files (x86)/cypress/psoc creator/3.2/psoc creator/import/gnu/arm/4.8.4/bin/../lib/gcc/arm-none-eabi/4.8.4/../../../../arm-none-eabi/lib/armv7-m\libg_s.a(lib_a-memset.o)
                0x00005c9e                memset
 *fill*         0x00005cae        0x2 
 .text.sprintf  0x00005cb0       0x48 c:/program files (x86)/cypress/psoc creator/3.2/psoc creator/import/gnu/arm/4.8.4/bin/../lib/gcc/arm-none-eabi/4.8.4/../../../../arm-none-eabi/lib/armv7-m\libg_s.a(lib_a-sprintf.o)
                0x00005cb0                siprintf
                0x00005cb0                sprintf
 .text.__ssputs_r
                0x00005cf8       0xb8 c:/program files (x86)/cypress/psoc creator/3.2/psoc creator/import/gnu/arm/4.8.4/bin/../lib/gcc/arm-none-eabi/4.8.4/../../../../arm-none-eabi/lib/armv7-m\libg_s.a(lib_a-svfprintf.o)
                0x00005cf8                __ssputs_r
 .text._svfprintf_r
                0x00005db0      0x1d8 c:/program files (x86)/cypress/psoc creator/3.2/psoc creator/import/gnu/arm/4.8.4/bin/../lib/gcc/arm-none-eabi/4.8.4/../../../../arm-none-eabi/lib/armv7-m\libg_s.a(lib_a-svfprintf.o)
                0x00005db0                _svfiprintf_r
                0x00005db0                _svfprintf_r
 .text._printf_common
                0x00005f88       0xe4 c:/program files (x86)/cypress/psoc creator/3.2/psoc creator/import/gnu/arm/4.8.4/bin/../lib/gcc/arm-none-eabi/4.8.4/../../../../arm-none-eabi/lib/armv7-m\libg_s.a(lib_a-vfprintf_i.o)
                0x00005f88                _printf_common
 .text._printf_i
                0x0000606c      0x228 c:/program files (x86)/cypress/psoc creator/3.2/psoc creator/import/gnu/arm/4.8.4/bin/../lib/gcc/arm-none-eabi/4.8.4/../../../../arm-none-eabi/lib/armv7-m\libg_s.a(lib_a-vfprintf_i.o)
                0x0000606c                _printf_i
 .text._vsnprintf_r
                0x00006294       0x52 c:/program files (x86)/cypress/psoc creator/3.2/psoc creator/import/gnu/arm/4.8.4/bin/../lib/gcc/arm-none-eabi/4.8.4/../../../../arm-none-eabi/lib/armv7-m\libg_s.a(lib_a-vsnprintf.o)
                0x00006294                _vsniprintf_r
                0x00006294                _vsnprintf_r
 *fill*         0x000062e6        0x2 
 .text.vsnprintf
                0x000062e8       0x20 c:/program files (x86)/cypress/psoc creator/3.2/psoc creator/import/gnu/arm/4.8.4/bin/../lib/gcc/arm-none-eabi/4.8.4/../../../../arm-none-eabi/lib/armv7-m\libg_s.a(lib_a-vsnprintf.o)
                0x000062e8                vsniprintf
                0x000062e8                vsnprintf
 .text.memchr   0x00006308       0x1c c:/program files (x86)/cypress/psoc creator/3.2/psoc creator/import/gnu/arm/4.8.4/bin/../lib/gcc/arm-none-eabi/4.8.4/../../../../arm-none-eabi/lib/armv7-m\libg_s.a(lib_a-memchr-stub.o)
                0x00006308                memchr
 .text.memmove  0x00006324       0x36 c:/program files (x86)/cypress/psoc creator/3.2/psoc creator/import/gnu/arm/4.8.4/bin/../lib/gcc/arm-none-eabi/4.8.4/../../../../arm-none-eabi/lib/armv7-m\libg_s.a(lib_a-memmove.o)
                0x00006324                memmove
 *fill*         0x0000635a        0x2 
 .text._free_r  0x0000635c       0x88 c:/program files (x86)/cypress/psoc creator/3.2/psoc creator/import/gnu/arm/4.8.4/bin/../lib/gcc/arm-none-eabi/4.8.4/../../../../arm-none-eabi/lib/armv7-m\libg_s.a(lib_a-nano-freer.o)
                0x0000635c                _free_r
 .text._malloc_r
                0x000063e4       0xa8 c:/program files (x86)/cypress/psoc creator/3.2/psoc creator/import/gnu/arm/4.8.4/bin/../lib/gcc/arm-none-eabi/4.8.4/../../../../arm-none-eabi/lib/armv7-m\libg_s.a(lib_a-nano-mallocr.o)
                0x000063e4                _malloc_r
 .text._realloc_r
                0x0000648c       0x4c c:/program files (x86)/cypress/psoc creator/3.2/psoc creator/import/gnu/arm/4.8.4/bin/../lib/gcc/arm-none-eabi/4.8.4/../../../../arm-none-eabi/lib/armv7-m\libg_s.a(lib_a-nano-reallocr.o)
                0x0000648c                _realloc_r
 .text._sbrk_r  0x000064d8       0x20 c:/program files (x86)/cypress/psoc creator/3.2/psoc creator/import/gnu/arm/4.8.4/bin/../lib/gcc/arm-none-eabi/4.8.4/../../../../arm-none-eabi/lib/armv7-m\libg_s.a(lib_a-sbrkr.o)
                0x000064d8                _sbrk_r
 .text.strlen   0x000064f8       0x10 c:/program files (x86)/cypress/psoc creator/3.2/psoc creator/import/gnu/arm/4.8.4/bin/../lib/gcc/arm-none-eabi/4.8.4/../../../../arm-none-eabi/lib/armv7-m\libg_s.a(lib_a-strlen.o)
                0x000064f8                strlen
 .text._malloc_usable_size_r
                0x00006508       0x12 c:/program files (x86)/cypress/psoc creator/3.2/psoc creator/import/gnu/arm/4.8.4/bin/../lib/gcc/arm-none-eabi/4.8.4/../../../../arm-none-eabi/lib/armv7-m\libg_s.a(lib_a-nano-msizer.o)
                0x00006508                _malloc_usable_size_r
 *(.plt)
 *(.gnu.warning)
 *(.glue_7t)
 .glue_7t       0x00000000        0x0 linker stubs
 *(.glue_7)
 .glue_7        0x00000000        0x0 linker stubs
 *(.vfp11_veneer)
 .vfp11_veneer  0x00000000        0x0 linker stubs
 *(.bootloader)
 *(.ARM.extab* .gnu.linkonce.armextab.*)
 *(.gcc_except_table)

.v4_bx          0x0000651c        0x0
 .v4_bx         0x00000000        0x0 linker stubs

.iplt           0x0000651c        0x0
 .iplt          0x00000000        0x0 c:/program files (x86)/cypress/psoc creator/3.2/psoc creator/import/gnu/arm/4.8.4/bin/../lib/gcc/arm-none-eabi/4.8.4/armv7-m/crtbegin.o

.eh_frame_hdr
 *(.eh_frame_hdr)

.eh_frame       0x0000651c        0x4
 *(.eh_frame)
 .eh_frame      0x0000651c        0x0 c:/program files (x86)/cypress/psoc creator/3.2/psoc creator/import/gnu/arm/4.8.4/bin/../lib/gcc/arm-none-eabi/4.8.4/armv7-m/crtbegin.o
 .eh_frame      0x0000651c        0x4 c:/program files (x86)/cypress/psoc creator/3.2/psoc creator/import/gnu/arm/4.8.4/bin/../lib/gcc/arm-none-eabi/4.8.4/armv7-m/crtend.o
                0x00006520                PROVIDE (__exidx_start, .)

.ARM.exidx
 *(.ARM.exidx* .gnu.linkonce.armexidx.*)
                0x00006520                __exidx_end = .

.rodata         0x00006520      0xef8
 *(.rodata .rodata.* .gnu.linkonce.r.*)
 .rodata.str1.4
                0x00006520       0x1c .\CortexM3\ARM_GCC_484\Debug\main.o
 .rodata        0x0000653c      0xc88 .\CortexM3\ARM_GCC_484\Debug\ENG3091_MandM.a(cyfitter_cfg.o)
 .rodata        0x000071c4       0x14 .\CortexM3\ARM_GCC_484\Debug\ENG3091_MandM.a(USB_std.o)
 .rodata        0x000071d8      0x18c .\CortexM3\ARM_GCC_484\Debug\ENG3091_MandM.a(USB_descr.o)
                0x000071d8                USB_MSOS_CONFIGURATION_DESCR
                0x00007200                USB_MSOS_DESCRIPTOR
                0x00007214                USB_TABLE
                0x0000721c                USB_DEVICE0_TABLE
                0x0000722c                USB_DEVICE0_CONFIGURATION0_TABLE
                0x00007254                USB_DEVICE0_CONFIGURATION0_INTERFACE_CLASS
                0x00007258                USB_DEVICE0_CONFIGURATION0_EP_SETTINGS_TABLE
                0x00007270                USB_SN_STRING_DESCRIPTOR
                0x00007274                USB_STRING_DESCRIPTORS
                0x0000730c                USB_DEVICE0_CONFIGURATION0_DESCR
                0x00007350                USB_DEVICE0_DESCR
 *fill*         0x00007364        0x4 
 .rodata.atanlo
                0x00007368       0x20 c:/program files (x86)/cypress/psoc creator/3.2/psoc creator/import/gnu/arm/4.8.4/bin/../lib/gcc/arm-none-eabi/4.8.4/../../../../arm-none-eabi/lib/armv7-m\libm.a(lib_a-s_atan.o)
 .rodata.atanhi
                0x00007388       0x20 c:/program files (x86)/cypress/psoc creator/3.2/psoc creator/import/gnu/arm/4.8.4/bin/../lib/gcc/arm-none-eabi/4.8.4/../../../../arm-none-eabi/lib/armv7-m\libm.a(lib_a-s_atan.o)
 .rodata.str1.1
                0x000073a8        0x2 c:/program files (x86)/cypress/psoc creator/3.2/psoc creator/import/gnu/arm/4.8.4/bin/../lib/gcc/arm-none-eabi/4.8.4/../../../../arm-none-eabi/lib/armv7-m\libg_s.a(lib_a-impure.o)
 .rodata.str1.1
                0x000073aa       0x11 c:/program files (x86)/cypress/psoc creator/3.2/psoc creator/import/gnu/arm/4.8.4/bin/../lib/gcc/arm-none-eabi/4.8.4/../../../../arm-none-eabi/lib/armv7-m\libg_s.a(lib_a-svfprintf.o)
 .rodata.str1.1
                0x000073bb       0x22 c:/program files (x86)/cypress/psoc creator/3.2/psoc creator/import/gnu/arm/4.8.4/bin/../lib/gcc/arm-none-eabi/4.8.4/../../../../arm-none-eabi/lib/armv7-m\libg_s.a(lib_a-vfprintf_i.o)
                0x000073e0                . = ALIGN (0x4)
 *fill*         0x000073dd        0x3 
 *(.init)
 .init          0x000073e0        0x4 c:/program files (x86)/cypress/psoc creator/3.2/psoc creator/import/gnu/arm/4.8.4/bin/../lib/gcc/arm-none-eabi/4.8.4/armv7-m/crti.o
                0x000073e0                _init
 .init          0x000073e4        0x8 c:/program files (x86)/cypress/psoc creator/3.2/psoc creator/import/gnu/arm/4.8.4/bin/../lib/gcc/arm-none-eabi/4.8.4/armv7-m/crtn.o
                0x000073ec                . = ALIGN (0x4)
                0x000073ec                __preinit_array_start = .
 *(.preinit_array)
                0x000073ec                __preinit_array_end = .
                0x000073ec                . = ALIGN (0x4)
                0x000073ec                __init_array_start = .
 *(SORT(.init_array.*))
 *(.init_array)
 .init_array    0x000073ec        0x4 c:/program files (x86)/cypress/psoc creator/3.2/psoc creator/import/gnu/arm/4.8.4/bin/../lib/gcc/arm-none-eabi/4.8.4/armv7-m/crtbegin.o
 .init_array    0x000073f0        0x4 .\CortexM3\ARM_GCC_484\Debug\Cm3Start.o
                0x000073f4                __init_array_end = .
                0x000073f4                . = ALIGN (0x4)
 *(.fini)
 .fini          0x000073f4        0x4 c:/program files (x86)/cypress/psoc creator/3.2/psoc creator/import/gnu/arm/4.8.4/bin/../lib/gcc/arm-none-eabi/4.8.4/armv7-m/crti.o
                0x000073f4                _fini
 .fini          0x000073f8        0x8 c:/program files (x86)/cypress/psoc creator/3.2/psoc creator/import/gnu/arm/4.8.4/bin/../lib/gcc/arm-none-eabi/4.8.4/armv7-m/crtn.o
                0x00007400                . = ALIGN (0x4)
                0x00007400                __fini_array_start = .
 *(.fini_array)
 .fini_array    0x00007400        0x4 c:/program files (x86)/cypress/psoc creator/3.2/psoc creator/import/gnu/arm/4.8.4/bin/../lib/gcc/arm-none-eabi/4.8.4/armv7-m/crtbegin.o
 *(SORT(.fini_array.*))
                0x00007404                __fini_array_end = .
                0x00007404                . = ALIGN (0x4)
 *crtbegin.o(.ctors)
 *(EXCLUDE_FILE(*crtend.o) .ctors)
 *(SORT(.ctors.*))
 *crtend.o(.ctors)
                0x00007404                . = ALIGN (0x4)
 *crtbegin.o(.dtors)
 *(EXCLUDE_FILE(*crtend.o) .dtors)
 *(SORT(.dtors.*))
 *crtend.o(.dtors)
                0x00007404                . = ALIGN (0x4)
                0x00007404                __cy_regions = .
                0x00007404        0x4 LONG 0x7418 __cy_region_init_ram
                0x00007408        0x4 LONG 0x1fff8108 __cy_region_start_data
                0x0000740c        0x4 LONG 0x90 __cy_region_init_size_ram
                0x00007410        0x4 LONG 0x128 __cy_region_zero_size_ram
                0x00007414                __cy_regions_end = .
                0x00007418                . = ALIGN (0x8)
 *fill*         0x00007414        0x4 
                0x00007418                _etext = .

.ramvectors     0x1fff8000      0x100
                0x1fff8000                __cy_region_start_ram = .
 *(.ramvectors)
 .ramvectors    0x1fff8000      0x100 .\CortexM3\ARM_GCC_484\Debug\Cm3Start.o
                0x1fff8000                CyRamVectors

.noinit         0x1fff8100        0x5
 *(.noinit)
 .noinit        0x1fff8100        0x4 .\CortexM3\ARM_GCC_484\Debug\Cm3Start.o
 .noinit        0x1fff8104        0x1 .\CortexM3\ARM_GCC_484\Debug\ENG3091_MandM.a(CyLib.o)
                0x1fff8104                CyResetStatus

.data           0x1fff8108       0x90 load address 0x00007418
                0x1fff8108                __cy_region_start_data = .
 *(.jcr)
 .jcr           0x1fff8108        0x0 c:/program files (x86)/cypress/psoc creator/3.2/psoc creator/import/gnu/arm/4.8.4/bin/../lib/gcc/arm-none-eabi/4.8.4/armv7-m/crtbegin.o
 .jcr           0x1fff8108        0x4 c:/program files (x86)/cypress/psoc creator/3.2/psoc creator/import/gnu/arm/4.8.4/bin/../lib/gcc/arm-none-eabi/4.8.4/armv7-m/crtend.o
 *(.got.plt)
 *(.got)
 *(.shdata)
 *(.data .data.* .gnu.linkonce.d.*)
 .data          0x1fff810c        0x4 .\CortexM3\ARM_GCC_484\Debug\Cm3Start.o
 .data          0x1fff8110        0x8 .\CortexM3\ARM_GCC_484\Debug\ENG3091_MandM.a(USB_cdc.o)
                0x1fff8110                USB_lineCoding
 .data          0x1fff8118        0x8 .\CortexM3\ARM_GCC_484\Debug\ENG3091_MandM.a(CyDmac.o)
 .data          0x1fff8120       0x10 .\CortexM3\ARM_GCC_484\Debug\ENG3091_MandM.a(CyLib.o)
                0x1fff8120                cydelay_32k_ms
                0x1fff8124                cydelay_freq_khz
                0x1fff8128                cydelay_freq_mhz
                0x1fff812c                cydelay_freq_hz
 .data.impure_data
                0x1fff8130       0x60 c:/program files (x86)/cypress/psoc creator/3.2/psoc creator/import/gnu/arm/4.8.4/bin/../lib/gcc/arm-none-eabi/4.8.4/../../../../arm-none-eabi/lib/armv7-m\libg_s.a(lib_a-impure.o)
 .data._impure_ptr
                0x1fff8190        0x4 c:/program files (x86)/cypress/psoc creator/3.2/psoc creator/import/gnu/arm/4.8.4/bin/../lib/gcc/arm-none-eabi/4.8.4/../../../../arm-none-eabi/lib/armv7-m\libg_s.a(lib_a-impure.o)
                0x1fff8190                _impure_ptr
                0x1fff8198                . = ALIGN (0x8)
 *fill*         0x1fff8194        0x4 
 *(.ram)
                0x1fff8198                _edata = .

.igot.plt       0x1fff8198        0x0 load address 0x000074a8
 .igot.plt      0x00000000        0x0 c:/program files (x86)/cypress/psoc creator/3.2/psoc creator/import/gnu/arm/4.8.4/bin/../lib/gcc/arm-none-eabi/4.8.4/armv7-m/crtbegin.o

.bss            0x1fff8198      0x128 load address 0x000074a8
                0x1fff8198                PROVIDE (__bss_start__, .)
 *(.shbss)
 *(.bss .bss.* .gnu.linkonce.b.*)
 .bss           0x1fff8198       0x1c c:/program files (x86)/cypress/psoc creator/3.2/psoc creator/import/gnu/arm/4.8.4/bin/../lib/gcc/arm-none-eabi/4.8.4/armv7-m/crtbegin.o
 .bss           0x1fff81b4        0x1 .\CortexM3\ARM_GCC_484\Debug\ENG3091_MandM.a(USB.o)
                0x1fff81b4                USB_initVar
 *fill*         0x1fff81b5        0x3 
 .bss           0x1fff81b8        0x4 .\CortexM3\ARM_GCC_484\Debug\ENG3091_MandM.a(USB_std.o)
 .bss           0x1fff81bc        0x1 .\CortexM3\ARM_GCC_484\Debug\ENG3091_MandM.a(Timer.o)
                0x1fff81bc                Timer_initVar
 .bss           0x1fff81bd        0x2 .\CortexM3\ARM_GCC_484\Debug\ENG3091_MandM.a(LCD.o)
                0x1fff81bd                LCD_enableState
                0x1fff81be                LCD_initVar
 .bss           0x1fff81bf        0x1 .\CortexM3\ARM_GCC_484\Debug\ENG3091_MandM.a(Button_PWM.o)
                0x1fff81bf                Button_PWM_initVar
 .bss           0x1fff81c0        0x1 .\CortexM3\ARM_GCC_484\Debug\ENG3091_MandM.a(I2C.o)
                0x1fff81c0                I2C_initVar
 *fill*         0x1fff81c1        0x3 
 .bss.__malloc_sbrk_start
                0x1fff81c4        0x4 c:/program files (x86)/cypress/psoc creator/3.2/psoc creator/import/gnu/arm/4.8.4/bin/../lib/gcc/arm-none-eabi/4.8.4/../../../../arm-none-eabi/lib/armv7-m\libg_s.a(lib_a-nano-mallocr.o)
                0x1fff81c4                __malloc_sbrk_start
 .bss.__malloc_free_list
                0x1fff81c8        0x4 c:/program files (x86)/cypress/psoc creator/3.2/psoc creator/import/gnu/arm/4.8.4/bin/../lib/gcc/arm-none-eabi/4.8.4/../../../../arm-none-eabi/lib/armv7-m\libg_s.a(lib_a-nano-mallocr.o)
                0x1fff81c8                __malloc_free_list
 *(COMMON)
 COMMON         0x1fff81cc        0x2 .\CortexM3\ARM_GCC_484\Debug\buttons.o
                0x1fff81cc                but0_b
                0x1fff81cd                but1_b
 *fill*         0x1fff81ce        0x2 
 COMMON         0x1fff81d0       0x12 .\CortexM3\ARM_GCC_484\Debug\compass.o
                0x1fff81d0                compass_z
                0x1fff81d2                compass_y
                0x1fff81d4                compass_ready
                0x1fff81d8                compass_heading
                0x1fff81e0                compass_x
 COMMON         0x1fff81e2        0x5 .\CortexM3\ARM_GCC_484\Debug\ENG3091_MandM.a(USB_cdc.o)
                0x1fff81e2                USB_lineControlBitmap
                0x1fff81e4                USB_cdc_data_out_ep
                0x1fff81e5                USB_lineChanged
                0x1fff81e6                USB_cdc_data_in_ep
 *fill*         0x1fff81e7        0x1 
 COMMON         0x1fff81e8       0x98 .\CortexM3\ARM_GCC_484\Debug\ENG3091_MandM.a(USB_drv.o)
                0x1fff81e8                USB_transferState
                0x1fff81e9                USB_interfaceNumber
                0x1fff81ea                USB_lastPacketSize
                0x1fff81ec                USB_interfaceClass
                0x1fff81f0                USB_interfaceSetting
                0x1fff81f2                USB_ep0Mode
                0x1fff81f3                USB_device
                0x1fff81f4                USB_deviceAddress
                0x1fff81f5                USB_ep0Toggle
                0x1fff81f6                USB_configurationChanged
                0x1fff81f8                USB_interfaceStatus
                0x1fff81fa                USB_transferByteCount
                0x1fff81fc                USB_configuration
                0x1fff8200                USB_interfaceSetting_last
                0x1fff8204                USB_currentTD
                0x1fff8210                USB_ep0Count
                0x1fff8211                USB_deviceStatus
                0x1fff8214                USB_EP
 COMMON         0x1fff8280        0x1 .\CortexM3\ARM_GCC_484\Debug\ENG3091_MandM.a(I2C.o)
                0x1fff8280                I2C_state
 *fill*         0x1fff8281        0x3 
 COMMON         0x1fff8284       0x10 .\CortexM3\ARM_GCC_484\Debug\ENG3091_MandM.a(I2C_MASTER.o)
                0x1fff8284                I2C_mstrWrBufIndex
                0x1fff8285                I2C_mstrWrBufSize
                0x1fff8286                I2C_mstrStatus
                0x1fff8288                I2C_mstrRdBufPtr
                0x1fff828c                I2C_mstrControl
                0x1fff828d                I2C_mstrRdBufSize
                0x1fff828e                I2C_mstrRdBufIndex
                0x1fff8290                I2C_mstrWrBufPtr
 COMMON         0x1fff8294       0x22 .\CortexM3\ARM_GCC_484\Debug\ENG3091_MandM.a(USB_descr.o)
                0x1fff8294                USB_idSerialNumberStringDescriptor
 *fill*         0x1fff82b6        0x2 
 COMMON         0x1fff82b8        0x4 c:/program files (x86)/cypress/psoc creator/3.2/psoc creator/import/gnu/arm/4.8.4/bin/../lib/gcc/arm-none-eabi/4.8.4/../../../../arm-none-eabi/lib/armv7-m\libg_s.a(lib_a-reent.o)
                0x1fff82b8                errno
                0x1fff82c0                . = ALIGN (0x8)
 *fill*         0x1fff82bc        0x4 
 *(.ram.b)
                0x1fff82c0                _end = .
                0x1fff82c0                __end = .
                0x1fff82c0                PROVIDE (end, .)
                0x1fff82c0                PROVIDE (__bss_end__, .)
                0x00007418                __cy_region_init_ram = LOADADDR (.data)
                0x00000090                __cy_region_init_size_ram = (_edata - ADDR (.data))
                0x00000128                __cy_region_zero_size_ram = (_end - _edata)

.heap           0x1fff82c0       0x80 load address 0x000074a8
                0x1fff82c0                . = _end
                0x1fff8340                . = (. + 0x80)
 *fill*         0x1fff82c0       0x80 
                0x1fff8340                __cy_heap_limit = .

.stack          0x20007800      0x800
                0x20007800                __cy_stack_limit = .
                0x20008000                . = (. + 0x800)
 *fill*         0x20007800      0x800 
                0x00000001                ASSERT ((__cy_stack_limit >= __cy_heap_limit), region RAM overflowed with stack)

.cyloadermeta   0xf0000000       0x40
 *(.cyloadermeta)
 .cyloadermeta  0xf0000000       0x40 .\CortexM3\ARM_GCC_484\Debug\cybootloader.o
                0xf0000000                cy_meta_loader

.cyloadablemeta
                0x0003ffc0       0x40
 *(.cyloadablemeta)
 .cyloadablemeta
                0x0003ffc0       0x40 .\CortexM3\ARM_GCC_484\Debug\cymetadata.o
                0x0003ffc0                cy_meta_loadable

.cyconfigecc
 *(.cyconfigecc)

.cycustnvl      0x90000000        0x4
 *(.cycustnvl)
 .cycustnvl     0x90000000        0x4 .\CortexM3\ARM_GCC_484\Debug\cybootloader.o
                0x90000000                cy_meta_custnvl

.cywolatch      0x90100000        0x4
 *(.cywolatch)
 .cywolatch     0x90100000        0x4 .\CortexM3\ARM_GCC_484\Debug\cybootloader.o
                0x90100000                cy_meta_wonvl

.cyeeprom       0x90200000        0x0
 *(.cyeeprom)
                0x00000001                ASSERT ((. <= ((0x90200000 + ee_offset) + ee_size)), .cyeeprom data will not fit in EEPROM)

.cyflashprotect
                0x90400000      0x100
 *(.cyflashprotect)
 .cyflashprotect
                0x90400000      0x100 .\CortexM3\ARM_GCC_484\Debug\cybootloader.o
                0x90400000                cy_meta_flashprotect

.cymeta         0x90500000        0xc
 *(.cymeta)
 .cymeta        0x90500000        0xc .\CortexM3\ARM_GCC_484\Debug\cybootloader.o
                0x90500000                cy_metadata

.rel.dyn        0x00040000        0x0 load address 0x9050000c
 .rel.iplt      0x00000000        0x0 c:/program files (x86)/cypress/psoc creator/3.2/psoc creator/import/gnu/arm/4.8.4/bin/../lib/gcc/arm-none-eabi/4.8.4/armv7-m/crtbegin.o

.stab
 *(.stab)

.stabstr
 *(.stabstr)

.debug
 *(.debug)

.line
 *(.line)

.debug_srcinfo
 *(.debug_srcinfo)

.debug_sfnames
 *(.debug_sfnames)

.debug_aranges  0x00000000     0x15c8
 *(.debug_aranges)
 .debug_aranges
                0x00000000       0x28 .\CortexM3\ARM_GCC_484\Debug\main.o
 .debug_aranges
                0x00000028       0x38 .\CortexM3\ARM_GCC_484\Debug\mouse_a.o
 .debug_aranges
                0x00000060       0x38 .\CortexM3\ARM_GCC_484\Debug\mouse_b.o
 .debug_aranges
                0x00000098       0x58 .\CortexM3\ARM_GCC_484\Debug\motor.o
 .debug_aranges
                0x000000f0       0x40 .\CortexM3\ARM_GCC_484\Debug\navigation.o
 .debug_aranges
                0x00000130       0x48 .\CortexM3\ARM_GCC_484\Debug\gripper.o
 .debug_aranges
                0x00000178       0x28 .\CortexM3\ARM_GCC_484\Debug\mice.o
 .debug_aranges
                0x000001a0       0x30 .\CortexM3\ARM_GCC_484\Debug\buttons.o
 .debug_aranges
                0x000001d0       0x30 .\CortexM3\ARM_GCC_484\Debug\compass.o
 .debug_aranges
                0x00000200       0x30 .\CortexM3\ARM_GCC_484\Debug\ultrasonic.o
 .debug_aranges
                0x00000230       0x18 .\CortexM3\ARM_GCC_484\Debug\cybootloader.o
 .debug_aranges
                0x00000248       0x18 .\CortexM3\ARM_GCC_484\Debug\cymetadata.o
 .debug_aranges
                0x00000260       0x48 .\CortexM3\ARM_GCC_484\Debug\Cm3Start.o
 .debug_aranges
                0x000002a8       0x60 .\CortexM3\ARM_GCC_484\Debug\ENG3091_MandM.a(cyfitter_cfg.o)
 .debug_aranges
                0x00000308       0xb0 .\CortexM3\ARM_GCC_484\Debug\ENG3091_MandM.a(USB.o)
 .debug_aranges
                0x000003b8       0xb0 .\CortexM3\ARM_GCC_484\Debug\ENG3091_MandM.a(USB_cdc.o)
 .debug_aranges
                0x00000468       0x98 .\CortexM3\ARM_GCC_484\Debug\ENG3091_MandM.a(USB_drv.o)
 .debug_aranges
                0x00000500       0x40 .\CortexM3\ARM_GCC_484\Debug\ENG3091_MandM.a(USB_episr.o)
 .debug_aranges
                0x00000540       0x78 .\CortexM3\ARM_GCC_484\Debug\ENG3091_MandM.a(USB_std.o)
 .debug_aranges
                0x000005b8       0x20 .\CortexM3\ARM_GCC_484\Debug\ENG3091_MandM.a(USB_vnd.o)
 .debug_aranges
                0x000005d8       0x38 .\CortexM3\ARM_GCC_484\Debug\ENG3091_MandM.a(SDAT_A.o)
 .debug_aranges
                0x00000610       0x40 .\CortexM3\ARM_GCC_484\Debug\ENG3091_MandM.a(SCLK_A.o)
 .debug_aranges
                0x00000650       0x80 .\CortexM3\ARM_GCC_484\Debug\ENG3091_MandM.a(sclk_a_isr.o)
 .debug_aranges
                0x000006d0       0x40 .\CortexM3\ARM_GCC_484\Debug\ENG3091_MandM.a(SCLK_B.o)
 .debug_aranges
                0x00000710       0x38 .\CortexM3\ARM_GCC_484\Debug\ENG3091_MandM.a(SDAT_B.o)
 .debug_aranges
                0x00000748       0x80 .\CortexM3\ARM_GCC_484\Debug\ENG3091_MandM.a(sclk_b_isr.o)
 .debug_aranges
                0x000007c8       0x90 .\CortexM3\ARM_GCC_484\Debug\ENG3091_MandM.a(Timer.o)
 .debug_aranges
                0x00000858       0x38 .\CortexM3\ARM_GCC_484\Debug\ENG3091_MandM.a(RED.o)
 .debug_aranges
                0x00000890       0x38 .\CortexM3\ARM_GCC_484\Debug\ENG3091_MandM.a(BLUE.o)
 .debug_aranges
                0x000008c8       0x20 .\CortexM3\ARM_GCC_484\Debug\ENG3091_MandM.a(CyBootAsmGnu.o)
 .debug_aranges
                0x000008e8       0xd8 .\CortexM3\ARM_GCC_484\Debug\ENG3091_MandM.a(CyDmac.o)
 .debug_aranges
                0x000009c0      0x298 .\CortexM3\ARM_GCC_484\Debug\ENG3091_MandM.a(CyLib.o)
 .debug_aranges
                0x00000c58       0x98 .\CortexM3\ARM_GCC_484\Debug\ENG3091_MandM.a(cyPm.o)
 .debug_aranges
                0x00000cf0       0x20 .\CortexM3\ARM_GCC_484\Debug\ENG3091_MandM.a(cyutils.o)
 .debug_aranges
                0x00000d10       0x90 .\CortexM3\ARM_GCC_484\Debug\ENG3091_MandM.a(LCD.o)
 .debug_aranges
                0x00000da0       0x80 .\CortexM3\ARM_GCC_484\Debug\ENG3091_MandM.a(but1.o)
 .debug_aranges
                0x00000e20       0x80 .\CortexM3\ARM_GCC_484\Debug\ENG3091_MandM.a(but0.o)
 .debug_aranges
                0x00000ea0       0x78 .\CortexM3\ARM_GCC_484\Debug\ENG3091_MandM.a(Button_PWM.o)
 .debug_aranges
                0x00000f18       0x38 .\CortexM3\ARM_GCC_484\Debug\ENG3091_MandM.a(ISR_CHECKP.o)
 .debug_aranges
                0x00000f50       0x78 .\CortexM3\ARM_GCC_484\Debug\ENG3091_MandM.a(MOTOR_R.o)
 .debug_aranges
                0x00000fc8       0x78 .\CortexM3\ARM_GCC_484\Debug\ENG3091_MandM.a(MOTOR_L.o)
 .debug_aranges
                0x00001040       0x38 .\CortexM3\ARM_GCC_484\Debug\ENG3091_MandM.a(MLIN1.o)
 .debug_aranges
                0x00001078       0x38 .\CortexM3\ARM_GCC_484\Debug\ENG3091_MandM.a(MLIN2.o)
 .debug_aranges
                0x000010b0       0x38 .\CortexM3\ARM_GCC_484\Debug\ENG3091_MandM.a(MRIN1.o)
 .debug_aranges
                0x000010e8       0x38 .\CortexM3\ARM_GCC_484\Debug\ENG3091_MandM.a(MRIN2.o)
 .debug_aranges
                0x00001120       0x78 .\CortexM3\ARM_GCC_484\Debug\ENG3091_MandM.a(Gripper_PWM.o)
 .debug_aranges
                0x00001198       0x38 .\CortexM3\ARM_GCC_484\Debug\ENG3091_MandM.a(I2C.o)
 .debug_aranges
                0x000011d0       0x20 .\CortexM3\ARM_GCC_484\Debug\ENG3091_MandM.a(I2C_INT.o)
 .debug_aranges
                0x000011f0       0x80 .\CortexM3\ARM_GCC_484\Debug\ENG3091_MandM.a(I2C_MASTER.o)
 .debug_aranges
                0x00001270       0xa8 .\CortexM3\ARM_GCC_484\Debug\ENG3091_MandM.a(HC_PWM.o)
 .debug_aranges
                0x00001318       0x80 .\CortexM3\ARM_GCC_484\Debug\ENG3091_MandM.a(HC_ISR.o)
 .debug_aranges
                0x00001398       0x80 .\CortexM3\ARM_GCC_484\Debug\ENG3091_MandM.a(HC_Timer.o)
 .debug_aranges
                0x00001418       0x80 .\CortexM3\ARM_GCC_484\Debug\ENG3091_MandM.a(Compass_DRDY_ISR.o)
 .debug_aranges
                0x00001498       0x20 .\CortexM3\ARM_GCC_484\Debug\ENG3091_MandM.a(USB_cls.o)
 .debug_aranges
                0x000014b8       0x18 .\CortexM3\ARM_GCC_484\Debug\ENG3091_MandM.a(USB_descr.o)
 .debug_aranges
                0x000014d0       0x80 .\CortexM3\ARM_GCC_484\Debug\ENG3091_MandM.a(CyFlash.o)
 .debug_aranges
                0x00001550       0x78 .\CortexM3\ARM_GCC_484\Debug\ENG3091_MandM.a(CySpc.o)

.debug_pubnames
 *(.debug_pubnames)

.debug_info     0x00000000     0xcd91
 *(.debug_info .gnu.linkonce.wi.*)
 .debug_info    0x00000000      0x4fc .\CortexM3\ARM_GCC_484\Debug\main.o
 .debug_info    0x000004fc      0x537 .\CortexM3\ARM_GCC_484\Debug\mouse_a.o
 .debug_info    0x00000a33      0x537 .\CortexM3\ARM_GCC_484\Debug\mouse_b.o
 .debug_info    0x00000f6a      0x43b .\CortexM3\ARM_GCC_484\Debug\motor.o
 .debug_info    0x000013a5      0x5c7 .\CortexM3\ARM_GCC_484\Debug\navigation.o
 .debug_info    0x0000196c      0x3a4 .\CortexM3\ARM_GCC_484\Debug\gripper.o
 .debug_info    0x00001d10      0x238 .\CortexM3\ARM_GCC_484\Debug\mice.o
 .debug_info    0x00001f48      0x1db .\CortexM3\ARM_GCC_484\Debug\buttons.o
 .debug_info    0x00002123      0x418 .\CortexM3\ARM_GCC_484\Debug\compass.o
 .debug_info    0x0000253b      0x1f5 .\CortexM3\ARM_GCC_484\Debug\ultrasonic.o
 .debug_info    0x00002730      0x164 .\CortexM3\ARM_GCC_484\Debug\cybootloader.o
 .debug_info    0x00002894       0xb1 .\CortexM3\ARM_GCC_484\Debug\cymetadata.o
 .debug_info    0x00002945      0x3af .\CortexM3\ARM_GCC_484\Debug\Cm3Start.o
 .debug_info    0x00002cf4      0x852 .\CortexM3\ARM_GCC_484\Debug\ENG3091_MandM.a(cyfitter_cfg.o)
 .debug_info    0x00003546      0x821 .\CortexM3\ARM_GCC_484\Debug\ENG3091_MandM.a(USB.o)
 .debug_info    0x00003d67      0x70e .\CortexM3\ARM_GCC_484\Debug\ENG3091_MandM.a(USB_cdc.o)
 .debug_info    0x00004475      0x612 .\CortexM3\ARM_GCC_484\Debug\ENG3091_MandM.a(USB_drv.o)
 .debug_info    0x00004a87      0x1bb .\CortexM3\ARM_GCC_484\Debug\ENG3091_MandM.a(USB_episr.o)
 .debug_info    0x00004c42      0x948 .\CortexM3\ARM_GCC_484\Debug\ENG3091_MandM.a(USB_std.o)
 .debug_info    0x0000558a      0x18c .\CortexM3\ARM_GCC_484\Debug\ENG3091_MandM.a(USB_vnd.o)
 .debug_info    0x00005716      0x120 .\CortexM3\ARM_GCC_484\Debug\ENG3091_MandM.a(SDAT_A.o)
 .debug_info    0x00005836      0x135 .\CortexM3\ARM_GCC_484\Debug\ENG3091_MandM.a(SCLK_A.o)
 .debug_info    0x0000596b      0x2c7 .\CortexM3\ARM_GCC_484\Debug\ENG3091_MandM.a(sclk_a_isr.o)
 .debug_info    0x00005c32      0x135 .\CortexM3\ARM_GCC_484\Debug\ENG3091_MandM.a(SCLK_B.o)
 .debug_info    0x00005d67      0x120 .\CortexM3\ARM_GCC_484\Debug\ENG3091_MandM.a(SDAT_B.o)
 .debug_info    0x00005e87      0x2c7 .\CortexM3\ARM_GCC_484\Debug\ENG3091_MandM.a(sclk_b_isr.o)
 .debug_info    0x0000614e      0x341 .\CortexM3\ARM_GCC_484\Debug\ENG3091_MandM.a(Timer.o)
 .debug_info    0x0000648f      0x120 .\CortexM3\ARM_GCC_484\Debug\ENG3091_MandM.a(RED.o)
 .debug_info    0x000065af      0x120 .\CortexM3\ARM_GCC_484\Debug\ENG3091_MandM.a(BLUE.o)
 .debug_info    0x000066cf       0xa1 .\CortexM3\ARM_GCC_484\Debug\ENG3091_MandM.a(CyBootAsmGnu.o)
 .debug_info    0x00006770      0x93f .\CortexM3\ARM_GCC_484\Debug\ENG3091_MandM.a(CyDmac.o)
 .debug_info    0x000070af     0x1373 .\CortexM3\ARM_GCC_484\Debug\ENG3091_MandM.a(CyLib.o)
 .debug_info    0x00008422      0xa56 .\CortexM3\ARM_GCC_484\Debug\ENG3091_MandM.a(cyPm.o)
 .debug_info    0x00008e78       0xec .\CortexM3\ARM_GCC_484\Debug\ENG3091_MandM.a(cyutils.o)
 .debug_info    0x00008f64      0x69e .\CortexM3\ARM_GCC_484\Debug\ENG3091_MandM.a(LCD.o)
 .debug_info    0x00009602      0x2c7 .\CortexM3\ARM_GCC_484\Debug\ENG3091_MandM.a(but1.o)
 .debug_info    0x000098c9      0x2c7 .\CortexM3\ARM_GCC_484\Debug\ENG3091_MandM.a(but0.o)
 .debug_info    0x00009b90      0x275 .\CortexM3\ARM_GCC_484\Debug\ENG3091_MandM.a(Button_PWM.o)
 .debug_info    0x00009e05      0x120 .\CortexM3\ARM_GCC_484\Debug\ENG3091_MandM.a(ISR_CHECKP.o)
 .debug_info    0x00009f25      0x276 .\CortexM3\ARM_GCC_484\Debug\ENG3091_MandM.a(MOTOR_R.o)
 .debug_info    0x0000a19b      0x276 .\CortexM3\ARM_GCC_484\Debug\ENG3091_MandM.a(MOTOR_L.o)
 .debug_info    0x0000a411      0x120 .\CortexM3\ARM_GCC_484\Debug\ENG3091_MandM.a(MLIN1.o)
 .debug_info    0x0000a531      0x120 .\CortexM3\ARM_GCC_484\Debug\ENG3091_MandM.a(MLIN2.o)
 .debug_info    0x0000a651      0x120 .\CortexM3\ARM_GCC_484\Debug\ENG3091_MandM.a(MRIN1.o)
 .debug_info    0x0000a771      0x120 .\CortexM3\ARM_GCC_484\Debug\ENG3091_MandM.a(MRIN2.o)
 .debug_info    0x0000a891      0x277 .\CortexM3\ARM_GCC_484\Debug\ENG3091_MandM.a(Gripper_PWM.o)
 .debug_info    0x0000ab08      0x206 .\CortexM3\ARM_GCC_484\Debug\ENG3091_MandM.a(I2C.o)
 .debug_info    0x0000ad0e      0x17d .\CortexM3\ARM_GCC_484\Debug\ENG3091_MandM.a(I2C_INT.o)
 .debug_info    0x0000ae8b      0x3fe .\CortexM3\ARM_GCC_484\Debug\ENG3091_MandM.a(I2C_MASTER.o)
 .debug_info    0x0000b289      0x39d .\CortexM3\ARM_GCC_484\Debug\ENG3091_MandM.a(HC_PWM.o)
 .debug_info    0x0000b626      0x2c7 .\CortexM3\ARM_GCC_484\Debug\ENG3091_MandM.a(HC_ISR.o)
 .debug_info    0x0000b8ed      0x2a5 .\CortexM3\ARM_GCC_484\Debug\ENG3091_MandM.a(HC_Timer.o)
 .debug_info    0x0000bb92      0x2c7 .\CortexM3\ARM_GCC_484\Debug\ENG3091_MandM.a(Compass_DRDY_ISR.o)
 .debug_info    0x0000be59      0x1b1 .\CortexM3\ARM_GCC_484\Debug\ENG3091_MandM.a(USB_cls.o)
 .debug_info    0x0000c00a      0x2c9 .\CortexM3\ARM_GCC_484\Debug\ENG3091_MandM.a(USB_descr.o)
 .debug_info    0x0000c2d3      0x5e4 .\CortexM3\ARM_GCC_484\Debug\ENG3091_MandM.a(CyFlash.o)
 .debug_info    0x0000c8b7      0x4da .\CortexM3\ARM_GCC_484\Debug\ENG3091_MandM.a(CySpc.o)

.debug_abbrev   0x00000000     0x447a
 *(.debug_abbrev)
 .debug_abbrev  0x00000000      0x1d5 .\CortexM3\ARM_GCC_484\Debug\main.o
 .debug_abbrev  0x000001d5      0x12d .\CortexM3\ARM_GCC_484\Debug\mouse_a.o
 .debug_abbrev  0x00000302      0x12d .\CortexM3\ARM_GCC_484\Debug\mouse_b.o
 .debug_abbrev  0x0000042f      0x12d .\CortexM3\ARM_GCC_484\Debug\motor.o
 .debug_abbrev  0x0000055c      0x1e8 .\CortexM3\ARM_GCC_484\Debug\navigation.o
 .debug_abbrev  0x00000744      0x11b .\CortexM3\ARM_GCC_484\Debug\gripper.o
 .debug_abbrev  0x0000085f      0x11a .\CortexM3\ARM_GCC_484\Debug\mice.o
 .debug_abbrev  0x00000979      0x12c .\CortexM3\ARM_GCC_484\Debug\buttons.o
 .debug_abbrev  0x00000aa5      0x165 .\CortexM3\ARM_GCC_484\Debug\compass.o
 .debug_abbrev  0x00000c0a      0x121 .\CortexM3\ARM_GCC_484\Debug\ultrasonic.o
 .debug_abbrev  0x00000d2b       0x77 .\CortexM3\ARM_GCC_484\Debug\cybootloader.o
 .debug_abbrev  0x00000da2       0x5d .\CortexM3\ARM_GCC_484\Debug\cymetadata.o
 .debug_abbrev  0x00000dff      0x20d .\CortexM3\ARM_GCC_484\Debug\Cm3Start.o
 .debug_abbrev  0x0000100c      0x211 .\CortexM3\ARM_GCC_484\Debug\ENG3091_MandM.a(cyfitter_cfg.o)
 .debug_abbrev  0x0000121d      0x22e .\CortexM3\ARM_GCC_484\Debug\ENG3091_MandM.a(USB.o)
 .debug_abbrev  0x0000144b      0x23a .\CortexM3\ARM_GCC_484\Debug\ENG3091_MandM.a(USB_cdc.o)
 .debug_abbrev  0x00001685      0x18b .\CortexM3\ARM_GCC_484\Debug\ENG3091_MandM.a(USB_drv.o)
 .debug_abbrev  0x00001810       0xf0 .\CortexM3\ARM_GCC_484\Debug\ENG3091_MandM.a(USB_episr.o)
 .debug_abbrev  0x00001900      0x1cb .\CortexM3\ARM_GCC_484\Debug\ENG3091_MandM.a(USB_std.o)
 .debug_abbrev  0x00001acb       0xe3 .\CortexM3\ARM_GCC_484\Debug\ENG3091_MandM.a(USB_vnd.o)
 .debug_abbrev  0x00001bae       0x9d .\CortexM3\ARM_GCC_484\Debug\ENG3091_MandM.a(SDAT_A.o)
 .debug_abbrev  0x00001c4b       0x9d .\CortexM3\ARM_GCC_484\Debug\ENG3091_MandM.a(SCLK_A.o)
 .debug_abbrev  0x00001ce8      0x157 .\CortexM3\ARM_GCC_484\Debug\ENG3091_MandM.a(sclk_a_isr.o)
 .debug_abbrev  0x00001e3f       0x9d .\CortexM3\ARM_GCC_484\Debug\ENG3091_MandM.a(SCLK_B.o)
 .debug_abbrev  0x00001edc       0x9d .\CortexM3\ARM_GCC_484\Debug\ENG3091_MandM.a(SDAT_B.o)
 .debug_abbrev  0x00001f79      0x157 .\CortexM3\ARM_GCC_484\Debug\ENG3091_MandM.a(sclk_b_isr.o)
 .debug_abbrev  0x000020d0      0x17d .\CortexM3\ARM_GCC_484\Debug\ENG3091_MandM.a(Timer.o)
 .debug_abbrev  0x0000224d       0x9d .\CortexM3\ARM_GCC_484\Debug\ENG3091_MandM.a(RED.o)
 .debug_abbrev  0x000022ea       0x9d .\CortexM3\ARM_GCC_484\Debug\ENG3091_MandM.a(BLUE.o)
 .debug_abbrev  0x00002387       0x14 .\CortexM3\ARM_GCC_484\Debug\ENG3091_MandM.a(CyBootAsmGnu.o)
 .debug_abbrev  0x0000239b      0x1cc .\CortexM3\ARM_GCC_484\Debug\ENG3091_MandM.a(CyDmac.o)
 .debug_abbrev  0x00002567      0x296 .\CortexM3\ARM_GCC_484\Debug\ENG3091_MandM.a(CyLib.o)
 .debug_abbrev  0x000027fd      0x1fa .\CortexM3\ARM_GCC_484\Debug\ENG3091_MandM.a(cyPm.o)
 .debug_abbrev  0x000029f7       0x8e .\CortexM3\ARM_GCC_484\Debug\ENG3091_MandM.a(cyutils.o)
 .debug_abbrev  0x00002a85      0x17e .\CortexM3\ARM_GCC_484\Debug\ENG3091_MandM.a(LCD.o)
 .debug_abbrev  0x00002c03      0x157 .\CortexM3\ARM_GCC_484\Debug\ENG3091_MandM.a(but1.o)
 .debug_abbrev  0x00002d5a      0x157 .\CortexM3\ARM_GCC_484\Debug\ENG3091_MandM.a(but0.o)
 .debug_abbrev  0x00002eb1      0x13a .\CortexM3\ARM_GCC_484\Debug\ENG3091_MandM.a(Button_PWM.o)
 .debug_abbrev  0x00002feb       0x9d .\CortexM3\ARM_GCC_484\Debug\ENG3091_MandM.a(ISR_CHECKP.o)
 .debug_abbrev  0x00003088      0x13a .\CortexM3\ARM_GCC_484\Debug\ENG3091_MandM.a(MOTOR_R.o)
 .debug_abbrev  0x000031c2      0x13a .\CortexM3\ARM_GCC_484\Debug\ENG3091_MandM.a(MOTOR_L.o)
 .debug_abbrev  0x000032fc       0x9d .\CortexM3\ARM_GCC_484\Debug\ENG3091_MandM.a(MLIN1.o)
 .debug_abbrev  0x00003399       0x9d .\CortexM3\ARM_GCC_484\Debug\ENG3091_MandM.a(MLIN2.o)
 .debug_abbrev  0x00003436       0x9d .\CortexM3\ARM_GCC_484\Debug\ENG3091_MandM.a(MRIN1.o)
 .debug_abbrev  0x000034d3       0x9d .\CortexM3\ARM_GCC_484\Debug\ENG3091_MandM.a(MRIN2.o)
 .debug_abbrev  0x00003570      0x13a .\CortexM3\ARM_GCC_484\Debug\ENG3091_MandM.a(Gripper_PWM.o)
 .debug_abbrev  0x000036aa      0x12d .\CortexM3\ARM_GCC_484\Debug\ENG3091_MandM.a(I2C.o)
 .debug_abbrev  0x000037d7       0xca .\CortexM3\ARM_GCC_484\Debug\ENG3091_MandM.a(I2C_INT.o)
 .debug_abbrev  0x000038a1      0x149 .\CortexM3\ARM_GCC_484\Debug\ENG3091_MandM.a(I2C_MASTER.o)
 .debug_abbrev  0x000039ea      0x15a .\CortexM3\ARM_GCC_484\Debug\ENG3091_MandM.a(HC_PWM.o)
 .debug_abbrev  0x00003b44      0x157 .\CortexM3\ARM_GCC_484\Debug\ENG3091_MandM.a(HC_ISR.o)
 .debug_abbrev  0x00003c9b      0x152 .\CortexM3\ARM_GCC_484\Debug\ENG3091_MandM.a(HC_Timer.o)
 .debug_abbrev  0x00003ded      0x157 .\CortexM3\ARM_GCC_484\Debug\ENG3091_MandM.a(Compass_DRDY_ISR.o)
 .debug_abbrev  0x00003f44       0xe3 .\CortexM3\ARM_GCC_484\Debug\ENG3091_MandM.a(USB_cls.o)
 .debug_abbrev  0x00004027       0xa7 .\CortexM3\ARM_GCC_484\Debug\ENG3091_MandM.a(USB_descr.o)
 .debug_abbrev  0x000040ce      0x1de .\CortexM3\ARM_GCC_484\Debug\ENG3091_MandM.a(CyFlash.o)
 .debug_abbrev  0x000042ac      0x1ce .\CortexM3\ARM_GCC_484\Debug\ENG3091_MandM.a(CySpc.o)

.debug_line     0x00000000     0x57bd
 *(.debug_line)
 .debug_line    0x00000000      0x2ac .\CortexM3\ARM_GCC_484\Debug\main.o
 .debug_line    0x000002ac      0x251 .\CortexM3\ARM_GCC_484\Debug\mouse_a.o
 .debug_line    0x000004fd      0x251 .\CortexM3\ARM_GCC_484\Debug\mouse_b.o
 .debug_line    0x0000074e      0x245 .\CortexM3\ARM_GCC_484\Debug\motor.o
 .debug_line    0x00000993      0x255 .\CortexM3\ARM_GCC_484\Debug\navigation.o
 .debug_line    0x00000be8        0x0 .\CortexM3\ARM_GCC_484\Debug\arm.o
 .debug_line    0x00000be8      0x202 .\CortexM3\ARM_GCC_484\Debug\gripper.o
 .debug_line    0x00000dea        0x0 .\CortexM3\ARM_GCC_484\Debug\misc.o
 .debug_line    0x00000dea      0x1e3 .\CortexM3\ARM_GCC_484\Debug\mice.o
 .debug_line    0x00000fcd      0x1be .\CortexM3\ARM_GCC_484\Debug\buttons.o
 .debug_line    0x0000118b      0x1de .\CortexM3\ARM_GCC_484\Debug\compass.o
 .debug_line    0x00001369      0x1c3 .\CortexM3\ARM_GCC_484\Debug\ultrasonic.o
 .debug_line    0x0000152c       0x55 .\CortexM3\ARM_GCC_484\Debug\cybootloader.o
 .debug_line    0x00001581       0x53 .\CortexM3\ARM_GCC_484\Debug\cymetadata.o
 .debug_line    0x000015d4      0x242 .\CortexM3\ARM_GCC_484\Debug\Cm3Start.o
 .debug_line    0x00001816      0x21f .\CortexM3\ARM_GCC_484\Debug\ENG3091_MandM.a(cyfitter_cfg.o)
 .debug_line    0x00001a35      0x287 .\CortexM3\ARM_GCC_484\Debug\ENG3091_MandM.a(USB.o)
 .debug_line    0x00001cbc      0x21b .\CortexM3\ARM_GCC_484\Debug\ENG3091_MandM.a(USB_cdc.o)
 .debug_line    0x00001ed7      0x21c .\CortexM3\ARM_GCC_484\Debug\ENG3091_MandM.a(USB_drv.o)
 .debug_line    0x000020f3       0xce .\CortexM3\ARM_GCC_484\Debug\ENG3091_MandM.a(USB_episr.o)
 .debug_line    0x000021c1      0x3b9 .\CortexM3\ARM_GCC_484\Debug\ENG3091_MandM.a(USB_std.o)
 .debug_line    0x0000257a       0x81 .\CortexM3\ARM_GCC_484\Debug\ENG3091_MandM.a(USB_vnd.o)
 .debug_line    0x000025fb       0x95 .\CortexM3\ARM_GCC_484\Debug\ENG3091_MandM.a(SDAT_A.o)
 .debug_line    0x00002690       0xa7 .\CortexM3\ARM_GCC_484\Debug\ENG3091_MandM.a(SCLK_A.o)
 .debug_line    0x00002737      0x150 .\CortexM3\ARM_GCC_484\Debug\ENG3091_MandM.a(sclk_a_isr.o)
 .debug_line    0x00002887       0xa7 .\CortexM3\ARM_GCC_484\Debug\ENG3091_MandM.a(SCLK_B.o)
 .debug_line    0x0000292e       0x95 .\CortexM3\ARM_GCC_484\Debug\ENG3091_MandM.a(SDAT_B.o)
 .debug_line    0x000029c3      0x150 .\CortexM3\ARM_GCC_484\Debug\ENG3091_MandM.a(sclk_b_isr.o)
 .debug_line    0x00002b13      0x176 .\CortexM3\ARM_GCC_484\Debug\ENG3091_MandM.a(Timer.o)
 .debug_line    0x00002c89       0x92 .\CortexM3\ARM_GCC_484\Debug\ENG3091_MandM.a(RED.o)
 .debug_line    0x00002d1b       0x93 .\CortexM3\ARM_GCC_484\Debug\ENG3091_MandM.a(BLUE.o)
 .debug_line    0x00002dae       0x68 .\CortexM3\ARM_GCC_484\Debug\ENG3091_MandM.a(CyBootAsmGnu.o)
 .debug_line    0x00002e16      0x2de .\CortexM3\ARM_GCC_484\Debug\ENG3091_MandM.a(CyDmac.o)
 .debug_line    0x000030f4      0x818 .\CortexM3\ARM_GCC_484\Debug\ENG3091_MandM.a(CyLib.o)
 .debug_line    0x0000390c      0x366 .\CortexM3\ARM_GCC_484\Debug\ENG3091_MandM.a(cyPm.o)
 .debug_line    0x00003c72       0x62 .\CortexM3\ARM_GCC_484\Debug\ENG3091_MandM.a(cyutils.o)
 .debug_line    0x00003cd4      0x1a4 .\CortexM3\ARM_GCC_484\Debug\ENG3091_MandM.a(LCD.o)
 .debug_line    0x00003e78      0x14a .\CortexM3\ARM_GCC_484\Debug\ENG3091_MandM.a(but1.o)
 .debug_line    0x00003fc2      0x14a .\CortexM3\ARM_GCC_484\Debug\ENG3091_MandM.a(but0.o)
 .debug_line    0x0000410c      0x13a .\CortexM3\ARM_GCC_484\Debug\ENG3091_MandM.a(Button_PWM.o)
 .debug_line    0x00004246       0x99 .\CortexM3\ARM_GCC_484\Debug\ENG3091_MandM.a(ISR_CHECKP.o)
 .debug_line    0x000042df      0x137 .\CortexM3\ARM_GCC_484\Debug\ENG3091_MandM.a(MOTOR_R.o)
 .debug_line    0x00004416      0x137 .\CortexM3\ARM_GCC_484\Debug\ENG3091_MandM.a(MOTOR_L.o)
 .debug_line    0x0000454d       0x94 .\CortexM3\ARM_GCC_484\Debug\ENG3091_MandM.a(MLIN1.o)
 .debug_line    0x000045e1       0x94 .\CortexM3\ARM_GCC_484\Debug\ENG3091_MandM.a(MLIN2.o)
 .debug_line    0x00004675       0x94 .\CortexM3\ARM_GCC_484\Debug\ENG3091_MandM.a(MRIN1.o)
 .debug_line    0x00004709       0x94 .\CortexM3\ARM_GCC_484\Debug\ENG3091_MandM.a(MRIN2.o)
 .debug_line    0x0000479d      0x13b .\CortexM3\ARM_GCC_484\Debug\ENG3091_MandM.a(Gripper_PWM.o)
 .debug_line    0x000048d8       0xcb .\CortexM3\ARM_GCC_484\Debug\ENG3091_MandM.a(I2C.o)
 .debug_line    0x000049a3      0x118 .\CortexM3\ARM_GCC_484\Debug\ENG3091_MandM.a(I2C_INT.o)
 .debug_line    0x00004abb      0x22d .\CortexM3\ARM_GCC_484\Debug\ENG3091_MandM.a(I2C_MASTER.o)
 .debug_line    0x00004ce8      0x1b3 .\CortexM3\ARM_GCC_484\Debug\ENG3091_MandM.a(HC_PWM.o)
 .debug_line    0x00004e9b      0x14c .\CortexM3\ARM_GCC_484\Debug\ENG3091_MandM.a(HC_ISR.o)
 .debug_line    0x00004fe7      0x151 .\CortexM3\ARM_GCC_484\Debug\ENG3091_MandM.a(HC_Timer.o)
 .debug_line    0x00005138      0x156 .\CortexM3\ARM_GCC_484\Debug\ENG3091_MandM.a(Compass_DRDY_ISR.o)
 .debug_line    0x0000528e       0x8a .\CortexM3\ARM_GCC_484\Debug\ENG3091_MandM.a(USB_cls.o)
 .debug_line    0x00005318       0x5b .\CortexM3\ARM_GCC_484\Debug\ENG3091_MandM.a(USB_descr.o)
 .debug_line    0x00005373      0x228 .\CortexM3\ARM_GCC_484\Debug\ENG3091_MandM.a(CyFlash.o)
 .debug_line    0x0000559b      0x222 .\CortexM3\ARM_GCC_484\Debug\ENG3091_MandM.a(CySpc.o)

.debug_frame    0x00000000     0x377c
 *(.debug_frame)
 .debug_frame   0x00000000       0x6c .\CortexM3\ARM_GCC_484\Debug\main.o
 .debug_frame   0x0000006c       0x8c .\CortexM3\ARM_GCC_484\Debug\mouse_a.o
 .debug_frame   0x000000f8       0x8c .\CortexM3\ARM_GCC_484\Debug\mouse_b.o
 .debug_frame   0x00000184       0xe8 .\CortexM3\ARM_GCC_484\Debug\motor.o
 .debug_frame   0x0000026c       0xbc .\CortexM3\ARM_GCC_484\Debug\navigation.o
 .debug_frame   0x00000328       0xc0 .\CortexM3\ARM_GCC_484\Debug\gripper.o
 .debug_frame   0x000003e8       0x48 .\CortexM3\ARM_GCC_484\Debug\mice.o
 .debug_frame   0x00000430       0x64 .\CortexM3\ARM_GCC_484\Debug\buttons.o
 .debug_frame   0x00000494       0x74 .\CortexM3\ARM_GCC_484\Debug\compass.o
 .debug_frame   0x00000508       0x64 .\CortexM3\ARM_GCC_484\Debug\ultrasonic.o
 .debug_frame   0x0000056c       0xac .\CortexM3\ARM_GCC_484\Debug\Cm3Start.o
 .debug_frame   0x00000618       0xfc .\CortexM3\ARM_GCC_484\Debug\ENG3091_MandM.a(cyfitter_cfg.o)
 .debug_frame   0x00000714      0x1a4 .\CortexM3\ARM_GCC_484\Debug\ENG3091_MandM.a(USB.o)
 .debug_frame   0x000008b8      0x1cc .\CortexM3\ARM_GCC_484\Debug\ENG3091_MandM.a(USB_cdc.o)
 .debug_frame   0x00000a84      0x190 .\CortexM3\ARM_GCC_484\Debug\ENG3091_MandM.a(USB_drv.o)
 .debug_frame   0x00000c14       0x6c .\CortexM3\ARM_GCC_484\Debug\ENG3091_MandM.a(USB_episr.o)
 .debug_frame   0x00000c80      0x18c .\CortexM3\ARM_GCC_484\Debug\ENG3091_MandM.a(USB_std.o)
 .debug_frame   0x00000e0c       0x2c .\CortexM3\ARM_GCC_484\Debug\ENG3091_MandM.a(USB_vnd.o)
 .debug_frame   0x00000e38       0x50 .\CortexM3\ARM_GCC_484\Debug\ENG3091_MandM.a(SDAT_A.o)
 .debug_frame   0x00000e88       0x60 .\CortexM3\ARM_GCC_484\Debug\ENG3091_MandM.a(SCLK_A.o)
 .debug_frame   0x00000ee8      0x104 .\CortexM3\ARM_GCC_484\Debug\ENG3091_MandM.a(sclk_a_isr.o)
 .debug_frame   0x00000fec       0x60 .\CortexM3\ARM_GCC_484\Debug\ENG3091_MandM.a(SCLK_B.o)
 .debug_frame   0x0000104c       0x50 .\CortexM3\ARM_GCC_484\Debug\ENG3091_MandM.a(SDAT_B.o)
 .debug_frame   0x0000109c      0x104 .\CortexM3\ARM_GCC_484\Debug\ENG3091_MandM.a(sclk_b_isr.o)
 .debug_frame   0x000011a0      0x13c .\CortexM3\ARM_GCC_484\Debug\ENG3091_MandM.a(Timer.o)
 .debug_frame   0x000012dc       0x50 .\CortexM3\ARM_GCC_484\Debug\ENG3091_MandM.a(RED.o)
 .debug_frame   0x0000132c       0x50 .\CortexM3\ARM_GCC_484\Debug\ENG3091_MandM.a(BLUE.o)
 .debug_frame   0x0000137c      0x1d0 .\CortexM3\ARM_GCC_484\Debug\ENG3091_MandM.a(CyDmac.o)
 .debug_frame   0x0000154c      0x730 .\CortexM3\ARM_GCC_484\Debug\ENG3091_MandM.a(CyLib.o)
 .debug_frame   0x00001c7c      0x1fc .\CortexM3\ARM_GCC_484\Debug\ENG3091_MandM.a(cyPm.o)
 .debug_frame   0x00001e78       0x20 .\CortexM3\ARM_GCC_484\Debug\ENG3091_MandM.a(cyutils.o)
 .debug_frame   0x00001e98      0x1c0 .\CortexM3\ARM_GCC_484\Debug\ENG3091_MandM.a(LCD.o)
 .debug_frame   0x00002058      0x104 .\CortexM3\ARM_GCC_484\Debug\ENG3091_MandM.a(but1.o)
 .debug_frame   0x0000215c      0x104 .\CortexM3\ARM_GCC_484\Debug\ENG3091_MandM.a(but0.o)
 .debug_frame   0x00002260       0xe8 .\CortexM3\ARM_GCC_484\Debug\ENG3091_MandM.a(Button_PWM.o)
 .debug_frame   0x00002348       0x50 .\CortexM3\ARM_GCC_484\Debug\ENG3091_MandM.a(ISR_CHECKP.o)
 .debug_frame   0x00002398       0xe8 .\CortexM3\ARM_GCC_484\Debug\ENG3091_MandM.a(MOTOR_R.o)
 .debug_frame   0x00002480       0xe8 .\CortexM3\ARM_GCC_484\Debug\ENG3091_MandM.a(MOTOR_L.o)
 .debug_frame   0x00002568       0x50 .\CortexM3\ARM_GCC_484\Debug\ENG3091_MandM.a(MLIN1.o)
 .debug_frame   0x000025b8       0x50 .\CortexM3\ARM_GCC_484\Debug\ENG3091_MandM.a(MLIN2.o)
 .debug_frame   0x00002608       0x50 .\CortexM3\ARM_GCC_484\Debug\ENG3091_MandM.a(MRIN1.o)
 .debug_frame   0x00002658       0x50 .\CortexM3\ARM_GCC_484\Debug\ENG3091_MandM.a(MRIN2.o)
 .debug_frame   0x000026a8       0xe8 .\CortexM3\ARM_GCC_484\Debug\ENG3091_MandM.a(Gripper_PWM.o)
 .debug_frame   0x00002790       0x68 .\CortexM3\ARM_GCC_484\Debug\ENG3091_MandM.a(I2C.o)
 .debug_frame   0x000027f8       0x30 .\CortexM3\ARM_GCC_484\Debug\ENG3091_MandM.a(I2C_INT.o)
 .debug_frame   0x00002828       0xf8 .\CortexM3\ARM_GCC_484\Debug\ENG3091_MandM.a(I2C_MASTER.o)
 .debug_frame   0x00002920      0x154 .\CortexM3\ARM_GCC_484\Debug\ENG3091_MandM.a(HC_PWM.o)
 .debug_frame   0x00002a74      0x104 .\CortexM3\ARM_GCC_484\Debug\ENG3091_MandM.a(HC_ISR.o)
 .debug_frame   0x00002b78      0x104 .\CortexM3\ARM_GCC_484\Debug\ENG3091_MandM.a(HC_Timer.o)
 .debug_frame   0x00002c7c      0x104 .\CortexM3\ARM_GCC_484\Debug\ENG3091_MandM.a(Compass_DRDY_ISR.o)
 .debug_frame   0x00002d80       0x2c .\CortexM3\ARM_GCC_484\Debug\ENG3091_MandM.a(USB_cls.o)
 .debug_frame   0x00002dac      0x17c .\CortexM3\ARM_GCC_484\Debug\ENG3091_MandM.a(CyFlash.o)
 .debug_frame   0x00002f28      0x144 .\CortexM3\ARM_GCC_484\Debug\ENG3091_MandM.a(CySpc.o)
 .debug_frame   0x0000306c       0x30 c:/program files (x86)/cypress/psoc creator/3.2/psoc creator/import/gnu/arm/4.8.4/bin/../lib/gcc/arm-none-eabi/4.8.4/../../../../arm-none-eabi/lib/armv7-m\libm.a(lib_a-s_cos.o)
 .debug_frame   0x0000309c       0x30 c:/program files (x86)/cypress/psoc creator/3.2/psoc creator/import/gnu/arm/4.8.4/bin/../lib/gcc/arm-none-eabi/4.8.4/../../../../arm-none-eabi/lib/armv7-m\libm.a(lib_a-s_sin.o)
 .debug_frame   0x000030cc       0x20 c:/program files (x86)/cypress/psoc creator/3.2/psoc creator/import/gnu/arm/4.8.4/bin/../lib/gcc/arm-none-eabi/4.8.4/../../../../arm-none-eabi/lib/armv7-m\libm.a(lib_a-w_atan2.o)
 .debug_frame   0x000030ec       0x38 c:/program files (x86)/cypress/psoc creator/3.2/psoc creator/import/gnu/arm/4.8.4/bin/../lib/gcc/arm-none-eabi/4.8.4/../../../../arm-none-eabi/lib/armv7-m\libm.a(lib_a-w_sqrt.o)
 .debug_frame   0x00003124       0x38 c:/program files (x86)/cypress/psoc creator/3.2/psoc creator/import/gnu/arm/4.8.4/bin/../lib/gcc/arm-none-eabi/4.8.4/../../../../arm-none-eabi/lib/armv7-m\libm.a(lib_a-e_atan2.o)
 .debug_frame   0x0000315c       0x38 c:/program files (x86)/cypress/psoc creator/3.2/psoc creator/import/gnu/arm/4.8.4/bin/../lib/gcc/arm-none-eabi/4.8.4/../../../../arm-none-eabi/lib/armv7-m\libm.a(lib_a-e_rem_pio2.o)
 .debug_frame   0x00003194       0x34 c:/program files (x86)/cypress/psoc creator/3.2/psoc creator/import/gnu/arm/4.8.4/bin/../lib/gcc/arm-none-eabi/4.8.4/../../../../arm-none-eabi/lib/armv7-m\libm.a(lib_a-e_sqrt.o)
 .debug_frame   0x000031c8       0x38 c:/program files (x86)/cypress/psoc creator/3.2/psoc creator/import/gnu/arm/4.8.4/bin/../lib/gcc/arm-none-eabi/4.8.4/../../../../arm-none-eabi/lib/armv7-m\libm.a(lib_a-k_cos.o)
 .debug_frame   0x00003200       0x3c c:/program files (x86)/cypress/psoc creator/3.2/psoc creator/import/gnu/arm/4.8.4/bin/../lib/gcc/arm-none-eabi/4.8.4/../../../../arm-none-eabi/lib/armv7-m\libm.a(lib_a-k_rem_pio2.o)
 .debug_frame   0x0000323c       0x38 c:/program files (x86)/cypress/psoc creator/3.2/psoc creator/import/gnu/arm/4.8.4/bin/../lib/gcc/arm-none-eabi/4.8.4/../../../../arm-none-eabi/lib/armv7-m\libm.a(lib_a-k_sin.o)
 .debug_frame   0x00003274       0x38 c:/program files (x86)/cypress/psoc creator/3.2/psoc creator/import/gnu/arm/4.8.4/bin/../lib/gcc/arm-none-eabi/4.8.4/../../../../arm-none-eabi/lib/armv7-m\libm.a(lib_a-s_atan.o)
 .debug_frame   0x000032ac       0x20 c:/program files (x86)/cypress/psoc creator/3.2/psoc creator/import/gnu/arm/4.8.4/bin/../lib/gcc/arm-none-eabi/4.8.4/../../../../arm-none-eabi/lib/armv7-m\libm.a(lib_a-s_fabs.o)
 .debug_frame   0x000032cc       0x38 c:/program files (x86)/cypress/psoc creator/3.2/psoc creator/import/gnu/arm/4.8.4/bin/../lib/gcc/arm-none-eabi/4.8.4/../../../../arm-none-eabi/lib/armv7-m\libm.a(lib_a-s_floor.o)
 .debug_frame   0x00003304       0x28 c:/program files (x86)/cypress/psoc creator/3.2/psoc creator/import/gnu/arm/4.8.4/bin/../lib/gcc/arm-none-eabi/4.8.4/../../../../arm-none-eabi/lib/armv7-m\libm.a(lib_a-s_fpclassify.o)
 .debug_frame   0x0000332c       0x20 c:/program files (x86)/cypress/psoc creator/3.2/psoc creator/import/gnu/arm/4.8.4/bin/../lib/gcc/arm-none-eabi/4.8.4/../../../../arm-none-eabi/lib/armv7-m\libm.a(lib_a-s_matherr.o)
 .debug_frame   0x0000334c       0x30 c:/program files (x86)/cypress/psoc creator/3.2/psoc creator/import/gnu/arm/4.8.4/bin/../lib/gcc/arm-none-eabi/4.8.4/../../../../arm-none-eabi/lib/armv7-m\libm.a(lib_a-s_scalbn.o)
 .debug_frame   0x0000337c       0x28 c:/program files (x86)/cypress/psoc creator/3.2/psoc creator/import/gnu/arm/4.8.4/bin/../lib/gcc/arm-none-eabi/4.8.4/../../../../arm-none-eabi/lib/armv7-m\libm.a(lib_a-s_copysign.o)
 .debug_frame   0x000033a4       0x20 c:/program files (x86)/cypress/psoc creator/3.2/psoc creator/import/gnu/arm/4.8.4/bin/../lib/gcc/arm-none-eabi/4.8.4/../../../../arm-none-eabi/lib/armv7-m\libg_s.a(lib_a-errno.o)
 .debug_frame   0x000033c4       0x28 c:/program files (x86)/cypress/psoc creator/3.2/psoc creator/import/gnu/arm/4.8.4/bin/../lib/gcc/arm-none-eabi/4.8.4/../../../../arm-none-eabi/lib/armv7-m\libg_s.a(lib_a-exit.o)
 .debug_frame   0x000033ec       0x2c c:/program files (x86)/cypress/psoc creator/3.2/psoc creator/import/gnu/arm/4.8.4/bin/../lib/gcc/arm-none-eabi/4.8.4/../../../../arm-none-eabi/lib/armv7-m\libg_s.a(lib_a-init.o)
 .debug_frame   0x00003418       0x28 c:/program files (x86)/cypress/psoc creator/3.2/psoc creator/import/gnu/arm/4.8.4/bin/../lib/gcc/arm-none-eabi/4.8.4/../../../../arm-none-eabi/lib/armv7-m\libg_s.a(lib_a-memcpy-stub.o)
 .debug_frame   0x00003440       0x20 c:/program files (x86)/cypress/psoc creator/3.2/psoc creator/import/gnu/arm/4.8.4/bin/../lib/gcc/arm-none-eabi/4.8.4/../../../../arm-none-eabi/lib/armv7-m\libg_s.a(lib_a-memset.o)
 .debug_frame   0x00003460       0x58 c:/program files (x86)/cypress/psoc creator/3.2/psoc creator/import/gnu/arm/4.8.4/bin/../lib/gcc/arm-none-eabi/4.8.4/../../../../arm-none-eabi/lib/armv7-m\libg_s.a(lib_a-sprintf.o)
 .debug_frame   0x000034b8       0x88 c:/program files (x86)/cypress/psoc creator/3.2/psoc creator/import/gnu/arm/4.8.4/bin/../lib/gcc/arm-none-eabi/4.8.4/../../../../arm-none-eabi/lib/armv7-m\libg_s.a(lib_a-svfprintf.o)
 .debug_frame   0x00003540       0x60 c:/program files (x86)/cypress/psoc creator/3.2/psoc creator/import/gnu/arm/4.8.4/bin/../lib/gcc/arm-none-eabi/4.8.4/../../../../arm-none-eabi/lib/armv7-m\libg_s.a(lib_a-vfprintf_i.o)
 .debug_frame   0x000035a0       0x4c c:/program files (x86)/cypress/psoc creator/3.2/psoc creator/import/gnu/arm/4.8.4/bin/../lib/gcc/arm-none-eabi/4.8.4/../../../../arm-none-eabi/lib/armv7-m\libg_s.a(lib_a-vsnprintf.o)
 .debug_frame   0x000035ec       0x28 c:/program files (x86)/cypress/psoc creator/3.2/psoc creator/import/gnu/arm/4.8.4/bin/../lib/gcc/arm-none-eabi/4.8.4/../../../../arm-none-eabi/lib/armv7-m\libg_s.a(lib_a-memchr-stub.o)
 .debug_frame   0x00003614       0x2c c:/program files (x86)/cypress/psoc creator/3.2/psoc creator/import/gnu/arm/4.8.4/bin/../lib/gcc/arm-none-eabi/4.8.4/../../../../arm-none-eabi/lib/armv7-m\libg_s.a(lib_a-memmove.o)
 .debug_frame   0x00003640       0x2c c:/program files (x86)/cypress/psoc creator/3.2/psoc creator/import/gnu/arm/4.8.4/bin/../lib/gcc/arm-none-eabi/4.8.4/../../../../arm-none-eabi/lib/armv7-m\libg_s.a(lib_a-nano-freer.o)
 .debug_frame   0x0000366c       0x2c c:/program files (x86)/cypress/psoc creator/3.2/psoc creator/import/gnu/arm/4.8.4/bin/../lib/gcc/arm-none-eabi/4.8.4/../../../../arm-none-eabi/lib/armv7-m\libg_s.a(lib_a-nano-mallocr.o)
 .debug_frame   0x00003698       0x30 c:/program files (x86)/cypress/psoc creator/3.2/psoc creator/import/gnu/arm/4.8.4/bin/../lib/gcc/arm-none-eabi/4.8.4/../../../../arm-none-eabi/lib/armv7-m\libg_s.a(lib_a-nano-reallocr.o)
 .debug_frame   0x000036c8       0x2c c:/program files (x86)/cypress/psoc creator/3.2/psoc creator/import/gnu/arm/4.8.4/bin/../lib/gcc/arm-none-eabi/4.8.4/../../../../arm-none-eabi/lib/armv7-m\libg_s.a(lib_a-sbrkr.o)
 .debug_frame   0x000036f4       0x20 c:/program files (x86)/cypress/psoc creator/3.2/psoc creator/import/gnu/arm/4.8.4/bin/../lib/gcc/arm-none-eabi/4.8.4/../../../../arm-none-eabi/lib/armv7-m\libg_s.a(lib_a-strlen.o)
 .debug_frame   0x00003714       0x20 c:/program files (x86)/cypress/psoc creator/3.2/psoc creator/import/gnu/arm/4.8.4/bin/../lib/gcc/arm-none-eabi/4.8.4/../../../../arm-none-eabi/lib/armv7-m\libg_s.a(lib_a-nano-msizer.o)
 .debug_frame   0x00003734       0x48 c:/program files (x86)/cypress/psoc creator/3.2/psoc creator/import/gnu/arm/4.8.4/bin/../lib/gcc/arm-none-eabi/4.8.4/../../../../arm-none-eabi/lib/armv7-m\libg_s.a(lib_a-reent.o)

.debug_str      0x00000000     0x3de6
 *(.debug_str)
 .debug_str     0x00000000      0x2cd .\CortexM3\ARM_GCC_484\Debug\main.o
                                0x34d (size before relaxing)
 .debug_str     0x000002cd      0x10a .\CortexM3\ARM_GCC_484\Debug\mouse_a.o
                                0x2d4 (size before relaxing)
 .debug_str     0x000003d7       0xea .\CortexM3\ARM_GCC_484\Debug\mouse_b.o
                                0x2d4 (size before relaxing)
 .debug_str     0x000004c1       0xf7 .\CortexM3\ARM_GCC_484\Debug\motor.o
                                0x2a9 (size before relaxing)
 .debug_str     0x000005b8       0x9d .\CortexM3\ARM_GCC_484\Debug\navigation.o
                                0x2a5 (size before relaxing)
 .debug_str     0x00000655        0x0 .\CortexM3\ARM_GCC_484\Debug\arm.o
 .debug_str     0x00000655       0x8e .\CortexM3\ARM_GCC_484\Debug\gripper.o
                                0x290 (size before relaxing)
 .debug_str     0x000006e3        0x0 .\CortexM3\ARM_GCC_484\Debug\misc.o
 .debug_str     0x000006e3       0x9f .\CortexM3\ARM_GCC_484\Debug\mice.o
                                0x2ad (size before relaxing)
 .debug_str     0x00000782       0x6b .\CortexM3\ARM_GCC_484\Debug\buttons.o
                                0x23a (size before relaxing)
 .debug_str     0x000007ed       0xaa .\CortexM3\ARM_GCC_484\Debug\compass.o
                                0x2d1 (size before relaxing)
 .debug_str     0x00000897       0xc5 .\CortexM3\ARM_GCC_484\Debug\ultrasonic.o
                                0x27f (size before relaxing)
 .debug_str     0x0000095c       0x84 .\CortexM3\ARM_GCC_484\Debug\cybootloader.o
                                0x1f6 (size before relaxing)
 .debug_str     0x000009e0       0x37 .\CortexM3\ARM_GCC_484\Debug\cymetadata.o
                                0x1a9 (size before relaxing)
 .debug_str     0x00000a17      0x15c .\CortexM3\ARM_GCC_484\Debug\Cm3Start.o
                                0x30d (size before relaxing)
 .debug_str     0x00000b73      0x263 .\CortexM3\ARM_GCC_484\Debug\ENG3091_MandM.a(cyfitter_cfg.o)
                                0x425 (size before relaxing)
 .debug_str     0x00000dd6      0x2e8 .\CortexM3\ARM_GCC_484\Debug\ENG3091_MandM.a(USB.o)
                                0x4d5 (size before relaxing)
 .debug_str     0x000010be      0x265 .\CortexM3\ARM_GCC_484\Debug\ENG3091_MandM.a(USB_cdc.o)
                                0x4eb (size before relaxing)
 .debug_str     0x00001323      0x22b .\CortexM3\ARM_GCC_484\Debug\ENG3091_MandM.a(USB_drv.o)
                                0x57a (size before relaxing)
 .debug_str     0x0000154e       0x6a .\CortexM3\ARM_GCC_484\Debug\ENG3091_MandM.a(USB_episr.o)
                                0x267 (size before relaxing)
 .debug_str     0x000015b8      0x256 .\CortexM3\ARM_GCC_484\Debug\ENG3091_MandM.a(USB_std.o)
                                0x609 (size before relaxing)
 .debug_str     0x0000180e       0x40 .\CortexM3\ARM_GCC_484\Debug\ENG3091_MandM.a(USB_vnd.o)
                                0x24c (size before relaxing)
 .debug_str     0x0000184e       0x54 .\CortexM3\ARM_GCC_484\Debug\ENG3091_MandM.a(SDAT_A.o)
                                0x1e6 (size before relaxing)
 .debug_str     0x000018a2       0x49 .\CortexM3\ARM_GCC_484\Debug\ENG3091_MandM.a(SCLK_A.o)
                                0x1fc (size before relaxing)
 .debug_str     0x000018eb      0x10c .\CortexM3\ARM_GCC_484\Debug\ENG3091_MandM.a(sclk_a_isr.o)
                                0x2df (size before relaxing)
 .debug_str     0x000019f7       0x49 .\CortexM3\ARM_GCC_484\Debug\ENG3091_MandM.a(SCLK_B.o)
                                0x1fc (size before relaxing)
 .debug_str     0x00001a40       0x49 .\CortexM3\ARM_GCC_484\Debug\ENG3091_MandM.a(SDAT_B.o)
                                0x1e6 (size before relaxing)
 .debug_str     0x00001a89       0xf4 .\CortexM3\ARM_GCC_484\Debug\ENG3091_MandM.a(sclk_b_isr.o)
                                0x2df (size before relaxing)
 .debug_str     0x00001b7d       0x86 .\CortexM3\ARM_GCC_484\Debug\ENG3091_MandM.a(Timer.o)
                                0x339 (size before relaxing)
 .debug_str     0x00001c03       0x49 .\CortexM3\ARM_GCC_484\Debug\ENG3091_MandM.a(RED.o)
                                0x1d7 (size before relaxing)
 .debug_str     0x00001c4c       0x4d .\CortexM3\ARM_GCC_484\Debug\ENG3091_MandM.a(BLUE.o)
                                0x1dc (size before relaxing)
 .debug_str     0x00001c99      0x33b .\CortexM3\ARM_GCC_484\Debug\ENG3091_MandM.a(CyDmac.o)
                                0x53d (size before relaxing)
 .debug_str     0x00001fd4      0x79d .\CortexM3\ARM_GCC_484\Debug\ENG3091_MandM.a(CyLib.o)
                                0xa22 (size before relaxing)
 .debug_str     0x00002771      0x35b .\CortexM3\ARM_GCC_484\Debug\ENG3091_MandM.a(cyPm.o)
                                0x71a (size before relaxing)
 .debug_str     0x00002acc       0x2b .\CortexM3\ARM_GCC_484\Debug\ENG3091_MandM.a(cyutils.o)
                                0x1b1 (size before relaxing)
 .debug_str     0x00002af7      0x10d .\CortexM3\ARM_GCC_484\Debug\ENG3091_MandM.a(LCD.o)
                                0x304 (size before relaxing)
 .debug_str     0x00002c04       0xbb .\CortexM3\ARM_GCC_484\Debug\ENG3091_MandM.a(but1.o)
                                0x28b (size before relaxing)
 .debug_str     0x00002cbf       0xbb .\CortexM3\ARM_GCC_484\Debug\ENG3091_MandM.a(but0.o)
                                0x28b (size before relaxing)
 .debug_str     0x00002d7a      0x14d .\CortexM3\ARM_GCC_484\Debug\ENG3091_MandM.a(Button_PWM.o)