Archive member included because of file (symbol)

.\CortexM3\ARM_GCC_484\Debug\ENG3091_MandM.a(cyfitter_cfg.o)
                              .\CortexM3\ARM_GCC_484\Debug\Cm3Start.o (cyfitter_cfg)
.\CortexM3\ARM_GCC_484\Debug\ENG3091_MandM.a(USB.o)
                              .\CortexM3\ARM_GCC_484\Debug\main.o (USB_GetConfiguration)
.\CortexM3\ARM_GCC_484\Debug\ENG3091_MandM.a(USB_cdc.o)
                              .\CortexM3\ARM_GCC_484\Debug\main.o (USB_PutString)
.\CortexM3\ARM_GCC_484\Debug\ENG3091_MandM.a(USB_drv.o)
                              .\CortexM3\ARM_GCC_484\Debug\ENG3091_MandM.a(USB.o) (USB_lastPacketSize)
.\CortexM3\ARM_GCC_484\Debug\ENG3091_MandM.a(USB_episr.o)
                              .\CortexM3\ARM_GCC_484\Debug\ENG3091_MandM.a(USB.o) (USB_EP_1_ISR)
.\CortexM3\ARM_GCC_484\Debug\ENG3091_MandM.a(USB_std.o)
                              .\CortexM3\ARM_GCC_484\Debug\ENG3091_MandM.a(USB_drv.o) (USB_HandleStandardRqst)
.\CortexM3\ARM_GCC_484\Debug\ENG3091_MandM.a(USB_vnd.o)
                              .\CortexM3\ARM_GCC_484\Debug\ENG3091_MandM.a(USB_drv.o) (USB_HandleVendorRqst)
.\CortexM3\ARM_GCC_484\Debug\ENG3091_MandM.a(SDAT_A.o)
                              .\CortexM3\ARM_GCC_484\Debug\mouse_a.o (SDAT_A_Write)
.\CortexM3\ARM_GCC_484\Debug\ENG3091_MandM.a(SCLK_A.o)
                              .\CortexM3\ARM_GCC_484\Debug\mouse_a.o (SCLK_A_Write)
.\CortexM3\ARM_GCC_484\Debug\ENG3091_MandM.a(sclk_a_isr.o)
                              .\CortexM3\ARM_GCC_484\Debug\mice.o (sclk_a_isr_SetPriority)
.\CortexM3\ARM_GCC_484\Debug\ENG3091_MandM.a(SCLK_B.o)
                              .\CortexM3\ARM_GCC_484\Debug\mouse_b.o (SCLK_B_Write)
.\CortexM3\ARM_GCC_484\Debug\ENG3091_MandM.a(SDAT_B.o)
                              .\CortexM3\ARM_GCC_484\Debug\mouse_b.o (SDAT_B_Write)
.\CortexM3\ARM_GCC_484\Debug\ENG3091_MandM.a(sclk_b_isr.o)
                              .\CortexM3\ARM_GCC_484\Debug\mice.o (sclk_b_isr_SetPriority)
.\CortexM3\ARM_GCC_484\Debug\ENG3091_MandM.a(Timer.o)
                              .\CortexM3\ARM_GCC_484\Debug\main.o (Timer_ReadCounter)
.\CortexM3\ARM_GCC_484\Debug\ENG3091_MandM.a(WHITE.o)
                              .\CortexM3\ARM_GCC_484\Debug\motor.o (WHITE_Write)
.\CortexM3\ARM_GCC_484\Debug\ENG3091_MandM.a(BLUE.o)
                              .\CortexM3\ARM_GCC_484\Debug\main.o (BLUE_Write)
.\CortexM3\ARM_GCC_484\Debug\ENG3091_MandM.a(ORANGE.o)
                              .\CortexM3\ARM_GCC_484\Debug\motor.o (ORANGE_Write)
.\CortexM3\ARM_GCC_484\Debug\ENG3091_MandM.a(CyBootAsmGnu.o)
                              .\CortexM3\ARM_GCC_484\Debug\ENG3091_MandM.a(cyfitter_cfg.o) (CyDelayCycles)
.\CortexM3\ARM_GCC_484\Debug\ENG3091_MandM.a(CyDmac.o)
                              .\CortexM3\ARM_GCC_484\Debug\Cm3Start.o (CyDmacConfigure)
.\CortexM3\ARM_GCC_484\Debug\ENG3091_MandM.a(CyLib.o)
                              .\CortexM3\ARM_GCC_484\Debug\Cm3Start.o (CyHalt)
.\CortexM3\ARM_GCC_484\Debug\ENG3091_MandM.a(cyPm.o)
                              .\CortexM3\ARM_GCC_484\Debug\ENG3091_MandM.a(CyLib.o) (CyPmReadStatus)
.\CortexM3\ARM_GCC_484\Debug\ENG3091_MandM.a(cyutils.o)
                              .\CortexM3\ARM_GCC_484\Debug\ENG3091_MandM.a(Timer.o) (CySetReg24)
.\CortexM3\ARM_GCC_484\Debug\ENG3091_MandM.a(LCD.o)
                              .\CortexM3\ARM_GCC_484\Debug\main.o (LCD_PrintString)
.\CortexM3\ARM_GCC_484\Debug\ENG3091_MandM.a(but1.o)
                              .\CortexM3\ARM_GCC_484\Debug\buttons.o (but1_StartEx)
.\CortexM3\ARM_GCC_484\Debug\ENG3091_MandM.a(but0.o)
                              .\CortexM3\ARM_GCC_484\Debug\buttons.o (but0_StartEx)
.\CortexM3\ARM_GCC_484\Debug\ENG3091_MandM.a(Button_PWM.o)
                              .\CortexM3\ARM_GCC_484\Debug\buttons.o (Button_PWM_Start)
.\CortexM3\ARM_GCC_484\Debug\ENG3091_MandM.a(MOTOR_R.o)
                              .\CortexM3\ARM_GCC_484\Debug\motor.o (MOTOR_R_WriteCompare)
.\CortexM3\ARM_GCC_484\Debug\ENG3091_MandM.a(MOTOR_L.o)
                              .\CortexM3\ARM_GCC_484\Debug\motor.o (MOTOR_L_WriteCompare)
.\CortexM3\ARM_GCC_484\Debug\ENG3091_MandM.a(MLIN1.o)
                              .\CortexM3\ARM_GCC_484\Debug\motor.o (MLIN1_Write)
.\CortexM3\ARM_GCC_484\Debug\ENG3091_MandM.a(MLIN2.o)
                              .\CortexM3\ARM_GCC_484\Debug\motor.o (MLIN2_Write)
.\CortexM3\ARM_GCC_484\Debug\ENG3091_MandM.a(MRIN1.o)
                              .\CortexM3\ARM_GCC_484\Debug\motor.o (MRIN1_Write)
.\CortexM3\ARM_GCC_484\Debug\ENG3091_MandM.a(MRIN2.o)
                              .\CortexM3\ARM_GCC_484\Debug\motor.o (MRIN2_Write)
.\CortexM3\ARM_GCC_484\Debug\ENG3091_MandM.a(Gripper_PWM.o)
                              .\CortexM3\ARM_GCC_484\Debug\gripper.o (Gripper_PWM_WriteCompare)
.\CortexM3\ARM_GCC_484\Debug\ENG3091_MandM.a(I2C.o)
                              .\CortexM3\ARM_GCC_484\Debug\compass.o (I2C_Start)
[...]
Memory Configuration

Name             Origin             Length             Attributes
rom              0x00000000         0x00040000         xr
ram              0x1fff8000         0x00010000         xrw
*default*        0x00000000         0xffffffff

Linker script and memory map

LOAD c:/program files (x86)/cypress/psoc creator/3.2/psoc creator/import/gnu/arm/4.8.4/bin/../lib/gcc/arm-none-eabi/4.8.4/armv7-m/crti.o
LOAD c:/program files (x86)/cypress/psoc creator/3.2/psoc creator/import/gnu/arm/4.8.4/bin/../lib/gcc/arm-none-eabi/4.8.4/armv7-m/crtbegin.o
LOAD c:/program files (x86)/cypress/psoc creator/3.2/psoc creator/import/gnu/arm/4.8.4/bin/../lib/gcc/arm-none-eabi/4.8.4/../../../../arm-none-eabi/lib/armv7-m/crt0.o
START GROUP
LOAD .\CortexM3\ARM_GCC_484\Debug\main.o
LOAD .\CortexM3\ARM_GCC_484\Debug\mouse_a.o
LOAD .\CortexM3\ARM_GCC_484\Debug\mouse_b.o
LOAD .\CortexM3\ARM_GCC_484\Debug\motor.o
LOAD .\CortexM3\ARM_GCC_484\Debug\navigation.o
LOAD .\CortexM3\ARM_GCC_484\Debug\arm.o
LOAD .\CortexM3\ARM_GCC_484\Debug\gripper.o
LOAD .\CortexM3\ARM_GCC_484\Debug\misc.o
LOAD .\CortexM3\ARM_GCC_484\Debug\mice.o
LOAD .\CortexM3\ARM_GCC_484\Debug\buttons.o
LOAD .\CortexM3\ARM_GCC_484\Debug\compass.o
LOAD .\CortexM3\ARM_GCC_484\Debug\ultrasonic.o
LOAD .\CortexM3\ARM_GCC_484\Debug\cybootloader.o
LOAD .\CortexM3\ARM_GCC_484\Debug\cymetadata.o
LOAD .\CortexM3\ARM_GCC_484\Debug\Cm3Start.o
LOAD .\CortexM3\ARM_GCC_484\Debug\ENG3091_MandM.a
LOAD C:\Program Files (x86)\Cypress\PSoC Creator\3.2\PSoC Creator\psoc\content\cycomponentlibrary\CyComponentLibrary.cylib\CortexM3\ARM_GCC_484\Debug\CyComponentLibrary.a
LOAD c:/program files (x86)/cypress/psoc creator/3.2/psoc creator/import/gnu/arm/4.8.4/bin/../lib/gcc/arm-none-eabi/4.8.4/../../../../arm-none-eabi/lib/armv7-m\libm.a
END GROUP
START GROUP
LOAD c:/program files (x86)/cypress/psoc creator/3.2/psoc creator/import/gnu/arm/4.8.4/bin/../lib/gcc/arm-none-eabi/4.8.4/armv7-m\libgcc.a
LOAD c:/program files (x86)/cypress/psoc creator/3.2/psoc creator/import/gnu/arm/4.8.4/bin/../lib/gcc/arm-none-eabi/4.8.4/../../../../arm-none-eabi/lib/armv7-m\libg_s.a
LOAD c:/program files (x86)/cypress/psoc creator/3.2/psoc creator/import/gnu/arm/4.8.4/bin/../lib/gcc/arm-none-eabi/4.8.4/../../../../arm-none-eabi/lib/armv7-m\libc_s.a
END GROUP
START GROUP
LOAD c:/program files (x86)/cypress/psoc creator/3.2/psoc creator/import/gnu/arm/4.8.4/bin/../lib/gcc/arm-none-eabi/4.8.4/armv7-m\libgcc.a
LOAD c:/program files (x86)/cypress/psoc creator/3.2/psoc creator/import/gnu/arm/4.8.4/bin/../lib/gcc/arm-none-eabi/4.8.4/../../../../arm-none-eabi/lib/armv7-m\libc_s.a
END GROUP
LOAD c:/program files (x86)/cypress/psoc creator/3.2/psoc creator/import/gnu/arm/4.8.4/bin/../lib/gcc/arm-none-eabi/4.8.4/armv7-m/crtend.o
LOAD c:/program files (x86)/cypress/psoc creator/3.2/psoc creator/import/gnu/arm/4.8.4/bin/../lib/gcc/arm-none-eabi/4.8.4/armv7-m/crtn.o
START GROUP
LOAD c:/program files (x86)/cypress/psoc creator/3.2/psoc creator/import/gnu/arm/4.8.4/bin/../lib/gcc/arm-none-eabi/4.8.4/armv7-m\libgcc.a
LOAD c:/program files (x86)/cypress/psoc creator/3.2/psoc creator/import/gnu/arm/4.8.4/bin/../lib/gcc/arm-none-eabi/4.8.4/../../../../arm-none-eabi/lib/armv7-m\libc.a
LOAD c:/program files (x86)/cypress/psoc creator/3.2/psoc creator/import/gnu/arm/4.8.4/bin/../lib/gcc/arm-none-eabi/4.8.4/../../../../arm-none-eabi/lib/armv7-m\libnosys.a
END GROUP
                0x00000000                CY_APPL_ORIGIN = 0x0
                0x00000100                CY_FLASH_ROW_SIZE = 0x100
                0x00000020                CY_ECC_ROW_SIZE = 0x20
                0x00000000                CY_EE_IN_BTLDR = 0x0
                0x00000001                CY_APPL_LOADABLE = 0x1
                0x00000800                CY_EE_SIZE = 0x800
                0x00000001                CY_APPL_NUM = 0x1
                0x00000001                CY_APPL_MAX = 0x1
                0x00000040                CY_METADATA_SIZE = 0x40
                0x1fff98c8                PROVIDE (__cy_heap_start, _end)
                0x00000001                PROVIDE (__cy_region_num, ((__cy_regions_end - __cy_regions) / 0x10))
                0x20008000                PROVIDE (__cy_stack, (ORIGIN (ram) + 0x10000))
                0x20007800                PROVIDE (__cy_heap_end, (__cy_stack - 0x800))

.cybootloader   0x00000000     0x2700
 *(.cybootloader)
 .cybootloader  0x00000000     0x2700 .\CortexM3\ARM_GCC_484\Debug\cybootloader.o
                0x00000000                cy_bootloader
                0x00002700                appl1_start = CY_APPL_ORIGIN?CY_APPL_ORIGIN:ALIGN (CY_FLASH_ROW_SIZE)
                0x00021300                appl2_start = (appl1_start + ALIGN ((((0x40000 - appl1_start) - (0x2 * CY_FLASH_ROW_SIZE)) / 0x2), CY_FLASH_ROW_SIZE))
                0x00002700                appl_start = (CY_APPL_NUM == 0x1)?appl1_start:appl2_start
                0x000004e0                ecc_offset = ((appl_start / CY_FLASH_ROW_SIZE) * CY_ECC_ROW_SIZE)
                0x00000000                ee_offset = (CY_APPL_LOADABLE && ! (CY_EE_IN_BTLDR))?((CY_EE_SIZE / CY_APPL_MAX) * (CY_APPL_NUM - 0x1)):0x0
                0x00000800                ee_size = (CY_APPL_LOADABLE && ! (CY_EE_IN_BTLDR))?(CY_EE_SIZE / CY_APPL_MAX):CY_EE_SIZE
                0x000004e0                PROVIDE (CY_ECC_OFFSET, ecc_offset)

.text           0x00002700     0x5132
 CREATE_OBJECT_SYMBOLS
                0x00002700                PROVIDE (__cy_interrupt_vector, RomVectors)
 *(.romvectors)
 .romvectors    0x00002700       0x10 .\CortexM3\ARM_GCC_484\Debug\Cm3Start.o
                0x00002700                RomVectors
                0x00000001                ASSERT ((. != __cy_interrupt_vector), No interrupt vector)
                0x00000001                ASSERT (CY_APPL_ORIGIN?(SIZEOF (.cybootloader) <= CY_APPL_ORIGIN):0x1, Wrong image location)
                0x00002710                PROVIDE (__cy_reset, Reset)
 *(.text.Reset)
 .text.Reset    0x00002710        0x8 .\CortexM3\ARM_GCC_484\Debug\Cm3Start.o
                0x00002710                Reset
                0x00000001                ASSERT ((. != __cy_reset), No reset code)
 *(.dma_init)
                0x00000001                ASSERT ((((appl_start + .) <= 0x10000) || 0x1), DMA Init must be within the first 64k of flash)
 *(.text .text.* .gnu.linkonce.t.*)
 .text          0x00002718       0x54 c:/program files (x86)/cypress/psoc creator/3.2/psoc creator/import/gnu/arm/4.8.4/bin/../lib/gcc/arm-none-eabi/4.8.4/armv7-m/crtbegin.o
 .text.main     0x0000276c      0x140 .\CortexM3\ARM_GCC_484\Debug\main.o
                0x0000276c                main
 .text.mouse_a_write
                0x000028ac       0xb0 .\CortexM3\ARM_GCC_484\Debug\mouse_a.o
                0x000028ac                mouse_a_write
 .text.mouse_a_init
                0x0000295c       0x4c .\CortexM3\ARM_GCC_484\Debug\mouse_a.o
                0x0000295c                mouse_a_init
 .text.reset_sclk_a_isr
                0x000029a8       0x3c .\CortexM3\ARM_GCC_484\Debug\mouse_a.o
                0x000029a8                reset_sclk_a_isr
 .text.MY_SCLK_A_ISR
                0x000029e4      0x224 .\CortexM3\ARM_GCC_484\Debug\mouse_a.o
                0x000029e4                MY_SCLK_A_ISR
 .text.mouse_b_write
                0x00002c08       0xb0 .\CortexM3\ARM_GCC_484\Debug\mouse_b.o
                0x00002c08                mouse_b_write
 .text.mouse_b_init
                0x00002cb8       0x4c .\CortexM3\ARM_GCC_484\Debug\mouse_b.o
                0x00002cb8                mouse_b_init
 .text.reset_sclk_b_isr
                0x00002d04       0x3c .\CortexM3\ARM_GCC_484\Debug\mouse_b.o
                0x00002d04                reset_sclk_b_isr
 .text.MY_SCLK_B_ISR
                0x00002d40      0x224 .\CortexM3\ARM_GCC_484\Debug\mouse_b.o
                0x00002d40                MY_SCLK_B_ISR
 .text.isRotating
                0x00002f64        0xc .\CortexM3\ARM_GCC_484\Debug\motor.o
                0x00002f64                isRotating
 .text.clip     0x00002f70        0xc .\CortexM3\ARM_GCC_484\Debug\motor.o
                0x00002f70                clip
 .text.setHeading
                0x00002f7c        0xc .\CortexM3\ARM_GCC_484\Debug\motor.o
                0x00002f7c                setHeading
 .text.goto_position
                0x00002f88       0x80 .\CortexM3\ARM_GCC_484\Debug\motor.o
                0x00002f88                goto_position
 .text.start_motors
                0x00003008       0x30 .\CortexM3\ARM_GCC_484\Debug\motor.o
                0x00003008                start_motors
 .text.setSpeed
                0x00003038       0x24 .\CortexM3\ARM_GCC_484\Debug\motor.o
                0x00003038                setSpeed
 .text.setCoast
                0x0000305c       0x2c .\CortexM3\ARM_GCC_484\Debug\motor.o
                0x0000305c                setCoast
 .text.setForward
                0x00003088       0x2c .\CortexM3\ARM_GCC_484\Debug\motor.o
                0x00003088                setForward
 .text.setReverse
                0x000030b4       0x2c .\CortexM3\ARM_GCC_484\Debug\motor.o
                0x000030b4                setReverse
 .text.rotate_left
                0x000030e0       0x1c .\CortexM3\ARM_GCC_484\Debug\motor.o
                0x000030e0                rotate_left
 .text.rotate_right
                0x000030fc       0x1c .\CortexM3\ARM_GCC_484\Debug\motor.o
                0x000030fc                rotate_right
 .text.control_motors
                0x00003118       0xf4 .\CortexM3\ARM_GCC_484\Debug\motor.o
                0x00003118                control_motors
 .text.update_position
                0x0000320c       0x88 .\CortexM3\ARM_GCC_484\Debug\navigation.o
                0x0000320c                update_position
 .text.reset_navigation
                0x00003294       0x40 .\CortexM3\ARM_GCC_484\Debug\navigation.o
                0x00003294                reset_navigation
 .text.start_navigation
                0x000032d4        0x8 .\CortexM3\ARM_GCC_484\Debug\navigation.o
                0x000032d4                start_navigation
 .text.start_gripper
                0x000032dc       0x10 .\CortexM3\ARM_GCC_484\Debug\gripper.o
                0x000032dc                start_gripper
 .text.start_mice
                0x000032ec       0x44 .\CortexM3\ARM_GCC_484\Debug\mice.o
                0x000032ec                start_mice
 .text.INC_ISR  0x00003330       0x14 .\CortexM3\ARM_GCC_484\Debug\buttons.o
                0x00003330                INC_ISR
 .text.DEC_ISR  0x00003344       0x14 .\CortexM3\ARM_GCC_484\Debug\buttons.o
                0x00003344                DEC_ISR
 .text.start_buttons
                0x00003358       0x30 .\CortexM3\ARM_GCC_484\Debug\buttons.o
                0x00003358                start_buttons
 .text.DRDY_INTERRUPT
                0x00003388       0x14 .\CortexM3\ARM_GCC_484\Debug\compass.o
                0x00003388                DRDY_INTERRUPT
 *fill*         0x0000339c        0x4 
 .text.calculate_circular_functions
                0x000033a0       0x78 .\CortexM3\ARM_GCC_484\Debug\compass.o
                0x000033a0                calculate_circular_functions
 .text.start_compass
                0x00003418       0x8c .\CortexM3\ARM_GCC_484\Debug\compass.o
                0x00003418                start_compass
 *fill*         0x000034a4        0x4 
 .text.compass_read
                0x000034a8       0xf0 .\CortexM3\ARM_GCC_484\Debug\compass.o
                0x000034a8                compass_read
 .text.HC_TRIG_ISR
                0x00003598       0x30 .\CortexM3\ARM_GCC_484\Debug\ultrasonic.o
                0x00003598                HC_TRIG_ISR
 .text.start_ultrasonic
                0x000035c8       0x20 .\CortexM3\ARM_GCC_484\Debug\ultrasonic.o
                0x000035c8                start_ultrasonic
 .text.IntDefaultHandler
                0x000035e8        0x4 .\CortexM3\ARM_GCC_484\Debug\Cm3Start.o
                0x000035e8                IntDefaultHandler
 .text._sbrk    0x000035ec       0x30 .\CortexM3\ARM_GCC_484\Debug\Cm3Start.o
                0x000035ec                _sbrk
 .text.Start_c  0x0000361c       0x4c .\CortexM3\ARM_GCC_484\Debug\Cm3Start.o
                0x0000361c                Start_c
 .text.initialize_psoc
                0x00003668       0x74 .\CortexM3\ARM_GCC_484\Debug\Cm3Start.o
                0x00003668                initialize_psoc
 .text.CyClockStartupError
                0x000036dc        0x4 .\CortexM3\ARM_GCC_484\Debug\ENG3091_MandM.a(cyfitter_cfg.o)
 .text.cfg_write_bytes32
                0x000036e0       0x34 .\CortexM3\ARM_GCC_484\Debug\ENG3091_MandM.a(cyfitter_cfg.o)
 .text.AnalogSetDefault
                0x00003714       0x28 .\CortexM3\ARM_GCC_484\Debug\ENG3091_MandM.a(cyfitter_cfg.o)
 .text.CYMEMZERO
                0x0000373c        0xc .\CortexM3\ARM_GCC_484\Debug\ENG3091_MandM.a(cyfitter_cfg.o)
 .text.CYCONFIGCPYCODE
                0x00003748        0x8 .\CortexM3\ARM_GCC_484\Debug\ENG3091_MandM.a(cyfitter_cfg.o)
 .text.CYCONFIGCPY
                0x00003750        0x8 .\CortexM3\ARM_GCC_484\Debug\ENG3091_MandM.a(cyfitter_cfg.o)
 .text.ClockSetup
                0x00003758       0xf4 .\CortexM3\ARM_GCC_484\Debug\ENG3091_MandM.a(cyfitter_cfg.o)
 .text.cyfitter_cfg
                0x0000384c      0x168 .\CortexM3\ARM_GCC_484\Debug\ENG3091_MandM.a(cyfitter_cfg.o)
                0x0000384c                cyfitter_cfg
 .text.SDAT_A_Write
                0x000039b4       0x18 .\CortexM3\ARM_GCC_484\Debug\ENG3091_MandM.a(SDAT_A.o)
                0x000039b4                SDAT_A_Write
 .text.SDAT_A_Read
                0x000039cc       0x10 .\CortexM3\ARM_GCC_484\Debug\ENG3091_MandM.a(SDAT_A.o)
                0x000039cc                SDAT_A_Read
 .text.SCLK_A_Write
                0x000039dc       0x18 .\CortexM3\ARM_GCC_484\Debug\ENG3091_MandM.a(SCLK_A.o)
                0x000039dc                SCLK_A_Write
 .text.SCLK_A_Read
                0x000039f4       0x10 .\CortexM3\ARM_GCC_484\Debug\ENG3091_MandM.a(SCLK_A.o)
                0x000039f4                SCLK_A_Read
 .text.SCLK_A_ClearInterrupt
                0x00003a04       0x10 .\CortexM3\ARM_GCC_484\Debug\ENG3091_MandM.a(SCLK_A.o)
                0x00003a04                SCLK_A_ClearInterrupt
 .text.sclk_a_isr_SetVector
                0x00003a14        0xc .\CortexM3\ARM_GCC_484\Debug\ENG3091_MandM.a(sclk_a_isr.o)
                0x00003a14                sclk_a_isr_SetVector
 .text.sclk_a_isr_SetPriority
                0x00003a20       0x10 .\CortexM3\ARM_GCC_484\Debug\ENG3091_MandM.a(sclk_a_isr.o)
                0x00003a20                sclk_a_isr_SetPriority
 .text.sclk_a_isr_Enable
                0x00003a30        0xc .\CortexM3\ARM_GCC_484\Debug\ENG3091_MandM.a(sclk_a_isr.o)
                0x00003a30                sclk_a_isr_Enable
 .text.sclk_a_isr_Disable
                0x00003a3c        0xc .\CortexM3\ARM_GCC_484\Debug\ENG3091_MandM.a(sclk_a_isr.o)
                0x00003a3c                sclk_a_isr_Disable
 .text.sclk_a_isr_StartEx
                0x00003a48       0x1c .\CortexM3\ARM_GCC_484\Debug\ENG3091_MandM.a(sclk_a_isr.o)
                0x00003a48                sclk_a_isr_StartEx
 .text.sclk_a_isr_Stop
                0x00003a64       0x14 .\CortexM3\ARM_GCC_484\Debug\ENG3091_MandM.a(sclk_a_isr.o)
                0x00003a64                sclk_a_isr_Stop
 .text.SCLK_B_Write
                0x00003a78       0x18 .\CortexM3\ARM_GCC_484\Debug\ENG3091_MandM.a(SCLK_B.o)
                0x00003a78                SCLK_B_Write
 .text.SCLK_B_Read
                0x00003a90       0x10 .\CortexM3\ARM_GCC_484\Debug\ENG3091_MandM.a(SCLK_B.o)
                0x00003a90                SCLK_B_Read
 .text.SCLK_B_ClearInterrupt
                0x00003aa0       0x10 .\CortexM3\ARM_GCC_484\Debug\ENG3091_MandM.a(SCLK_B.o)
                0x00003aa0                SCLK_B_ClearInterrupt
 .text.SDAT_B_Write
                0x00003ab0       0x18 .\CortexM3\ARM_GCC_484\Debug\ENG3091_MandM.a(SDAT_B.o)
                0x00003ab0                SDAT_B_Write
 .text.SDAT_B_Read
                0x00003ac8       0x10 .\CortexM3\ARM_GCC_484\Debug\ENG3091_MandM.a(SDAT_B.o)
                0x00003ac8                SDAT_B_Read
 .text.sclk_b_isr_SetVector
                0x00003ad8        0xc .\CortexM3\ARM_GCC_484\Debug\ENG3091_MandM.a(sclk_b_isr.o)
                0x00003ad8                sclk_b_isr_SetVector
 .text.sclk_b_isr_SetPriority
                0x00003ae4       0x10 .\CortexM3\ARM_GCC_484\Debug\ENG3091_MandM.a(sclk_b_isr.o)
                0x00003ae4                sclk_b_isr_SetPriority
 .text.sclk_b_isr_Enable
                0x00003af4       0x10 .\CortexM3\ARM_GCC_484\Debug\ENG3091_MandM.a(sclk_b_isr.o)
                0x00003af4                sclk_b_isr_Enable
 .text.sclk_b_isr_Disable
                0x00003b04       0x10 .\CortexM3\ARM_GCC_484\Debug\ENG3091_MandM.a(sclk_b_isr.o)
                0x00003b04                sclk_b_isr_Disable
 .text.sclk_b_isr_StartEx
                0x00003b14       0x1c .\CortexM3\ARM_GCC_484\Debug\ENG3091_MandM.a(sclk_b_isr.o)
                0x00003b14                sclk_b_isr_StartEx
 .text.sclk_b_isr_Stop
                0x00003b30       0x14 .\CortexM3\ARM_GCC_484\Debug\ENG3091_MandM.a(sclk_b_isr.o)
                0x00003b30                sclk_b_isr_Stop
 .text.Timer_Enable
                0x00003b44       0x10 .\CortexM3\ARM_GCC_484\Debug\ENG3091_MandM.a(Timer.o)
                0x00003b44                Timer_Enable
 .text.Timer_SetInterruptMode
                0x00003b54        0xc .\CortexM3\ARM_GCC_484\Debug\ENG3091_MandM.a(Timer.o)
                0x00003b54                Timer_SetInterruptMode
 .text.Timer_ReadStatusRegister
                0x00003b60        0xc .\CortexM3\ARM_GCC_484\Debug\ENG3091_MandM.a(Timer.o)
                0x00003b60                Timer_ReadStatusRegister
 .text.Timer_WritePeriod
                0x00003b6c       0x10 .\CortexM3\ARM_GCC_484\Debug\ENG3091_MandM.a(Timer.o)
                0x00003b6c                Timer_WritePeriod
 .text.Timer_ReadCapture
                0x00003b7c       0x10 .\CortexM3\ARM_GCC_484\Debug\ENG3091_MandM.a(Timer.o)
                0x00003b7c                Timer_ReadCapture
 .text.Timer_WriteCounter
                0x00003b8c       0x10 .\CortexM3\ARM_GCC_484\Debug\ENG3091_MandM.a(Timer.o)
                0x00003b8c                Timer_WriteCounter
 .text.Timer_ReadCounter
                0x00003b9c       0x18 .\CortexM3\ARM_GCC_484\Debug\ENG3091_MandM.a(Timer.o)
                0x00003b9c                Timer_ReadCounter
 .text.Timer_ClearFIFO
                0x00003bb4       0x14 .\CortexM3\ARM_GCC_484\Debug\ENG3091_MandM.a(Timer.o)
                0x00003bb4                Timer_ClearFIFO
 .text.Timer_Init
                0x00003bc8       0x34 .\CortexM3\ARM_GCC_484\Debug\ENG3091_MandM.a(Timer.o)
                0x00003bc8                Timer_Init
 .text.Timer_Start
                0x00003bfc       0x1c .\CortexM3\ARM_GCC_484\Debug\ENG3091_MandM.a(Timer.o)
                0x00003bfc                Timer_Start
 .text.WHITE_Write
                0x00003c18       0x18 .\CortexM3\ARM_GCC_484\Debug\ENG3091_MandM.a(WHITE.o)
                0x00003c18                WHITE_Write
 .text.BLUE_Write
                0x00003c30       0x18 .\CortexM3\ARM_GCC_484\Debug\ENG3091_MandM.a(BLUE.o)
                0x00003c30                BLUE_Write
 .text.ORANGE_Write
                0x00003c48       0x18 .\CortexM3\ARM_GCC_484\Debug\ENG3091_MandM.a(ORANGE.o)
                0x00003c48                ORANGE_Write
 .text          0x00003c60       0x28 .\CortexM3\ARM_GCC_484\Debug\ENG3091_MandM.a(CyBootAsmGnu.o)
                0x00003c60                CyDelayCycles
                0x00003c74                CyEnterCriticalSection
                0x00003c7c                CyExitCriticalSection
 .text.CyDmacConfigure
                0x00003c88       0x34 .\CortexM3\ARM_GCC_484\Debug\ENG3091_MandM.a(CyDmac.o)
                0x00003c88                CyDmacConfigure
 .text.CyHalt   0x00003cbc        0x4 .\CortexM3\ARM_GCC_484\Debug\ENG3091_MandM.a(CyLib.o)
                0x00003cbc                CyHalt
 .text.CyDelay  0x00003cc0       0x2c .\CortexM3\ARM_GCC_484\Debug\ENG3091_MandM.a(CyLib.o)
                0x00003cc0                CyDelay
 .text.CyDelayUs
                0x00003cec       0x14 .\CortexM3\ARM_GCC_484\Debug\ENG3091_MandM.a(CyLib.o)
                0x00003cec                CyDelayUs
 .text.CyIntSetVector
                0x00003d00       0x28 .\CortexM3\ARM_GCC_484\Debug\ENG3091_MandM.a(CyLib.o)
                0x00003d00                CyIntSetVector
 .text.CyIntSetPriority
                0x00003d28       0x30 .\CortexM3\ARM_GCC_484\Debug\ENG3091_MandM.a(CyLib.o)
                0x00003d28                CyIntSetPriority
 .text.CySetReg24
                0x00003d58       0x14 .\CortexM3\ARM_GCC_484\Debug\ENG3091_MandM.a(cyutils.o)
                0x00003d58                CySetReg24
 .text.LCD_WrCntrlNib
                0x00003d6c       0x34 .\CortexM3\ARM_GCC_484\Debug\ENG3091_MandM.a(LCD.o)
 .text.LCD_WrDatNib
                0x00003da0       0x3c .\CortexM3\ARM_GCC_484\Debug\ENG3091_MandM.a(LCD.o)
 .text.LCD_WriteData
                0x00003ddc       0x20 .\CortexM3\ARM_GCC_484\Debug\ENG3091_MandM.a(LCD.o)
                0x00003ddc                LCD_WriteData
 .text.LCD_PrintString
                0x00003dfc       0x1c .\CortexM3\ARM_GCC_484\Debug\ENG3091_MandM.a(LCD.o)
                0x00003dfc                LCD_PrintString
 .text.LCD_WriteControl
                0x00003e18       0x24 .\CortexM3\ARM_GCC_484\Debug\ENG3091_MandM.a(LCD.o)
                0x00003e18                LCD_WriteControl
 .text.LCD_Init
                0x00003e3c       0x6c .\CortexM3\ARM_GCC_484\Debug\ENG3091_MandM.a(LCD.o)
                0x00003e3c                LCD_Init
 .text.LCD_Enable
                0x00003ea8       0x14 .\CortexM3\ARM_GCC_484\Debug\ENG3091_MandM.a(LCD.o)
                0x00003ea8                LCD_Enable
 .text.LCD_Start
                0x00003ebc       0x1c .\CortexM3\ARM_GCC_484\Debug\ENG3091_MandM.a(LCD.o)
                0x00003ebc                LCD_Start
 .text.LCD_Position
                0x00003ed8       0x3c .\CortexM3\ARM_GCC_484\Debug\ENG3091_MandM.a(LCD.o)
                0x00003ed8                LCD_Position
 .text.but1_SetVector
                0x00003f14        0xc .\CortexM3\ARM_GCC_484\Debug\ENG3091_MandM.a(but1.o)
                0x00003f14                but1_SetVector
 .text.but1_SetPriority
                0x00003f20       0x10 .\CortexM3\ARM_GCC_484\Debug\ENG3091_MandM.a(but1.o)
                0x00003f20                but1_SetPriority
 .text.but1_Enable
                0x00003f30       0x10 .\CortexM3\ARM_GCC_484\Debug\ENG3091_MandM.a(but1.o)
                0x00003f30                but1_Enable
 .text.but1_Disable
                0x00003f40       0x10 .\CortexM3\ARM_GCC_484\Debug\ENG3091_MandM.a(but1.o)
                0x00003f40                but1_Disable
 .text.but1_StartEx
                0x00003f50       0x1c .\CortexM3\ARM_GCC_484\Debug\ENG3091_MandM.a(but1.o)
                0x00003f50                but1_StartEx
 .text.but1_ClearPending
                0x00003f6c       0x10 .\CortexM3\ARM_GCC_484\Debug\ENG3091_MandM.a(but1.o)
                0x00003f6c                but1_ClearPending
 .text.but0_SetVector
                0x00003f7c        0xc .\CortexM3\ARM_GCC_484\Debug\ENG3091_MandM.a(but0.o)
                0x00003f7c                but0_SetVector
 .text.but0_SetPriority
                0x00003f88       0x10 .\CortexM3\ARM_GCC_484\Debug\ENG3091_MandM.a(but0.o)
                0x00003f88                but0_SetPriority
 .text.but0_Enable
                0x00003f98        0xc .\CortexM3\ARM_GCC_484\Debug\ENG3091_MandM.a(but0.o)
                0x00003f98                but0_Enable
 .text.but0_Disable
                0x00003fa4        0xc .\CortexM3\ARM_GCC_484\Debug\ENG3091_MandM.a(but0.o)
                0x00003fa4                but0_Disable
 .text.but0_StartEx
                0x00003fb0       0x1c .\CortexM3\ARM_GCC_484\Debug\ENG3091_MandM.a(but0.o)
                0x00003fb0                but0_StartEx
 .text.but0_ClearPending
                0x00003fcc        0xc .\CortexM3\ARM_GCC_484\Debug\ENG3091_MandM.a(but0.o)
                0x00003fcc                but0_ClearPending
 .text.Button_PWM_Enable
                0x00003fd8       0x28 .\CortexM3\ARM_GCC_484\Debug\ENG3091_MandM.a(Button_PWM.o)
                0x00003fd8                Button_PWM_Enable
 .text.Button_PWM_WritePeriod
                0x00004000        0xc .\CortexM3\ARM_GCC_484\Debug\ENG3091_MandM.a(Button_PWM.o)
                0x00004000                Button_PWM_WritePeriod
 .text.Button_PWM_WriteCompare
                0x0000400c        0xc .\CortexM3\ARM_GCC_484\Debug\ENG3091_MandM.a(Button_PWM.o)
                0x0000400c                Button_PWM_WriteCompare
 .text.Button_PWM_SetInterruptMode
                0x00004018        0xc .\CortexM3\ARM_GCC_484\Debug\ENG3091_MandM.a(Button_PWM.o)
                0x00004018                Button_PWM_SetInterruptMode
 .text.Button_PWM_Init
                0x00004024       0x70 .\CortexM3\ARM_GCC_484\Debug\ENG3091_MandM.a(Button_PWM.o)
                0x00004024                Button_PWM_Init
 .text.Button_PWM_Start
                0x00004094       0x1c .\CortexM3\ARM_GCC_484\Debug\ENG3091_MandM.a(Button_PWM.o)
                0x00004094                Button_PWM_Start
 .text.MOTOR_R_Enable
                0x000040b0       0x28 .\CortexM3\ARM_GCC_484\Debug\ENG3091_MandM.a(MOTOR_R.o)
                0x000040b0                MOTOR_R_Enable
 .text.MOTOR_R_WritePeriod
                0x000040d8        0xc .\CortexM3\ARM_GCC_484\Debug\ENG3091_MandM.a(MOTOR_R.o)
                0x000040d8                MOTOR_R_WritePeriod
 .text.MOTOR_R_WriteCompare
                0x000040e4        0xc .\CortexM3\ARM_GCC_484\Debug\ENG3091_MandM.a(MOTOR_R.o)
                0x000040e4                MOTOR_R_WriteCompare
 .text.MOTOR_R_SetInterruptMode
                0x000040f0        0xc .\CortexM3\ARM_GCC_484\Debug\ENG3091_MandM.a(MOTOR_R.o)
                0x000040f0                MOTOR_R_SetInterruptMode
 .text.MOTOR_R_Init
                0x000040fc       0x70 .\CortexM3\ARM_GCC_484\Debug\ENG3091_MandM.a(MOTOR_R.o)
                0x000040fc                MOTOR_R_Init
 .text.MOTOR_R_Start
                0x0000416c       0x1c .\CortexM3\ARM_GCC_484\Debug\ENG3091_MandM.a(MOTOR_R.o)
                0x0000416c                MOTOR_R_Start
 .text.MOTOR_L_Enable
                0x00004188       0x28 .\CortexM3\ARM_GCC_484\Debug\ENG3091_MandM.a(MOTOR_L.o)
                0x00004188                MOTOR_L_Enable
 .text.MOTOR_L_WritePeriod
                0x000041b0        0xc .\CortexM3\ARM_GCC_484\Debug\ENG3091_MandM.a(MOTOR_L.o)
                0x000041b0                MOTOR_L_WritePeriod
 .text.MOTOR_L_WriteCompare
                0x000041bc        0xc .\CortexM3\ARM_GCC_484\Debug\ENG3091_MandM.a(MOTOR_L.o)
                0x000041bc                MOTOR_L_WriteCompare
 .text.MOTOR_L_SetInterruptMode
                0x000041c8        0xc .\CortexM3\ARM_GCC_484\Debug\ENG3091_MandM.a(MOTOR_L.o)
                0x000041c8                MOTOR_L_SetInterruptMode
 .text.MOTOR_L_Init
                0x000041d4       0x70 .\CortexM3\ARM_GCC_484\Debug\ENG3091_MandM.a(MOTOR_L.o)
                0x000041d4                MOTOR_L_Init
 .text.MOTOR_L_Start
                0x00004244       0x1c .\CortexM3\ARM_GCC_484\Debug\ENG3091_MandM.a(MOTOR_L.o)
                0x00004244                MOTOR_L_Start
 .text.MLIN1_Write
                0x00004260       0x18 .\CortexM3\ARM_GCC_484\Debug\ENG3091_MandM.a(MLIN1.o)
                0x00004260                MLIN1_Write
 .text.MLIN2_Write
                0x00004278       0x18 .\CortexM3\ARM_GCC_484\Debug\ENG3091_MandM.a(MLIN2.o)
                0x00004278                MLIN2_Write
 .text.MRIN1_Write
                0x00004290       0x18 .\CortexM3\ARM_GCC_484\Debug\ENG3091_MandM.a(MRIN1.o)
                0x00004290                MRIN1_Write
 .text.MRIN2_Write
                0x000042a8       0x18 .\CortexM3\ARM_GCC_484\Debug\ENG3091_MandM.a(MRIN2.o)
                0x000042a8                MRIN2_Write
 .text.Gripper_PWM_Enable
                0x000042c0       0x28 .\CortexM3\ARM_GCC_484\Debug\ENG3091_MandM.a(Gripper_PWM.o)
                0x000042c0                Gripper_PWM_Enable
 .text.Gripper_PWM_WritePeriod
                0x000042e8        0xc .\CortexM3\ARM_GCC_484\Debug\ENG3091_MandM.a(Gripper_PWM.o)
                0x000042e8                Gripper_PWM_WritePeriod
 .text.Gripper_PWM_WriteCompare
                0x000042f4        0xc .\CortexM3\ARM_GCC_484\Debug\ENG3091_MandM.a(Gripper_PWM.o)
                0x000042f4                Gripper_PWM_WriteCompare
 .text.Gripper_PWM_SetInterruptMode
                0x00004300        0xc .\CortexM3\ARM_GCC_484\Debug\ENG3091_MandM.a(Gripper_PWM.o)
                0x00004300                Gripper_PWM_SetInterruptMode
 .text.Gripper_PWM_Init
                0x0000430c       0x70 .\CortexM3\ARM_GCC_484\Debug\ENG3091_MandM.a(Gripper_PWM.o)
                0x0000430c                Gripper_PWM_Init
 .text.Gripper_PWM_Start
                0x0000437c       0x1c .\CortexM3\ARM_GCC_484\Debug\ENG3091_MandM.a(Gripper_PWM.o)
                0x0000437c                Gripper_PWM_Start
 .text.I2C_Init
                0x00004398       0x7c .\CortexM3\ARM_GCC_484\Debug\ENG3091_MandM.a(I2C.o)
                0x00004398                I2C_Init
 .text.I2C_Enable
                0x00004414       0x10 .\CortexM3\ARM_GCC_484\Debug\ENG3091_MandM.a(I2C.o)
                0x00004414                I2C_Enable
 .text.I2C_Start
                0x00004424       0x28 .\CortexM3\ARM_GCC_484\Debug\ENG3091_MandM.a(I2C.o)
                0x00004424                I2C_Start
 .text.I2C_ISR  0x0000444c      0x324 .\CortexM3\ARM_GCC_484\Debug\ENG3091_MandM.a(I2C_INT.o)
                0x0000444c                I2C_ISR
 .text.I2C_MasterSendStart
                0x00004770       0x94 .\CortexM3\ARM_GCC_484\Debug\ENG3091_MandM.a(I2C_MASTER.o)
                0x00004770                I2C_MasterSendStart
 .text.I2C_MasterSendStop
                0x00004804       0x50 .\CortexM3\ARM_GCC_484\Debug\ENG3091_MandM.a(I2C_MASTER.o)
                0x00004804                I2C_MasterSendStop
 .text.I2C_MasterWriteByte
                0x00004854       0x6c .\CortexM3\ARM_GCC_484\Debug\ENG3091_MandM.a(I2C_MASTER.o)
                0x00004854                I2C_MasterWriteByte
 .text.I2C_MasterReadByte
                0x000048c0       0x88 .\CortexM3\ARM_GCC_484\Debug\ENG3091_MandM.a(I2C_MASTER.o)
                0x000048c0                I2C_MasterReadByte
 .text.HC_PWM_Enable
                0x00004948       0x10 .\CortexM3\ARM_GCC_484\Debug\ENG3091_MandM.a(HC_PWM.o)
                0x00004948                HC_PWM_Enable
 .text.HC_PWM_WriteCounter
                0x00004958        0xc .\CortexM3\ARM_GCC_484\Debug\ENG3091_MandM.a(HC_PWM.o)
                0x00004958                HC_PWM_WriteCounter
 .text.HC_PWM_WritePeriod
                0x00004964        0xc .\CortexM3\ARM_GCC_484\Debug\ENG3091_MandM.a(HC_PWM.o)
                0x00004964                HC_PWM_WritePeriod
 .text.HC_PWM_WriteCompare1
                0x00004970        0xc .\CortexM3\ARM_GCC_484\Debug\ENG3091_MandM.a(HC_PWM.o)
                0x00004970                HC_PWM_WriteCompare1
 .text.HC_PWM_WriteCompare2
                0x0000497c        0xc .\CortexM3\ARM_GCC_484\Debug\ENG3091_MandM.a(HC_PWM.o)
                0x0000497c                HC_PWM_WriteCompare2
 .text.HC_PWM_SetInterruptMode
                0x00004988        0xc .\CortexM3\ARM_GCC_484\Debug\ENG3091_MandM.a(HC_PWM.o)
                0x00004988                HC_PWM_SetInterruptMode
 .text.HC_PWM_ReadStatusRegister
                0x00004994        0xc .\CortexM3\ARM_GCC_484\Debug\ENG3091_MandM.a(HC_PWM.o)
                0x00004994                HC_PWM_ReadStatusRegister
 .text.HC_PWM_ReadCapture
                0x000049a0        0xc .\CortexM3\ARM_GCC_484\Debug\ENG3091_MandM.a(HC_PWM.o)
                0x000049a0                HC_PWM_ReadCapture
 .text.HC_PWM_ClearFIFO
                0x000049ac       0x14 .\CortexM3\ARM_GCC_484\Debug\ENG3091_MandM.a(HC_PWM.o)
                0x000049ac                HC_PWM_ClearFIFO
 .text.HC_PWM_Init
                0x000049c0       0x68 .\CortexM3\ARM_GCC_484\Debug\ENG3091_MandM.a(HC_PWM.o)
                0x000049c0                HC_PWM_Init
 .text.HC_PWM_Start
                0x00004a28       0x1c .\CortexM3\ARM_GCC_484\Debug\ENG3091_MandM.a(HC_PWM.o)
                0x00004a28                HC_PWM_Start
 .text.HC_ISR_SetVector
                0x00004a44        0xc .\CortexM3\ARM_GCC_484\Debug\ENG3091_MandM.a(HC_ISR.o)
                0x00004a44                HC_ISR_SetVector
 .text.HC_ISR_SetPriority
                0x00004a50       0x10 .\CortexM3\ARM_GCC_484\Debug\ENG3091_MandM.a(HC_ISR.o)
                0x00004a50                HC_ISR_SetPriority
 .text.HC_ISR_Enable
                0x00004a60        0xc .\CortexM3\ARM_GCC_484\Debug\ENG3091_MandM.a(HC_ISR.o)
                0x00004a60                HC_ISR_Enable
 .text.HC_ISR_Disable
                0x00004a6c        0xc .\CortexM3\ARM_GCC_484\Debug\ENG3091_MandM.a(HC_ISR.o)
                0x00004a6c                HC_ISR_Disable
 .text.HC_ISR_StartEx
                0x00004a78       0x1c .\CortexM3\ARM_GCC_484\Debug\ENG3091_MandM.a(HC_ISR.o)
                0x00004a78                HC_ISR_StartEx
 .text.HC_ISR_ClearPending
                0x00004a94        0xc .\CortexM3\ARM_GCC_484\Debug\ENG3091_MandM.a(HC_ISR.o)
                0x00004a94                HC_ISR_ClearPending
 .text.HC_Timer_SetInterruptMode
                0x00004aa0        0xc .\CortexM3\ARM_GCC_484\Debug\ENG3091_MandM.a(HC_Timer.o)
                0x00004aa0                HC_Timer_SetInterruptMode
 .text.HC_Timer_ReadStatusRegister
                0x00004aac        0xc .\CortexM3\ARM_GCC_484\Debug\ENG3091_MandM.a(HC_Timer.o)
                0x00004aac                HC_Timer_ReadStatusRegister
 .text.HC_Timer_WritePeriod
                0x00004ab8        0xc .\CortexM3\ARM_GCC_484\Debug\ENG3091_MandM.a(HC_Timer.o)
                0x00004ab8                HC_Timer_WritePeriod
 .text.HC_Timer_ReadCapture
                0x00004ac4        0xc .\CortexM3\ARM_GCC_484\Debug\ENG3091_MandM.a(HC_Timer.o)
                0x00004ac4                HC_Timer_ReadCapture
 .text.HC_Timer_WriteCounter
                0x00004ad0        0xc .\CortexM3\ARM_GCC_484\Debug\ENG3091_MandM.a(HC_Timer.o)
                0x00004ad0                HC_Timer_WriteCounter
 .text.HC_Timer_ReadCounter
                0x00004adc       0x14 .\CortexM3\ARM_GCC_484\Debug\ENG3091_MandM.a(HC_Timer.o)
                0x00004adc                HC_Timer_ReadCounter
 .text.HC_Timer_ClearFIFO
                0x00004af0       0x14 .\CortexM3\ARM_GCC_484\Debug\ENG3091_MandM.a(HC_Timer.o)
                0x00004af0                HC_Timer_ClearFIFO
 .text.HC_Timer_Init
                0x00004b04       0x34 .\CortexM3\ARM_GCC_484\Debug\ENG3091_MandM.a(HC_Timer.o)
                0x00004b04                HC_Timer_Init
 .text.HC_Timer_Start
                0x00004b38       0x18 .\CortexM3\ARM_GCC_484\Debug\ENG3091_MandM.a(HC_Timer.o)
                0x00004b38                HC_Timer_Start
 .text.Compass_DRDY_ISR_SetVector
                0x00004b50        0xc .\CortexM3\ARM_GCC_484\Debug\ENG3091_MandM.a(Compass_DRDY_ISR.o)
                0x00004b50                Compass_DRDY_ISR_SetVector
 .text.Compass_DRDY_ISR_SetPriority
                0x00004b5c       0x10 .\CortexM3\ARM_GCC_484\Debug\ENG3091_MandM.a(Compass_DRDY_ISR.o)
                0x00004b5c                Compass_DRDY_ISR_SetPriority
 .text.Compass_DRDY_ISR_Enable
                0x00004b6c        0xc .\CortexM3\ARM_GCC_484\Debug\ENG3091_MandM.a(Compass_DRDY_ISR.o)
                0x00004b6c                Compass_DRDY_ISR_Enable
 .text.Compass_DRDY_ISR_Disable
                0x00004b78        0xc .\CortexM3\ARM_GCC_484\Debug\ENG3091_MandM.a(Compass_DRDY_ISR.o)
                0x00004b78                Compass_DRDY_ISR_Disable
 .text.Compass_DRDY_ISR_StartEx
                0x00004b84       0x1c .\CortexM3\ARM_GCC_484\Debug\ENG3091_MandM.a(Compass_DRDY_ISR.o)
                0x00004b84                Compass_DRDY_ISR_StartEx
 .text.Compass_DRDY_ISR_ClearPending
                0x00004ba0        0xc .\CortexM3\ARM_GCC_484\Debug\ENG3091_MandM.a(Compass_DRDY_ISR.o)
                0x00004ba0                Compass_DRDY_ISR_ClearPending
 .text.cos      0x00004bac       0x8c c:/program files (x86)/cypress/psoc creator/3.2/psoc creator/import/gnu/arm/4.8.4/bin/../lib/gcc/arm-none-eabi/4.8.4/../../../../arm-none-eabi/lib/armv7-m\libm.a(lib_a-s_cos.o)
                0x00004bac                cos
 .text.sin      0x00004c38       0x94 c:/program files (x86)/cypress/psoc creator/3.2/psoc creator/import/gnu/arm/4.8.4/bin/../lib/gcc/arm-none-eabi/4.8.4/../../../../arm-none-eabi/lib/armv7-m\libm.a(lib_a-s_sin.o)
                0x00004c38                sin
 .text.atan2    0x00004ccc        0x4 c:/program files (x86)/cypress/psoc creator/3.2/psoc creator/import/gnu/arm/4.8.4/bin/../lib/gcc/arm-none-eabi/4.8.4/../../../../arm-none-eabi/lib/armv7-m\libm.a(lib_a-w_atan2.o)
                0x00004ccc                atan2
 .text.sqrt     0x00004cd0       0xac c:/program files (x86)/cypress/psoc creator/3.2/psoc creator/import/gnu/arm/4.8.4/bin/../lib/gcc/arm-none-eabi/4.8.4/../../../../arm-none-eabi/lib/armv7-m\libm.a(lib_a-w_sqrt.o)
                0x00004cd0                sqrt
 *fill*         0x00004d7c        0x4 
 .text.__ieee754_atan2
                0x00004d80      0x1f0 c:/program files (x86)/cypress/psoc creator/3.2/psoc creator/import/gnu/arm/4.8.4/bin/../lib/gcc/arm-none-eabi/4.8.4/../../../../arm-none-eabi/lib/armv7-m\libm.a(lib_a-e_atan2.o)
                0x00004d80                __ieee754_atan2
 .text.__ieee754_rem_pio2
                0x00004f70      0x440 c:/program files (x86)/cypress/psoc creator/3.2/psoc creator/import/gnu/arm/4.8.4/bin/../lib/gcc/arm-none-eabi/4.8.4/../../../../arm-none-eabi/lib/armv7-m\libm.a(lib_a-e_rem_pio2.o)
                0x00004f70                __ieee754_rem_pio2
 .text.__ieee754_sqrt
                0x000053b0      0x180 c:/program files (x86)/cypress/psoc creator/3.2/psoc creator/import/gnu/arm/4.8.4/bin/../lib/gcc/arm-none-eabi/4.8.4/../../../../arm-none-eabi/lib/armv7-m\libm.a(lib_a-e_sqrt.o)
                0x000053b0                __ieee754_sqrt
 .text.__kernel_cos
                0x00005530      0x248 c:/program files (x86)/cypress/psoc creator/3.2/psoc creator/import/gnu/arm/4.8.4/bin/../lib/gcc/arm-none-eabi/4.8.4/../../../../arm-none-eabi/lib/armv7-m\libm.a(lib_a-k_cos.o)
                0x00005530                __kernel_cos
 .text.__kernel_rem_pio2
                0x00005778      0x7bc c:/program files (x86)/cypress/psoc creator/3.2/psoc creator/import/gnu/arm/4.8.4/bin/../lib/gcc/arm-none-eabi/4.8.4/../../../../arm-none-eabi/lib/armv7-m\libm.a(lib_a-k_rem_pio2.o)
                0x00005778                __kernel_rem_pio2
 *fill*         0x00005f34        0x4 
 .text.__kernel_sin
                0x00005f38      0x170 c:/program files (x86)/cypress/psoc creator/3.2/psoc creator/import/gnu/arm/4.8.4/bin/../lib/gcc/arm-none-eabi/4.8.4/../../../../arm-none-eabi/lib/armv7-m\libm.a(lib_a-k_sin.o)
                0x00005f38                __kernel_sin
 .text.atan     0x000060a8      0x350 c:/program files (x86)/cypress/psoc creator/3.2/psoc creator/import/gnu/arm/4.8.4/bin/../lib/gcc/arm-none-eabi/4.8.4/../../../../arm-none-eabi/lib/armv7-m\libm.a(lib_a-s_atan.o)
                0x000060a8                atan
 .text.fabs     0x000063f8        0x8 c:/program files (x86)/cypress/psoc creator/3.2/psoc creator/import/gnu/arm/4.8.4/bin/../lib/gcc/arm-none-eabi/4.8.4/../../../../arm-none-eabi/lib/armv7-m\libm.a(lib_a-s_fabs.o)
                0x000063f8                fabs
 .text.floor    0x00006400      0x120 c:/program files (x86)/cypress/psoc creator/3.2/psoc creator/import/gnu/arm/4.8.4/bin/../lib/gcc/arm-none-eabi/4.8.4/../../../../arm-none-eabi/lib/armv7-m\libm.a(lib_a-s_floor.o)
                0x00006400                floor
 .text.__fpclassifyd
                0x00006520       0x50 c:/program files (x86)/cypress/psoc creator/3.2/psoc creator/import/gnu/arm/4.8.4/bin/../lib/gcc/arm-none-eabi/4.8.4/../../../../arm-none-eabi/lib/armv7-m\libm.a(lib_a-s_fpclassify.o)
                0x00006520                __fpclassifyd
 .text.matherr  0x00006570        0x4 c:/program files (x86)/cypress/psoc creator/3.2/psoc creator/import/gnu/arm/4.8.4/bin/../lib/gcc/arm-none-eabi/4.8.4/../../../../arm-none-eabi/lib/armv7-m\libm.a(lib_a-s_matherr.o)
                0x00006570                matherr
 *fill*         0x00006574        0x4 
 .text.scalbn   0x00006578      0x100 c:/program files (x86)/cypress/psoc creator/3.2/psoc creator/import/gnu/arm/4.8.4/bin/../lib/gcc/arm-none-eabi/4.8.4/../../../../arm-none-eabi/lib/armv7-m\libm.a(lib_a-s_scalbn.o)
                0x00006578                scalbn
 .text.copysign
                0x00006678       0x14 c:/program files (x86)/cypress/psoc creator/3.2/psoc creator/import/gnu/arm/4.8.4/bin/../lib/gcc/arm-none-eabi/4.8.4/../../../../arm-none-eabi/lib/armv7-m\libm.a(lib_a-s_copysign.o)
                0x00006678                copysign
 .text          0x0000668c      0x370 c:/program files (x86)/cypress/psoc creator/3.2/psoc creator/import/gnu/arm/4.8.4/bin/../lib/gcc/arm-none-eabi/4.8.4/armv7-m\libgcc.a(_arm_addsubdf3.o)
                0x0000668c                __aeabi_drsub
                0x00006694                __aeabi_dsub
                0x00006694                __subdf3
                0x00006698                __aeabi_dadd
                0x00006698                __adddf3
                0x00006910                __floatunsidf
                0x00006910                __aeabi_ui2d
                0x00006930                __floatsidf
                0x00006930                __aeabi_i2d
                0x00006954                __aeabi_f2d
                0x00006954                __extendsfdf2
                0x00006990                __floatundidf
                0x00006990                __aeabi_ul2d
                0x000069a0                __floatdidf
                0x000069a0                __aeabi_l2d
 .text          0x000069fc      0x424 c:/program files (x86)/cypress/psoc creator/3.2/psoc creator/import/gnu/arm/4.8.4/bin/../lib/gcc/arm-none-eabi/4.8.4/armv7-m\libgcc.a(_arm_muldivdf3.o)
                0x000069fc                __aeabi_dmul
                0x000069fc                __muldf3
                0x00006c50                __divdf3
                0x00006c50                __aeabi_ddiv
 .text          0x00006e20      0x110 c:/program files (x86)/cypress/psoc creator/3.2/psoc creator/import/gnu/arm/4.8.4/bin/../lib/gcc/arm-none-eabi/4.8.4/armv7-m\libgcc.a(_arm_cmpdf2.o)
                0x00006e20                __gtdf2
                0x00006e20                __gedf2
                0x00006e28                __ltdf2
                0x00006e28                __ledf2
                0x00006e30                __nedf2
                0x00006e30                __eqdf2
                0x00006e30                __cmpdf2
                0x00006eac                __aeabi_cdrcmple
                0x00006ebc                __aeabi_cdcmpeq
                0x00006ebc                __aeabi_cdcmple
                0x00006ecc                __aeabi_dcmpeq
                0x00006ee0                __aeabi_dcmplt
                0x00006ef4                __aeabi_dcmple
                0x00006f08                __aeabi_dcmpge
                0x00006f1c                __aeabi_dcmpgt
 .text          0x00006f30       0x50 c:/program files (x86)/cypress/psoc creator/3.2/psoc creator/import/gnu/arm/4.8.4/bin/../lib/gcc/arm-none-eabi/4.8.4/armv7-m\libgcc.a(_arm_fixdfsi.o)
                0x00006f30                __aeabi_d2iz
                0x00006f30                __fixdfsi
 .text          0x00006f80       0x40 c:/program files (x86)/cypress/psoc creator/3.2/psoc creator/import/gnu/arm/4.8.4/bin/../lib/gcc/arm-none-eabi/4.8.4/armv7-m\libgcc.a(_arm_fixunsdfsi.o)
                0x00006f80                __aeabi_d2uiz
                0x00006f80                __fixunsdfsi
 .text.__errno  0x00006fc0        0xc c:/program files (x86)/cypress/psoc creator/3.2/psoc creator/import/gnu/arm/4.8.4/bin/../lib/gcc/arm-none-eabi/4.8.4/../../../../arm-none-eabi/lib/armv7-m\libg_s.a(lib_a-errno.o)
                0x00006fc0                __errno
 .text.__libc_init_array
                0x00006fcc       0x4c c:/program files (x86)/cypress/psoc creator/3.2/psoc creator/import/gnu/arm/4.8.4/bin/../lib/gcc/arm-none-eabi/4.8.4/../../../../arm-none-eabi/lib/armv7-m\libg_s.a(lib_a-init.o)
                0x00006fcc                __libc_init_array
 .text.memcpy   0x00007018       0x12 c:/program files (x86)/cypress/psoc creator/3.2/psoc creator/import/gnu/arm/4.8.4/bin/../lib/gcc/arm-none-eabi/4.8.4/../../../../arm-none-eabi/lib/armv7-m\libg_s.a(lib_a-memcpy-stub.o)
                0x00007018                memcpy
 .text.memset   0x0000702a       0x10 c:/program files (x86)/cypress/psoc creator/3.2/psoc creator/import/gnu/arm/4.8.4/bin/../lib/gcc/arm-none-eabi/4.8.4/../../../../arm-none-eabi/lib/armv7-m\libg_s.a(lib_a-memset.o)
                0x0000702a                memset
 *fill*         0x0000703a        0x2 
 .text.sprintf  0x0000703c       0x48 c:/program files (x86)/cypress/psoc creator/3.2/psoc creator/import/gnu/arm/4.8.4/bin/../lib/gcc/arm-none-eabi/4.8.4/../../../../arm-none-eabi/lib/armv7-m\libg_s.a(lib_a-sprintf.o)
                0x0000703c                siprintf
                0x0000703c                sprintf
 .text.__ssputs_r
                0x00007084       0xb8 c:/program files (x86)/cypress/psoc creator/3.2/psoc creator/import/gnu/arm/4.8.4/bin/../lib/gcc/arm-none-eabi/4.8.4/../../../../arm-none-eabi/lib/armv7-m\libg_s.a(lib_a-svfprintf.o)
                0x00007084                __ssputs_r
 .text._svfprintf_r
                0x0000713c      0x1d8 c:/program files (x86)/cypress/psoc creator/3.2/psoc creator/import/gnu/arm/4.8.4/bin/../lib/gcc/arm-none-eabi/4.8.4/../../../../arm-none-eabi/lib/armv7-m\libg_s.a(lib_a-svfprintf.o)
                0x0000713c                _svfiprintf_r
                0x0000713c                _svfprintf_r
 .text._printf_common
                0x00007314       0xe4 c:/program files (x86)/cypress/psoc creator/3.2/psoc creator/import/gnu/arm/4.8.4/bin/../lib/gcc/arm-none-eabi/4.8.4/../../../../arm-none-eabi/lib/armv7-m\libg_s.a(lib_a-vfprintf_i.o)
                0x00007314                _printf_common
 .text._printf_i
                0x000073f8      0x228 c:/program files (x86)/cypress/psoc creator/3.2/psoc creator/import/gnu/arm/4.8.4/bin/../lib/gcc/arm-none-eabi/4.8.4/../../../../arm-none-eabi/lib/armv7-m\libg_s.a(lib_a-vfprintf_i.o)
                0x000073f8                _printf_i
 .text.memchr   0x00007620       0x1c c:/program files (x86)/cypress/psoc creator/3.2/psoc creator/import/gnu/arm/4.8.4/bin/../lib/gcc/arm-none-eabi/4.8.4/../../../../arm-none-eabi/lib/armv7-m\libg_s.a(lib_a-memchr-stub.o)
                0x00007620                memchr
 .text.memmove  0x0000763c       0x36 c:/program files (x86)/cypress/psoc creator/3.2/psoc creator/import/gnu/arm/4.8.4/bin/../lib/gcc/arm-none-eabi/4.8.4/../../../../arm-none-eabi/lib/armv7-m\libg_s.a(lib_a-memmove.o)
                0x0000763c                memmove
 *fill*         0x00007672        0x2 
 .text._free_r  0x00007674       0x88 c:/program files (x86)/cypress/psoc creator/3.2/psoc creator/import/gnu/arm/4.8.4/bin/../lib/gcc/arm-none-eabi/4.8.4/../../../../arm-none-eabi/lib/armv7-m\libg_s.a(lib_a-nano-freer.o)
                0x00007674                _free_r
 .text._malloc_r
                0x000076fc       0xa8 c:/program files (x86)/cypress/psoc creator/3.2/psoc creator/import/gnu/arm/4.8.4/bin/../lib/gcc/arm-none-eabi/4.8.4/../../../../arm-none-eabi/lib/armv7-m\libg_s.a(lib_a-nano-mallocr.o)
                0x000076fc                _malloc_r
 .text._realloc_r
                0x000077a4       0x4c c:/program files (x86)/cypress/psoc creator/3.2/psoc creator/import/gnu/arm/4.8.4/bin/../lib/gcc/arm-none-eabi/4.8.4/../../../../arm-none-eabi/lib/armv7-m\libg_s.a(lib_a-nano-reallocr.o)
                0x000077a4                _realloc_r
 .text._sbrk_r  0x000077f0       0x20 c:/program files (x86)/cypress/psoc creator/3.2/psoc creator/import/gnu/arm/4.8.4/bin/../lib/gcc/arm-none-eabi/4.8.4/../../../../arm-none-eabi/lib/armv7-m\libg_s.a(lib_a-sbrkr.o)
                0x000077f0                _sbrk_r
 .text.strlen   0x00007810       0x10 c:/program files (x86)/cypress/psoc creator/3.2/psoc creator/import/gnu/arm/4.8.4/bin/../lib/gcc/arm-none-eabi/4.8.4/../../../../arm-none-eabi/lib/armv7-m\libg_s.a(lib_a-strlen.o)
                0x00007810                strlen
 .text._malloc_usable_size_r
                0x00007820       0x12 c:/program files (x86)/cypress/psoc creator/3.2/psoc creator/import/gnu/arm/4.8.4/bin/../lib/gcc/arm-none-eabi/4.8.4/../../../../arm-none-eabi/lib/armv7-m\libg_s.a(lib_a-nano-msizer.o)
                0x00007820                _malloc_usable_size_r
 *(.plt)
 *(.gnu.warning)
 *(.glue_7t)
 .glue_7t       0x00000000        0x0 linker stubs
 *(.glue_7)
 .glue_7        0x00000000        0x0 linker stubs
 *(.vfp11_veneer)
 .vfp11_veneer  0x00000000        0x0 linker stubs
 *(.bootloader)
 *(.ARM.extab* .gnu.linkonce.armextab.*)
 *(.gcc_except_table)

.v4_bx          0x00007834        0x0
 .v4_bx         0x00000000        0x0 linker stubs

.iplt           0x00007834        0x0
 .iplt          0x00000000        0x0 c:/program files (x86)/cypress/psoc creator/3.2/psoc creator/import/gnu/arm/4.8.4/bin/../lib/gcc/arm-none-eabi/4.8.4/armv7-m/crtbegin.o

.eh_frame_hdr
 *(.eh_frame_hdr)

.eh_frame       0x00007834        0x4
 *(.eh_frame)
 .eh_frame      0x00007834        0x0 c:/program files (x86)/cypress/psoc creator/3.2/psoc creator/import/gnu/arm/4.8.4/bin/../lib/gcc/arm-none-eabi/4.8.4/armv7-m/crtbegin.o
 .eh_frame      0x00007834        0x4 c:/program files (x86)/cypress/psoc creator/3.2/psoc creator/import/gnu/arm/4.8.4/bin/../lib/gcc/arm-none-eabi/4.8.4/armv7-m/crtend.o
                0x00007838                PROVIDE (__exidx_start, .)

.ARM.exidx
 *(.ARM.exidx* .gnu.linkonce.armexidx.*)
                0x00007838                __exidx_end = .

.rodata         0x00007838      0xf38
 *(.rodata .rodata.* .gnu.linkonce.r.*)
 .rodata.str1.4
                0x00007838       0x20 .\CortexM3\ARM_GCC_484\Debug\main.o
 .rodata        0x00007858      0xc88 .\CortexM3\ARM_GCC_484\Debug\ENG3091_MandM.a(cyfitter_cfg.o)
 .rodata.str1.4
                0x000084e0        0x8 c:/program files (x86)/cypress/psoc creator/3.2/psoc creator/import/gnu/arm/4.8.4/bin/../lib/gcc/arm-none-eabi/4.8.4/../../../../arm-none-eabi/lib/armv7-m\libm.a(lib_a-w_sqrt.o)
 .rodata.npio2_hw
                0x000084e8       0x80 c:/program files (x86)/cypress/psoc creator/3.2/psoc creator/import/gnu/arm/4.8.4/bin/../lib/gcc/arm-none-eabi/4.8.4/../../../../arm-none-eabi/lib/armv7-m\libm.a(lib_a-e_rem_pio2.o)
 .rodata.two_over_pi
                0x00008568      0x108 c:/program files (x86)/cypress/psoc creator/3.2/psoc creator/import/gnu/arm/4.8.4/bin/../lib/gcc/arm-none-eabi/4.8.4/../../../../arm-none-eabi/lib/armv7-m\libm.a(lib_a-e_rem_pio2.o)
 .rodata.init_jk
                0x00008670       0x10 c:/program files (x86)/cypress/psoc creator/3.2/psoc creator/import/gnu/arm/4.8.4/bin/../lib/gcc/arm-none-eabi/4.8.4/../../../../arm-none-eabi/lib/armv7-m\libm.a(lib_a-k_rem_pio2.o)
 .rodata.PIo2   0x00008680       0x40 c:/program files (x86)/cypress/psoc creator/3.2/psoc creator/import/gnu/arm/4.8.4/bin/../lib/gcc/arm-none-eabi/4.8.4/../../../../arm-none-eabi/lib/armv7-m\libm.a(lib_a-k_rem_pio2.o)
 .rodata.atanlo
                0x000086c0       0x20 c:/program files (x86)/cypress/psoc creator/3.2/psoc creator/import/gnu/arm/4.8.4/bin/../lib/gcc/arm-none-eabi/4.8.4/../../../../arm-none-eabi/lib/armv7-m\libm.a(lib_a-s_atan.o)
 .rodata.atanhi
                0x000086e0       0x20 c:/program files (x86)/cypress/psoc creator/3.2/psoc creator/import/gnu/arm/4.8.4/bin/../lib/gcc/arm-none-eabi/4.8.4/../../../../arm-none-eabi/lib/armv7-m\libm.a(lib_a-s_atan.o)
 .rodata.str1.1
                0x00008700        0x2 c:/program files (x86)/cypress/psoc creator/3.2/psoc creator/import/gnu/arm/4.8.4/bin/../lib/gcc/arm-none-eabi/4.8.4/../../../../arm-none-eabi/lib/armv7-m\libg_s.a(lib_a-impure.o)
 .rodata.str1.1
                0x00008702       0x11 c:/program files (x86)/cypress/psoc creator/3.2/psoc creator/import/gnu/arm/4.8.4/bin/../lib/gcc/arm-none-eabi/4.8.4/../../../../arm-none-eabi/lib/armv7-m\libg_s.a(lib_a-svfprintf.o)
 .rodata.str1.1
                0x00008713       0x22 c:/program files (x86)/cypress/psoc creator/3.2/psoc creator/import/gnu/arm/4.8.4/bin/../lib/gcc/arm-none-eabi/4.8.4/../../../../arm-none-eabi/lib/armv7-m\libg_s.a(lib_a-vfprintf_i.o)
                0x00008738                . = ALIGN (0x4)
 *fill*         0x00008735        0x3 
 *(.init)
 .init          0x00008738        0x4 c:/program files (x86)/cypress/psoc creator/3.2/psoc creator/import/gnu/arm/4.8.4/bin/../lib/gcc/arm-none-eabi/4.8.4/armv7-m/crti.o
                0x00008738                _init
 .init          0x0000873c        0x8 c:/program files (x86)/cypress/psoc creator/3.2/psoc creator/import/gnu/arm/4.8.4/bin/../lib/gcc/arm-none-eabi/4.8.4/armv7-m/crtn.o
                0x00008744                . = ALIGN (0x4)
                0x00008744                __preinit_array_start = .
 *(.preinit_array)
                0x00008744                __preinit_array_end = .
                0x00008744                . = ALIGN (0x4)
                0x00008744                __init_array_start = .
 *(SORT(.init_array.*))
 *(.init_array)
 .init_array    0x00008744        0x4 c:/program files (x86)/cypress/psoc creator/3.2/psoc creator/import/gnu/arm/4.8.4/bin/../lib/gcc/arm-none-eabi/4.8.4/armv7-m/crtbegin.o
 .init_array    0x00008748        0x4 .\CortexM3\ARM_GCC_484\Debug\Cm3Start.o
                0x0000874c                __init_array_end = .
                0x0000874c                . = ALIGN (0x4)
 *(.fini)
 .fini          0x0000874c        0x4 c:/program files (x86)/cypress/psoc creator/3.2/psoc creator/import/gnu/arm/4.8.4/bin/../lib/gcc/arm-none-eabi/4.8.4/armv7-m/crti.o
                0x0000874c                _fini
 .fini          0x00008750        0x8 c:/program files (x86)/cypress/psoc creator/3.2/psoc creator/import/gnu/arm/4.8.4/bin/../lib/gcc/arm-none-eabi/4.8.4/armv7-m/crtn.o
                0x00008758                . = ALIGN (0x4)
                0x00008758                __fini_array_start = .
 *(.fini_array)
 .fini_array    0x00008758        0x4 c:/program files (x86)/cypress/psoc creator/3.2/psoc creator/import/gnu/arm/4.8.4/bin/../lib/gcc/arm-none-eabi/4.8.4/armv7-m/crtbegin.o
 *(SORT(.fini_array.*))
                0x0000875c                __fini_array_end = .
                0x0000875c                . = ALIGN (0x4)
 *crtbegin.o(.ctors)
 *(EXCLUDE_FILE(*crtend.o) .ctors)
 *(SORT(.ctors.*))
 *crtend.o(.ctors)
                0x0000875c                . = ALIGN (0x4)
 *crtbegin.o(.dtors)
 *(EXCLUDE_FILE(*crtend.o) .dtors)
 *(SORT(.dtors.*))
 *crtend.o(.dtors)
                0x0000875c                . = ALIGN (0x4)
                0x0000875c                __cy_regions = .
                0x0000875c        0x4 LONG 0x8770 __cy_region_init_ram
                0x00008760        0x4 LONG 0x1fff8108 __cy_region_start_data
                0x00008764        0x4 LONG 0x88 __cy_region_init_size_ram
                0x00008768        0x4 LONG 0x1738 __cy_region_zero_size_ram
                0x0000876c                __cy_regions_end = .
                0x00008770                . = ALIGN (0x8)
 *fill*         0x0000876c        0x4 
                0x00008770                _etext = .

.ramvectors     0x1fff8000      0x100
                0x1fff8000                __cy_region_start_ram = .
 *(.ramvectors)
 .ramvectors    0x1fff8000      0x100 .\CortexM3\ARM_GCC_484\Debug\Cm3Start.o
                0x1fff8000                CyRamVectors

.noinit         0x1fff8100        0x5
 *(.noinit)
 .noinit        0x1fff8100        0x4 .\CortexM3\ARM_GCC_484\Debug\Cm3Start.o
 .noinit        0x1fff8104        0x1 .\CortexM3\ARM_GCC_484\Debug\ENG3091_MandM.a(CyLib.o)
                0x1fff8104                CyResetStatus

.data           0x1fff8108       0x88 load address 0x00008770
                0x1fff8108                __cy_region_start_data = .
 *(.jcr)
 .jcr           0x1fff8108        0x0 c:/program files (x86)/cypress/psoc creator/3.2/psoc creator/import/gnu/arm/4.8.4/bin/../lib/gcc/arm-none-eabi/4.8.4/armv7-m/crtbegin.o
 .jcr           0x1fff8108        0x4 c:/program files (x86)/cypress/psoc creator/3.2/psoc creator/import/gnu/arm/4.8.4/bin/../lib/gcc/arm-none-eabi/4.8.4/armv7-m/crtend.o
 *(.got.plt)
 *(.got)
 *(.shdata)
 *(.data .data.* .gnu.linkonce.d.*)
 .data          0x1fff810c        0x4 .\CortexM3\ARM_GCC_484\Debug\Cm3Start.o
 .data          0x1fff8110        0x8 .\CortexM3\ARM_GCC_484\Debug\ENG3091_MandM.a(CyDmac.o)
 .data          0x1fff8118       0x10 .\CortexM3\ARM_GCC_484\Debug\ENG3091_MandM.a(CyLib.o)
                0x1fff8118                cydelay_32k_ms
                0x1fff811c                cydelay_freq_khz
                0x1fff8120                cydelay_freq_mhz
                0x1fff8124                cydelay_freq_hz
 .data.__fdlib_version
                0x1fff8128        0x1 c:/program files (x86)/cypress/psoc creator/3.2/psoc creator/import/gnu/arm/4.8.4/bin/../lib/gcc/arm-none-eabi/4.8.4/../../../../arm-none-eabi/lib/armv7-m\libm.a(lib_a-s_lib_ver.o)
                0x1fff8128                __fdlib_version
 *fill*         0x1fff8129        0x3 
 .data.impure_data
                0x1fff812c       0x60 c:/program files (x86)/cypress/psoc creator/3.2/psoc creator/import/gnu/arm/4.8.4/bin/../lib/gcc/arm-none-eabi/4.8.4/../../../../arm-none-eabi/lib/armv7-m\libg_s.a(lib_a-impure.o)
 .data._impure_ptr
                0x1fff818c        0x4 c:/program files (x86)/cypress/psoc creator/3.2/psoc creator/import/gnu/arm/4.8.4/bin/../lib/gcc/arm-none-eabi/4.8.4/../../../../arm-none-eabi/lib/armv7-m\libg_s.a(lib_a-impure.o)
                0x1fff818c                _impure_ptr
                0x1fff8190                . = ALIGN (0x8)
 *(.ram)
                0x1fff8190                _edata = .

.igot.plt       0x1fff8190        0x0 load address 0x000087f8
 .igot.plt      0x00000000        0x0 c:/program files (x86)/cypress/psoc creator/3.2/psoc creator/import/gnu/arm/4.8.4/bin/../lib/gcc/arm-none-eabi/4.8.4/armv7-m/crtbegin.o

.bss            0x1fff8190     0x1738 load address 0x000087f8
                0x1fff8190                PROVIDE (__bss_start__, .)
 *(.shbss)
 *(.bss .bss.* .gnu.linkonce.b.*)
 .bss           0x1fff8190       0x1c c:/program files (x86)/cypress/psoc creator/3.2/psoc creator/import/gnu/arm/4.8.4/bin/../lib/gcc/arm-none-eabi/4.8.4/armv7-m/crtbegin.o
 .bss           0x1fff81ac        0x1 .\CortexM3\ARM_GCC_484\Debug\ENG3091_MandM.a(Timer.o)
                0x1fff81ac                Timer_initVar
 .bss           0x1fff81ad        0x2 .\CortexM3\ARM_GCC_484\Debug\ENG3091_MandM.a(LCD.o)
                0x1fff81ad                LCD_enableState
                0x1fff81ae                LCD_initVar
 .bss           0x1fff81af        0x1 .\CortexM3\ARM_GCC_484\Debug\ENG3091_MandM.a(Button_PWM.o)
                0x1fff81af                Button_PWM_initVar
 .bss           0x1fff81b0        0x1 .\CortexM3\ARM_GCC_484\Debug\ENG3091_MandM.a(MOTOR_R.o)
                0x1fff81b0                MOTOR_R_initVar
 .bss           0x1fff81b1        0x1 .\CortexM3\ARM_GCC_484\Debug\ENG3091_MandM.a(MOTOR_L.o)
                0x1fff81b1                MOTOR_L_initVar
 .bss           0x1fff81b2        0x1 .\CortexM3\ARM_GCC_484\Debug\ENG3091_MandM.a(Gripper_PWM.o)
                0x1fff81b2                Gripper_PWM_initVar
 .bss           0x1fff81b3        0x1 .\CortexM3\ARM_GCC_484\Debug\ENG3091_MandM.a(I2C.o)
                0x1fff81b3                I2C_initVar
 .bss           0x1fff81b4        0x1 .\CortexM3\ARM_GCC_484\Debug\ENG3091_MandM.a(HC_PWM.o)
                0x1fff81b4                HC_PWM_initVar
 .bss           0x1fff81b5        0x1 .\CortexM3\ARM_GCC_484\Debug\ENG3091_MandM.a(HC_Timer.o)
                0x1fff81b5                HC_Timer_initVar
 *fill*         0x1fff81b6        0x2 
 .bss.__malloc_sbrk_start
                0x1fff81b8        0x4 c:/program files (x86)/cypress/psoc creator/3.2/psoc creator/import/gnu/arm/4.8.4/bin/../lib/gcc/arm-none-eabi/4.8.4/../../../../arm-none-eabi/lib/armv7-m\libg_s.a(lib_a-nano-mallocr.o)
                0x1fff81b8                __malloc_sbrk_start
 .bss.__malloc_free_list
                0x1fff81bc        0x4 c:/program files (x86)/cypress/psoc creator/3.2/psoc creator/import/gnu/arm/4.8.4/bin/../lib/gcc/arm-none-eabi/4.8.4/../../../../arm-none-eabi/lib/armv7-m\libg_s.a(lib_a-nano-mallocr.o)
                0x1fff81bc                __malloc_free_list
 *(COMMON)
 COMMON         0x1fff81c0       0x17 .\CortexM3\ARM_GCC_484\Debug\mouse_a.o
                0x1fff81c0                loc_x_a
                0x1fff81c4                bit_count_a
                0x1fff81c5                bit_a
                0x1fff81c8                loc_y_a
                0x1fff81cc                mov_y_a
                0x1fff81cd                status_a
                0x1fff81d0                time_prev_a
                0x1fff81d4                state_a
                0x1fff81d5                data_ready_a
                0x1fff81d6                mov_x_a
 *fill*         0x1fff81d7        0x1 
 COMMON         0x1fff81d8       0x18 .\CortexM3\ARM_GCC_484\Debug\mouse_b.o
                0x1fff81d8                bit_b
                0x1fff81d9                bit_count_b
                0x1fff81da                data_ready_b
                0x1fff81db                mov_x_b
                0x1fff81dc                status_b
                0x1fff81e0                loc_x_b
                0x1fff81e4                mov_y_b
                0x1fff81e5                state_b
                0x1fff81e8                time_prev_b
                0x1fff81ec                loc_y_b
 COMMON         0x1fff81f0       0x1c .\CortexM3\ARM_GCC_484\Debug\motor.o
                0x1fff81f0                start_y
                0x1fff81f4                currently_rotating
                0x1fff81f8                desired_distance
                0x1fff81fc                start_x
                0x1fff8200                end_x
                0x1fff8204                desired_heading
                0x1fff8208                end_y
 COMMON         0x1fff820c        0xc .\CortexM3\ARM_GCC_484\Debug\navigation.o
                0x1fff820c                location
 COMMON         0x1fff8218        0x2 .\CortexM3\ARM_GCC_484\Debug\buttons.o
                0x1fff8218                but0_b
                0x1fff8219                but1_b
 *fill*         0x1fff821a        0x6 
 COMMON         0x1fff8220     0x168e .\CortexM3\ARM_GCC_484\Debug\compass.o
                0x1fff8220                compass_z
                0x1fff8222                original_compass_heading
                0x1fff8224                compass_y
                0x1fff8228                CosDeg
                0x1fff8d68                SinDeg
                0x1fff98a8                compass_ready
                0x1fff98aa                compass_heading
                0x1fff98ac                compass_x
 COMMON         0x1fff98ae        0x2 .\CortexM3\ARM_GCC_484\Debug\ultrasonic.o
                0x1fff98ae                ultra_distance
 COMMON         0x1fff98b0        0x1 .\CortexM3\ARM_GCC_484\Debug\ENG3091_MandM.a(I2C.o)
                0x1fff98b0                I2C_state
 *fill*         0x1fff98b1        0x3 
 COMMON         0x1fff98b4       0x10 .\CortexM3\ARM_GCC_484\Debug\ENG3091_MandM.a(I2C_MASTER.o)
                0x1fff98b4                I2C_mstrWrBufIndex
                0x1fff98b5                I2C_mstrWrBufSize
                0x1fff98b6                I2C_mstrStatus
                0x1fff98b8                I2C_mstrRdBufPtr
                0x1fff98bc                I2C_mstrControl
                0x1fff98bd                I2C_mstrRdBufSize
                0x1fff98be                I2C_mstrRdBufIndex
                0x1fff98c0                I2C_mstrWrBufPtr
 COMMON         0x1fff98c4        0x4 c:/program files (x86)/cypress/psoc creator/3.2/psoc creator/import/gnu/arm/4.8.4/bin/../lib/gcc/arm-none-eabi/4.8.4/../../../../arm-none-eabi/lib/armv7-m\libg_s.a(lib_a-reent.o)
                0x1fff98c4                errno
                0x1fff98c8                . = ALIGN (0x8)
 *(.ram.b)
                0x1fff98c8                _end = .
                0x1fff98c8                __end = .
                0x1fff98c8                PROVIDE (end, .)
                0x1fff98c8                PROVIDE (__bss_end__, .)
                0x00008770                __cy_region_init_ram = LOADADDR (.data)
                0x00000088                __cy_region_init_size_ram = (_edata - ADDR (.data))
                0x00001738                __cy_region_zero_size_ram = (_end - _edata)

.heap           0x1fff98c8       0x80 load address 0x000087f8
                0x1fff98c8                . = _end
                0x1fff9948                . = (. + 0x80)
 *fill*         0x1fff98c8       0x80 
                0x1fff9948                __cy_heap_limit = .

.stack          0x20007800      0x800
                0x20007800                __cy_stack_limit = .
                0x20008000                . = (. + 0x800)
 *fill*         0x20007800      0x800 
                0x00000001                ASSERT ((__cy_stack_limit >= __cy_heap_limit), region RAM overflowed with stack)

.cyloadermeta   0xf0000000       0x40
 *(.cyloadermeta)
 .cyloadermeta  0xf0000000       0x40 .\CortexM3\ARM_GCC_484\Debug\cybootloader.o
                0xf0000000                cy_meta_loader

.cyloadablemeta
                0x0003ffc0       0x40
 *(.cyloadablemeta)
 .cyloadablemeta
                0x0003ffc0       0x40 .\CortexM3\ARM_GCC_484\Debug\cymetadata.o
                0x0003ffc0                cy_meta_loadable

.cyconfigecc
 *(.cyconfigecc)

.cycustnvl      0x90000000        0x4
 *(.cycustnvl)
 .cycustnvl     0x90000000        0x4 .\CortexM3\ARM_GCC_484\Debug\cybootloader.o
                0x90000000                cy_meta_custnvl

.cywolatch      0x90100000        0x4
 *(.cywolatch)
 .cywolatch     0x90100000        0x4 .\CortexM3\ARM_GCC_484\Debug\cybootloader.o
                0x90100000                cy_meta_wonvl

.cyeeprom       0x90200000        0x0
 *(.cyeeprom)
                0x00000001                ASSERT ((. <= ((0x90200000 + ee_offset) + ee_size)), .cyeeprom data will not fit in EEPROM)

.cyflashprotect
                0x90400000      0x100
 *(.cyflashprotect)
 .cyflashprotect
                0x90400000      0x100 .\CortexM3\ARM_GCC_484\Debug\cybootloader.o
                0x90400000                cy_meta_flashprotect

.cymeta         0x90500000        0xc
 *(.cymeta)
 .cymeta        0x90500000        0xc .\CortexM3\ARM_GCC_484\Debug\cybootloader.o
                0x90500000                cy_metadata

.rel.dyn        0x00040000        0x0 load address 0x9050000c
 .rel.iplt      0x00000000        0x0 c:/program files (x86)/cypress/psoc creator/3.2/psoc creator/import/gnu/arm/4.8.4/bin/../lib/gcc/arm-none-eabi/4.8.4/armv7-m/crtbegin.o

.stab
 *(.stab)

.stabstr
 *(.stabstr)

.debug
 *(.debug)

.line
 *(.line)

.debug_srcinfo
 *(.debug_srcinfo)

.debug_sfnames
 *(.debug_sfnames)

.debug_aranges  0x00000000     0x15e8
 *(.debug_aranges)
 .debug_aranges
                0x00000000       0x28 .\CortexM3\ARM_GCC_484\Debug\main.o
 .debug_aranges
                0x00000028       0x38 .\CortexM3\ARM_GCC_484\Debug\mouse_a.o
 .debug_aranges
                0x00000060       0x38 .\CortexM3\ARM_GCC_484\Debug\mouse_b.o
 .debug_aranges
                0x00000098       0x78 .\CortexM3\ARM_GCC_484\Debug\motor.o
 .debug_aranges
                0x00000110       0x38 .\CortexM3\ARM_GCC_484\Debug\navigation.o
 .debug_aranges
                0x00000148       0x48 .\CortexM3\ARM_GCC_484\Debug\gripper.o
 .debug_aranges
                0x00000190       0x28 .\CortexM3\ARM_GCC_484\Debug\mice.o
 .debug_aranges
                0x000001b8       0x30 .\CortexM3\ARM_GCC_484\Debug\buttons.o
 .debug_aranges
                0x000001e8       0x38 .\CortexM3\ARM_GCC_484\Debug\compass.o
 .debug_aranges
                0x00000220       0x30 .\CortexM3\ARM_GCC_484\Debug\ultrasonic.o
 .debug_aranges
                0x00000250       0x18 .\CortexM3\ARM_GCC_484\Debug\cybootloader.o
 .debug_aranges
                0x00000268       0x18 .\CortexM3\ARM_GCC_484\Debug\cymetadata.o
 .debug_aranges
                0x00000280       0x48 .\CortexM3\ARM_GCC_484\Debug\Cm3Start.o
 .debug_aranges
                0x000002c8       0x60 .\CortexM3\ARM_GCC_484\Debug\ENG3091_MandM.a(cyfitter_cfg.o)
 .debug_aranges
                0x00000328       0xb0 .\CortexM3\ARM_GCC_484\Debug\ENG3091_MandM.a(USB.o)
 .debug_aranges
                0x000003d8       0xb0 .\CortexM3\ARM_GCC_484\Debug\ENG3091_MandM.a(USB_cdc.o)
 .debug_aranges
                0x00000488       0x98 .\CortexM3\ARM_GCC_484\Debug\ENG3091_MandM.a(USB_drv.o)
 .debug_aranges
                0x00000520       0x40 .\CortexM3\ARM_GCC_484\Debug\ENG3091_MandM.a(USB_episr.o)
 .debug_aranges
                0x00000560       0x78 .\CortexM3\ARM_GCC_484\Debug\ENG3091_MandM.a(USB_std.o)
 .debug_aranges
                0x000005d8       0x20 .\CortexM3\ARM_GCC_484\Debug\ENG3091_MandM.a(USB_vnd.o)
 .debug_aranges
                0x000005f8       0x38 .\CortexM3\ARM_GCC_484\Debug\ENG3091_MandM.a(SDAT_A.o)
 .debug_aranges
                0x00000630       0x40 .\CortexM3\ARM_GCC_484\Debug\ENG3091_MandM.a(SCLK_A.o)
 .debug_aranges
                0x00000670       0x80 .\CortexM3\ARM_GCC_484\Debug\ENG3091_MandM.a(sclk_a_isr.o)
 .debug_aranges
                0x000006f0       0x40 .\CortexM3\ARM_GCC_484\Debug\ENG3091_MandM.a(SCLK_B.o)
 .debug_aranges
                0x00000730       0x38 .\CortexM3\ARM_GCC_484\Debug\ENG3091_MandM.a(SDAT_B.o)
 .debug_aranges
                0x00000768       0x80 .\CortexM3\ARM_GCC_484\Debug\ENG3091_MandM.a(sclk_b_isr.o)
 .debug_aranges
                0x000007e8       0x90 .\CortexM3\ARM_GCC_484\Debug\ENG3091_MandM.a(Timer.o)
 .debug_aranges
                0x00000878       0x38 .\CortexM3\ARM_GCC_484\Debug\ENG3091_MandM.a(WHITE.o)
 .debug_aranges
                0x000008b0       0x38 .\CortexM3\ARM_GCC_484\Debug\ENG3091_MandM.a(BLUE.o)
 .debug_aranges
                0x000008e8       0x38 .\CortexM3\ARM_GCC_484\Debug\ENG3091_MandM.a(ORANGE.o)
 .debug_aranges
                0x00000920       0x20 .\CortexM3\ARM_GCC_484\Debug\ENG3091_MandM.a(CyBootAsmGnu.o)
 .debug_aranges
                0x00000940       0xd8 .\CortexM3\ARM_GCC_484\Debug\ENG3091_MandM.a(CyDmac.o)
 .debug_aranges
                0x00000a18      0x298 .\CortexM3\ARM_GCC_484\Debug\ENG3091_MandM.a(CyLib.o)
 .debug_aranges
                0x00000cb0       0x98 .\CortexM3\ARM_GCC_484\Debug\ENG3091_MandM.a(cyPm.o)
 .debug_aranges
                0x00000d48       0x20 .\CortexM3\ARM_GCC_484\Debug\ENG3091_MandM.a(cyutils.o)
 .debug_aranges
                0x00000d68       0x90 .\CortexM3\ARM_GCC_484\Debug\ENG3091_MandM.a(LCD.o)
 .debug_aranges
                0x00000df8       0x80 .\CortexM3\ARM_GCC_484\Debug\ENG3091_MandM.a(but1.o)
 .debug_aranges
                0x00000e78       0x80 .\CortexM3\ARM_GCC_484\Debug\ENG3091_MandM.a(but0.o)
 .debug_aranges
                0x00000ef8       0x78 .\CortexM3\ARM_GCC_484\Debug\ENG3091_MandM.a(Button_PWM.o)
 .debug_aranges
                0x00000f70       0x78 .\CortexM3\ARM_GCC_484\Debug\ENG3091_MandM.a(MOTOR_R.o)
 .debug_aranges
                0x00000fe8       0x78 .\CortexM3\ARM_GCC_484\Debug\ENG3091_MandM.a(MOTOR_L.o)
 .debug_aranges
                0x00001060       0x38 .\CortexM3\ARM_GCC_484\Debug\ENG3091_MandM.a(MLIN1.o)
 .debug_aranges
                0x00001098       0x38 .\CortexM3\ARM_GCC_484\Debug\ENG3091_MandM.a(MLIN2.o)
 .debug_aranges
                0x000010d0       0x38 .\CortexM3\ARM_GCC_484\Debug\ENG3091_MandM.a(MRIN1.o)
 .debug_aranges
                0x00001108       0x38 .\CortexM3\ARM_GCC_484\Debug\ENG3091_MandM.a(MRIN2.o)
 .debug_aranges
                0x00001140       0x78 .\CortexM3\ARM_GCC_484\Debug\ENG3091_MandM.a(Gripper_PWM.o)
 .debug_aranges
                0x000011b8       0x38 .\CortexM3\ARM_GCC_484\Debug\ENG3091_MandM.a(I2C.o)
 .debug_aranges
                0x000011f0       0x20 .\CortexM3\ARM_GCC_484\Debug\ENG3091_MandM.a(I2C_INT.o)
 .debug_aranges
                0x00001210       0x80 .\CortexM3\ARM_GCC_484\Debug\ENG3091_MandM.a(I2C_MASTER.o)
 .debug_aranges
                0x00001290       0xa8 .\CortexM3\ARM_GCC_484\Debug\ENG3091_MandM.a(HC_PWM.o)
 .debug_aranges
                0x00001338       0x80 .\CortexM3\ARM_GCC_484\Debug\ENG3091_MandM.a(HC_ISR.o)
 .debug_aranges
                0x000013b8       0x80 .\CortexM3\ARM_GCC_484\Debug\ENG3091_MandM.a(HC_Timer.o)
 .debug_aranges
                0x00001438       0x80 .\CortexM3\ARM_GCC_484\Debug\ENG3091_MandM.a(Compass_DRDY_ISR.o)
 .debug_aranges
                0x000014b8       0x20 .\CortexM3\ARM_GCC_484\Debug\ENG3091_MandM.a(USB_cls.o)
 .debug_aranges
                0x000014d8       0x18 .\CortexM3\ARM_GCC_484\Debug\ENG3091_MandM.a(USB_descr.o)
 .debug_aranges
                0x000014f0       0x80 .\CortexM3\ARM_GCC_484\Debug\ENG3091_MandM.a(CyFlash.o)
 .debug_aranges
                0x00001570       0x78 .\CortexM3\ARM_GCC_484\Debug\ENG3091_MandM.a(CySpc.o)

.debug_pubnames
 *(.debug_pubnames)

.debug_info     0x00000000     0xceea
 *(.debug_info .gnu.linkonce.wi.*)
 .debug_info    0x00000000      0x5fa .\CortexM3\ARM_GCC_484\Debug\main.o
 .debug_info    0x000005fa      0x537 .\CortexM3\ARM_GCC_484\Debug\mouse_a.o
 .debug_info    0x00000b31      0x537 .\CortexM3\ARM_GCC_484\Debug\mouse_b.o
 .debug_info    0x00001068      0x77d .\CortexM3\ARM_GCC_484\Debug\motor.o
 .debug_info    0x000017e5      0x23d .\CortexM3\ARM_GCC_484\Debug\navigation.o
 .debug_info    0x00001a22      0x3a4 .\CortexM3\ARM_GCC_484\Debug\gripper.o
 .debug_info    0x00001dc6      0x238 .\CortexM3\ARM_GCC_484\Debug\mice.o
 .debug_info    0x00001ffe      0x1db .\CortexM3\ARM_GCC_484\Debug\buttons.o
 .debug_info    0x000021d9      0x4bb .\CortexM3\ARM_GCC_484\Debug\compass.o
 .debug_info    0x00002694      0x1f5 .\CortexM3\ARM_GCC_484\Debug\ultrasonic.o
 .debug_info    0x00002889      0x164 .\CortexM3\ARM_GCC_484\Debug\cybootloader.o
 .debug_info    0x000029ed       0xb1 .\CortexM3\ARM_GCC_484\Debug\cymetadata.o
 .debug_info    0x00002a9e      0x3af .\CortexM3\ARM_GCC_484\Debug\Cm3Start.o
 .debug_info    0x00002e4d      0x852 .\CortexM3\ARM_GCC_484\Debug\ENG3091_MandM.a(cyfitter_cfg.o)
 .debug_info    0x0000369f      0x821 .\CortexM3\ARM_GCC_484\Debug\ENG3091_MandM.a(USB.o)
 .debug_info    0x00003ec0      0x70e .\CortexM3\ARM_GCC_484\Debug\ENG3091_MandM.a(USB_cdc.o)
 .debug_info    0x000045ce      0x612 .\CortexM3\ARM_GCC_484\Debug\ENG3091_MandM.a(USB_drv.o)
 .debug_info    0x00004be0      0x1bb .\CortexM3\ARM_GCC_484\Debug\ENG3091_MandM.a(USB_episr.o)
 .debug_info    0x00004d9b      0x948 .\CortexM3\ARM_GCC_484\Debug\ENG3091_MandM.a(USB_std.o)
 .debug_info    0x000056e3      0x18c .\CortexM3\ARM_GCC_484\Debug\ENG3091_MandM.a(USB_vnd.o)
 .debug_info    0x0000586f      0x120 .\CortexM3\ARM_GCC_484\Debug\ENG3091_MandM.a(SDAT_A.o)
 .debug_info    0x0000598f      0x135 .\CortexM3\ARM_GCC_484\Debug\ENG3091_MandM.a(SCLK_A.o)
 .debug_info    0x00005ac4      0x2c7 .\CortexM3\ARM_GCC_484\Debug\ENG3091_MandM.a(sclk_a_isr.o)
 .debug_info    0x00005d8b      0x135 .\CortexM3\ARM_GCC_484\Debug\ENG3091_MandM.a(SCLK_B.o)
 .debug_info    0x00005ec0      0x120 .\CortexM3\ARM_GCC_484\Debug\ENG3091_MandM.a(SDAT_B.o)
 .debug_info    0x00005fe0      0x2c7 .\CortexM3\ARM_GCC_484\Debug\ENG3091_MandM.a(sclk_b_isr.o)
 .debug_info    0x000062a7      0x341 .\CortexM3\ARM_GCC_484\Debug\ENG3091_MandM.a(Timer.o)
 .debug_info    0x000065e8      0x120 .\CortexM3\ARM_GCC_484\Debug\ENG3091_MandM.a(WHITE.o)
 .debug_info    0x00006708      0x120 .\CortexM3\ARM_GCC_484\Debug\ENG3091_MandM.a(BLUE.o)
 .debug_info    0x00006828      0x120 .\CortexM3\ARM_GCC_484\Debug\ENG3091_MandM.a(ORANGE.o)
 .debug_info    0x00006948       0xa1 .\CortexM3\ARM_GCC_484\Debug\ENG3091_MandM.a(CyBootAsmGnu.o)
 .debug_info    0x000069e9      0x93f .\CortexM3\ARM_GCC_484\Debug\ENG3091_MandM.a(CyDmac.o)
 .debug_info    0x00007328     0x1373 .\CortexM3\ARM_GCC_484\Debug\ENG3091_MandM.a(CyLib.o)
 .debug_info    0x0000869b      0xa56 .\CortexM3\ARM_GCC_484\Debug\ENG3091_MandM.a(cyPm.o)
 .debug_info    0x000090f1       0xec .\CortexM3\ARM_GCC_484\Debug\ENG3091_MandM.a(cyutils.o)
 .debug_info    0x000091dd      0x69e .\CortexM3\ARM_GCC_484\Debug\ENG3091_MandM.a(LCD.o)
 .debug_info    0x0000987b      0x2c7 .\CortexM3\ARM_GCC_484\Debug\ENG3091_MandM.a(but1.o)
 .debug_info    0x00009b42      0x2c7 .\CortexM3\ARM_GCC_484\Debug\ENG3091_MandM.a(but0.o)
 .debug_info    0x00009e09      0x275 .\CortexM3\ARM_GCC_484\Debug\ENG3091_MandM.a(Button_PWM.o)
 .debug_info    0x0000a07e      0x276 .\CortexM3\ARM_GCC_484\Debug\ENG3091_MandM.a(MOTOR_R.o)
 .debug_info    0x0000a2f4      0x276 .\CortexM3\ARM_GCC_484\Debug\ENG3091_MandM.a(MOTOR_L.o)
 .debug_info    0x0000a56a      0x120 .\CortexM3\ARM_GCC_484\Debug\ENG3091_MandM.a(MLIN1.o)
 .debug_info    0x0000a68a      0x120 .\CortexM3\ARM_GCC_484\Debug\ENG3091_MandM.a(MLIN2.o)
 .debug_info    0x0000a7aa      0x120 .\CortexM3\ARM_GCC_484\Debug\ENG3091_MandM.a(MRIN1.o)
 .debug_info    0x0000a8ca      0x120 .\CortexM3\ARM_GCC_484\Debug\ENG3091_MandM.a(MRIN2.o)
 .debug_info    0x0000a9ea      0x277 .\CortexM3\ARM_GCC_484\Debug\ENG3091_MandM.a(Gripper_PWM.o)
 .debug_info    0x0000ac61      0x206 .\CortexM3\ARM_GCC_484\Debug\ENG3091_MandM.a(I2C.o)
 .debug_info    0x0000ae67      0x17d .\CortexM3\ARM_GCC_484\Debug\ENG3091_MandM.a(I2C_INT.o)
 .debug_info    0x0000afe4      0x3fe .\CortexM3\ARM_GCC_484\Debug\ENG3091_MandM.a(I2C_MASTER.o)
 .debug_info    0x0000b3e2      0x39d .\CortexM3\ARM_GCC_484\Debug\ENG3091_MandM.a(HC_PWM.o)
 .debug_info    0x0000b77f      0x2c7 .\CortexM3\ARM_GCC_484\Debug\ENG3091_MandM.a(HC_ISR.o)
 .debug_info    0x0000ba46      0x2a5 .\CortexM3\ARM_GCC_484\Debug\ENG3091_MandM.a(HC_Timer.o)
 .debug_info    0x0000bceb      0x2c7 .\CortexM3\ARM_GCC_484\Debug\ENG3091_MandM.a(Compass_DRDY_ISR.o)
 .debug_info    0x0000bfb2      0x1b1 .\CortexM3\ARM_GCC_484\Debug\ENG3091_MandM.a(USB_cls.o)
 .debug_info    0x0000c163      0x2c9 .\CortexM3\ARM_GCC_484\Debug\ENG3091_MandM.a(USB_descr.o)
 .debug_info    0x0000c42c      0x5e4 .\CortexM3\ARM_GCC_484\Debug\ENG3091_MandM.a(CyFlash.o)
 .debug_info    0x0000ca10      0x4da .\CortexM3\ARM_GCC_484\Debug\ENG3091_MandM.a(CySpc.o)

.debug_abbrev   0x00000000     0x4533
 *(.debug_abbrev)
 .debug_abbrev  0x00000000      0x202 .\CortexM3\ARM_GCC_484\Debug\main.o
 .debug_abbrev  0x00000202      0x12d .\CortexM3\ARM_GCC_484\Debug\mouse_a.o
 .debug_abbrev  0x0000032f      0x12d .\CortexM3\ARM_GCC_484\Debug\mouse_b.o
 .debug_abbrev  0x0000045c      0x215 .\CortexM3\ARM_GCC_484\Debug\motor.o
 .debug_abbrev  0x00000671      0x147 .\CortexM3\ARM_GCC_484\Debug\navigation.o
 .debug_abbrev  0x000007b8      0x11b .\CortexM3\ARM_GCC_484\Debug\gripper.o
 .debug_abbrev  0x000008d3      0x11a .\CortexM3\ARM_GCC_484\Debug\mice.o
 .debug_abbrev  0x000009ed      0x12c .\CortexM3\ARM_GCC_484\Debug\buttons.o
 .debug_abbrev  0x00000b19      0x1aa .\CortexM3\ARM_GCC_484\Debug\compass.o
 .debug_abbrev  0x00000cc3      0x121 .\CortexM3\ARM_GCC_484\Debug\ultrasonic.o
 .debug_abbrev  0x00000de4       0x77 .\CortexM3\ARM_GCC_484\Debug\cybootloader.o
 .debug_abbrev  0x00000e5b       0x5d .\CortexM3\ARM_GCC_484\Debug\cymetadata.o
 .debug_abbrev  0x00000eb8      0x20d .\CortexM3\ARM_GCC_484\Debug\Cm3Start.o
 .debug_abbrev  0x000010c5      0x211 .\CortexM3\ARM_GCC_484\Debug\ENG3091_MandM.a(cyfitter_cfg.o)
 .debug_abbrev  0x000012d6      0x22e .\CortexM3\ARM_GCC_484\Debug\ENG3091_MandM.a(USB.o)
 .debug_abbrev  0x00001504      0x23a .\CortexM3\ARM_GCC_484\Debug\ENG3091_MandM.a(USB_cdc.o)
 .debug_abbrev  0x0000173e      0x18b .\CortexM3\ARM_GCC_484\Debug\ENG3091_MandM.a(USB_drv.o)
 .debug_abbrev  0x000018c9       0xf0 .\CortexM3\ARM_GCC_484\Debug\ENG3091_MandM.a(USB_episr.o)
 .debug_abbrev  0x000019b9      0x1cb .\CortexM3\ARM_GCC_484\Debug\ENG3091_MandM.a(USB_std.o)
 .debug_abbrev  0x00001b84       0xe3 .\CortexM3\ARM_GCC_484\Debug\ENG3091_MandM.a(USB_vnd.o)
 .debug_abbrev  0x00001c67       0x9d .\CortexM3\ARM_GCC_484\Debug\ENG3091_MandM.a(SDAT_A.o)
 .debug_abbrev  0x00001d04       0x9d .\CortexM3\ARM_GCC_484\Debug\ENG3091_MandM.a(SCLK_A.o)
 .debug_abbrev  0x00001da1      0x157 .\CortexM3\ARM_GCC_484\Debug\ENG3091_MandM.a(sclk_a_isr.o)
 .debug_abbrev  0x00001ef8       0x9d .\CortexM3\ARM_GCC_484\Debug\ENG3091_MandM.a(SCLK_B.o)
 .debug_abbrev  0x00001f95       0x9d .\CortexM3\ARM_GCC_484\Debug\ENG3091_MandM.a(SDAT_B.o)
 .debug_abbrev  0x00002032      0x157 .\CortexM3\ARM_GCC_484\Debug\ENG3091_MandM.a(sclk_b_isr.o)
 .debug_abbrev  0x00002189      0x17d .\CortexM3\ARM_GCC_484\Debug\ENG3091_MandM.a(Timer.o)
 .debug_abbrev  0x00002306       0x9d .\CortexM3\ARM_GCC_484\Debug\ENG3091_MandM.a(WHITE.o)
 .debug_abbrev  0x000023a3       0x9d .\CortexM3\ARM_GCC_484\Debug\ENG3091_MandM.a(BLUE.o)
 .debug_abbrev  0x00002440       0x9d .\CortexM3\ARM_GCC_484\Debug\ENG3091_MandM.a(ORANGE.o)
 .debug_abbrev  0x000024dd       0x14 .\CortexM3\ARM_GCC_484\Debug\ENG3091_MandM.a(CyBootAsmGnu.o)
 .debug_abbrev  0x000024f1      0x1cc .\CortexM3\ARM_GCC_484\Debug\ENG3091_MandM.a(CyDmac.o)
 .debug_abbrev  0x000026bd      0x296 .\CortexM3\ARM_GCC_484\Debug\ENG3091_MandM.a(CyLib.o)
 .debug_abbrev  0x00002953      0x1fa .\CortexM3\ARM_GCC_484\Debug\ENG3091_MandM.a(cyPm.o)
 .debug_abbrev  0x00002b4d       0x8e .\CortexM3\ARM_GCC_484\Debug\ENG3091_MandM.a(cyutils.o)
 .debug_abbrev  0x00002bdb      0x17e .\CortexM3\ARM_GCC_484\Debug\ENG3091_MandM.a(LCD.o)
 .debug_abbrev  0x00002d59      0x157 .\CortexM3\ARM_GCC_484\Debug\ENG3091_MandM.a(but1.o)
 .debug_abbrev  0x00002eb0      0x157 .\CortexM3\ARM_GCC_484\Debug\ENG3091_MandM.a(but0.o)
 .debug_abbrev  0x00003007      0x13a .\CortexM3\ARM_GCC_484\Debug\ENG3091_MandM.a(Button_PWM.o)
 .debug_abbrev  0x00003141      0x13a .\CortexM3\ARM_GCC_484\Debug\ENG3091_MandM.a(MOTOR_R.o)
 .debug_abbrev  0x0000327b      0x13a .\CortexM3\ARM_GCC_484\Debug\ENG3091_MandM.a(MOTOR_L.o)
 .debug_abbrev  0x000033b5       0x9d .\CortexM3\ARM_GCC_484\Debug\ENG3091_MandM.a(MLIN1.o)
 .debug_abbrev  0x00003452       0x9d .\CortexM3\ARM_GCC_484\Debug\ENG3091_MandM.a(MLIN2.o)
 .debug_abbrev  0x000034ef       0x9d .\CortexM3\ARM_GCC_484\Debug\ENG3091_MandM.a(MRIN1.o)
 .debug_abbrev  0x0000358c       0x9d .\CortexM3\ARM_GCC_484\Debug\ENG3091_MandM.a(MRIN2.o)
 .debug_abbrev  0x00003629      0x13a .\CortexM3\ARM_GCC_484\Debug\ENG3091_MandM.a(Gripper_PWM.o)
 .debug_abbrev  0x00003763      0x12d .\CortexM3\ARM_GCC_484\Debug\ENG3091_MandM.a(I2C.o)
 .debug_abbrev  0x00003890       0xca .\CortexM3\ARM_GCC_484\Debug\ENG3091_MandM.a(I2C_INT.o)
 .debug_abbrev  0x0000395a      0x149 .\CortexM3\ARM_GCC_484\Debug\ENG3091_MandM.a(I2C_MASTER.o)
 .debug_abbrev  0x00003aa3      0x15a .\CortexM3\ARM_GCC_484\Debug\ENG3091_MandM.a(HC_PWM.o)
 .debug_abbrev  0x00003bfd      0x157 .\CortexM3\ARM_GCC_484\Debug\ENG3091_MandM.a(HC_ISR.o)
 .debug_abbrev  0x00003d54      0x152 .\CortexM3\ARM_GCC_484\Debug\ENG3091_MandM.a(HC_Timer.o)
 .debug_abbrev  0x00003ea6      0x157 .\CortexM3\ARM_GCC_484\Debug\ENG3091_MandM.a(Compass_DRDY_ISR.o)
 .debug_abbrev  0x00003ffd       0xe3 .\CortexM3\ARM_GCC_484\Debug\ENG3091_MandM.a(USB_cls.o)
 .debug_abbrev  0x000040e0       0xa7 .\CortexM3\ARM_GCC_484\Debug\ENG3091_MandM.a(USB_descr.o)
 .debug_abbrev  0x00004187      0x1de .\CortexM3\ARM_GCC_484\Debug\ENG3091_MandM.a(CyFlash.o)
 .debug_abbrev  0x00004365      0x1ce .\CortexM3\ARM_GCC_484\Debug\ENG3091_MandM.a(CySpc.o)

.debug_line     0x00000000     0x586b
 *(.debug_line)
 .debug_line    0x00000000      0x303 .\CortexM3\ARM_GCC_484\Debug\main.o
 .debug_line    0x00000303      0x251 .\CortexM3\ARM_GCC_484\Debug\mouse_a.o
 .debug_line    0x00000554      0x251 .\CortexM3\ARM_GCC_484\Debug\mouse_b.o
 .debug_line    0x000007a5      0x2ea .\CortexM3\ARM_GCC_484\Debug\motor.o
 .debug_line    0x00000a8f      0x1d8 .\CortexM3\ARM_GCC_484\Debug\navigation.o
 .debug_line    0x00000c67        0x0 .\CortexM3\ARM_GCC_484\Debug\arm.o
 .debug_line    0x00000c67      0x202 .\CortexM3\ARM_GCC_484\Debug\gripper.o
 .debug_line    0x00000e69        0x0 .\CortexM3\ARM_GCC_484\Debug\misc.o
 .debug_line    0x00000e69      0x1e3 .\CortexM3\ARM_GCC_484\Debug\mice.o
 .debug_line    0x0000104c      0x1be .\CortexM3\ARM_GCC_484\Debug\buttons.o
 .debug_line    0x0000120a      0x20f .\CortexM3\ARM_GCC_484\Debug\compass.o
 .debug_line    0x00001419      0x1c3 .\CortexM3\ARM_GCC_484\Debug\ultrasonic.o
 .debug_line    0x000015dc       0x55 .\CortexM3\ARM_GCC_484\Debug\cybootloader.o
 .debug_line    0x00001631       0x53 .\CortexM3\ARM_GCC_484\Debug\cymetadata.o
 .debug_line    0x00001684      0x242 .\CortexM3\ARM_GCC_484\Debug\Cm3Start.o
 .debug_line    0x000018c6      0x21f .\CortexM3\ARM_GCC_484\Debug\ENG3091_MandM.a(cyfitter_cfg.o)
 .debug_line    0x00001ae5      0x287 .\CortexM3\ARM_GCC_484\Debug\ENG3091_MandM.a(USB.o)
 .debug_line    0x00001d6c      0x21b .\CortexM3\ARM_GCC_484\Debug\ENG3091_MandM.a(USB_cdc.o)
 .debug_line    0x00001f87      0x21c .\CortexM3\ARM_GCC_484\Debug\ENG3091_MandM.a(USB_drv.o)
 .debug_line    0x000021a3       0xce .\CortexM3\ARM_GCC_484\Debug\ENG3091_MandM.a(USB_episr.o)
 .debug_line    0x00002271      0x3b9 .\CortexM3\ARM_GCC_484\Debug\ENG3091_MandM.a(USB_std.o)
 .debug_line    0x0000262a       0x81 .\CortexM3\ARM_GCC_484\Debug\ENG3091_MandM.a(USB_vnd.o)
 .debug_line    0x000026ab       0x95 .\CortexM3\ARM_GCC_484\Debug\ENG3091_MandM.a(SDAT_A.o)
 .debug_line    0x00002740       0xa7 .\CortexM3\ARM_GCC_484\Debug\ENG3091_MandM.a(SCLK_A.o)
 .debug_line    0x000027e7      0x150 .\CortexM3\ARM_GCC_484\Debug\ENG3091_MandM.a(sclk_a_isr.o)
 .debug_line    0x00002937       0xa7 .\CortexM3\ARM_GCC_484\Debug\ENG3091_MandM.a(SCLK_B.o)
 .debug_line    0x000029de       0x95 .\CortexM3\ARM_GCC_484\Debug\ENG3091_MandM.a(SDAT_B.o)
 .debug_line    0x00002a73      0x150 .\CortexM3\ARM_GCC_484\Debug\ENG3091_MandM.a(sclk_b_isr.o)
 .debug_line    0x00002bc3      0x176 .\CortexM3\ARM_GCC_484\Debug\ENG3091_MandM.a(Timer.o)
 .debug_line    0x00002d39       0x94 .\CortexM3\ARM_GCC_484\Debug\ENG3091_MandM.a(WHITE.o)
 .debug_line    0x00002dcd       0x93 .\CortexM3\ARM_GCC_484\Debug\ENG3091_MandM.a(BLUE.o)
 .debug_line    0x00002e60       0x95 .\CortexM3\ARM_GCC_484\Debug\ENG3091_MandM.a(ORANGE.o)
 .debug_line    0x00002ef5       0x68 .\CortexM3\ARM_GCC_484\Debug\ENG3091_MandM.a(CyBootAsmGnu.o)
 .debug_line    0x00002f5d      0x2de .\CortexM3\ARM_GCC_484\Debug\ENG3091_MandM.a(CyDmac.o)
 .debug_line    0x0000323b      0x818 .\CortexM3\ARM_GCC_484\Debug\ENG3091_MandM.a(CyLib.o)
 .debug_line    0x00003a53      0x366 .\CortexM3\ARM_GCC_484\Debug\ENG3091_MandM.a(cyPm.o)
 .debug_line    0x00003db9       0x62 .\CortexM3\ARM_GCC_484\Debug\ENG3091_MandM.a(cyutils.o)
 .debug_line    0x00003e1b      0x1a4 .\CortexM3\ARM_GCC_484\Debug\ENG3091_MandM.a(LCD.o)
 .debug_line    0x00003fbf      0x14a .\CortexM3\ARM_GCC_484\Debug\ENG3091_MandM.a(but1.o)
 .debug_line    0x00004109      0x14a .\CortexM3\ARM_GCC_484\Debug\ENG3091_MandM.a(but0.o)
 .debug_line    0x00004253      0x13a .\CortexM3\ARM_GCC_484\Debug\ENG3091_MandM.a(Button_PWM.o)
 .debug_line    0x0000438d      0x137 .\CortexM3\ARM_GCC_484\Debug\ENG3091_MandM.a(MOTOR_R.o)
 .debug_line    0x000044c4      0x137 .\CortexM3\ARM_GCC_484\Debug\ENG3091_MandM.a(MOTOR_L.o)
 .debug_line    0x000045fb       0x94 .\CortexM3\ARM_GCC_484\Debug\ENG3091_MandM.a(MLIN1.o)
 .debug_line    0x0000468f       0x94 .\CortexM3\ARM_GCC_484\Debug\ENG3091_MandM.a(MLIN2.o)
 .debug_line    0x00004723       0x94 .\CortexM3\ARM_GCC_484\Debug\ENG3091_MandM.a(MRIN1.o)
 .debug_line    0x000047b7       0x94 .\CortexM3\ARM_GCC_484\Debug\ENG3091_MandM.a(MRIN2.o)
 .debug_line    0x0000484b      0x13b .\CortexM3\ARM_GCC_484\Debug\ENG3091_MandM.a(Gripper_PWM.o)
 .debug_line    0x00004986       0xcb .\CortexM3\ARM_GCC_484\Debug\ENG3091_MandM.a(I2C.o)
 .debug_line    0x00004a51      0x118 .\CortexM3\ARM_GCC_484\Debug\ENG3091_MandM.a(I2C_INT.o)
 .debug_line    0x00004b69      0x22d .\CortexM3\ARM_GCC_484\Debug\ENG3091_MandM.a(I2C_MASTER.o)
 .debug_line    0x00004d96      0x1b3 .\CortexM3\ARM_GCC_484\Debug\ENG3091_MandM.a(HC_PWM.o)
 .debug_line    0x00004f49      0x14c .\CortexM3\ARM_GCC_484\Debug\ENG3091_MandM.a(HC_ISR.o)
 .debug_line    0x00005095      0x151 .\CortexM3\ARM_GCC_484\Debug\ENG3091_MandM.a(HC_Timer.o)
 .debug_line    0x000051e6      0x156 .\CortexM3\ARM_GCC_484\Debug\ENG3091_MandM.a(Compass_DRDY_ISR.o)
 .debug_line    0x0000533c       0x8a .\CortexM3\ARM_GCC_484\Debug\ENG3091_MandM.a(USB_cls.o)
 .debug_line    0x000053c6       0x5b .\CortexM3\ARM_GCC_484\Debug\ENG3091_MandM.a(USB_descr.o)
 .debug_line    0x00005421      0x228 .\CortexM3\ARM_GCC_484\Debug\ENG3091_MandM.a(CyFlash.o)
 .debug_line    0x00005649      0x222 .\CortexM3\ARM_GCC_484\Debug\ENG3091_MandM.a(CySpc.o)

.debug_frame    0x00000000     0x37c4
 *(.debug_frame)
 .debug_frame   0x00000000       0x60 .\CortexM3\ARM_GCC_484\Debug\main.o
 .debug_frame   0x00000060       0x8c .\CortexM3\ARM_GCC_484\Debug\mouse_a.o
 .debug_frame   0x000000ec       0x8c .\CortexM3\ARM_GCC_484\Debug\mouse_b.o
 .debug_frame   0x00000178      0x144 .\CortexM3\ARM_GCC_484\Debug\motor.o
 .debug_frame   0x000002bc       0x80 .\CortexM3\ARM_GCC_484\Debug\navigation.o
 .debug_frame   0x0000033c       0xc0 .\CortexM3\ARM_GCC_484\Debug\gripper.o
 .debug_frame   0x000003fc       0x48 .\CortexM3\ARM_GCC_484\Debug\mice.o
 .debug_frame   0x00000444       0x64 .\CortexM3\ARM_GCC_484\Debug\buttons.o
 .debug_frame   0x000004a8       0xa8 .\CortexM3\ARM_GCC_484\Debug\compass.o
 .debug_frame   0x00000550       0x64 .\CortexM3\ARM_GCC_484\Debug\ultrasonic.o
 .debug_frame   0x000005b4       0xac .\CortexM3\ARM_GCC_484\Debug\Cm3Start.o
 .debug_frame   0x00000660       0xfc .\CortexM3\ARM_GCC_484\Debug\ENG3091_MandM.a(cyfitter_cfg.o)
 .debug_frame   0x0000075c      0x1a4 .\CortexM3\ARM_GCC_484\Debug\ENG3091_MandM.a(USB.o)
 .debug_frame   0x00000900      0x1cc .\CortexM3\ARM_GCC_484\Debug\ENG3091_MandM.a(USB_cdc.o)
 .debug_frame   0x00000acc      0x190 .\CortexM3\ARM_GCC_484\Debug\ENG3091_MandM.a(USB_drv.o)
 .debug_frame   0x00000c5c       0x6c .\CortexM3\ARM_GCC_484\Debug\ENG3091_MandM.a(USB_episr.o)
 .debug_frame   0x00000cc8      0x18c .\CortexM3\ARM_GCC_484\Debug\ENG3091_MandM.a(USB_std.o)
 .debug_frame   0x00000e54       0x2c .\CortexM3\ARM_GCC_484\Debug\ENG3091_MandM.a(USB_vnd.o)
 .debug_frame   0x00000e80       0x50 .\CortexM3\ARM_GCC_484\Debug\ENG3091_MandM.a(SDAT_A.o)
 .debug_frame   0x00000ed0       0x60 .\CortexM3\ARM_GCC_484\Debug\ENG3091_MandM.a(SCLK_A.o)
 .debug_frame   0x00000f30      0x104 .\CortexM3\ARM_GCC_484\Debug\ENG3091_MandM.a(sclk_a_isr.o)
 .debug_frame   0x00001034       0x60 .\CortexM3\ARM_GCC_484\Debug\ENG3091_MandM.a(SCLK_B.o)
 .debug_frame   0x00001094       0x50 .\CortexM3\ARM_GCC_484\Debug\ENG3091_MandM.a(SDAT_B.o)
 .debug_frame   0x000010e4      0x104 .\CortexM3\ARM_GCC_484\Debug\ENG3091_MandM.a(sclk_b_isr.o)
 .debug_frame   0x000011e8      0x13c .\CortexM3\ARM_GCC_484\Debug\ENG3091_MandM.a(Timer.o)
 .debug_frame   0x00001324       0x50 .\CortexM3\ARM_GCC_484\Debug\ENG3091_MandM.a(WHITE.o)
 .debug_frame   0x00001374       0x50 .\CortexM3\ARM_GCC_484\Debug\ENG3091_MandM.a(BLUE.o)
 .debug_frame   0x000013c4       0x50 .\CortexM3\ARM_GCC_484\Debug\ENG3091_MandM.a(ORANGE.o)
 .debug_frame   0x00001414      0x1d0 .\CortexM3\ARM_GCC_484\Debug\ENG3091_MandM.a(CyDmac.o)
 .debug_frame   0x000015e4      0x730 .\CortexM3\ARM_GCC_484\Debug\ENG3091_MandM.a(CyLib.o)
 .debug_frame   0x00001d14      0x1fc .\CortexM3\ARM_GCC_484\Debug\ENG3091_MandM.a(cyPm.o)
 .debug_frame   0x00001f10       0x20 .\CortexM3\ARM_GCC_484\Debug\ENG3091_MandM.a(cyutils.o)
 .debug_frame   0x00001f30      0x1c0 .\CortexM3\ARM_GCC_484\Debug\ENG3091_MandM.a(LCD.o)
 .debug_frame   0x000020f0      0x104 .\CortexM3\ARM_GCC_484\Debug\ENG3091_MandM.a(but1.o)
 .debug_frame   0x000021f4      0x104 .\CortexM3\ARM_GCC_484\Debug\ENG3091_MandM.a(but0.o)
 .debug_frame   0x000022f8       0xe8 .\CortexM3\ARM_GCC_484\Debug\ENG3091_MandM.a(Button_PWM.o)
 .debug_frame   0x000023e0       0xe8 .\CortexM3\ARM_GCC_484\Debug\ENG3091_MandM.a(MOTOR_R.o)
 .debug_frame   0x000024c8       0xe8 .\CortexM3\ARM_GCC_484\Debug\ENG3091_MandM.a(MOTOR_L.o)
 .debug_frame   0x000025b0       0x50 .\CortexM3\ARM_GCC_484\Debug\ENG3091_MandM.a(MLIN1.o)
 .debug_frame   0x00002600       0x50 .\CortexM3\ARM_GCC_484\Debug\ENG3091_MandM.a(MLIN2.o)
 .debug_frame   0x00002650       0x50 .\CortexM3\ARM_GCC_484\Debug\ENG3091_MandM.a(MRIN1.o)
 .debug_frame   0x000026a0       0x50 .\CortexM3\ARM_GCC_484\Debug\ENG3091_MandM.a(MRIN2.o)
 .debug_frame   0x000026f0       0xe8 .\CortexM3\ARM_GCC_484\Debug\ENG3091_MandM.a(Gripper_PWM.o)
 .debug_frame   0x000027d8       0x68 .\CortexM3\ARM_GCC_484\Debug\ENG3091_MandM.a(I2C.o)
 .debug_frame   0x00002840       0x30 .\CortexM3\ARM_GCC_484\Debug\ENG3091_MandM.a(I2C_INT.o)
 .debug_frame   0x00002870       0xf8 .\CortexM3\ARM_GCC_484\Debug\ENG3091_MandM.a(I2C_MASTER.o)
 .debug_frame   0x00002968      0x154 .\CortexM3\ARM_GCC_484\Debug\ENG3091_MandM.a(HC_PWM.o)
 .debug_frame   0x00002abc      0x104 .\CortexM3\ARM_GCC_484\Debug\ENG3091_MandM.a(HC_ISR.o)
 .debug_frame   0x00002bc0      0x104 .\CortexM3\ARM_GCC_484\Debug\ENG3091_MandM.a(HC_Timer.o)
 .debug_frame   0x00002cc4      0x104 .\CortexM3\ARM_GCC_484\Debug\ENG3091_MandM.a(Compass_DRDY_ISR.o)
 .debug_frame   0x00002dc8       0x2c .\CortexM3\ARM_GCC_484\Debug\ENG3091_MandM.a(USB_cls.o)